Apr 18 03:39:20 localhost kernel: Linux version 5.14.0-570.74.1.el9_6.x86_64 (mockbuild@x86-64-03.build.eng.rdu2.redhat.com) (gcc (GCC) 11.5.0 20240719 (Red Hat 11.5.0-5), GNU ld version 2.35.2-63.el9_6.1) #1 SMP PREEMPT_DYNAMIC Thu Dec 11 01:07:47 EST 2025
Apr 18 03:39:20 localhost kernel: The list of certified hardware and cloud instances for Red Hat Enterprise Linux 9 can be viewed at the Red Hat Ecosystem Catalog, https://catalog.redhat.com.
Apr 18 03:39:20 localhost kernel: Command line: BOOT_IMAGE=(hd0,gpt3)/boot/ostree/rhcos-51c77ffa2c1c0968abd5b430b98d71f3df0ec76d1bd99613c484f15bfac5a4ad/vmlinuz-5.14.0-570.74.1.el9_6.x86_64 rw ignition.firstboot ostree=/ostree/boot.1/rhcos/51c77ffa2c1c0968abd5b430b98d71f3df0ec76d1bd99613c484f15bfac5a4ad/0 ignition.platform.id=aws console=tty0 console=ttyS0,115200n8
Apr 18 03:39:20 localhost kernel: BIOS-provided physical RAM map:
Apr 18 03:39:20 localhost kernel: BIOS-e820: [mem 0x0000000000000000-0x000000000009fbff] usable
Apr 18 03:39:20 localhost kernel: BIOS-e820: [mem 0x000000000009fc00-0x000000000009ffff] reserved
Apr 18 03:39:20 localhost kernel: BIOS-e820: [mem 0x00000000000f0000-0x00000000000fffff] reserved
Apr 18 03:39:20 localhost kernel: BIOS-e820: [mem 0x0000000000100000-0x00000000bffe7fff] usable
Apr 18 03:39:20 localhost kernel: BIOS-e820: [mem 0x00000000bffe8000-0x00000000bfffffff] reserved
Apr 18 03:39:20 localhost kernel: BIOS-e820: [mem 0x00000000e0000000-0x00000000e03fffff] reserved
Apr 18 03:39:20 localhost kernel: BIOS-e820: [mem 0x00000000fffc0000-0x00000000ffffffff] reserved
Apr 18 03:39:20 localhost kernel: BIOS-e820: [mem 0x0000000100000000-0x000000042b3fffff] usable
Apr 18 03:39:20 localhost kernel: BIOS-e820: [mem 0x000000042b400000-0x000000043fffffff] reserved
Apr 18 03:39:20 localhost kernel: BIOS-e820: [mem 0x0000000440100000-0x0000000442bfffff] reserved
Apr 18 03:39:20 localhost kernel: NX (Execute Disable) protection: active
Apr 18 03:39:20 localhost kernel: APIC: Static calls initialized
Apr 18 03:39:20 localhost kernel: SMBIOS 2.7 present.
Apr 18 03:39:20 localhost kernel: DMI: Amazon EC2 m8a.xlarge/, BIOS 1.0 10/16/2017
Apr 18 03:39:20 localhost kernel: Hypervisor detected: KVM
Apr 18 03:39:20 localhost kernel: kvm-clock: Using msrs 4b564d01 and 4b564d00
Apr 18 03:39:20 localhost kernel: kvm-clock: using sched offset of 13056506278 cycles
Apr 18 03:39:20 localhost kernel: clocksource: kvm-clock: mask: 0xffffffffffffffff max_cycles: 0x1cd42e4dffb, max_idle_ns: 881590591483 ns
Apr 18 03:39:20 localhost kernel: tsc: Detected 2599.998 MHz processor
Apr 18 03:39:20 localhost kernel: e820: update [mem 0x00000000-0x00000fff] usable ==> reserved
Apr 18 03:39:20 localhost kernel: e820: remove [mem 0x000a0000-0x000fffff] usable
Apr 18 03:39:20 localhost kernel: last_pfn = 0x42b400 max_arch_pfn = 0x400000000
Apr 18 03:39:20 localhost kernel: MTRR map: 4 entries (3 fixed + 1 variable; max 19), built from 8 variable MTRRs
Apr 18 03:39:20 localhost kernel: x86/PAT: Configuration [0-7]: WB  WC  UC- UC  WB  WP  UC- WT  
Apr 18 03:39:20 localhost kernel: last_pfn = 0xbffe8 max_arch_pfn = 0x400000000
Apr 18 03:39:20 localhost kernel: Using GB pages for direct mapping
Apr 18 03:39:20 localhost kernel: RAMDISK: [mem 0x2b3f4000-0x319f1fff]
Apr 18 03:39:20 localhost kernel: ACPI: Early table checksum verification disabled
Apr 18 03:39:20 localhost kernel: ACPI: RSDP 0x00000000000F8F00 000014 (v00 AMAZON)
Apr 18 03:39:20 localhost kernel: ACPI: RSDT 0x00000000BFFECC40 000048 (v01 AMAZON AMZNRSDT 00000001 AMZN 00000001)
Apr 18 03:39:20 localhost kernel: ACPI: WAET 0x00000000BFFEFFC0 000028 (v01 AMAZON AMZNWAET 00000001 AMZN 00000001)
Apr 18 03:39:20 localhost kernel: ACPI: SLIT 0x00000000BFFEFF40 00006C (v01 AMAZON AMZNSLIT 00000001 AMZN 00000001)
Apr 18 03:39:20 localhost kernel: ACPI: APIC 0x00000000BFFEFE80 000086 (v01 AMAZON AMZNAPIC 00000001 AMZN 00000001)
Apr 18 03:39:20 localhost kernel: ACPI: SRAT 0x00000000BFFEFDC0 0000C0 (v01 AMAZON AMZNSRAT 00000001 AMZN 00000001)
Apr 18 03:39:20 localhost kernel: ACPI: FACP 0x00000000BFFEFC80 000114 (v01 AMAZON AMZNFACP 00000001 AMZN 00000001)
Apr 18 03:39:20 localhost kernel: ACPI: DSDT 0x00000000BFFEE5C0 00165D (v01 AMAZON AMZNDSDT 00000001 AMZN 00000001)
Apr 18 03:39:20 localhost kernel: ACPI: FACS 0x00000000000F8EC0 000040
Apr 18 03:39:20 localhost kernel: ACPI: HPET 0x00000000BFFEFC40 000038 (v01 AMAZON AMZNHPET 00000001 AMZN 00000001)
Apr 18 03:39:20 localhost kernel: ACPI: SSDT 0x00000000BFFECE40 001756 (v01 AMAZON AMZNSSDT 00000001 AMZN 00000001)
Apr 18 03:39:20 localhost kernel: ACPI: SSDT 0x00000000BFFECD40 0000D1 (v01 AMAZON AMZNSSDT 00000001 AMZN 00000001)
Apr 18 03:39:20 localhost kernel: ACPI: MCFG 0x00000000BFFECCC0 00004C (v01 AMAZON AMZNMCFG 00000001 AMZN 00000001)
Apr 18 03:39:20 localhost kernel: ACPI: Reserving WAET table memory at [mem 0xbffeffc0-0xbffeffe7]
Apr 18 03:39:20 localhost kernel: ACPI: Reserving SLIT table memory at [mem 0xbffeff40-0xbffeffab]
Apr 18 03:39:20 localhost kernel: ACPI: Reserving APIC table memory at [mem 0xbffefe80-0xbffeff05]
Apr 18 03:39:20 localhost kernel: ACPI: Reserving SRAT table memory at [mem 0xbffefdc0-0xbffefe7f]
Apr 18 03:39:20 localhost kernel: ACPI: Reserving FACP table memory at [mem 0xbffefc80-0xbffefd93]
Apr 18 03:39:20 localhost kernel: ACPI: Reserving DSDT table memory at [mem 0xbffee5c0-0xbffefc1c]
Apr 18 03:39:20 localhost kernel: ACPI: Reserving FACS table memory at [mem 0xf8ec0-0xf8eff]
Apr 18 03:39:20 localhost kernel: ACPI: Reserving HPET table memory at [mem 0xbffefc40-0xbffefc77]
Apr 18 03:39:20 localhost kernel: ACPI: Reserving SSDT table memory at [mem 0xbffece40-0xbffee595]
Apr 18 03:39:20 localhost kernel: ACPI: Reserving SSDT table memory at [mem 0xbffecd40-0xbffece10]
Apr 18 03:39:20 localhost kernel: ACPI: Reserving MCFG table memory at [mem 0xbffeccc0-0xbffecd0b]
Apr 18 03:39:20 localhost kernel: SRAT: PXM 0 -> APIC 0x00 -> Node 0
Apr 18 03:39:20 localhost kernel: SRAT: PXM 0 -> APIC 0x01 -> Node 0
Apr 18 03:39:20 localhost kernel: SRAT: PXM 0 -> APIC 0x02 -> Node 0
Apr 18 03:39:20 localhost kernel: SRAT: PXM 0 -> APIC 0x03 -> Node 0
Apr 18 03:39:20 localhost kernel: ACPI: SRAT: Node 0 PXM 0 [mem 0x00000000-0xbfffffff]
Apr 18 03:39:20 localhost kernel: ACPI: SRAT: Node 0 PXM 0 [mem 0x100000000-0x43fffffff]
Apr 18 03:39:20 localhost kernel: NUMA: Initialized distance table, cnt=1
Apr 18 03:39:20 localhost kernel: NUMA: Node 0 [mem 0x00000000-0xbfffffff] + [mem 0x100000000-0x42b3fffff] -> [mem 0x00000000-0x42b3fffff]
Apr 18 03:39:20 localhost kernel: NODE_DATA(0) allocated [mem 0x42b3d4000-0x42b3fefff]
Apr 18 03:39:20 localhost kernel: Zone ranges:
Apr 18 03:39:20 localhost kernel:   DMA      [mem 0x0000000000001000-0x0000000000ffffff]
Apr 18 03:39:20 localhost kernel:   DMA32    [mem 0x0000000001000000-0x00000000ffffffff]
Apr 18 03:39:20 localhost kernel:   Normal   [mem 0x0000000100000000-0x000000042b3fffff]
Apr 18 03:39:20 localhost kernel:   Device   empty
Apr 18 03:39:20 localhost kernel: Movable zone start for each node
Apr 18 03:39:20 localhost kernel: Early memory node ranges
Apr 18 03:39:20 localhost kernel:   node   0: [mem 0x0000000000001000-0x000000000009efff]
Apr 18 03:39:20 localhost kernel:   node   0: [mem 0x0000000000100000-0x00000000bffe7fff]
Apr 18 03:39:20 localhost kernel:   node   0: [mem 0x0000000100000000-0x000000042b3fffff]
Apr 18 03:39:20 localhost kernel: Initmem setup node 0 [mem 0x0000000000001000-0x000000042b3fffff]
Apr 18 03:39:20 localhost kernel: On node 0, zone DMA: 1 pages in unavailable ranges
Apr 18 03:39:20 localhost kernel: On node 0, zone DMA: 97 pages in unavailable ranges
Apr 18 03:39:20 localhost kernel: On node 0, zone Normal: 24 pages in unavailable ranges
Apr 18 03:39:20 localhost kernel: On node 0, zone Normal: 19456 pages in unavailable ranges
Apr 18 03:39:20 localhost kernel: ACPI: PM-Timer IO Port: 0xb008
Apr 18 03:39:20 localhost kernel: ACPI: LAPIC_NMI (acpi_id[0xff] dfl dfl lint[0x1])
Apr 18 03:39:20 localhost kernel: IOAPIC[0]: apic_id 0, version 32, address 0xfec00000, GSI 0-23
Apr 18 03:39:20 localhost kernel: ACPI: INT_SRC_OVR (bus 0 bus_irq 5 global_irq 5 high level)
Apr 18 03:39:20 localhost kernel: ACPI: INT_SRC_OVR (bus 0 bus_irq 9 global_irq 9 high level)
Apr 18 03:39:20 localhost kernel: ACPI: INT_SRC_OVR (bus 0 bus_irq 10 global_irq 10 high level)
Apr 18 03:39:20 localhost kernel: ACPI: INT_SRC_OVR (bus 0 bus_irq 11 global_irq 11 high level)
Apr 18 03:39:20 localhost kernel: ACPI: Using ACPI (MADT) for SMP configuration information
Apr 18 03:39:20 localhost kernel: ACPI: HPET id: 0x8086a201 base: 0xfed00000
Apr 18 03:39:20 localhost kernel: CPU topo: Max. logical packages:   1
Apr 18 03:39:20 localhost kernel: CPU topo: Max. logical dies:       1
Apr 18 03:39:20 localhost kernel: CPU topo: Max. dies per package:   1
Apr 18 03:39:20 localhost kernel: CPU topo: Max. threads per core:   1
Apr 18 03:39:20 localhost kernel: CPU topo: Num. cores per package:     4
Apr 18 03:39:20 localhost kernel: CPU topo: Num. threads per package:   4
Apr 18 03:39:20 localhost kernel: CPU topo: Allowing 4 present CPUs plus 0 hotplug CPUs
Apr 18 03:39:20 localhost kernel: kvm-guest: APIC: eoi() replaced with kvm_guest_apic_eoi_write()
Apr 18 03:39:20 localhost kernel: PM: hibernation: Registered nosave memory: [mem 0x00000000-0x00000fff]
Apr 18 03:39:20 localhost kernel: PM: hibernation: Registered nosave memory: [mem 0x0009f000-0x0009ffff]
Apr 18 03:39:20 localhost kernel: PM: hibernation: Registered nosave memory: [mem 0x000a0000-0x000effff]
Apr 18 03:39:20 localhost kernel: PM: hibernation: Registered nosave memory: [mem 0x000f0000-0x000fffff]
Apr 18 03:39:20 localhost kernel: PM: hibernation: Registered nosave memory: [mem 0xbffe8000-0xbfffffff]
Apr 18 03:39:20 localhost kernel: PM: hibernation: Registered nosave memory: [mem 0xc0000000-0xdfffffff]
Apr 18 03:39:20 localhost kernel: PM: hibernation: Registered nosave memory: [mem 0xe0000000-0xe03fffff]
Apr 18 03:39:20 localhost kernel: PM: hibernation: Registered nosave memory: [mem 0xe0400000-0xfffbffff]
Apr 18 03:39:20 localhost kernel: PM: hibernation: Registered nosave memory: [mem 0xfffc0000-0xffffffff]
Apr 18 03:39:20 localhost kernel: [mem 0xc0000000-0xdfffffff] available for PCI devices
Apr 18 03:39:20 localhost kernel: Booting paravirtualized kernel on KVM
Apr 18 03:39:20 localhost kernel: clocksource: refined-jiffies: mask: 0xffffffff max_cycles: 0xffffffff, max_idle_ns: 1910969940391419 ns
Apr 18 03:39:20 localhost kernel: setup_percpu: NR_CPUS:8192 nr_cpumask_bits:4 nr_cpu_ids:4 nr_node_ids:1
Apr 18 03:39:20 localhost kernel: percpu: Embedded 64 pages/cpu s225280 r8192 d28672 u524288
Apr 18 03:39:20 localhost kernel: pcpu-alloc: s225280 r8192 d28672 u524288 alloc=1*2097152
Apr 18 03:39:20 localhost kernel: pcpu-alloc: [0] 0 1 2 3 
Apr 18 03:39:20 localhost kernel: kvm-guest: PV spinlocks enabled
Apr 18 03:39:20 localhost kernel: PV qspinlock hash table entries: 256 (order: 0, 4096 bytes, linear)
Apr 18 03:39:20 localhost kernel: Kernel command line: BOOT_IMAGE=(hd0,gpt3)/boot/ostree/rhcos-51c77ffa2c1c0968abd5b430b98d71f3df0ec76d1bd99613c484f15bfac5a4ad/vmlinuz-5.14.0-570.74.1.el9_6.x86_64 rw ignition.firstboot ostree=/ostree/boot.1/rhcos/51c77ffa2c1c0968abd5b430b98d71f3df0ec76d1bd99613c484f15bfac5a4ad/0 ignition.platform.id=aws console=tty0 console=ttyS0,115200n8
Apr 18 03:39:20 localhost kernel: Unknown kernel command line parameters "BOOT_IMAGE=(hd0,gpt3)/boot/ostree/rhcos-51c77ffa2c1c0968abd5b430b98d71f3df0ec76d1bd99613c484f15bfac5a4ad/vmlinuz-5.14.0-570.74.1.el9_6.x86_64 ostree=/ostree/boot.1/rhcos/51c77ffa2c1c0968abd5b430b98d71f3df0ec76d1bd99613c484f15bfac5a4ad/0", will be passed to user space.
Apr 18 03:39:20 localhost kernel: random: crng init done
Apr 18 03:39:20 localhost kernel: Dentry cache hash table entries: 2097152 (order: 12, 16777216 bytes, linear)
Apr 18 03:39:20 localhost kernel: Inode-cache hash table entries: 1048576 (order: 11, 8388608 bytes, linear)
Apr 18 03:39:20 localhost kernel: Fallback order for Node 0: 0 
Apr 18 03:39:20 localhost kernel: Built 1 zonelists, mobility grouping on.  Total pages: 4044824
Apr 18 03:39:20 localhost kernel: Policy zone: Normal
Apr 18 03:39:20 localhost kernel: mem auto-init: stack:off, heap alloc:off, heap free:off
Apr 18 03:39:20 localhost kernel: software IO TLB: area num 4.
Apr 18 03:39:20 localhost kernel: Memory: 3105444K/16436760K available (16384K kernel code, 5760K rwdata, 13660K rodata, 4052K init, 7372K bss, 510960K reserved, 0K cma-reserved)
Apr 18 03:39:20 localhost kernel: SLUB: HWalign=64, Order=0-3, MinObjects=0, CPUs=4, Nodes=1
Apr 18 03:39:20 localhost kernel: ftrace: allocating 49188 entries in 193 pages
Apr 18 03:39:20 localhost kernel: ftrace: allocated 193 pages with 3 groups
Apr 18 03:39:20 localhost kernel: Dynamic Preempt: voluntary
Apr 18 03:39:20 localhost kernel: rcu: Preemptible hierarchical RCU implementation.
Apr 18 03:39:20 localhost kernel: rcu:         RCU event tracing is enabled.
Apr 18 03:39:20 localhost kernel: rcu:         RCU restricting CPUs from NR_CPUS=8192 to nr_cpu_ids=4.
Apr 18 03:39:20 localhost kernel:         Trampoline variant of Tasks RCU enabled.
Apr 18 03:39:20 localhost kernel:         Rude variant of Tasks RCU enabled.
Apr 18 03:39:20 localhost kernel:         Tracing variant of Tasks RCU enabled.
Apr 18 03:39:20 localhost kernel: rcu: RCU calculated value of scheduler-enlistment delay is 100 jiffies.
Apr 18 03:39:20 localhost kernel: rcu: Adjusting geometry for rcu_fanout_leaf=16, nr_cpu_ids=4
Apr 18 03:39:20 localhost kernel: RCU Tasks: Setting shift to 2 and lim to 1 rcu_task_cb_adjust=1.
Apr 18 03:39:20 localhost kernel: RCU Tasks Rude: Setting shift to 2 and lim to 1 rcu_task_cb_adjust=1.
Apr 18 03:39:20 localhost kernel: RCU Tasks Trace: Setting shift to 2 and lim to 1 rcu_task_cb_adjust=1.
Apr 18 03:39:20 localhost kernel: NR_IRQS: 524544, nr_irqs: 456, preallocated irqs: 16
Apr 18 03:39:20 localhost kernel: rcu: srcu_init: Setting srcu_struct sizes based on contention.
Apr 18 03:39:20 localhost kernel: kfence: initialized - using 2097152 bytes for 255 objects at 0x(____ptrval____)-0x(____ptrval____)
Apr 18 03:39:20 localhost kernel: Console: colour VGA+ 80x25
Apr 18 03:39:20 localhost kernel: printk: legacy console [tty0] enabled
Apr 18 03:39:20 localhost kernel: printk: console [ttyS0] enabled
Apr 18 03:39:20 localhost kernel: ACPI: Core revision 20230331
Apr 18 03:39:20 localhost kernel: clocksource: hpet: mask: 0xffffffff max_cycles: 0xffffffff, max_idle_ns: 30580167144 ns
Apr 18 03:39:20 localhost kernel: APIC: Switch to symmetric I/O mode setup
Apr 18 03:39:20 localhost kernel: x2apic enabled
Apr 18 03:39:20 localhost kernel: APIC: Switched APIC routing to: physical x2apic
Apr 18 03:39:20 localhost kernel: kvm-guest: APIC: send_IPI_mask() replaced with kvm_send_ipi_mask()
Apr 18 03:39:20 localhost kernel: kvm-guest: APIC: send_IPI_mask_allbutself() replaced with kvm_send_ipi_mask_allbutself()
Apr 18 03:39:20 localhost kernel: kvm-guest: setup PV IPIs
Apr 18 03:39:20 localhost kernel: ..TIMER: vector=0x30 apic1=0 pin1=0 apic2=-1 pin2=-1
Apr 18 03:39:20 localhost kernel: clocksource: tsc-early: mask: 0xffffffffffffffff max_cycles: 0x257a3a7b45f, max_idle_ns: 440795312762 ns
Apr 18 03:39:20 localhost kernel: Calibrating delay loop (skipped) preset value.. 5199.99 BogoMIPS (lpj=2599998)
Apr 18 03:39:20 localhost kernel: process: using mwait in idle threads
Apr 18 03:39:20 localhost kernel: Last level iTLB entries: 4KB 64, 2MB 64, 4MB 32
Apr 18 03:39:20 localhost kernel: Last level dTLB entries: 4KB 128, 2MB 128, 4MB 64, 1GB 0
Apr 18 03:39:20 localhost kernel: Spectre V1 : Mitigation: usercopy/swapgs barriers and __user pointer sanitization
Apr 18 03:39:20 localhost kernel: Spectre V2 : Mitigation: Enhanced / Automatic IBRS
Apr 18 03:39:20 localhost kernel: Spectre V2 : Spectre v2 / SpectreRSB mitigation: Filling RSB on context switch
Apr 18 03:39:20 localhost kernel: Spectre V2 : mitigation: Enabling conditional Indirect Branch Prediction Barrier
Apr 18 03:39:20 localhost kernel: Speculative Store Bypass: Mitigation: Speculative Store Bypass disabled via prctl
Apr 18 03:39:20 localhost kernel: Speculative Return Stack Overflow: Mitigation: IBPB on VMEXIT only
Apr 18 03:39:20 localhost kernel: x86/fpu: Supporting XSAVE feature 0x001: 'x87 floating point registers'
Apr 18 03:39:20 localhost kernel: x86/fpu: Supporting XSAVE feature 0x002: 'SSE registers'
Apr 18 03:39:20 localhost kernel: x86/fpu: Supporting XSAVE feature 0x004: 'AVX registers'
Apr 18 03:39:20 localhost kernel: x86/fpu: Supporting XSAVE feature 0x020: 'AVX-512 opmask'
Apr 18 03:39:20 localhost kernel: x86/fpu: Supporting XSAVE feature 0x040: 'AVX-512 Hi256'
Apr 18 03:39:20 localhost kernel: x86/fpu: Supporting XSAVE feature 0x080: 'AVX-512 ZMM_Hi256'
Apr 18 03:39:20 localhost kernel: x86/fpu: Supporting XSAVE feature 0x200: 'Protection Keys User registers'
Apr 18 03:39:20 localhost kernel: x86/fpu: xstate_offset[2]:  576, xstate_sizes[2]:  256
Apr 18 03:39:20 localhost kernel: x86/fpu: xstate_offset[5]:  832, xstate_sizes[5]:   64
Apr 18 03:39:20 localhost kernel: x86/fpu: xstate_offset[6]:  896, xstate_sizes[6]:  512
Apr 18 03:39:20 localhost kernel: x86/fpu: xstate_offset[7]: 1408, xstate_sizes[7]: 1024
Apr 18 03:39:20 localhost kernel: x86/fpu: xstate_offset[9]: 2432, xstate_sizes[9]:    8
Apr 18 03:39:20 localhost kernel: x86/fpu: Enabled xstate features 0x2e7, context size is 2440 bytes, using 'compacted' format.
Apr 18 03:39:20 localhost kernel: Freeing SMP alternatives memory: 40K
Apr 18 03:39:20 localhost kernel: pid_max: default: 32768 minimum: 301
Apr 18 03:39:20 localhost kernel: LSM: initializing lsm=lockdown,capability,landlock,yama,integrity,selinux,bpf
Apr 18 03:39:20 localhost kernel: landlock: Up and running.
Apr 18 03:39:20 localhost kernel: Yama: becoming mindful.
Apr 18 03:39:20 localhost kernel: SELinux:  Initializing.
Apr 18 03:39:20 localhost kernel: LSM support for eBPF active
Apr 18 03:39:20 localhost kernel: Mount-cache hash table entries: 32768 (order: 6, 262144 bytes, linear)
Apr 18 03:39:20 localhost kernel: Mountpoint-cache hash table entries: 32768 (order: 6, 262144 bytes, linear)
Apr 18 03:39:20 localhost kernel: smpboot: CPU0: AMD EPYC 9R45 (family: 0x1a, model: 0x2, stepping: 0x1)
Apr 18 03:39:20 localhost kernel: Performance Events: Fam17h+ core perfctr, AMD PMU driver.
Apr 18 03:39:20 localhost kernel: ... version:                2
Apr 18 03:39:20 localhost kernel: ... bit width:              48
Apr 18 03:39:20 localhost kernel: ... generic registers:      5
Apr 18 03:39:20 localhost kernel: ... value mask:             0000ffffffffffff
Apr 18 03:39:20 localhost kernel: ... max period:             00007fffffffffff
Apr 18 03:39:20 localhost kernel: ... fixed-purpose events:   0
Apr 18 03:39:20 localhost kernel: ... event mask:             000000000000001f
Apr 18 03:39:20 localhost kernel: signal: max sigframe size: 3376
Apr 18 03:39:20 localhost kernel: rcu: Hierarchical SRCU implementation.
Apr 18 03:39:20 localhost kernel: rcu:         Max phase no-delay instances is 400.
Apr 18 03:39:20 localhost kernel: smp: Bringing up secondary CPUs ...
Apr 18 03:39:20 localhost kernel: smpboot: x86: Booting SMP configuration:
Apr 18 03:39:20 localhost kernel: .... node  #0, CPUs:      #1 #2 #3
Apr 18 03:39:20 localhost kernel: smp: Brought up 1 node, 4 CPUs
Apr 18 03:39:20 localhost kernel: smpboot: Total of 4 processors activated (20799.98 BogoMIPS)
Apr 18 03:39:20 localhost kernel: node 0 deferred pages initialised in 8ms
Apr 18 03:39:20 localhost kernel: devtmpfs: initialized
Apr 18 03:39:20 localhost kernel: x86/mm: Memory block size: 128MB
Apr 18 03:39:20 localhost kernel: clocksource: jiffies: mask: 0xffffffff max_cycles: 0xffffffff, max_idle_ns: 1911260446275000 ns
Apr 18 03:39:20 localhost kernel: futex hash table entries: 1024 (order: 4, 65536 bytes, linear)
Apr 18 03:39:20 localhost kernel: pinctrl core: initialized pinctrl subsystem
Apr 18 03:39:20 localhost kernel: NET: Registered PF_NETLINK/PF_ROUTE protocol family
Apr 18 03:39:20 localhost kernel: DMA: preallocated 2048 KiB GFP_KERNEL pool for atomic allocations
Apr 18 03:39:20 localhost kernel: DMA: preallocated 2048 KiB GFP_KERNEL|GFP_DMA pool for atomic allocations
Apr 18 03:39:20 localhost kernel: DMA: preallocated 2048 KiB GFP_KERNEL|GFP_DMA32 pool for atomic allocations
Apr 18 03:39:20 localhost kernel: audit: initializing netlink subsys (disabled)
Apr 18 03:39:20 localhost kernel: audit: type=2000 audit(1776483558.956:1): state=initialized audit_enabled=0 res=1
Apr 18 03:39:20 localhost kernel: thermal_sys: Registered thermal governor 'fair_share'
Apr 18 03:39:20 localhost kernel: thermal_sys: Registered thermal governor 'step_wise'
Apr 18 03:39:20 localhost kernel: thermal_sys: Registered thermal governor 'user_space'
Apr 18 03:39:20 localhost kernel: cpuidle: using governor menu
Apr 18 03:39:20 localhost kernel: acpiphp: ACPI Hot Plug PCI Controller Driver version: 0.5
Apr 18 03:39:20 localhost kernel: PCI: ECAM [mem 0x440100000-0x4423fffff] (base 0x440000000) for domain 0000 [bus 01-23]
Apr 18 03:39:20 localhost kernel: PCI: ECAM [mem 0x442400000-0x442bfffff] (base 0x440000000) for domain 0000 [bus 24-2b]
Apr 18 03:39:20 localhost kernel: PCI: Using configuration type 1 for base access
Apr 18 03:39:20 localhost kernel: kprobes: kprobe jump-optimization is enabled. All kprobes are optimized if possible.
Apr 18 03:39:20 localhost kernel: HugeTLB: registered 1.00 GiB page size, pre-allocated 0 pages
Apr 18 03:39:20 localhost kernel: HugeTLB: 16380 KiB vmemmap can be freed for a 1.00 GiB page
Apr 18 03:39:20 localhost kernel: HugeTLB: registered 2.00 MiB page size, pre-allocated 0 pages
Apr 18 03:39:20 localhost kernel: HugeTLB: 28 KiB vmemmap can be freed for a 2.00 MiB page
Apr 18 03:39:20 localhost kernel: Demotion targets for Node 0: null
Apr 18 03:39:20 localhost kernel: cryptd: max_cpu_qlen set to 1000
Apr 18 03:39:20 localhost kernel: ACPI: Added _OSI(Module Device)
Apr 18 03:39:20 localhost kernel: ACPI: Added _OSI(Processor Device)
Apr 18 03:39:20 localhost kernel: ACPI: Added _OSI(3.0 _SCP Extensions)
Apr 18 03:39:20 localhost kernel: ACPI: Added _OSI(Processor Aggregator Device)
Apr 18 03:39:20 localhost kernel: ACPI: 3 ACPI AML tables successfully acquired and loaded
Apr 18 03:39:20 localhost kernel: ACPI: _OSC evaluation for CPUs failed, trying _PDC
Apr 18 03:39:20 localhost kernel: ACPI: Interpreter enabled
Apr 18 03:39:20 localhost kernel: ACPI: PM: (supports S0 S4 S5)
Apr 18 03:39:20 localhost kernel: ACPI: Using IOAPIC for interrupt routing
Apr 18 03:39:20 localhost kernel: PCI: Using host bridge windows from ACPI; if necessary, use "pci=nocrs" and report a bug
Apr 18 03:39:20 localhost kernel: PCI: Using E820 reservations for host bridge windows
Apr 18 03:39:20 localhost kernel: ACPI: Enabled 2 GPEs in block 00 to 0F
Apr 18 03:39:20 localhost kernel: ACPI: PCI Root Bridge [PCI0] (domain 0000 [bus 00])
Apr 18 03:39:20 localhost kernel: acpi PNP0A03:00: _OSC: OS supports [ExtendedConfig ASPM ClockPM Segments MSI EDR HPX-Type3]
Apr 18 03:39:20 localhost kernel: acpi PNP0A03:00: fail to add MMCONFIG information, can't access extended configuration space under this bridge
Apr 18 03:39:20 localhost kernel: acpiphp: Slot [3] registered
Apr 18 03:39:20 localhost kernel: acpiphp: Slot [4] registered
Apr 18 03:39:20 localhost kernel: acpiphp: Slot [5] registered
Apr 18 03:39:20 localhost kernel: acpiphp: Slot [6] registered
Apr 18 03:39:20 localhost kernel: acpiphp: Slot [7] registered
Apr 18 03:39:20 localhost kernel: acpiphp: Slot [8] registered
Apr 18 03:39:20 localhost kernel: acpiphp: Slot [9] registered
Apr 18 03:39:20 localhost kernel: acpiphp: Slot [10] registered
Apr 18 03:39:20 localhost kernel: acpiphp: Slot [11] registered
Apr 18 03:39:20 localhost kernel: acpiphp: Slot [12] registered
Apr 18 03:39:20 localhost kernel: acpiphp: Slot [13] registered
Apr 18 03:39:20 localhost kernel: acpiphp: Slot [14] registered
Apr 18 03:39:20 localhost kernel: acpiphp: Slot [15] registered
Apr 18 03:39:20 localhost kernel: acpiphp: Slot [16] registered
Apr 18 03:39:20 localhost kernel: acpiphp: Slot [17] registered
Apr 18 03:39:20 localhost kernel: acpiphp: Slot [18] registered
Apr 18 03:39:20 localhost kernel: acpiphp: Slot [19] registered
Apr 18 03:39:20 localhost kernel: acpiphp: Slot [20] registered
Apr 18 03:39:20 localhost kernel: acpiphp: Slot [21] registered
Apr 18 03:39:20 localhost kernel: acpiphp: Slot [22] registered
Apr 18 03:39:20 localhost kernel: acpiphp: Slot [23] registered
Apr 18 03:39:20 localhost kernel: acpiphp: Slot [24] registered
Apr 18 03:39:20 localhost kernel: acpiphp: Slot [25] registered
Apr 18 03:39:20 localhost kernel: acpiphp: Slot [26] registered
Apr 18 03:39:20 localhost kernel: acpiphp: Slot [27] registered
Apr 18 03:39:20 localhost kernel: acpiphp: Slot [28] registered
Apr 18 03:39:20 localhost kernel: acpiphp: Slot [29] registered
Apr 18 03:39:20 localhost kernel: acpiphp: Slot [30] registered
Apr 18 03:39:20 localhost kernel: acpiphp: Slot [31] registered
Apr 18 03:39:20 localhost kernel: PCI host bridge to bus 0000:00
Apr 18 03:39:20 localhost kernel: pci_bus 0000:00: root bus resource [io  0x0000-0x0cf7 window]
Apr 18 03:39:20 localhost kernel: pci_bus 0000:00: root bus resource [io  0x0d00-0xffff window]
Apr 18 03:39:20 localhost kernel: pci_bus 0000:00: root bus resource [mem 0x000a0000-0x000bffff window]
Apr 18 03:39:20 localhost kernel: pci_bus 0000:00: root bus resource [mem 0xc0000000-0xc3ffffff window]
Apr 18 03:39:20 localhost kernel: pci_bus 0000:00: root bus resource [mem 0x480000000-0x481ffffff window]
Apr 18 03:39:20 localhost kernel: pci_bus 0000:00: root bus resource [bus 00]
Apr 18 03:39:20 localhost kernel: pci 0000:00:00.0: [8086:1237] type 00 class 0x060000 conventional PCI endpoint
Apr 18 03:39:20 localhost kernel: pci 0000:00:01.0: [8086:7000] type 00 class 0x060100 conventional PCI endpoint
Apr 18 03:39:20 localhost kernel: pci 0000:00:01.3: [8086:7113] type 00 class 0x000000 conventional PCI endpoint
Apr 18 03:39:20 localhost kernel: pci 0000:00:01.3: quirk: [io  0xb000-0xb03f] claimed by PIIX4 ACPI
Apr 18 03:39:20 localhost kernel: pci 0000:00:01.3: quirk: [io  0xb100-0xb10f] claimed by PIIX4 SMB
Apr 18 03:39:20 localhost kernel: pci 0000:00:01.3: PIIX4 devres E PIO at fff0-ffff
Apr 18 03:39:20 localhost kernel: pci 0000:00:01.3: PIIX4 devres F MMIO at ffc00000-ffffffff
Apr 18 03:39:20 localhost kernel: pci 0000:00:01.3: PIIX4 devres G PIO at fff0-ffff
Apr 18 03:39:20 localhost kernel: pci 0000:00:01.3: PIIX4 devres H MMIO at ffc00000-ffffffff
Apr 18 03:39:20 localhost kernel: pci 0000:00:01.3: PIIX4 devres I PIO at fff0-ffff
Apr 18 03:39:20 localhost kernel: pci 0000:00:01.3: PIIX4 devres J PIO at fff0-ffff
Apr 18 03:39:20 localhost kernel: pci 0000:00:01.3: quirk_piix4_acpi+0x0/0x170 took 13671 usecs
Apr 18 03:39:20 localhost kernel: pci 0000:00:03.0: [1d0f:1111] type 00 class 0x030000 conventional PCI endpoint
Apr 18 03:39:20 localhost kernel: pci 0000:00:03.0: BAR 0 [mem 0xc2000000-0xc23fffff pref]
Apr 18 03:39:20 localhost kernel: pci 0000:00:03.0: ROM [mem 0xc0000000-0xc000ffff pref]
Apr 18 03:39:20 localhost kernel: pci 0000:00:03.0: Video device with shadowed ROM at [mem 0x000c0000-0x000dffff]
Apr 18 03:39:20 localhost kernel: pci 0000:00:04.0: [1d0f:8061] type 00 class 0x010802 PCIe Endpoint
Apr 18 03:39:20 localhost kernel: pci 0000:00:04.0: BAR 0 [mem 0xc0010000-0xc0013fff]
Apr 18 03:39:20 localhost kernel: pci 0000:00:04.0: enabling Extended Tags
Apr 18 03:39:20 localhost kernel: pci_bus 0000:00: on NUMA node 0
Apr 18 03:39:20 localhost kernel: ACPI: PCI Root Bridge [PC01] (domain 0000 [bus 01-23])
Apr 18 03:39:20 localhost kernel: acpi PNP0A08:00: _OSC: OS supports [ExtendedConfig ASPM ClockPM Segments MSI EDR HPX-Type3]
Apr 18 03:39:20 localhost kernel: acpi PNP0A08:00: _OSC: platform does not support [SHPCHotplug AER LTR DPC]
Apr 18 03:39:20 localhost kernel: acpi PNP0A08:00: _OSC: OS now controls [PCIeHotplug PME PCIeCapability]
Apr 18 03:39:20 localhost kernel: acpiphp: Slot [32] registered
Apr 18 03:39:20 localhost kernel: acpiphp: Slot [33] registered
Apr 18 03:39:20 localhost kernel: acpiphp: Slot [34] registered
Apr 18 03:39:20 localhost kernel: acpiphp: Slot [35] registered
Apr 18 03:39:20 localhost kernel: acpiphp: Slot [36] registered
Apr 18 03:39:20 localhost kernel: acpiphp: Slot [37] registered
Apr 18 03:39:20 localhost kernel: acpiphp: Slot [38] registered
Apr 18 03:39:20 localhost kernel: acpiphp: Slot [39] registered
Apr 18 03:39:20 localhost kernel: acpiphp: Slot [40] registered
Apr 18 03:39:20 localhost kernel: acpiphp: Slot [41] registered
Apr 18 03:39:20 localhost kernel: acpiphp: Slot [42] registered
Apr 18 03:39:20 localhost kernel: acpiphp: Slot [43] registered
Apr 18 03:39:20 localhost kernel: acpiphp: Slot [44] registered
Apr 18 03:39:20 localhost kernel: acpiphp: Slot [45] registered
Apr 18 03:39:20 localhost kernel: acpiphp: Slot [46] registered
Apr 18 03:39:20 localhost kernel: acpiphp: Slot [47] registered
Apr 18 03:39:20 localhost kernel: acpiphp: Slot [48] registered
Apr 18 03:39:20 localhost kernel: acpiphp: Slot [49] registered
Apr 18 03:39:20 localhost kernel: acpiphp: Slot [50] registered
Apr 18 03:39:20 localhost kernel: acpiphp: Slot [51] registered
Apr 18 03:39:20 localhost kernel: acpiphp: Slot [52] registered
Apr 18 03:39:20 localhost kernel: acpiphp: Slot [53] registered
Apr 18 03:39:20 localhost kernel: acpiphp: Slot [54] registered
Apr 18 03:39:20 localhost kernel: acpiphp: Slot [55] registered
Apr 18 03:39:20 localhost kernel: acpiphp: Slot [56] registered
Apr 18 03:39:20 localhost kernel: acpiphp: Slot [57] registered
Apr 18 03:39:20 localhost kernel: acpiphp: Slot [58] registered
Apr 18 03:39:20 localhost kernel: acpiphp: Slot [59] registered
Apr 18 03:39:20 localhost kernel: acpiphp: Slot [60] registered
Apr 18 03:39:20 localhost kernel: acpiphp: Slot [61] registered
Apr 18 03:39:20 localhost kernel: acpiphp: Slot [62] registered
Apr 18 03:39:20 localhost kernel: acpiphp: Slot [63] registered
Apr 18 03:39:20 localhost kernel: PCI host bridge to bus 0000:01
Apr 18 03:39:20 localhost kernel: pci_bus 0000:01: root bus resource [mem 0xc4000000-0xc82fffff window]
Apr 18 03:39:20 localhost kernel: pci_bus 0000:01: root bus resource [mem 0x482000000-0x4a1ffffff window]
Apr 18 03:39:20 localhost kernel: pci_bus 0000:01: root bus resource [bus 01-23]
Apr 18 03:39:20 localhost kernel: pci 0000:01:00.0: [1d0f:0200] type 01 class 0x060400 PCIe Root Port
Apr 18 03:39:20 localhost kernel: pci 0000:01:00.0: BAR 0 [mem 0xc4000000-0xc40003ff]
Apr 18 03:39:20 localhost kernel: pci 0000:01:00.0: PCI bridge to [bus 02-23]
Apr 18 03:39:20 localhost kernel: pci 0000:01:00.0:   bridge window [mem 0xc4100000-0xc82fffff]
Apr 18 03:39:20 localhost kernel: pci 0000:01:00.0:   bridge window [mem 0x482000000-0x4a1ffffff 64bit pref]
Apr 18 03:39:20 localhost kernel: pci 0000:02:00.0: [1d0f:0200] type 01 class 0x060400 PCIe Switch Upstream Port
Apr 18 03:39:20 localhost kernel: pci 0000:02:00.0: BAR 0 [mem 0xc4100000-0xc41003ff]
Apr 18 03:39:20 localhost kernel: pci 0000:02:00.0: PCI bridge to [bus 03-23]
Apr 18 03:39:20 localhost kernel: pci 0000:02:00.0:   bridge window [mem 0xc4200000-0xc82fffff]
Apr 18 03:39:20 localhost kernel: pci 0000:02:00.0:   bridge window [mem 0x482000000-0x4a1ffffff 64bit pref]
Apr 18 03:39:20 localhost kernel: pci 0000:01:00.0: PCI bridge to [bus 02-23]
Apr 18 03:39:20 localhost kernel: pci 0000:03:00.0: [1d0f:0200] type 01 class 0x060400 PCIe Switch Downstream Port
Apr 18 03:39:20 localhost kernel: pci 0000:03:00.0: BAR 0 [mem 0xc4200000-0xc42003ff]
Apr 18 03:39:20 localhost kernel: pci 0000:03:00.0: PCI bridge to [bus 04]
Apr 18 03:39:20 localhost kernel: pci 0000:03:00.0:   bridge window [mem 0xc4300000-0xc44fffff]
Apr 18 03:39:20 localhost kernel: pci 0000:03:00.0:   bridge window [mem 0x482000000-0x482ffffff 64bit pref]
Apr 18 03:39:20 localhost kernel: pci 0000:03:00.1: [1d0f:0200] type 01 class 0x060400 PCIe Switch Downstream Port
Apr 18 03:39:20 localhost kernel: pci 0000:03:00.1: BAR 0 [mem 0xc4200400-0xc42007ff]
Apr 18 03:39:20 localhost kernel: pci 0000:03:00.1: PCI bridge to [bus 05]
Apr 18 03:39:20 localhost kernel: pci 0000:03:00.1:   bridge window [mem 0xc4500000-0xc46fffff]
Apr 18 03:39:20 localhost kernel: pci 0000:03:00.1:   bridge window [mem 0x483000000-0x483ffffff 64bit pref]
Apr 18 03:39:20 localhost kernel: pci 0000:03:00.2: [1d0f:0200] type 01 class 0x060400 PCIe Switch Downstream Port
Apr 18 03:39:20 localhost kernel: pci 0000:03:00.2: BAR 0 [mem 0xc4200800-0xc4200bff]
Apr 18 03:39:20 localhost kernel: pci 0000:03:00.2: PCI bridge to [bus 06]
Apr 18 03:39:20 localhost kernel: pci 0000:03:00.2:   bridge window [mem 0xc4700000-0xc48fffff]
Apr 18 03:39:20 localhost kernel: pci 0000:03:00.2:   bridge window [mem 0x484000000-0x484ffffff 64bit pref]
Apr 18 03:39:20 localhost kernel: pci 0000:03:00.3: [1d0f:0200] type 01 class 0x060400 PCIe Switch Downstream Port
Apr 18 03:39:20 localhost kernel: pci 0000:03:00.3: BAR 0 [mem 0xc4200c00-0xc4200fff]
Apr 18 03:39:20 localhost kernel: pci 0000:03:00.3: PCI bridge to [bus 07]
Apr 18 03:39:20 localhost kernel: pci 0000:03:00.3:   bridge window [mem 0xc4900000-0xc4afffff]
Apr 18 03:39:20 localhost kernel: pci 0000:03:00.3:   bridge window [mem 0x485000000-0x485ffffff 64bit pref]
Apr 18 03:39:20 localhost kernel: pci 0000:03:00.4: [1d0f:0200] type 01 class 0x060400 PCIe Switch Downstream Port
Apr 18 03:39:20 localhost kernel: pci 0000:03:00.4: BAR 0 [mem 0xc4201000-0xc42013ff]
Apr 18 03:39:20 localhost kernel: pci 0000:03:00.4: PCI bridge to [bus 08]
Apr 18 03:39:20 localhost kernel: pci 0000:03:00.4:   bridge window [mem 0xc4b00000-0xc4cfffff]
Apr 18 03:39:20 localhost kernel: pci 0000:03:00.4:   bridge window [mem 0x486000000-0x486ffffff 64bit pref]
Apr 18 03:39:20 localhost kernel: pci 0000:03:00.5: [1d0f:0200] type 01 class 0x060400 PCIe Switch Downstream Port
Apr 18 03:39:20 localhost kernel: pci 0000:03:00.5: BAR 0 [mem 0xc4201400-0xc42017ff]
Apr 18 03:39:20 localhost kernel: pci 0000:03:00.5: PCI bridge to [bus 09]
Apr 18 03:39:20 localhost kernel: pci 0000:03:00.5:   bridge window [mem 0xc4d00000-0xc4efffff]
Apr 18 03:39:20 localhost kernel: pci 0000:03:00.5:   bridge window [mem 0x487000000-0x487ffffff 64bit pref]
Apr 18 03:39:20 localhost kernel: pci 0000:03:00.6: [1d0f:0200] type 01 class 0x060400 PCIe Switch Downstream Port
Apr 18 03:39:20 localhost kernel: pci 0000:03:00.6: BAR 0 [mem 0xc4201800-0xc4201bff]
Apr 18 03:39:20 localhost kernel: pci 0000:03:00.6: PCI bridge to [bus 0a]
Apr 18 03:39:20 localhost kernel: pci 0000:03:00.6:   bridge window [mem 0xc4f00000-0xc50fffff]
Apr 18 03:39:20 localhost kernel: pci 0000:03:00.6:   bridge window [mem 0x488000000-0x488ffffff 64bit pref]
Apr 18 03:39:20 localhost kernel: pci 0000:03:00.7: [1d0f:0200] type 01 class 0x060400 PCIe Switch Downstream Port
Apr 18 03:39:20 localhost kernel: pci 0000:03:00.7: BAR 0 [mem 0xc4201c00-0xc4201fff]
Apr 18 03:39:20 localhost kernel: pci 0000:03:00.7: PCI bridge to [bus 0b]
Apr 18 03:39:20 localhost kernel: pci 0000:03:00.7:   bridge window [mem 0xc5100000-0xc52fffff]
Apr 18 03:39:20 localhost kernel: pci 0000:03:00.7:   bridge window [mem 0x489000000-0x489ffffff 64bit pref]
Apr 18 03:39:20 localhost kernel: pci 0000:03:01.0: [1d0f:0200] type 01 class 0x060400 PCIe Switch Downstream Port
Apr 18 03:39:20 localhost kernel: pci 0000:03:01.0: BAR 0 [mem 0xc4202000-0xc42023ff]
Apr 18 03:39:20 localhost kernel: pci 0000:03:01.0: PCI bridge to [bus 0c]
Apr 18 03:39:20 localhost kernel: pci 0000:03:01.0:   bridge window [mem 0xc5300000-0xc54fffff]
Apr 18 03:39:20 localhost kernel: pci 0000:03:01.0:   bridge window [mem 0x48a000000-0x48affffff 64bit pref]
Apr 18 03:39:20 localhost kernel: pci 0000:03:01.1: [1d0f:0200] type 01 class 0x060400 PCIe Switch Downstream Port
Apr 18 03:39:20 localhost kernel: pci 0000:03:01.1: BAR 0 [mem 0xc4202400-0xc42027ff]
Apr 18 03:39:20 localhost kernel: pci 0000:03:01.1: PCI bridge to [bus 0d]
Apr 18 03:39:20 localhost kernel: pci 0000:03:01.1:   bridge window [mem 0xc5500000-0xc56fffff]
Apr 18 03:39:20 localhost kernel: pci 0000:03:01.1:   bridge window [mem 0x48b000000-0x48bffffff 64bit pref]
Apr 18 03:39:20 localhost kernel: pci 0000:03:01.2: [1d0f:0200] type 01 class 0x060400 PCIe Switch Downstream Port
Apr 18 03:39:20 localhost kernel: pci 0000:03:01.2: BAR 0 [mem 0xc4202800-0xc4202bff]
Apr 18 03:39:20 localhost kernel: pci 0000:03:01.2: PCI bridge to [bus 0e]
Apr 18 03:39:20 localhost kernel: pci 0000:03:01.2:   bridge window [mem 0xc5700000-0xc58fffff]
Apr 18 03:39:20 localhost kernel: pci 0000:03:01.2:   bridge window [mem 0x48c000000-0x48cffffff 64bit pref]
Apr 18 03:39:20 localhost kernel: pci 0000:03:01.3: [1d0f:0200] type 01 class 0x060400 PCIe Switch Downstream Port
Apr 18 03:39:20 localhost kernel: pci 0000:03:01.3: BAR 0 [mem 0xc4202c00-0xc4202fff]
Apr 18 03:39:20 localhost kernel: pci 0000:03:01.3: PCI bridge to [bus 0f]
Apr 18 03:39:20 localhost kernel: pci 0000:03:01.3:   bridge window [mem 0xc5900000-0xc5afffff]
Apr 18 03:39:20 localhost kernel: pci 0000:03:01.3:   bridge window [mem 0x48d000000-0x48dffffff 64bit pref]
Apr 18 03:39:20 localhost kernel: pci 0000:03:01.4: [1d0f:0200] type 01 class 0x060400 PCIe Switch Downstream Port
Apr 18 03:39:20 localhost kernel: pci 0000:03:01.4: BAR 0 [mem 0xc4203000-0xc42033ff]
Apr 18 03:39:20 localhost kernel: pci 0000:03:01.4: PCI bridge to [bus 10]
Apr 18 03:39:20 localhost kernel: pci 0000:03:01.4:   bridge window [mem 0xc5b00000-0xc5cfffff]
Apr 18 03:39:20 localhost kernel: pci 0000:03:01.4:   bridge window [mem 0x48e000000-0x48effffff 64bit pref]
Apr 18 03:39:20 localhost kernel: pci 0000:03:01.5: [1d0f:0200] type 01 class 0x060400 PCIe Switch Downstream Port
Apr 18 03:39:20 localhost kernel: pci 0000:03:01.5: BAR 0 [mem 0xc4203400-0xc42037ff]
Apr 18 03:39:20 localhost kernel: pci 0000:03:01.5: PCI bridge to [bus 11]
Apr 18 03:39:20 localhost kernel: pci 0000:03:01.5:   bridge window [mem 0xc5d00000-0xc5efffff]
Apr 18 03:39:20 localhost kernel: pci 0000:03:01.5:   bridge window [mem 0x48f000000-0x48fffffff 64bit pref]
Apr 18 03:39:20 localhost kernel: pci 0000:03:01.6: [1d0f:0200] type 01 class 0x060400 PCIe Switch Downstream Port
Apr 18 03:39:20 localhost kernel: pci 0000:03:01.6: BAR 0 [mem 0xc4203800-0xc4203bff]
Apr 18 03:39:20 localhost kernel: pci 0000:03:01.6: PCI bridge to [bus 12]
Apr 18 03:39:20 localhost kernel: pci 0000:03:01.6:   bridge window [mem 0xc5f00000-0xc60fffff]
Apr 18 03:39:20 localhost kernel: pci 0000:03:01.6:   bridge window [mem 0x490000000-0x490ffffff 64bit pref]
Apr 18 03:39:20 localhost kernel: pci 0000:03:01.7: [1d0f:0200] type 01 class 0x060400 PCIe Switch Downstream Port
Apr 18 03:39:20 localhost kernel: pci 0000:03:01.7: BAR 0 [mem 0xc4203c00-0xc4203fff]
Apr 18 03:39:20 localhost kernel: pci 0000:03:01.7: PCI bridge to [bus 13]
Apr 18 03:39:20 localhost kernel: pci 0000:03:01.7:   bridge window [mem 0xc6100000-0xc62fffff]
Apr 18 03:39:20 localhost kernel: pci 0000:03:01.7:   bridge window [mem 0x491000000-0x491ffffff 64bit pref]
Apr 18 03:39:20 localhost kernel: pci 0000:03:02.0: [1d0f:0200] type 01 class 0x060400 PCIe Switch Downstream Port
Apr 18 03:39:20 localhost kernel: pci 0000:03:02.0: BAR 0 [mem 0xc4204000-0xc42043ff]
Apr 18 03:39:20 localhost kernel: pci 0000:03:02.0: PCI bridge to [bus 14]
Apr 18 03:39:20 localhost kernel: pci 0000:03:02.0:   bridge window [mem 0xc6300000-0xc64fffff]
Apr 18 03:39:20 localhost kernel: pci 0000:03:02.0:   bridge window [mem 0x492000000-0x492ffffff 64bit pref]
Apr 18 03:39:20 localhost kernel: pci 0000:03:02.1: [1d0f:0200] type 01 class 0x060400 PCIe Switch Downstream Port
Apr 18 03:39:20 localhost kernel: pci 0000:03:02.1: BAR 0 [mem 0xc4204400-0xc42047ff]
Apr 18 03:39:20 localhost kernel: pci 0000:03:02.1: PCI bridge to [bus 15]
Apr 18 03:39:20 localhost kernel: pci 0000:03:02.1:   bridge window [mem 0xc6500000-0xc66fffff]
Apr 18 03:39:20 localhost kernel: pci 0000:03:02.1:   bridge window [mem 0x493000000-0x493ffffff 64bit pref]
Apr 18 03:39:20 localhost kernel: pci 0000:03:02.2: [1d0f:0200] type 01 class 0x060400 PCIe Switch Downstream Port
Apr 18 03:39:20 localhost kernel: pci 0000:03:02.2: BAR 0 [mem 0xc4204800-0xc4204bff]
Apr 18 03:39:20 localhost kernel: pci 0000:03:02.2: PCI bridge to [bus 16]
Apr 18 03:39:20 localhost kernel: pci 0000:03:02.2:   bridge window [mem 0xc6700000-0xc68fffff]
Apr 18 03:39:20 localhost kernel: pci 0000:03:02.2:   bridge window [mem 0x494000000-0x494ffffff 64bit pref]
Apr 18 03:39:20 localhost kernel: pci 0000:03:02.3: [1d0f:0200] type 01 class 0x060400 PCIe Switch Downstream Port
Apr 18 03:39:20 localhost kernel: pci 0000:03:02.3: BAR 0 [mem 0xc4204c00-0xc4204fff]
Apr 18 03:39:20 localhost kernel: pci 0000:03:02.3: PCI bridge to [bus 17]
Apr 18 03:39:20 localhost kernel: pci 0000:03:02.3:   bridge window [mem 0xc6900000-0xc6afffff]
Apr 18 03:39:20 localhost kernel: pci 0000:03:02.3:   bridge window [mem 0x495000000-0x495ffffff 64bit pref]
Apr 18 03:39:20 localhost kernel: pci 0000:03:02.4: [1d0f:0200] type 01 class 0x060400 PCIe Switch Downstream Port
Apr 18 03:39:20 localhost kernel: pci 0000:03:02.4: BAR 0 [mem 0xc4205000-0xc42053ff]
Apr 18 03:39:20 localhost kernel: pci 0000:03:02.4: PCI bridge to [bus 18]
Apr 18 03:39:20 localhost kernel: pci 0000:03:02.4:   bridge window [mem 0xc6b00000-0xc6cfffff]
Apr 18 03:39:20 localhost kernel: pci 0000:03:02.4:   bridge window [mem 0x496000000-0x496ffffff 64bit pref]
Apr 18 03:39:20 localhost kernel: pci 0000:03:02.5: [1d0f:0200] type 01 class 0x060400 PCIe Switch Downstream Port
Apr 18 03:39:20 localhost kernel: pci 0000:03:02.5: BAR 0 [mem 0xc4205400-0xc42057ff]
Apr 18 03:39:20 localhost kernel: pci 0000:03:02.5: PCI bridge to [bus 19]
Apr 18 03:39:20 localhost kernel: pci 0000:03:02.5:   bridge window [mem 0xc6d00000-0xc6efffff]
Apr 18 03:39:20 localhost kernel: pci 0000:03:02.5:   bridge window [mem 0x497000000-0x497ffffff 64bit pref]
Apr 18 03:39:20 localhost kernel: pci 0000:03:02.6: [1d0f:0200] type 01 class 0x060400 PCIe Switch Downstream Port
Apr 18 03:39:20 localhost kernel: pci 0000:03:02.6: BAR 0 [mem 0xc4205800-0xc4205bff]
Apr 18 03:39:20 localhost kernel: pci 0000:03:02.6: PCI bridge to [bus 1a]
Apr 18 03:39:20 localhost kernel: pci 0000:03:02.6:   bridge window [mem 0xc6f00000-0xc70fffff]
Apr 18 03:39:20 localhost kernel: pci 0000:03:02.6:   bridge window [mem 0x498000000-0x498ffffff 64bit pref]
Apr 18 03:39:20 localhost kernel: pci 0000:03:02.7: [1d0f:0200] type 01 class 0x060400 PCIe Switch Downstream Port
Apr 18 03:39:20 localhost kernel: pci 0000:03:02.7: BAR 0 [mem 0xc4205c00-0xc4205fff]
Apr 18 03:39:20 localhost kernel: pci 0000:03:02.7: PCI bridge to [bus 1b]
Apr 18 03:39:20 localhost kernel: pci 0000:03:02.7:   bridge window [mem 0xc7100000-0xc72fffff]
Apr 18 03:39:20 localhost kernel: pci 0000:03:02.7:   bridge window [mem 0x499000000-0x499ffffff 64bit pref]
Apr 18 03:39:20 localhost kernel: pci 0000:03:03.0: [1d0f:0200] type 01 class 0x060400 PCIe Switch Downstream Port
Apr 18 03:39:20 localhost kernel: pci 0000:03:03.0: BAR 0 [mem 0xc4206000-0xc42063ff]
Apr 18 03:39:20 localhost kernel: pci 0000:03:03.0: PCI bridge to [bus 1c]
Apr 18 03:39:20 localhost kernel: pci 0000:03:03.0:   bridge window [mem 0xc7300000-0xc74fffff]
Apr 18 03:39:20 localhost kernel: pci 0000:03:03.0:   bridge window [mem 0x49a000000-0x49affffff 64bit pref]
Apr 18 03:39:20 localhost kernel: pci 0000:03:03.1: [1d0f:0200] type 01 class 0x060400 PCIe Switch Downstream Port
Apr 18 03:39:20 localhost kernel: pci 0000:03:03.1: BAR 0 [mem 0xc4206400-0xc42067ff]
Apr 18 03:39:20 localhost kernel: pci 0000:03:03.1: PCI bridge to [bus 1d]
Apr 18 03:39:20 localhost kernel: pci 0000:03:03.1:   bridge window [mem 0xc7500000-0xc76fffff]
Apr 18 03:39:20 localhost kernel: pci 0000:03:03.1:   bridge window [mem 0x49b000000-0x49bffffff 64bit pref]
Apr 18 03:39:20 localhost kernel: pci 0000:03:03.2: [1d0f:0200] type 01 class 0x060400 PCIe Switch Downstream Port
Apr 18 03:39:20 localhost kernel: pci 0000:03:03.2: BAR 0 [mem 0xc4206800-0xc4206bff]
Apr 18 03:39:20 localhost kernel: pci 0000:03:03.2: PCI bridge to [bus 1e]
Apr 18 03:39:20 localhost kernel: pci 0000:03:03.2:   bridge window [mem 0xc7700000-0xc78fffff]
Apr 18 03:39:20 localhost kernel: pci 0000:03:03.2:   bridge window [mem 0x49c000000-0x49cffffff 64bit pref]
Apr 18 03:39:20 localhost kernel: pci 0000:03:03.3: [1d0f:0200] type 01 class 0x060400 PCIe Switch Downstream Port
Apr 18 03:39:20 localhost kernel: pci 0000:03:03.3: BAR 0 [mem 0xc4206c00-0xc4206fff]
Apr 18 03:39:20 localhost kernel: pci 0000:03:03.3: PCI bridge to [bus 1f]
Apr 18 03:39:20 localhost kernel: pci 0000:03:03.3:   bridge window [mem 0xc7900000-0xc7afffff]
Apr 18 03:39:20 localhost kernel: pci 0000:03:03.3:   bridge window [mem 0x49d000000-0x49dffffff 64bit pref]
Apr 18 03:39:20 localhost kernel: pci 0000:03:03.4: [1d0f:0200] type 01 class 0x060400 PCIe Switch Downstream Port
Apr 18 03:39:20 localhost kernel: pci 0000:03:03.4: BAR 0 [mem 0xc4207000-0xc42073ff]
Apr 18 03:39:20 localhost kernel: pci 0000:03:03.4: PCI bridge to [bus 20]
Apr 18 03:39:20 localhost kernel: pci 0000:03:03.4:   bridge window [mem 0xc7b00000-0xc7cfffff]
Apr 18 03:39:20 localhost kernel: pci 0000:03:03.4:   bridge window [mem 0x49e000000-0x49effffff 64bit pref]
Apr 18 03:39:20 localhost kernel: pci 0000:03:03.5: [1d0f:0200] type 01 class 0x060400 PCIe Switch Downstream Port
Apr 18 03:39:20 localhost kernel: pci 0000:03:03.5: BAR 0 [mem 0xc4207400-0xc42077ff]
Apr 18 03:39:20 localhost kernel: pci 0000:03:03.5: PCI bridge to [bus 21]
Apr 18 03:39:20 localhost kernel: pci 0000:03:03.5:   bridge window [mem 0xc7d00000-0xc7efffff]
Apr 18 03:39:20 localhost kernel: pci 0000:03:03.5:   bridge window [mem 0x49f000000-0x49fffffff 64bit pref]
Apr 18 03:39:20 localhost kernel: pci 0000:03:03.6: [1d0f:0200] type 01 class 0x060400 PCIe Switch Downstream Port
Apr 18 03:39:20 localhost kernel: pci 0000:03:03.6: BAR 0 [mem 0xc4207800-0xc4207bff]
Apr 18 03:39:20 localhost kernel: pci 0000:03:03.6: PCI bridge to [bus 22]
Apr 18 03:39:20 localhost kernel: pci 0000:03:03.6:   bridge window [mem 0xc7f00000-0xc80fffff]
Apr 18 03:39:20 localhost kernel: pci 0000:03:03.6:   bridge window [mem 0x4a0000000-0x4a0ffffff 64bit pref]
Apr 18 03:39:20 localhost kernel: pci 0000:03:03.7: [1d0f:0200] type 01 class 0x060400 PCIe Switch Downstream Port
Apr 18 03:39:20 localhost kernel: pci 0000:03:03.7: BAR 0 [mem 0xc4207c00-0xc4207fff]
Apr 18 03:39:20 localhost kernel: pci 0000:03:03.7: PCI bridge to [bus 23]
Apr 18 03:39:20 localhost kernel: pci 0000:03:03.7:   bridge window [mem 0xc8100000-0xc82fffff]
Apr 18 03:39:20 localhost kernel: pci 0000:03:03.7:   bridge window [mem 0x4a1000000-0x4a1ffffff 64bit pref]
Apr 18 03:39:20 localhost kernel: pci 0000:02:00.0: PCI bridge to [bus 03-23]
Apr 18 03:39:20 localhost kernel: pci 0000:03:00.0: PCI bridge to [bus 04]
Apr 18 03:39:20 localhost kernel: pci 0000:03:00.1: PCI bridge to [bus 05]
Apr 18 03:39:20 localhost kernel: pci 0000:03:00.2: PCI bridge to [bus 06]
Apr 18 03:39:20 localhost kernel: pci 0000:03:00.3: PCI bridge to [bus 07]
Apr 18 03:39:20 localhost kernel: pci 0000:03:00.4: PCI bridge to [bus 08]
Apr 18 03:39:20 localhost kernel: pci 0000:03:00.5: PCI bridge to [bus 09]
Apr 18 03:39:20 localhost kernel: pci 0000:03:00.6: PCI bridge to [bus 0a]
Apr 18 03:39:20 localhost kernel: pci 0000:03:00.7: PCI bridge to [bus 0b]
Apr 18 03:39:20 localhost kernel: pci 0000:03:01.0: PCI bridge to [bus 0c]
Apr 18 03:39:20 localhost kernel: pci 0000:03:01.1: PCI bridge to [bus 0d]
Apr 18 03:39:20 localhost kernel: pci 0000:03:01.2: PCI bridge to [bus 0e]
Apr 18 03:39:20 localhost kernel: pci 0000:03:01.3: PCI bridge to [bus 0f]
Apr 18 03:39:20 localhost kernel: pci 0000:03:01.4: PCI bridge to [bus 10]
Apr 18 03:39:20 localhost kernel: pci 0000:03:01.5: PCI bridge to [bus 11]
Apr 18 03:39:20 localhost kernel: pci 0000:03:01.6: PCI bridge to [bus 12]
Apr 18 03:39:20 localhost kernel: pci 0000:03:01.7: PCI bridge to [bus 13]
Apr 18 03:39:20 localhost kernel: pci 0000:03:02.0: PCI bridge to [bus 14]
Apr 18 03:39:20 localhost kernel: pci 0000:03:02.1: PCI bridge to [bus 15]
Apr 18 03:39:20 localhost kernel: pci 0000:03:02.2: PCI bridge to [bus 16]
Apr 18 03:39:20 localhost kernel: pci 0000:03:02.3: PCI bridge to [bus 17]
Apr 18 03:39:20 localhost kernel: pci 0000:03:02.4: PCI bridge to [bus 18]
Apr 18 03:39:20 localhost kernel: pci 0000:03:02.5: PCI bridge to [bus 19]
Apr 18 03:39:20 localhost kernel: pci 0000:03:02.6: PCI bridge to [bus 1a]
Apr 18 03:39:20 localhost kernel: pci 0000:03:02.7: PCI bridge to [bus 1b]
Apr 18 03:39:20 localhost kernel: pci 0000:03:03.0: PCI bridge to [bus 1c]
Apr 18 03:39:20 localhost kernel: pci 0000:03:03.1: PCI bridge to [bus 1d]
Apr 18 03:39:20 localhost kernel: pci 0000:03:03.2: PCI bridge to [bus 1e]
Apr 18 03:39:20 localhost kernel: pci 0000:03:03.3: PCI bridge to [bus 1f]
Apr 18 03:39:20 localhost kernel: pci 0000:03:03.4: PCI bridge to [bus 20]
Apr 18 03:39:20 localhost kernel: pci 0000:03:03.5: PCI bridge to [bus 21]
Apr 18 03:39:20 localhost kernel: pci 0000:03:03.6: PCI bridge to [bus 22]
Apr 18 03:39:20 localhost kernel: pci 0000:03:03.7: PCI bridge to [bus 23]
Apr 18 03:39:20 localhost kernel: pci_bus 0000:01: on NUMA node 0
Apr 18 03:39:20 localhost kernel: ACPI: PCI Root Bridge [PC02] (domain 0000 [bus 24-2b])
Apr 18 03:39:20 localhost kernel: acpi PNP0A08:01: _OSC: OS supports [ExtendedConfig ASPM ClockPM Segments MSI EDR HPX-Type3]
Apr 18 03:39:20 localhost kernel: acpi PNP0A08:01: _OSC: platform does not support [SHPCHotplug AER LTR DPC]
Apr 18 03:39:20 localhost kernel: acpi PNP0A08:01: _OSC: OS now controls [PCIeHotplug PME PCIeCapability]
Apr 18 03:39:20 localhost kernel: acpiphp: Slot [64] registered
Apr 18 03:39:20 localhost kernel: acpiphp: Slot [65] registered
Apr 18 03:39:20 localhost kernel: acpiphp: Slot [66] registered
Apr 18 03:39:20 localhost kernel: acpiphp: Slot [67] registered
Apr 18 03:39:20 localhost kernel: acpiphp: Slot [68] registered
Apr 18 03:39:20 localhost kernel: acpiphp: Slot [69] registered
Apr 18 03:39:20 localhost kernel: acpiphp: Slot [70] registered
Apr 18 03:39:20 localhost kernel: acpiphp: Slot [71] registered
Apr 18 03:39:20 localhost kernel: acpiphp: Slot [72] registered
Apr 18 03:39:20 localhost kernel: acpiphp: Slot [73] registered
Apr 18 03:39:20 localhost kernel: acpiphp: Slot [74] registered
Apr 18 03:39:20 localhost kernel: acpiphp: Slot [75] registered
Apr 18 03:39:20 localhost kernel: acpiphp: Slot [76] registered
Apr 18 03:39:20 localhost kernel: acpiphp: Slot [77] registered
Apr 18 03:39:20 localhost kernel: acpiphp: Slot [78] registered
Apr 18 03:39:20 localhost kernel: acpiphp: Slot [79] registered
Apr 18 03:39:20 localhost kernel: acpiphp: Slot [80] registered
Apr 18 03:39:20 localhost kernel: acpiphp: Slot [81] registered
Apr 18 03:39:20 localhost kernel: acpiphp: Slot [82] registered
Apr 18 03:39:20 localhost kernel: acpiphp: Slot [83] registered
Apr 18 03:39:20 localhost kernel: acpiphp: Slot [84] registered
Apr 18 03:39:20 localhost kernel: acpiphp: Slot [85] registered
Apr 18 03:39:20 localhost kernel: acpiphp: Slot [86] registered
Apr 18 03:39:20 localhost kernel: acpiphp: Slot [87] registered
Apr 18 03:39:20 localhost kernel: acpiphp: Slot [88] registered
Apr 18 03:39:20 localhost kernel: acpiphp: Slot [89] registered
Apr 18 03:39:20 localhost kernel: acpiphp: Slot [90] registered
Apr 18 03:39:20 localhost kernel: acpiphp: Slot [91] registered
Apr 18 03:39:20 localhost kernel: acpiphp: Slot [92] registered
Apr 18 03:39:20 localhost kernel: acpiphp: Slot [93] registered
Apr 18 03:39:20 localhost kernel: acpiphp: Slot [94] registered
Apr 18 03:39:20 localhost kernel: acpiphp: Slot [95] registered
Apr 18 03:39:20 localhost kernel: PCI host bridge to bus 0000:24
Apr 18 03:39:20 localhost kernel: pci_bus 0000:24: root bus resource [mem 0xc8400000-0xc90fffff window]
Apr 18 03:39:20 localhost kernel: pci_bus 0000:24: root bus resource [mem 0x4a2000000-0x4a6ffffff window]
Apr 18 03:39:20 localhost kernel: pci_bus 0000:24: root bus resource [bus 24-2b]
Apr 18 03:39:20 localhost kernel: pci 0000:24:00.0: [1d0f:0200] type 01 class 0x060400 PCIe Root Port
Apr 18 03:39:20 localhost kernel: pci 0000:24:00.0: BAR 0 [mem 0xc8400000-0xc84003ff]
Apr 18 03:39:20 localhost kernel: pci 0000:24:00.0: PCI bridge to [bus 25-2b]
Apr 18 03:39:20 localhost kernel: pci 0000:24:00.0:   bridge window [mem 0xc8500000-0xc90fffff]
Apr 18 03:39:20 localhost kernel: pci 0000:24:00.0:   bridge window [mem 0x4a2000000-0x4a6ffffff 64bit pref]
Apr 18 03:39:20 localhost kernel: pci 0000:25:00.0: [1d0f:0200] type 01 class 0x060400 PCIe Switch Upstream Port
Apr 18 03:39:20 localhost kernel: pci 0000:25:00.0: BAR 0 [mem 0xc8500000-0xc85003ff]
Apr 18 03:39:20 localhost kernel: pci 0000:25:00.0: PCI bridge to [bus 26-2b]
Apr 18 03:39:20 localhost kernel: pci 0000:25:00.0:   bridge window [mem 0xc8600000-0xc90fffff]
Apr 18 03:39:20 localhost kernel: pci 0000:25:00.0:   bridge window [mem 0x4a2000000-0x4a6ffffff 64bit pref]
Apr 18 03:39:20 localhost kernel: pci 0000:24:00.0: PCI bridge to [bus 25-2b]
Apr 18 03:39:20 localhost kernel: pci 0000:26:00.0: [1d0f:0200] type 01 class 0x060400 PCIe Switch Downstream Port
Apr 18 03:39:20 localhost kernel: pci 0000:26:00.0: BAR 0 [mem 0xc8600000-0xc86003ff]
Apr 18 03:39:20 localhost kernel: pci 0000:26:00.0: PCI bridge to [bus 27]
Apr 18 03:39:20 localhost kernel: pci 0000:26:00.0:   bridge window [mem 0xc8700000-0xc88fffff]
Apr 18 03:39:20 localhost kernel: pci 0000:26:00.0:   bridge window [mem 0x4a2000000-0x4a2ffffff 64bit pref]
Apr 18 03:39:20 localhost kernel: pci 0000:26:00.1: [1d0f:0200] type 01 class 0x060400 PCIe Switch Downstream Port
Apr 18 03:39:20 localhost kernel: pci 0000:26:00.1: BAR 0 [mem 0xc8600400-0xc86007ff]
Apr 18 03:39:20 localhost kernel: pci 0000:26:00.1: PCI bridge to [bus 28]
Apr 18 03:39:20 localhost kernel: pci 0000:26:00.1:   bridge window [mem 0xc8900000-0xc8afffff]
Apr 18 03:39:20 localhost kernel: pci 0000:26:00.1:   bridge window [mem 0x4a3000000-0x4a3ffffff 64bit pref]
Apr 18 03:39:20 localhost kernel: pci 0000:26:00.2: [1d0f:0200] type 01 class 0x060400 PCIe Switch Downstream Port
Apr 18 03:39:20 localhost kernel: pci 0000:26:00.2: BAR 0 [mem 0xc8600800-0xc8600bff]
Apr 18 03:39:20 localhost kernel: pci 0000:26:00.2: PCI bridge to [bus 29]
Apr 18 03:39:20 localhost kernel: pci 0000:26:00.2:   bridge window [mem 0xc8b00000-0xc8cfffff]
Apr 18 03:39:20 localhost kernel: pci 0000:26:00.2:   bridge window [mem 0x4a4000000-0x4a4ffffff 64bit pref]
Apr 18 03:39:20 localhost kernel: pci 0000:26:00.3: [1d0f:0200] type 01 class 0x060400 PCIe Switch Downstream Port
Apr 18 03:39:20 localhost kernel: pci 0000:26:00.3: BAR 0 [mem 0xc8600c00-0xc8600fff]
Apr 18 03:39:20 localhost kernel: pci 0000:26:00.3: PCI bridge to [bus 2a]
Apr 18 03:39:20 localhost kernel: pci 0000:26:00.3:   bridge window [mem 0xc8d00000-0xc8efffff]
Apr 18 03:39:20 localhost kernel: pci 0000:26:00.3:   bridge window [mem 0x4a5000000-0x4a5ffffff 64bit pref]
Apr 18 03:39:20 localhost kernel: pci 0000:26:00.4: [1d0f:0200] type 01 class 0x060400 PCIe Switch Downstream Port
Apr 18 03:39:20 localhost kernel: pci 0000:26:00.4: BAR 0 [mem 0xc8601000-0xc86013ff]
Apr 18 03:39:20 localhost kernel: pci 0000:26:00.4: PCI bridge to [bus 2b]
Apr 18 03:39:20 localhost kernel: pci 0000:26:00.4:   bridge window [mem 0xc8f00000-0xc90fffff]
Apr 18 03:39:20 localhost kernel: pci 0000:26:00.4:   bridge window [mem 0x4a6000000-0x4a6ffffff 64bit pref]
Apr 18 03:39:20 localhost kernel: pci 0000:25:00.0: PCI bridge to [bus 26-2b]
Apr 18 03:39:20 localhost kernel: pci 0000:27:00.0: [1d0f:ec20] type 00 class 0x020000 PCIe Endpoint
Apr 18 03:39:20 localhost kernel: pci 0000:27:00.0: BAR 0 [mem 0xc8700000-0xc8701fff]
Apr 18 03:39:20 localhost kernel: pci 0000:27:00.0: BAR 1 [mem 0xc8702000-0xc8703fff]
Apr 18 03:39:20 localhost kernel: pci 0000:27:00.0: BAR 2 [mem 0x4a2000000-0x4a20fffff 64bit pref]
Apr 18 03:39:20 localhost kernel: pci 0000:27:00.0: enabling Extended Tags
Apr 18 03:39:20 localhost kernel: pci 0000:26:00.0: PCI bridge to [bus 27]
Apr 18 03:39:20 localhost kernel: pci 0000:26:00.1: PCI bridge to [bus 28]
Apr 18 03:39:20 localhost kernel: pci 0000:26:00.2: PCI bridge to [bus 29]
Apr 18 03:39:20 localhost kernel: pci 0000:26:00.3: PCI bridge to [bus 2a]
Apr 18 03:39:20 localhost kernel: pci 0000:26:00.4: PCI bridge to [bus 2b]
Apr 18 03:39:20 localhost kernel: pci_bus 0000:24: on NUMA node 0
Apr 18 03:39:20 localhost kernel: ACPI: PCI: Interrupt link LNKA configured for IRQ 10
Apr 18 03:39:20 localhost kernel: ACPI: PCI: Interrupt link LNKB configured for IRQ 10
Apr 18 03:39:20 localhost kernel: ACPI: PCI: Interrupt link LNKC configured for IRQ 11
Apr 18 03:39:20 localhost kernel: ACPI: PCI: Interrupt link LNKD configured for IRQ 11
Apr 18 03:39:20 localhost kernel: ACPI: PCI: Interrupt link LNKS configured for IRQ 9
Apr 18 03:39:20 localhost kernel: iommu: Default domain type: Translated
Apr 18 03:39:20 localhost kernel: iommu: DMA domain TLB invalidation policy: lazy mode
Apr 18 03:39:20 localhost kernel: SCSI subsystem initialized
Apr 18 03:39:20 localhost kernel: ACPI: bus type USB registered
Apr 18 03:39:20 localhost kernel: usbcore: registered new interface driver usbfs
Apr 18 03:39:20 localhost kernel: usbcore: registered new interface driver hub
Apr 18 03:39:20 localhost kernel: usbcore: registered new device driver usb
Apr 18 03:39:20 localhost kernel: pps_core: LinuxPPS API ver. 1 registered
Apr 18 03:39:20 localhost kernel: pps_core: Software ver. 5.3.6 - Copyright 2005-2007 Rodolfo Giometti <giometti@linux.it>
Apr 18 03:39:20 localhost kernel: PTP clock support registered
Apr 18 03:39:20 localhost kernel: EDAC MC: Ver: 3.0.0
Apr 18 03:39:20 localhost kernel: NetLabel: Initializing
Apr 18 03:39:20 localhost kernel: NetLabel:  domain hash size = 128
Apr 18 03:39:20 localhost kernel: NetLabel:  protocols = UNLABELED CIPSOv4 CALIPSO
Apr 18 03:39:20 localhost kernel: NetLabel:  unlabeled traffic allowed by default
Apr 18 03:39:20 localhost kernel: PCI: Using ACPI for IRQ routing
Apr 18 03:39:20 localhost kernel: PCI: pci_cache_line_size set to 64 bytes
Apr 18 03:39:20 localhost kernel: e820: reserve RAM buffer [mem 0x0009fc00-0x0009ffff]
Apr 18 03:39:20 localhost kernel: e820: reserve RAM buffer [mem 0xbffe8000-0xbfffffff]
Apr 18 03:39:20 localhost kernel: e820: reserve RAM buffer [mem 0x42b400000-0x42bffffff]
Apr 18 03:39:20 localhost kernel: pci 0000:00:03.0: vgaarb: setting as boot VGA device
Apr 18 03:39:20 localhost kernel: pci 0000:00:03.0: vgaarb: bridge control possible
Apr 18 03:39:20 localhost kernel: pci 0000:00:03.0: vgaarb: VGA device added: decodes=io+mem,owns=io+mem,locks=none
Apr 18 03:39:20 localhost kernel: vgaarb: loaded
Apr 18 03:39:20 localhost kernel: hpet0: at MMIO 0xfed00000, IRQs 2, 8, 0, 0, 0, 0, 0, 0
Apr 18 03:39:20 localhost kernel: hpet0: 8 comparators, 32-bit 62.500000 MHz counter
Apr 18 03:39:20 localhost kernel: clocksource: Switched to clocksource kvm-clock
Apr 18 03:39:20 localhost kernel: VFS: Disk quotas dquot_6.6.0
Apr 18 03:39:20 localhost kernel: VFS: Dquot-cache hash table entries: 512 (order 0, 4096 bytes)
Apr 18 03:39:20 localhost kernel: pnp: PnP ACPI init
Apr 18 03:39:20 localhost kernel: pnp: PnP ACPI: found 5 devices
Apr 18 03:39:20 localhost kernel: clocksource: acpi_pm: mask: 0xffffff max_cycles: 0xffffff, max_idle_ns: 2085701024 ns
Apr 18 03:39:20 localhost kernel: NET: Registered PF_INET protocol family
Apr 18 03:39:20 localhost kernel: IP idents hash table entries: 262144 (order: 9, 2097152 bytes, linear)
Apr 18 03:39:20 localhost kernel: tcp_listen_portaddr_hash hash table entries: 8192 (order: 5, 131072 bytes, linear)
Apr 18 03:39:20 localhost kernel: Table-perturb hash table entries: 65536 (order: 6, 262144 bytes, linear)
Apr 18 03:39:20 localhost kernel: TCP established hash table entries: 131072 (order: 8, 1048576 bytes, linear)
Apr 18 03:39:20 localhost kernel: TCP bind hash table entries: 65536 (order: 8, 1048576 bytes, linear)
Apr 18 03:39:20 localhost kernel: TCP: Hash tables configured (established 131072 bind 65536)
Apr 18 03:39:20 localhost kernel: MPTCP token hash table entries: 16384 (order: 6, 393216 bytes, linear)
Apr 18 03:39:20 localhost kernel: UDP hash table entries: 8192 (order: 6, 262144 bytes, linear)
Apr 18 03:39:20 localhost kernel: UDP-Lite hash table entries: 8192 (order: 6, 262144 bytes, linear)
Apr 18 03:39:20 localhost kernel: NET: Registered PF_UNIX/PF_LOCAL protocol family
Apr 18 03:39:20 localhost kernel: NET: Registered PF_XDP protocol family
Apr 18 03:39:20 localhost kernel: pci_bus 0000:00: resource 4 [io  0x0000-0x0cf7 window]
Apr 18 03:39:20 localhost kernel: pci_bus 0000:00: resource 5 [io  0x0d00-0xffff window]
Apr 18 03:39:20 localhost kernel: pci_bus 0000:00: resource 6 [mem 0x000a0000-0x000bffff window]
Apr 18 03:39:20 localhost kernel: pci_bus 0000:00: resource 7 [mem 0xc0000000-0xc3ffffff window]
Apr 18 03:39:20 localhost kernel: pci_bus 0000:00: resource 8 [mem 0x480000000-0x481ffffff window]
Apr 18 03:39:20 localhost kernel: pci 0000:03:00.0: PCI bridge to [bus 04]
Apr 18 03:39:20 localhost kernel: pci 0000:03:00.0:   bridge window [mem 0xc4300000-0xc44fffff]
Apr 18 03:39:20 localhost kernel: pci 0000:03:00.0:   bridge window [mem 0x482000000-0x482ffffff 64bit pref]
Apr 18 03:39:20 localhost kernel: pci 0000:03:00.1: PCI bridge to [bus 05]
Apr 18 03:39:20 localhost kernel: pci 0000:03:00.1:   bridge window [mem 0xc4500000-0xc46fffff]
Apr 18 03:39:20 localhost kernel: pci 0000:03:00.1:   bridge window [mem 0x483000000-0x483ffffff 64bit pref]
Apr 18 03:39:20 localhost kernel: pci 0000:03:00.2: PCI bridge to [bus 06]
Apr 18 03:39:20 localhost kernel: pci 0000:03:00.2:   bridge window [mem 0xc4700000-0xc48fffff]
Apr 18 03:39:20 localhost kernel: pci 0000:03:00.2:   bridge window [mem 0x484000000-0x484ffffff 64bit pref]
Apr 18 03:39:20 localhost kernel: pci 0000:03:00.3: PCI bridge to [bus 07]
Apr 18 03:39:20 localhost kernel: pci 0000:03:00.3:   bridge window [mem 0xc4900000-0xc4afffff]
Apr 18 03:39:20 localhost kernel: pci 0000:03:00.3:   bridge window [mem 0x485000000-0x485ffffff 64bit pref]
Apr 18 03:39:20 localhost kernel: pci 0000:03:00.4: PCI bridge to [bus 08]
Apr 18 03:39:20 localhost kernel: pci 0000:03:00.4:   bridge window [mem 0xc4b00000-0xc4cfffff]
Apr 18 03:39:20 localhost kernel: pci 0000:03:00.4:   bridge window [mem 0x486000000-0x486ffffff 64bit pref]
Apr 18 03:39:20 localhost kernel: pci 0000:03:00.5: PCI bridge to [bus 09]
Apr 18 03:39:20 localhost kernel: pci 0000:03:00.5:   bridge window [mem 0xc4d00000-0xc4efffff]
Apr 18 03:39:20 localhost kernel: pci 0000:03:00.5:   bridge window [mem 0x487000000-0x487ffffff 64bit pref]
Apr 18 03:39:20 localhost kernel: pci 0000:03:00.6: PCI bridge to [bus 0a]
Apr 18 03:39:20 localhost kernel: pci 0000:03:00.6:   bridge window [mem 0xc4f00000-0xc50fffff]
Apr 18 03:39:20 localhost kernel: pci 0000:03:00.6:   bridge window [mem 0x488000000-0x488ffffff 64bit pref]
Apr 18 03:39:20 localhost kernel: pci 0000:03:00.7: PCI bridge to [bus 0b]
Apr 18 03:39:20 localhost kernel: pci 0000:03:00.7:   bridge window [mem 0xc5100000-0xc52fffff]
Apr 18 03:39:20 localhost kernel: pci 0000:03:00.7:   bridge window [mem 0x489000000-0x489ffffff 64bit pref]
Apr 18 03:39:20 localhost kernel: pci 0000:03:01.0: PCI bridge to [bus 0c]
Apr 18 03:39:20 localhost kernel: pci 0000:03:01.0:   bridge window [mem 0xc5300000-0xc54fffff]
Apr 18 03:39:20 localhost kernel: pci 0000:03:01.0:   bridge window [mem 0x48a000000-0x48affffff 64bit pref]
Apr 18 03:39:20 localhost kernel: pci 0000:03:01.1: PCI bridge to [bus 0d]
Apr 18 03:39:20 localhost kernel: pci 0000:03:01.1:   bridge window [mem 0xc5500000-0xc56fffff]
Apr 18 03:39:20 localhost kernel: pci 0000:03:01.1:   bridge window [mem 0x48b000000-0x48bffffff 64bit pref]
Apr 18 03:39:20 localhost kernel: pci 0000:03:01.2: PCI bridge to [bus 0e]
Apr 18 03:39:20 localhost kernel: pci 0000:03:01.2:   bridge window [mem 0xc5700000-0xc58fffff]
Apr 18 03:39:20 localhost kernel: pci 0000:03:01.2:   bridge window [mem 0x48c000000-0x48cffffff 64bit pref]
Apr 18 03:39:20 localhost kernel: pci 0000:03:01.3: PCI bridge to [bus 0f]
Apr 18 03:39:20 localhost kernel: pci 0000:03:01.3:   bridge window [mem 0xc5900000-0xc5afffff]
Apr 18 03:39:20 localhost kernel: pci 0000:03:01.3:   bridge window [mem 0x48d000000-0x48dffffff 64bit pref]
Apr 18 03:39:20 localhost kernel: pci 0000:03:01.4: PCI bridge to [bus 10]
Apr 18 03:39:20 localhost kernel: pci 0000:03:01.4:   bridge window [mem 0xc5b00000-0xc5cfffff]
Apr 18 03:39:20 localhost kernel: pci 0000:03:01.4:   bridge window [mem 0x48e000000-0x48effffff 64bit pref]
Apr 18 03:39:20 localhost kernel: pci 0000:03:01.5: PCI bridge to [bus 11]
Apr 18 03:39:20 localhost kernel: pci 0000:03:01.5:   bridge window [mem 0xc5d00000-0xc5efffff]
Apr 18 03:39:20 localhost kernel: pci 0000:03:01.5:   bridge window [mem 0x48f000000-0x48fffffff 64bit pref]
Apr 18 03:39:20 localhost kernel: pci 0000:03:01.6: PCI bridge to [bus 12]
Apr 18 03:39:20 localhost kernel: pci 0000:03:01.6:   bridge window [mem 0xc5f00000-0xc60fffff]
Apr 18 03:39:20 localhost kernel: pci 0000:03:01.6:   bridge window [mem 0x490000000-0x490ffffff 64bit pref]
Apr 18 03:39:20 localhost kernel: pci 0000:03:01.7: PCI bridge to [bus 13]
Apr 18 03:39:20 localhost kernel: pci 0000:03:01.7:   bridge window [mem 0xc6100000-0xc62fffff]
Apr 18 03:39:20 localhost kernel: pci 0000:03:01.7:   bridge window [mem 0x491000000-0x491ffffff 64bit pref]
Apr 18 03:39:20 localhost kernel: pci 0000:03:02.0: PCI bridge to [bus 14]
Apr 18 03:39:20 localhost kernel: pci 0000:03:02.0:   bridge window [mem 0xc6300000-0xc64fffff]
Apr 18 03:39:20 localhost kernel: pci 0000:03:02.0:   bridge window [mem 0x492000000-0x492ffffff 64bit pref]
Apr 18 03:39:20 localhost kernel: pci 0000:03:02.1: PCI bridge to [bus 15]
Apr 18 03:39:20 localhost kernel: pci 0000:03:02.1:   bridge window [mem 0xc6500000-0xc66fffff]
Apr 18 03:39:20 localhost kernel: pci 0000:03:02.1:   bridge window [mem 0x493000000-0x493ffffff 64bit pref]
Apr 18 03:39:20 localhost kernel: pci 0000:03:02.2: PCI bridge to [bus 16]
Apr 18 03:39:20 localhost kernel: pci 0000:03:02.2:   bridge window [mem 0xc6700000-0xc68fffff]
Apr 18 03:39:20 localhost kernel: pci 0000:03:02.2:   bridge window [mem 0x494000000-0x494ffffff 64bit pref]
Apr 18 03:39:20 localhost kernel: pci 0000:03:02.3: PCI bridge to [bus 17]
Apr 18 03:39:20 localhost kernel: pci 0000:03:02.3:   bridge window [mem 0xc6900000-0xc6afffff]
Apr 18 03:39:20 localhost kernel: pci 0000:03:02.3:   bridge window [mem 0x495000000-0x495ffffff 64bit pref]
Apr 18 03:39:20 localhost kernel: pci 0000:03:02.4: PCI bridge to [bus 18]
Apr 18 03:39:20 localhost kernel: pci 0000:03:02.4:   bridge window [mem 0xc6b00000-0xc6cfffff]
Apr 18 03:39:20 localhost kernel: pci 0000:03:02.4:   bridge window [mem 0x496000000-0x496ffffff 64bit pref]
Apr 18 03:39:20 localhost kernel: pci 0000:03:02.5: PCI bridge to [bus 19]
Apr 18 03:39:20 localhost kernel: pci 0000:03:02.5:   bridge window [mem 0xc6d00000-0xc6efffff]
Apr 18 03:39:20 localhost kernel: pci 0000:03:02.5:   bridge window [mem 0x497000000-0x497ffffff 64bit pref]
Apr 18 03:39:20 localhost kernel: pci 0000:03:02.6: PCI bridge to [bus 1a]
Apr 18 03:39:20 localhost kernel: pci 0000:03:02.6:   bridge window [mem 0xc6f00000-0xc70fffff]
Apr 18 03:39:20 localhost kernel: pci 0000:03:02.6:   bridge window [mem 0x498000000-0x498ffffff 64bit pref]
Apr 18 03:39:20 localhost kernel: pci 0000:03:02.7: PCI bridge to [bus 1b]
Apr 18 03:39:20 localhost kernel: pci 0000:03:02.7:   bridge window [mem 0xc7100000-0xc72fffff]
Apr 18 03:39:20 localhost kernel: pci 0000:03:02.7:   bridge window [mem 0x499000000-0x499ffffff 64bit pref]
Apr 18 03:39:20 localhost kernel: pci 0000:03:03.0: PCI bridge to [bus 1c]
Apr 18 03:39:20 localhost kernel: pci 0000:03:03.0:   bridge window [mem 0xc7300000-0xc74fffff]
Apr 18 03:39:20 localhost kernel: pci 0000:03:03.0:   bridge window [mem 0x49a000000-0x49affffff 64bit pref]
Apr 18 03:39:20 localhost kernel: pci 0000:03:03.1: PCI bridge to [bus 1d]
Apr 18 03:39:20 localhost kernel: pci 0000:03:03.1:   bridge window [mem 0xc7500000-0xc76fffff]
Apr 18 03:39:20 localhost kernel: pci 0000:03:03.1:   bridge window [mem 0x49b000000-0x49bffffff 64bit pref]
Apr 18 03:39:20 localhost kernel: pci 0000:03:03.2: PCI bridge to [bus 1e]
Apr 18 03:39:20 localhost kernel: pci 0000:03:03.2:   bridge window [mem 0xc7700000-0xc78fffff]
Apr 18 03:39:20 localhost kernel: pci 0000:03:03.2:   bridge window [mem 0x49c000000-0x49cffffff 64bit pref]
Apr 18 03:39:20 localhost kernel: pci 0000:03:03.3: PCI bridge to [bus 1f]
Apr 18 03:39:20 localhost kernel: pci 0000:03:03.3:   bridge window [mem 0xc7900000-0xc7afffff]
Apr 18 03:39:20 localhost kernel: pci 0000:03:03.3:   bridge window [mem 0x49d000000-0x49dffffff 64bit pref]
Apr 18 03:39:20 localhost kernel: pci 0000:03:03.4: PCI bridge to [bus 20]
Apr 18 03:39:20 localhost kernel: pci 0000:03:03.4:   bridge window [mem 0xc7b00000-0xc7cfffff]
Apr 18 03:39:20 localhost kernel: pci 0000:03:03.4:   bridge window [mem 0x49e000000-0x49effffff 64bit pref]
Apr 18 03:39:20 localhost kernel: pci 0000:03:03.5: PCI bridge to [bus 21]
Apr 18 03:39:20 localhost kernel: pci 0000:03:03.5:   bridge window [mem 0xc7d00000-0xc7efffff]
Apr 18 03:39:20 localhost kernel: pci 0000:03:03.5:   bridge window [mem 0x49f000000-0x49fffffff 64bit pref]
Apr 18 03:39:20 localhost kernel: pci 0000:03:03.6: PCI bridge to [bus 22]
Apr 18 03:39:20 localhost kernel: pci 0000:03:03.6:   bridge window [mem 0xc7f00000-0xc80fffff]
Apr 18 03:39:20 localhost kernel: pci 0000:03:03.6:   bridge window [mem 0x4a0000000-0x4a0ffffff 64bit pref]
Apr 18 03:39:20 localhost kernel: pci 0000:03:03.7: PCI bridge to [bus 23]
Apr 18 03:39:20 localhost kernel: pci 0000:03:03.7:   bridge window [mem 0xc8100000-0xc82fffff]
Apr 18 03:39:20 localhost kernel: pci 0000:03:03.7:   bridge window [mem 0x4a1000000-0x4a1ffffff 64bit pref]
Apr 18 03:39:20 localhost kernel: pci 0000:02:00.0: PCI bridge to [bus 03-23]
Apr 18 03:39:20 localhost kernel: pci 0000:02:00.0:   bridge window [mem 0xc4200000-0xc82fffff]
Apr 18 03:39:20 localhost kernel: pci 0000:02:00.0:   bridge window [mem 0x482000000-0x4a1ffffff 64bit pref]
Apr 18 03:39:20 localhost kernel: pci 0000:01:00.0: PCI bridge to [bus 02-23]
Apr 18 03:39:20 localhost kernel: pci 0000:01:00.0:   bridge window [mem 0xc4100000-0xc82fffff]
Apr 18 03:39:20 localhost kernel: pci 0000:01:00.0:   bridge window [mem 0x482000000-0x4a1ffffff 64bit pref]
Apr 18 03:39:20 localhost kernel: pci_bus 0000:01: resource 4 [mem 0xc4000000-0xc82fffff window]
Apr 18 03:39:20 localhost kernel: pci_bus 0000:01: resource 5 [mem 0x482000000-0x4a1ffffff window]
Apr 18 03:39:20 localhost kernel: pci_bus 0000:02: resource 1 [mem 0xc4100000-0xc82fffff]
Apr 18 03:39:20 localhost kernel: pci_bus 0000:02: resource 2 [mem 0x482000000-0x4a1ffffff 64bit pref]
Apr 18 03:39:20 localhost kernel: pci_bus 0000:03: resource 1 [mem 0xc4200000-0xc82fffff]
Apr 18 03:39:20 localhost kernel: pci_bus 0000:03: resource 2 [mem 0x482000000-0x4a1ffffff 64bit pref]
Apr 18 03:39:20 localhost kernel: pci_bus 0000:04: resource 1 [mem 0xc4300000-0xc44fffff]
Apr 18 03:39:20 localhost kernel: pci_bus 0000:04: resource 2 [mem 0x482000000-0x482ffffff 64bit pref]
Apr 18 03:39:20 localhost kernel: pci_bus 0000:05: resource 1 [mem 0xc4500000-0xc46fffff]
Apr 18 03:39:20 localhost kernel: pci_bus 0000:05: resource 2 [mem 0x483000000-0x483ffffff 64bit pref]
Apr 18 03:39:20 localhost kernel: pci_bus 0000:06: resource 1 [mem 0xc4700000-0xc48fffff]
Apr 18 03:39:20 localhost kernel: pci_bus 0000:06: resource 2 [mem 0x484000000-0x484ffffff 64bit pref]
Apr 18 03:39:20 localhost kernel: pci_bus 0000:07: resource 1 [mem 0xc4900000-0xc4afffff]
Apr 18 03:39:20 localhost kernel: pci_bus 0000:07: resource 2 [mem 0x485000000-0x485ffffff 64bit pref]
Apr 18 03:39:20 localhost kernel: pci_bus 0000:08: resource 1 [mem 0xc4b00000-0xc4cfffff]
Apr 18 03:39:20 localhost kernel: pci_bus 0000:08: resource 2 [mem 0x486000000-0x486ffffff 64bit pref]
Apr 18 03:39:20 localhost kernel: pci_bus 0000:09: resource 1 [mem 0xc4d00000-0xc4efffff]
Apr 18 03:39:20 localhost kernel: pci_bus 0000:09: resource 2 [mem 0x487000000-0x487ffffff 64bit pref]
Apr 18 03:39:20 localhost kernel: pci_bus 0000:0a: resource 1 [mem 0xc4f00000-0xc50fffff]
Apr 18 03:39:20 localhost kernel: pci_bus 0000:0a: resource 2 [mem 0x488000000-0x488ffffff 64bit pref]
Apr 18 03:39:20 localhost kernel: pci_bus 0000:0b: resource 1 [mem 0xc5100000-0xc52fffff]
Apr 18 03:39:20 localhost kernel: pci_bus 0000:0b: resource 2 [mem 0x489000000-0x489ffffff 64bit pref]
Apr 18 03:39:20 localhost kernel: pci_bus 0000:0c: resource 1 [mem 0xc5300000-0xc54fffff]
Apr 18 03:39:20 localhost kernel: pci_bus 0000:0c: resource 2 [mem 0x48a000000-0x48affffff 64bit pref]
Apr 18 03:39:20 localhost kernel: pci_bus 0000:0d: resource 1 [mem 0xc5500000-0xc56fffff]
Apr 18 03:39:20 localhost kernel: pci_bus 0000:0d: resource 2 [mem 0x48b000000-0x48bffffff 64bit pref]
Apr 18 03:39:20 localhost kernel: pci_bus 0000:0e: resource 1 [mem 0xc5700000-0xc58fffff]
Apr 18 03:39:20 localhost kernel: pci_bus 0000:0e: resource 2 [mem 0x48c000000-0x48cffffff 64bit pref]
Apr 18 03:39:20 localhost kernel: pci_bus 0000:0f: resource 1 [mem 0xc5900000-0xc5afffff]
Apr 18 03:39:20 localhost kernel: pci_bus 0000:0f: resource 2 [mem 0x48d000000-0x48dffffff 64bit pref]
Apr 18 03:39:20 localhost kernel: pci_bus 0000:10: resource 1 [mem 0xc5b00000-0xc5cfffff]
Apr 18 03:39:20 localhost kernel: pci_bus 0000:10: resource 2 [mem 0x48e000000-0x48effffff 64bit pref]
Apr 18 03:39:20 localhost kernel: pci_bus 0000:11: resource 1 [mem 0xc5d00000-0xc5efffff]
Apr 18 03:39:20 localhost kernel: pci_bus 0000:11: resource 2 [mem 0x48f000000-0x48fffffff 64bit pref]
Apr 18 03:39:20 localhost kernel: pci_bus 0000:12: resource 1 [mem 0xc5f00000-0xc60fffff]
Apr 18 03:39:20 localhost kernel: pci_bus 0000:12: resource 2 [mem 0x490000000-0x490ffffff 64bit pref]
Apr 18 03:39:20 localhost kernel: pci_bus 0000:13: resource 1 [mem 0xc6100000-0xc62fffff]
Apr 18 03:39:20 localhost kernel: pci_bus 0000:13: resource 2 [mem 0x491000000-0x491ffffff 64bit pref]
Apr 18 03:39:20 localhost kernel: pci_bus 0000:14: resource 1 [mem 0xc6300000-0xc64fffff]
Apr 18 03:39:20 localhost kernel: pci_bus 0000:14: resource 2 [mem 0x492000000-0x492ffffff 64bit pref]
Apr 18 03:39:20 localhost kernel: pci_bus 0000:15: resource 1 [mem 0xc6500000-0xc66fffff]
Apr 18 03:39:20 localhost kernel: pci_bus 0000:15: resource 2 [mem 0x493000000-0x493ffffff 64bit pref]
Apr 18 03:39:20 localhost kernel: pci_bus 0000:16: resource 1 [mem 0xc6700000-0xc68fffff]
Apr 18 03:39:20 localhost kernel: pci_bus 0000:16: resource 2 [mem 0x494000000-0x494ffffff 64bit pref]
Apr 18 03:39:20 localhost kernel: pci_bus 0000:17: resource 1 [mem 0xc6900000-0xc6afffff]
Apr 18 03:39:20 localhost kernel: pci_bus 0000:17: resource 2 [mem 0x495000000-0x495ffffff 64bit pref]
Apr 18 03:39:20 localhost kernel: pci_bus 0000:18: resource 1 [mem 0xc6b00000-0xc6cfffff]
Apr 18 03:39:20 localhost kernel: pci_bus 0000:18: resource 2 [mem 0x496000000-0x496ffffff 64bit pref]
Apr 18 03:39:20 localhost kernel: pci_bus 0000:19: resource 1 [mem 0xc6d00000-0xc6efffff]
Apr 18 03:39:20 localhost kernel: pci_bus 0000:19: resource 2 [mem 0x497000000-0x497ffffff 64bit pref]
Apr 18 03:39:20 localhost kernel: pci_bus 0000:1a: resource 1 [mem 0xc6f00000-0xc70fffff]
Apr 18 03:39:20 localhost kernel: pci_bus 0000:1a: resource 2 [mem 0x498000000-0x498ffffff 64bit pref]
Apr 18 03:39:20 localhost kernel: pci_bus 0000:1b: resource 1 [mem 0xc7100000-0xc72fffff]
Apr 18 03:39:20 localhost kernel: pci_bus 0000:1b: resource 2 [mem 0x499000000-0x499ffffff 64bit pref]
Apr 18 03:39:20 localhost kernel: pci_bus 0000:1c: resource 1 [mem 0xc7300000-0xc74fffff]
Apr 18 03:39:20 localhost kernel: pci_bus 0000:1c: resource 2 [mem 0x49a000000-0x49affffff 64bit pref]
Apr 18 03:39:20 localhost kernel: pci_bus 0000:1d: resource 1 [mem 0xc7500000-0xc76fffff]
Apr 18 03:39:20 localhost kernel: pci_bus 0000:1d: resource 2 [mem 0x49b000000-0x49bffffff 64bit pref]
Apr 18 03:39:20 localhost kernel: pci_bus 0000:1e: resource 1 [mem 0xc7700000-0xc78fffff]
Apr 18 03:39:20 localhost kernel: pci_bus 0000:1e: resource 2 [mem 0x49c000000-0x49cffffff 64bit pref]
Apr 18 03:39:20 localhost kernel: pci_bus 0000:1f: resource 1 [mem 0xc7900000-0xc7afffff]
Apr 18 03:39:20 localhost kernel: pci_bus 0000:1f: resource 2 [mem 0x49d000000-0x49dffffff 64bit pref]
Apr 18 03:39:20 localhost kernel: pci_bus 0000:20: resource 1 [mem 0xc7b00000-0xc7cfffff]
Apr 18 03:39:20 localhost kernel: pci_bus 0000:20: resource 2 [mem 0x49e000000-0x49effffff 64bit pref]
Apr 18 03:39:20 localhost kernel: pci_bus 0000:21: resource 1 [mem 0xc7d00000-0xc7efffff]
Apr 18 03:39:20 localhost kernel: pci_bus 0000:21: resource 2 [mem 0x49f000000-0x49fffffff 64bit pref]
Apr 18 03:39:20 localhost kernel: pci_bus 0000:22: resource 1 [mem 0xc7f00000-0xc80fffff]
Apr 18 03:39:20 localhost kernel: pci_bus 0000:22: resource 2 [mem 0x4a0000000-0x4a0ffffff 64bit pref]
Apr 18 03:39:20 localhost kernel: pci_bus 0000:23: resource 1 [mem 0xc8100000-0xc82fffff]
Apr 18 03:39:20 localhost kernel: pci_bus 0000:23: resource 2 [mem 0x4a1000000-0x4a1ffffff 64bit pref]
Apr 18 03:39:20 localhost kernel: pci 0000:26:00.0: PCI bridge to [bus 27]
Apr 18 03:39:20 localhost kernel: pci 0000:26:00.0:   bridge window [mem 0xc8700000-0xc88fffff]
Apr 18 03:39:20 localhost kernel: pci 0000:26:00.0:   bridge window [mem 0x4a2000000-0x4a2ffffff 64bit pref]
Apr 18 03:39:20 localhost kernel: pci 0000:26:00.1: PCI bridge to [bus 28]
Apr 18 03:39:20 localhost kernel: pci 0000:26:00.1:   bridge window [mem 0xc8900000-0xc8afffff]
Apr 18 03:39:20 localhost kernel: pci 0000:26:00.1:   bridge window [mem 0x4a3000000-0x4a3ffffff 64bit pref]
Apr 18 03:39:20 localhost kernel: pci 0000:26:00.2: PCI bridge to [bus 29]
Apr 18 03:39:20 localhost kernel: pci 0000:26:00.2:   bridge window [mem 0xc8b00000-0xc8cfffff]
Apr 18 03:39:20 localhost kernel: pci 0000:26:00.2:   bridge window [mem 0x4a4000000-0x4a4ffffff 64bit pref]
Apr 18 03:39:20 localhost kernel: pci 0000:26:00.3: PCI bridge to [bus 2a]
Apr 18 03:39:20 localhost kernel: pci 0000:26:00.3:   bridge window [mem 0xc8d00000-0xc8efffff]
Apr 18 03:39:20 localhost kernel: pci 0000:26:00.3:   bridge window [mem 0x4a5000000-0x4a5ffffff 64bit pref]
Apr 18 03:39:20 localhost kernel: pci 0000:26:00.4: PCI bridge to [bus 2b]
Apr 18 03:39:20 localhost kernel: pci 0000:26:00.4:   bridge window [mem 0xc8f00000-0xc90fffff]
Apr 18 03:39:20 localhost kernel: pci 0000:26:00.4:   bridge window [mem 0x4a6000000-0x4a6ffffff 64bit pref]
Apr 18 03:39:20 localhost kernel: pci 0000:25:00.0: PCI bridge to [bus 26-2b]
Apr 18 03:39:20 localhost kernel: pci 0000:25:00.0:   bridge window [mem 0xc8600000-0xc90fffff]
Apr 18 03:39:20 localhost kernel: pci 0000:25:00.0:   bridge window [mem 0x4a2000000-0x4a6ffffff 64bit pref]
Apr 18 03:39:20 localhost kernel: pci 0000:24:00.0: PCI bridge to [bus 25-2b]
Apr 18 03:39:20 localhost kernel: pci 0000:24:00.0:   bridge window [mem 0xc8500000-0xc90fffff]
Apr 18 03:39:20 localhost kernel: pci 0000:24:00.0:   bridge window [mem 0x4a2000000-0x4a6ffffff 64bit pref]
Apr 18 03:39:20 localhost kernel: pci_bus 0000:24: resource 4 [mem 0xc8400000-0xc90fffff window]
Apr 18 03:39:20 localhost kernel: pci_bus 0000:24: resource 5 [mem 0x4a2000000-0x4a6ffffff window]
Apr 18 03:39:20 localhost kernel: pci_bus 0000:25: resource 1 [mem 0xc8500000-0xc90fffff]
Apr 18 03:39:20 localhost kernel: pci_bus 0000:25: resource 2 [mem 0x4a2000000-0x4a6ffffff 64bit pref]
Apr 18 03:39:20 localhost kernel: pci_bus 0000:26: resource 1 [mem 0xc8600000-0xc90fffff]
Apr 18 03:39:20 localhost kernel: pci_bus 0000:26: resource 2 [mem 0x4a2000000-0x4a6ffffff 64bit pref]
Apr 18 03:39:20 localhost kernel: pci_bus 0000:27: resource 1 [mem 0xc8700000-0xc88fffff]
Apr 18 03:39:20 localhost kernel: pci_bus 0000:27: resource 2 [mem 0x4a2000000-0x4a2ffffff 64bit pref]
Apr 18 03:39:20 localhost kernel: pci_bus 0000:28: resource 1 [mem 0xc8900000-0xc8afffff]
Apr 18 03:39:20 localhost kernel: pci_bus 0000:28: resource 2 [mem 0x4a3000000-0x4a3ffffff 64bit pref]
Apr 18 03:39:20 localhost kernel: pci_bus 0000:29: resource 1 [mem 0xc8b00000-0xc8cfffff]
Apr 18 03:39:20 localhost kernel: pci_bus 0000:29: resource 2 [mem 0x4a4000000-0x4a4ffffff 64bit pref]
Apr 18 03:39:20 localhost kernel: pci_bus 0000:2a: resource 1 [mem 0xc8d00000-0xc8efffff]
Apr 18 03:39:20 localhost kernel: pci_bus 0000:2a: resource 2 [mem 0x4a5000000-0x4a5ffffff 64bit pref]
Apr 18 03:39:20 localhost kernel: pci_bus 0000:2b: resource 1 [mem 0xc8f00000-0xc90fffff]
Apr 18 03:39:20 localhost kernel: pci_bus 0000:2b: resource 2 [mem 0x4a6000000-0x4a6ffffff 64bit pref]
Apr 18 03:39:20 localhost kernel: pci 0000:00:00.0: Limiting direct PCI/PCI transfers
Apr 18 03:39:20 localhost kernel: PCI: CLS 0 bytes, default 64
Apr 18 03:39:20 localhost kernel: PCI-DMA: Using software bounce buffering for IO (SWIOTLB)
Apr 18 03:39:20 localhost kernel: Trying to unpack rootfs image as initramfs...
Apr 18 03:39:20 localhost kernel: software IO TLB: mapped [mem 0x00000000bbfe8000-0x00000000bffe8000] (64MB)
Apr 18 03:39:20 localhost kernel: ACPI: bus type thunderbolt registered
Apr 18 03:39:20 localhost kernel: clocksource: tsc: mask: 0xffffffffffffffff max_cycles: 0x257a3a7b45f, max_idle_ns: 440795312762 ns
Apr 18 03:39:20 localhost kernel: clocksource: Switched to clocksource tsc
Apr 18 03:39:20 localhost kernel: Initialise system trusted keyrings
Apr 18 03:39:20 localhost kernel: Key type blacklist registered
Apr 18 03:39:20 localhost kernel: workingset: timestamp_bits=36 max_order=22 bucket_order=0
Apr 18 03:39:20 localhost kernel: zbud: loaded
Apr 18 03:39:20 localhost kernel: integrity: Platform Keyring initialized
Apr 18 03:39:20 localhost kernel: integrity: Machine keyring initialized
Apr 18 03:39:20 localhost kernel: NET: Registered PF_ALG protocol family
Apr 18 03:39:20 localhost kernel: xor: automatically using best checksumming function   avx       
Apr 18 03:39:20 localhost kernel: Key type asymmetric registered
Apr 18 03:39:20 localhost kernel: Asymmetric key parser 'x509' registered
Apr 18 03:39:20 localhost kernel: Block layer SCSI generic (bsg) driver version 0.4 loaded (major 246)
Apr 18 03:39:20 localhost kernel: io scheduler mq-deadline registered
Apr 18 03:39:20 localhost kernel: io scheduler kyber registered
Apr 18 03:39:20 localhost kernel: io scheduler bfq registered
Apr 18 03:39:20 localhost kernel: atomic64_test: passed for x86-64 platform with CX8 and with SSE
Apr 18 03:39:20 localhost kernel: pcieport 0000:01:00.0: PME: Signaling with IRQ 24
Apr 18 03:39:20 localhost kernel: pcieport 0000:01:00.0: pciehp: Slot #0 AttnBtn+ PwrCtrl+ MRL- AttnInd+ PwrInd+ HotPlug+ Surprise- Interlock- NoCompl+ IbPresDis- LLActRep+
Apr 18 03:39:20 localhost kernel: pcieport 0000:03:00.0: pciehp: Slot #2 AttnBtn+ PwrCtrl+ MRL- AttnInd+ PwrInd+ HotPlug+ Surprise- Interlock- NoCompl+ IbPresDis- LLActRep+
Apr 18 03:39:20 localhost kernel: pcieport 0000:03:00.1: pciehp: Slot #3 AttnBtn+ PwrCtrl+ MRL- AttnInd+ PwrInd+ HotPlug+ Surprise- Interlock- NoCompl+ IbPresDis- LLActRep+
Apr 18 03:39:20 localhost kernel: pcieport 0000:03:00.2: pciehp: Slot #4 AttnBtn+ PwrCtrl+ MRL- AttnInd+ PwrInd+ HotPlug+ Surprise- Interlock- NoCompl+ IbPresDis- LLActRep+
Apr 18 03:39:20 localhost kernel: pcieport 0000:03:00.3: pciehp: Slot #5 AttnBtn+ PwrCtrl+ MRL- AttnInd+ PwrInd+ HotPlug+ Surprise- Interlock- NoCompl+ IbPresDis- LLActRep+
Apr 18 03:39:20 localhost kernel: pcieport 0000:03:00.4: pciehp: Slot #6 AttnBtn+ PwrCtrl+ MRL- AttnInd+ PwrInd+ HotPlug+ Surprise- Interlock- NoCompl+ IbPresDis- LLActRep+
Apr 18 03:39:20 localhost kernel: pcieport 0000:03:00.5: pciehp: Slot #7 AttnBtn+ PwrCtrl+ MRL- AttnInd+ PwrInd+ HotPlug+ Surprise- Interlock- NoCompl+ IbPresDis- LLActRep+
Apr 18 03:39:20 localhost kernel: pcieport 0000:03:00.6: pciehp: Slot #8 AttnBtn+ PwrCtrl+ MRL- AttnInd+ PwrInd+ HotPlug+ Surprise- Interlock- NoCompl+ IbPresDis- LLActRep+
Apr 18 03:39:20 localhost kernel: pcieport 0000:03:00.7: pciehp: Slot #9 AttnBtn+ PwrCtrl+ MRL- AttnInd+ PwrInd+ HotPlug+ Surprise- Interlock- NoCompl+ IbPresDis- LLActRep+
Apr 18 03:39:20 localhost kernel: pcieport 0000:03:01.0: pciehp: Slot #10 AttnBtn+ PwrCtrl+ MRL- AttnInd+ PwrInd+ HotPlug+ Surprise- Interlock- NoCompl+ IbPresDis- LLActRep+
Apr 18 03:39:20 localhost kernel: pcieport 0000:03:01.1: pciehp: Slot #11 AttnBtn+ PwrCtrl+ MRL- AttnInd+ PwrInd+ HotPlug+ Surprise- Interlock- NoCompl+ IbPresDis- LLActRep+
Apr 18 03:39:20 localhost kernel: pcieport 0000:03:01.2: pciehp: Slot #12 AttnBtn+ PwrCtrl+ MRL- AttnInd+ PwrInd+ HotPlug+ Surprise- Interlock- NoCompl+ IbPresDis- LLActRep+
Apr 18 03:39:20 localhost kernel: pcieport 0000:03:01.3: pciehp: Slot #13 AttnBtn+ PwrCtrl+ MRL- AttnInd+ PwrInd+ HotPlug+ Surprise- Interlock- NoCompl+ IbPresDis- LLActRep+
Apr 18 03:39:20 localhost kernel: pcieport 0000:03:01.4: pciehp: Slot #14 AttnBtn+ PwrCtrl+ MRL- AttnInd+ PwrInd+ HotPlug+ Surprise- Interlock- NoCompl+ IbPresDis- LLActRep+
Apr 18 03:39:20 localhost kernel: pcieport 0000:03:01.5: pciehp: Slot #15 AttnBtn+ PwrCtrl+ MRL- AttnInd+ PwrInd+ HotPlug+ Surprise- Interlock- NoCompl+ IbPresDis- LLActRep+
Apr 18 03:39:20 localhost kernel: pcieport 0000:03:01.6: pciehp: Slot #16 AttnBtn+ PwrCtrl+ MRL- AttnInd+ PwrInd+ HotPlug+ Surprise- Interlock- NoCompl+ IbPresDis- LLActRep+
Apr 18 03:39:20 localhost kernel: pcieport 0000:03:01.7: pciehp: Slot #17 AttnBtn+ PwrCtrl+ MRL- AttnInd+ PwrInd+ HotPlug+ Surprise- Interlock- NoCompl+ IbPresDis- LLActRep+
Apr 18 03:39:20 localhost kernel: pcieport 0000:03:02.0: pciehp: Slot #18 AttnBtn+ PwrCtrl+ MRL- AttnInd+ PwrInd+ HotPlug+ Surprise- Interlock- NoCompl+ IbPresDis- LLActRep+
Apr 18 03:39:20 localhost kernel: pcieport 0000:03:02.1: pciehp: Slot #19 AttnBtn+ PwrCtrl+ MRL- AttnInd+ PwrInd+ HotPlug+ Surprise- Interlock- NoCompl+ IbPresDis- LLActRep+
Apr 18 03:39:20 localhost kernel: pcieport 0000:03:02.2: pciehp: Slot #20 AttnBtn+ PwrCtrl+ MRL- AttnInd+ PwrInd+ HotPlug+ Surprise- Interlock- NoCompl+ IbPresDis- LLActRep+
Apr 18 03:39:20 localhost kernel: pcieport 0000:03:02.3: pciehp: Slot #21 AttnBtn+ PwrCtrl+ MRL- AttnInd+ PwrInd+ HotPlug+ Surprise- Interlock- NoCompl+ IbPresDis- LLActRep+
Apr 18 03:39:20 localhost kernel: pcieport 0000:03:02.4: pciehp: Slot #22 AttnBtn+ PwrCtrl+ MRL- AttnInd+ PwrInd+ HotPlug+ Surprise- Interlock- NoCompl+ IbPresDis- LLActRep+
Apr 18 03:39:20 localhost kernel: pcieport 0000:03:02.5: pciehp: Slot #23 AttnBtn+ PwrCtrl+ MRL- AttnInd+ PwrInd+ HotPlug+ Surprise- Interlock- NoCompl+ IbPresDis- LLActRep+
Apr 18 03:39:20 localhost kernel: pcieport 0000:03:02.6: pciehp: Slot #24 AttnBtn+ PwrCtrl+ MRL- AttnInd+ PwrInd+ HotPlug+ Surprise- Interlock- NoCompl+ IbPresDis- LLActRep+
Apr 18 03:39:20 localhost kernel: pcieport 0000:03:02.7: pciehp: Slot #25 AttnBtn+ PwrCtrl+ MRL- AttnInd+ PwrInd+ HotPlug+ Surprise- Interlock- NoCompl+ IbPresDis- LLActRep+
Apr 18 03:39:20 localhost kernel: pcieport 0000:03:03.0: pciehp: Slot #26 AttnBtn+ PwrCtrl+ MRL- AttnInd+ PwrInd+ HotPlug+ Surprise- Interlock- NoCompl+ IbPresDis- LLActRep+
Apr 18 03:39:20 localhost kernel: pcieport 0000:03:03.1: pciehp: Slot #27 AttnBtn+ PwrCtrl+ MRL- AttnInd+ PwrInd+ HotPlug+ Surprise- Interlock- NoCompl+ IbPresDis- LLActRep+
Apr 18 03:39:20 localhost kernel: pcieport 0000:03:03.2: pciehp: Slot #28 AttnBtn+ PwrCtrl+ MRL- AttnInd+ PwrInd+ HotPlug+ Surprise- Interlock- NoCompl+ IbPresDis- LLActRep+
Apr 18 03:39:20 localhost kernel: pcieport 0000:03:03.3: pciehp: Slot #29 AttnBtn+ PwrCtrl+ MRL- AttnInd+ PwrInd+ HotPlug+ Surprise- Interlock- NoCompl+ IbPresDis- LLActRep+
Apr 18 03:39:20 localhost kernel: pcieport 0000:03:03.4: pciehp: Slot #30 AttnBtn+ PwrCtrl+ MRL- AttnInd+ PwrInd+ HotPlug+ Surprise- Interlock- NoCompl+ IbPresDis- LLActRep+
Apr 18 03:39:20 localhost kernel: pcieport 0000:03:03.5: pciehp: Slot #31 AttnBtn+ PwrCtrl+ MRL- AttnInd+ PwrInd+ HotPlug+ Surprise- Interlock- NoCompl+ IbPresDis- LLActRep+
Apr 18 03:39:20 localhost kernel: pcieport 0000:03:03.6: pciehp: Slot #32 AttnBtn+ PwrCtrl+ MRL- AttnInd+ PwrInd+ HotPlug+ Surprise- Interlock- NoCompl+ IbPresDis- LLActRep+
Apr 18 03:39:20 localhost kernel: pcieport 0000:03:03.7: pciehp: Slot #33 AttnBtn+ PwrCtrl+ MRL- AttnInd+ PwrInd+ HotPlug+ Surprise- Interlock- NoCompl+ IbPresDis- LLActRep+
Apr 18 03:39:20 localhost kernel: pcieport 0000:24:00.0: PME: Signaling with IRQ 57
Apr 18 03:39:20 localhost kernel: pcieport 0000:24:00.0: pciehp: Slot #1 AttnBtn+ PwrCtrl+ MRL- AttnInd+ PwrInd+ HotPlug+ Surprise- Interlock- NoCompl+ IbPresDis- LLActRep+
Apr 18 03:39:20 localhost kernel: pcieport 0000:26:00.0: pciehp: Slot #34 AttnBtn+ PwrCtrl+ MRL- AttnInd+ PwrInd+ HotPlug+ Surprise- Interlock- NoCompl+ IbPresDis- LLActRep+
Apr 18 03:39:20 localhost kernel: pcieport 0000:26:00.1: pciehp: Slot #35 AttnBtn+ PwrCtrl+ MRL- AttnInd+ PwrInd+ HotPlug+ Surprise- Interlock- NoCompl+ IbPresDis- LLActRep+
Apr 18 03:39:20 localhost kernel: pcieport 0000:26:00.2: pciehp: Slot #36 AttnBtn+ PwrCtrl+ MRL- AttnInd+ PwrInd+ HotPlug+ Surprise- Interlock- NoCompl+ IbPresDis- LLActRep+
Apr 18 03:39:20 localhost kernel: pcieport 0000:26:00.3: pciehp: Slot #37 AttnBtn+ PwrCtrl+ MRL- AttnInd+ PwrInd+ HotPlug+ Surprise- Interlock- NoCompl+ IbPresDis- LLActRep+
Apr 18 03:39:20 localhost kernel: pcieport 0000:26:00.4: pciehp: Slot #38 AttnBtn+ PwrCtrl+ MRL- AttnInd+ PwrInd+ HotPlug+ Surprise- Interlock- NoCompl+ IbPresDis- LLActRep+
Apr 18 03:39:20 localhost kernel: shpchp: Standard Hot Plug PCI Controller Driver version: 0.4
Apr 18 03:39:20 localhost kernel: input: Power Button as /devices/LNXSYSTM:00/LNXPWRBN:00/input/input0
Apr 18 03:39:20 localhost kernel: ACPI: button: Power Button [PWRF]
Apr 18 03:39:20 localhost kernel: Freeing initrd memory: 104440K
Apr 18 03:39:20 localhost kernel: input: Sleep Button as /devices/LNXSYSTM:00/LNXSLPBN:00/input/input1
Apr 18 03:39:20 localhost kernel: ACPI: button: Sleep Button [SLPF]
Apr 18 03:39:20 localhost kernel: Monitor-Mwait will be used to enter C-1 state
Apr 18 03:39:20 localhost kernel: ACPI: \_SB_.CP00: Found 2 idle states
Apr 18 03:39:20 localhost kernel: ACPI: \_SB_.CP01: Found 2 idle states
Apr 18 03:39:20 localhost kernel: ACPI: \_SB_.CP02: Found 2 idle states
Apr 18 03:39:20 localhost kernel: ACPI: \_SB_.CP03: Found 2 idle states
Apr 18 03:39:20 localhost kernel: Serial: 8250/16550 driver, 4 ports, IRQ sharing enabled
Apr 18 03:39:20 localhost kernel: 00:04: ttyS0 at I/O 0x3f8 (irq = 4, base_baud = 115200) is a 16550A
Apr 18 03:39:20 localhost kernel: Non-volatile memory driver v1.3
Apr 18 03:39:20 localhost kernel: rdac: device handler registered
Apr 18 03:39:20 localhost kernel: hp_sw: device handler registered
Apr 18 03:39:20 localhost kernel: emc: device handler registered
Apr 18 03:39:20 localhost kernel: alua: device handler registered
Apr 18 03:39:20 localhost kernel: usbcore: registered new interface driver usbserial_generic
Apr 18 03:39:20 localhost kernel: usbserial: USB Serial support registered for generic
Apr 18 03:39:20 localhost kernel: i8042: PNP: PS/2 Controller [PNP0303:KBD,PNP0f13:MOU] at 0x60,0x64 irq 1,12
Apr 18 03:39:20 localhost kernel: i8042: Warning: Keylock active
Apr 18 03:39:20 localhost kernel: serio: i8042 KBD port at 0x60,0x64 irq 1
Apr 18 03:39:20 localhost kernel: serio: i8042 AUX port at 0x60,0x64 irq 12
Apr 18 03:39:20 localhost kernel: mousedev: PS/2 mouse device common for all mice
Apr 18 03:39:20 localhost kernel: rtc_cmos 00:00: RTC can wake from S4
Apr 18 03:39:20 localhost kernel: rtc_cmos 00:00: registered as rtc0
Apr 18 03:39:20 localhost kernel: rtc_cmos 00:00: setting system clock to 2026-04-18T03:39:20 UTC (1776483560)
Apr 18 03:39:20 localhost kernel: rtc_cmos 00:00: alarms up to one day, 114 bytes nvram
Apr 18 03:39:20 localhost kernel: amd_pstate: The CPPC feature is supported but currently disabled by the BIOS.
                                  Please enable it if your BIOS has the CPPC option.
Apr 18 03:39:20 localhost kernel: amd_pstate: the _CPC object is not present in SBIOS or ACPI disabled
Apr 18 03:39:20 localhost kernel: hid: raw HID events driver (C) Jiri Kosina
Apr 18 03:39:20 localhost kernel: usbcore: registered new interface driver usbhid
Apr 18 03:39:20 localhost kernel: usbhid: USB HID core driver
Apr 18 03:39:20 localhost kernel: drop_monitor: Initializing network drop monitor service
Apr 18 03:39:20 localhost kernel: Initializing XFRM netlink socket
Apr 18 03:39:20 localhost kernel: NET: Registered PF_INET6 protocol family
Apr 18 03:39:20 localhost kernel: Segment Routing with IPv6
Apr 18 03:39:20 localhost kernel: NET: Registered PF_PACKET protocol family
Apr 18 03:39:20 localhost kernel: mpls_gso: MPLS GSO support
Apr 18 03:39:20 localhost kernel: IPI shorthand broadcast: enabled
Apr 18 03:39:20 localhost kernel: AVX2 version of gcm_enc/dec engaged.
Apr 18 03:39:20 localhost kernel: AES CTR mode by8 optimization enabled
Apr 18 03:39:20 localhost kernel: sched_clock: Marking stable (2194926779, 520587869)->(2770708288, -55193640)
Apr 18 03:39:20 localhost kernel: registered taskstats version 1
Apr 18 03:39:20 localhost kernel: Loading compiled-in X.509 certificates
Apr 18 03:39:20 localhost kernel: Loaded X.509 cert 'Red Hat Enterprise Linux kernel signing key: 3ba64897409f8d4ee6ff650f676f1862b65cae9b'
Apr 18 03:39:20 localhost kernel: Loaded X.509 cert 'Red Hat Enterprise Linux Driver Update Program (key 3): bf57f3e87362bc7229d9f465321773dfd1f77a80'
Apr 18 03:39:20 localhost kernel: Loaded X.509 cert 'Red Hat Enterprise Linux kpatch signing key: 4d38fd864ebe18c5f0b72e3852e2014c3a676fc8'
Apr 18 03:39:20 localhost kernel: Loaded X.509 cert 'RH-IMA-CA: Red Hat IMA CA: fb31825dd0e073685b264e3038963673f753959a'
Apr 18 03:39:20 localhost kernel: Loaded X.509 cert 'Nvidia GPU OOT signing 001: 55e1cef88193e60419f0b0ec379c49f77545acf0'
Apr 18 03:39:20 localhost kernel: Demotion targets for Node 0: null
Apr 18 03:39:20 localhost kernel: page_owner is disabled
Apr 18 03:39:20 localhost kernel: Key type .fscrypt registered
Apr 18 03:39:20 localhost kernel: Key type fscrypt-provisioning registered
Apr 18 03:39:20 localhost kernel: Key type big_key registered
Apr 18 03:39:20 localhost kernel: Key type encrypted registered
Apr 18 03:39:20 localhost kernel: ima: No TPM chip found, activating TPM-bypass!
Apr 18 03:39:20 localhost kernel: Loading compiled-in module X.509 certificates
Apr 18 03:39:20 localhost kernel: Loaded X.509 cert 'Red Hat Enterprise Linux kernel signing key: 3ba64897409f8d4ee6ff650f676f1862b65cae9b'
Apr 18 03:39:20 localhost kernel: ima: Allocated hash algorithm: sha256
Apr 18 03:39:20 localhost kernel: ima: No architecture policies found
Apr 18 03:39:20 localhost kernel: evm: Initialising EVM extended attributes:
Apr 18 03:39:20 localhost kernel: evm: security.selinux
Apr 18 03:39:20 localhost kernel: evm: security.SMACK64 (disabled)
Apr 18 03:39:20 localhost kernel: evm: security.SMACK64EXEC (disabled)
Apr 18 03:39:20 localhost kernel: evm: security.SMACK64TRANSMUTE (disabled)
Apr 18 03:39:20 localhost kernel: evm: security.SMACK64MMAP (disabled)
Apr 18 03:39:20 localhost kernel: evm: security.apparmor (disabled)
Apr 18 03:39:20 localhost kernel: evm: security.ima
Apr 18 03:39:20 localhost kernel: evm: security.capability
Apr 18 03:39:20 localhost kernel: evm: HMAC attrs: 0x1
Apr 18 03:39:20 localhost kernel: Running certificate verification RSA selftest
Apr 18 03:39:20 localhost kernel: Loaded X.509 cert 'Certificate verification self-testing key: f58703bb33ce1b73ee02eccdee5b8817518fe3db'
Apr 18 03:39:20 localhost kernel: Running certificate verification ECDSA selftest
Apr 18 03:39:20 localhost kernel: Loaded X.509 cert 'Certificate verification ECDSA self-testing key: 2900bcea1deb7bc8479a84a23d758efdfdd2b2d3'
Apr 18 03:39:20 localhost kernel: clk: Disabling unused clocks
Apr 18 03:39:20 localhost kernel: Freeing unused decrypted memory: 2028K
Apr 18 03:39:20 localhost kernel: Freeing unused kernel image (initmem) memory: 4052K
Apr 18 03:39:20 localhost kernel: Write protecting the kernel read-only data: 30720k
Apr 18 03:39:20 localhost kernel: Freeing unused kernel image (rodata/data gap) memory: 676K
Apr 18 03:39:20 localhost kernel: x86/mm: Checked W+X mappings: passed, no W+X pages found.
Apr 18 03:39:20 localhost kernel: Run /init as init process
Apr 18 03:39:20 localhost kernel:   with arguments:
Apr 18 03:39:20 localhost kernel:     /init
Apr 18 03:39:20 localhost kernel:   with environment:
Apr 18 03:39:20 localhost kernel:     HOME=/
Apr 18 03:39:20 localhost kernel:     TERM=linux
Apr 18 03:39:20 localhost kernel:     BOOT_IMAGE=(hd0,gpt3)/boot/ostree/rhcos-51c77ffa2c1c0968abd5b430b98d71f3df0ec76d1bd99613c484f15bfac5a4ad/vmlinuz-5.14.0-570.74.1.el9_6.x86_64
Apr 18 03:39:20 localhost kernel:     ostree=/ostree/boot.1/rhcos/51c77ffa2c1c0968abd5b430b98d71f3df0ec76d1bd99613c484f15bfac5a4ad/0
Apr 18 03:39:20 localhost systemd-journald[375]: Missed 35 kernel messages
Apr 18 03:39:20 localhost kernel: Loading iSCSI transport class v2.0-870.
Apr 18 03:39:20 localhost systemd-journald[375]: Missed 3 kernel messages
Apr 18 03:39:20 localhost kernel: fuse: init (API version 7.37)
Apr 18 03:39:20 localhost kernel: iscsi: registered transport (iser)
Apr 18 03:39:20 localhost systemd-journald[375]: Journal started
Apr 18 03:39:20 localhost systemd-journald[375]: Runtime Journal (/run/log/journal/ec273a83f8eef71fb07d305cbd2b085f) is 8.0M, max 313.2M, 305.2M free.
Apr 18 03:39:20 localhost systemd-modules-load[364]: Inserted module 'ib_ipoib'
Apr 18 03:39:20 localhost systemd-modules-load[364]: Inserted module 'ib_umad'
Apr 18 03:39:20 localhost systemd-modules-load[376]: Inserted module 'fuse'
Apr 18 03:39:20 localhost systemd-modules-load[376]: Module 'msr' is built in
Apr 18 03:39:20 localhost systemd-modules-load[365]: Inserted module 'ib_iser'
Apr 18 03:39:20 localhost systemd-journald[375]: Missed 7 kernel messages
Apr 18 03:39:20 localhost kernel: Rounding down aligned max_sectors from 4294967295 to 4294967288
Apr 18 03:39:20 localhost kernel: db_root: cannot open: /etc/target
Apr 18 03:39:20 localhost systemd-modules-load[365]: Inserted module 'ib_isert'
Apr 18 03:39:20 localhost systemd-modules-load[365]: Inserted module 'ib_srpt'
Apr 18 03:39:20 localhost systemd-modules-load[365]: Inserted module 'ib_uverbs'
Apr 18 03:39:20 localhost systemd-modules-load[365]: Inserted module 'rdma_ucm'
Apr 18 03:39:21 localhost systemd-journald[375]: Missed 4 kernel messages
Apr 18 03:39:21 localhost kernel: input: AT Translated Set 2 keyboard as /devices/platform/i8042/serio0/input/input2
Apr 18 03:39:21 localhost systemd[1]: Finished Create List of Static Device Nodes.
Apr 18 03:39:21 localhost systemd-journald[375]: Missed 1 kernel messages
Apr 18 03:39:21 localhost kernel: RPC: Registered named UNIX socket transport module.
Apr 18 03:39:21 localhost systemd-journald[375]: Missed 1 kernel messages
Apr 18 03:39:21 localhost kernel: RPC: Registered udp transport module.
Apr 18 03:39:21 localhost kernel: RPC: Registered tcp transport module.
Apr 18 03:39:21 localhost systemd[1]: Finished Load RDMA modules from /etc/rdma/modules/infiniband.conf.
Apr 18 03:39:21 localhost systemd-journald[375]: Missed 1 kernel messages
Apr 18 03:39:21 localhost kernel: RPC: Registered tcp-with-tls transport module.
Apr 18 03:39:21 localhost kernel: RPC: Registered tcp NFSv4.1 backchannel transport module.
Apr 18 03:39:21 localhost systemd[1]: Finished Load RDMA modules from /etc/rdma/modules/roce.conf.
