Apr 17 22:30:41.795968 localhost kernel: Linux version 5.14.0-427.109.1.el9_4.x86_64 (mockbuild@x86-64-04.build.eng.rdu2.redhat.com) (gcc (GCC) 11.4.1 20231218 (Red Hat 11.4.1-4), GNU ld version 2.35.2-43.el9_4.2) #1 SMP PREEMPT_DYNAMIC Wed Jan 28 17:07:26 EST 2026
Apr 17 22:30:41.796026 localhost kernel: The list of certified hardware and cloud instances for Red Hat Enterprise Linux 9 can be viewed at the Red Hat Ecosystem Catalog, https://catalog.redhat.com.
Apr 17 22:30:41.796057 localhost kernel: Command line: BOOT_IMAGE=(hd0,gpt3)/boot/ostree/rhcos-b5ba7c1ff66769dbe17d5776141eaa0be75c53b04d1c8e2abaabd5aadc1e4a77/vmlinuz-5.14.0-427.109.1.el9_4.x86_64 rw ignition.firstboot ostree=/ostree/boot.1/rhcos/b5ba7c1ff66769dbe17d5776141eaa0be75c53b04d1c8e2abaabd5aadc1e4a77/0 ignition.platform.id=azure console=tty0 console=ttyS0,115200n8
Apr 17 22:30:41.796074 localhost kernel: x86/fpu: Supporting XSAVE feature 0x001: 'x87 floating point registers'
Apr 17 22:30:41.796096 localhost kernel: x86/fpu: Supporting XSAVE feature 0x002: 'SSE registers'
Apr 17 22:30:41.796112 localhost kernel: x86/fpu: Supporting XSAVE feature 0x004: 'AVX registers'
Apr 17 22:30:41.796137 localhost kernel: x86/fpu: Supporting XSAVE feature 0x020: 'AVX-512 opmask'
Apr 17 22:30:41.796151 localhost kernel: x86/fpu: Supporting XSAVE feature 0x040: 'AVX-512 Hi256'
Apr 17 22:30:41.796164 localhost kernel: x86/fpu: Supporting XSAVE feature 0x080: 'AVX-512 ZMM_Hi256'
Apr 17 22:30:41.796178 localhost kernel: x86/fpu: xstate_offset[2]:  576, xstate_sizes[2]:  256
Apr 17 22:30:41.796191 localhost kernel: x86/fpu: xstate_offset[5]:  832, xstate_sizes[5]:   64
Apr 17 22:30:41.796220 localhost kernel: x86/fpu: xstate_offset[6]:  896, xstate_sizes[6]:  512
Apr 17 22:30:41.796239 localhost kernel: x86/fpu: xstate_offset[7]: 1408, xstate_sizes[7]: 1024
Apr 17 22:30:41.796256 localhost kernel: x86/fpu: Enabled xstate features 0xe7, context size is 2432 bytes, using 'compacted' format.
Apr 17 22:30:41.796273 localhost kernel: signal: max sigframe size: 3632
Apr 17 22:30:41.796286 localhost kernel: BIOS-provided physical RAM map:
Apr 17 22:30:41.796300 localhost kernel: BIOS-e820: [mem 0x0000000000000000-0x000000000009ffff] usable
Apr 17 22:30:41.796313 localhost kernel: BIOS-e820: [mem 0x00000000000c0000-0x00000000000fffff] reserved
Apr 17 22:30:41.796326 localhost kernel: BIOS-e820: [mem 0x0000000000100000-0x000000000437dfff] usable
Apr 17 22:30:41.796340 localhost kernel: BIOS-e820: [mem 0x000000000437e000-0x000000000477dfff] reserved
Apr 17 22:30:41.796363 localhost kernel: BIOS-e820: [mem 0x000000000477e000-0x000000003ff1efff] usable
Apr 17 22:30:41.796376 localhost kernel: BIOS-e820: [mem 0x000000003ff1f000-0x000000003ffc8fff] reserved
Apr 17 22:30:41.796399 localhost kernel: BIOS-e820: [mem 0x000000003ffc9000-0x000000003fffafff] ACPI data
Apr 17 22:30:41.796422 localhost kernel: BIOS-e820: [mem 0x000000003fffb000-0x000000003fffefff] ACPI NVS
Apr 17 22:30:41.796435 localhost kernel: BIOS-e820: [mem 0x000000003ffff000-0x000000003fffffff] usable
Apr 17 22:30:41.796448 localhost kernel: BIOS-e820: [mem 0x0000000100000000-0x00000004bfffffff] usable
Apr 17 22:30:41.796461 localhost kernel: NX (Execute Disable) protection: active
Apr 17 22:30:41.796484 localhost kernel: efi: EFI v2.7 by Microsoft
Apr 17 22:30:41.796498 localhost kernel: efi: ACPI=0x3fffa000 ACPI 2.0=0x3fffa014 SMBIOS=0x3ff88000 SMBIOS 3.0=0x3ff86000 MEMATTR=0x3f41e518 MOKvar=0x3ff83000 RNG=0x3ffd2018 
Apr 17 22:30:41.796515 localhost kernel: secureboot: Secure boot disabled
Apr 17 22:30:41.796533 localhost kernel: SMBIOS 3.1.0 present.
Apr 17 22:30:41.796547 localhost kernel: DMI: Microsoft Corporation Virtual Machine/Virtual Machine, BIOS Hyper-V UEFI Release v4.1 01/08/2026
Apr 17 22:30:41.796561 localhost kernel: Hypervisor detected: Microsoft Hyper-V
Apr 17 22:30:41.796588 localhost kernel: Hyper-V: privilege flags low 0x2e7f, high 0x3b8030, hints 0x64c2c, misc 0xed7b2
Apr 17 22:30:41.796602 localhost kernel: Hyper-V: Host Build 10.0.26102.1277-1-0
Apr 17 22:30:41.796623 localhost kernel: Hyper-V: Nested features: 0xe0101
Apr 17 22:30:41.796637 localhost kernel: Hyper-V: LAPIC Timer Frequency: 0x30d40
Apr 17 22:30:41.796650 localhost kernel: Hyper-V: Using hypercall for remote TLB flush
Apr 17 22:30:41.796669 localhost kernel: clocksource: hyperv_clocksource_tsc_page: mask: 0xffffffffffffffff max_cycles: 0x24e6a1710, max_idle_ns: 440795202120 ns
Apr 17 22:30:41.796692 localhost kernel: clocksource: hyperv_clocksource_msr: mask: 0xffffffffffffffff max_cycles: 0x24e6a1710, max_idle_ns: 440795202120 ns
Apr 17 22:30:41.796709 localhost kernel: tsc: Marking TSC unstable due to running on Hyper-V
Apr 17 22:30:41.796732 localhost kernel: tsc: Detected 2095.171 MHz processor
Apr 17 22:30:41.796747 localhost kernel: e820: update [mem 0x00000000-0x00000fff] usable ==> reserved
Apr 17 22:30:41.796772 localhost kernel: e820: remove [mem 0x000a0000-0x000fffff] usable
Apr 17 22:30:41.796792 localhost kernel: last_pfn = 0x4c0000 max_arch_pfn = 0x400000000
Apr 17 22:30:41.796806 localhost kernel: MTRR map: 4 entries (2 fixed + 2 variable; max 18), built from 8 variable MTRRs
Apr 17 22:30:41.796826 localhost kernel: x86/PAT: Configuration [0-7]: WB  WC  UC- UC  WB  WP  UC- WT  
Apr 17 22:30:41.796858 localhost kernel: e820: update [mem 0x40000000-0xffffffff] usable ==> reserved
Apr 17 22:30:41.796879 localhost kernel: last_pfn = 0x40000 max_arch_pfn = 0x400000000
Apr 17 22:30:41.796896 localhost kernel: Using GB pages for direct mapping
Apr 17 22:30:41.796910 localhost kernel: secureboot: Secure boot disabled
Apr 17 22:30:41.796929 localhost kernel: RAMDISK: [mem 0x2b893000-0x318befff]
Apr 17 22:30:41.796947 localhost kernel: ACPI: Early table checksum verification disabled
Apr 17 22:30:41.796960 localhost kernel: ACPI: RSDP 0x000000003FFFA014 000024 (v02 VRTUAL)
Apr 17 22:30:41.796987 localhost kernel: ACPI: XSDT 0x000000003FFF90E8 00005C (v01 VRTUAL MICROSFT 00000001 MSFT 00000001)
Apr 17 22:30:41.797002 localhost kernel: ACPI: FACP 0x000000003FFF8000 000114 (v06 VRTUAL MICROSFT 00000001 MSFT 00000001)
Apr 17 22:30:41.797016 localhost kernel: ACPI: DSDT 0x000000003FFD6000 01E22B (v02 MSFTVM DSDT01   00000001 INTL 20230628)
Apr 17 22:30:41.797036 localhost kernel: ACPI: FACS 0x000000003FFFE000 000040
Apr 17 22:30:41.797056 localhost kernel: ACPI: OEM0 0x000000003FFF7000 000064 (v01 VRTUAL MICROSFT 00000001 MSFT 00000001)
Apr 17 22:30:41.797070 localhost kernel: ACPI: SPCR 0x000000003FFF6000 000050 (v02 VRTUAL MICROSFT 00000001 MSFT 00000001)
Apr 17 22:30:41.797093 localhost kernel: ACPI: WAET 0x000000003FFF5000 000028 (v01 VRTUAL MICROSFT 00000001 MSFT 00000001)
Apr 17 22:30:41.797107 localhost kernel: ACPI: APIC 0x000000003FFD5000 000068 (v04 VRTUAL MICROSFT 00000001 MSFT 00000001)
Apr 17 22:30:41.797127 localhost kernel: ACPI: SRAT 0x000000003FFD4000 0001B0 (v02 VRTUAL MICROSFT 00000001 MSFT 00000001)
Apr 17 22:30:41.797144 localhost kernel: ACPI: BGRT 0x000000003FFD3000 000038 (v01 VRTUAL MICROSFT 00000001 MSFT 00000001)
Apr 17 22:30:41.797164 localhost kernel: ACPI: Reserving FACP table memory at [mem 0x3fff8000-0x3fff8113]
Apr 17 22:30:41.797186 localhost kernel: ACPI: Reserving DSDT table memory at [mem 0x3ffd6000-0x3fff422a]
Apr 17 22:30:41.797199 localhost kernel: ACPI: Reserving FACS table memory at [mem 0x3fffe000-0x3fffe03f]
Apr 17 22:30:41.797213 localhost kernel: ACPI: Reserving OEM0 table memory at [mem 0x3fff7000-0x3fff7063]
Apr 17 22:30:41.797232 localhost kernel: ACPI: Reserving SPCR table memory at [mem 0x3fff6000-0x3fff604f]
Apr 17 22:30:41.797250 localhost kernel: ACPI: Reserving WAET table memory at [mem 0x3fff5000-0x3fff5027]
Apr 17 22:30:41.797264 localhost kernel: ACPI: Reserving APIC table memory at [mem 0x3ffd5000-0x3ffd5067]
Apr 17 22:30:41.797285 localhost kernel: ACPI: Reserving SRAT table memory at [mem 0x3ffd4000-0x3ffd41af]
Apr 17 22:30:41.797307 localhost kernel: ACPI: Reserving BGRT table memory at [mem 0x3ffd3000-0x3ffd3037]
Apr 17 22:30:41.797321 localhost kernel: SRAT: PXM 0 -> APIC 0x00 -> Node 0
Apr 17 22:30:41.797348 localhost kernel: SRAT: PXM 0 -> APIC 0x01 -> Node 0
Apr 17 22:30:41.797362 localhost kernel: SRAT: PXM 0 -> APIC 0x02 -> Node 0
Apr 17 22:30:41.797376 localhost kernel: SRAT: PXM 0 -> APIC 0x03 -> Node 0
Apr 17 22:30:41.797408 localhost kernel: ACPI: SRAT: Node 0 PXM 0 [mem 0x00000000-0x3fffffff] hotplug
Apr 17 22:30:41.797422 localhost kernel: ACPI: SRAT: Node 0 PXM 0 [mem 0x100000000-0x4bfffffff] hotplug
Apr 17 22:30:41.797440 localhost kernel: ACPI: SRAT: Node 0 PXM 0 [mem 0x4c0200000-0xfdfffffff] hotplug
Apr 17 22:30:41.797458 localhost kernel: ACPI: SRAT: Node 0 PXM 0 [mem 0x1000000000-0xffffffffff] hotplug
Apr 17 22:30:41.797472 localhost kernel: ACPI: SRAT: Node 0 PXM 0 [mem 0x10000200000-0x1ffffffffff] hotplug
Apr 17 22:30:41.797486 localhost kernel: ACPI: SRAT: Node 0 PXM 0 [mem 0x20000200000-0x3ffffffffff] hotplug
Apr 17 22:30:41.797512 localhost kernel: ACPI: SRAT: Node 0 PXM 0 [mem 0x40000200000-0x7ffffffffff] hotplug
Apr 17 22:30:41.797526 localhost kernel: ACPI: SRAT: Node 0 PXM 0 [mem 0x80000200000-0xfffffffffff] hotplug
Apr 17 22:30:41.797544 localhost kernel: NUMA: Node 0 [mem 0x00000000-0x3fffffff] + [mem 0x100000000-0x4bfffffff] -> [mem 0x00000000-0x4bfffffff]
Apr 17 22:30:41.797566 localhost kernel: NODE_DATA(0) allocated [mem 0x4bffd5000-0x4bfffffff]
Apr 17 22:30:41.797580 localhost kernel: Zone ranges:
Apr 17 22:30:41.797608 localhost kernel:   DMA      [mem 0x0000000000001000-0x0000000000ffffff]
Apr 17 22:30:41.797622 localhost kernel:   DMA32    [mem 0x0000000001000000-0x00000000ffffffff]
Apr 17 22:30:41.797636 localhost kernel:   Normal   [mem 0x0000000100000000-0x00000004bfffffff]
Apr 17 22:30:41.797659 localhost kernel:   Device   empty
Apr 17 22:30:41.797687 localhost kernel: Movable zone start for each node
Apr 17 22:30:41.797701 localhost kernel: Early memory node ranges
Apr 17 22:30:41.797715 localhost kernel:   node   0: [mem 0x0000000000001000-0x000000000009ffff]
Apr 17 22:30:41.797742 localhost kernel:   node   0: [mem 0x0000000000100000-0x000000000437dfff]
Apr 17 22:30:41.797765 localhost kernel:   node   0: [mem 0x000000000477e000-0x000000003ff1efff]
Apr 17 22:30:41.797787 localhost kernel:   node   0: [mem 0x000000003ffff000-0x000000003fffffff]
Apr 17 22:30:41.797810 localhost kernel:   node   0: [mem 0x0000000100000000-0x00000004bfffffff]
Apr 17 22:30:41.797835 localhost kernel: Initmem setup node 0 [mem 0x0000000000001000-0x00000004bfffffff]
Apr 17 22:30:41.797891 localhost kernel: On node 0, zone DMA: 1 pages in unavailable ranges
Apr 17 22:30:41.797913 localhost kernel: On node 0, zone DMA: 96 pages in unavailable ranges
Apr 17 22:30:41.797936 localhost kernel: On node 0, zone DMA32: 1024 pages in unavailable ranges
Apr 17 22:30:41.797958 localhost kernel: On node 0, zone DMA32: 224 pages in unavailable ranges
Apr 17 22:30:41.797982 localhost kernel: ACPI: PM-Timer IO Port: 0x408
Apr 17 22:30:41.798005 localhost kernel: ACPI: LAPIC_NMI (acpi_id[0x01] dfl dfl lint[0x1])
Apr 17 22:30:41.798028 localhost kernel: IOAPIC[0]: apic_id 4, version 17, address 0xfec00000, GSI 0-23
Apr 17 22:30:41.798052 localhost kernel: ACPI: INT_SRC_OVR (bus 0 bus_irq 9 global_irq 9 high level)
Apr 17 22:30:41.798078 localhost kernel: ACPI: Using ACPI (MADT) for SMP configuration information
Apr 17 22:30:41.798111 localhost kernel: e820: update [mem 0x3ef7a000-0x3ef80fff] usable ==> reserved
Apr 17 22:30:41.798138 localhost kernel: ACPI: SPCR: console: uart,io,0x3f8,115200
Apr 17 22:30:41.798161 localhost kernel: smpboot: Allowing 4 CPUs, 0 hotplug CPUs
Apr 17 22:30:41.798191 localhost kernel: PM: hibernation: Registered nosave memory: [mem 0x00000000-0x00000fff]
Apr 17 22:30:41.798213 localhost kernel: PM: hibernation: Registered nosave memory: [mem 0x000a0000-0x000bffff]
Apr 17 22:30:41.798235 localhost kernel: PM: hibernation: Registered nosave memory: [mem 0x000c0000-0x000fffff]
Apr 17 22:30:41.798260 localhost kernel: PM: hibernation: Registered nosave memory: [mem 0x0437e000-0x0477dfff]
Apr 17 22:30:41.798285 localhost kernel: PM: hibernation: Registered nosave memory: [mem 0x3ef7a000-0x3ef80fff]
Apr 17 22:30:41.798311 localhost kernel: PM: hibernation: Registered nosave memory: [mem 0x3ff1f000-0x3ffc8fff]
Apr 17 22:30:41.798354 localhost kernel: PM: hibernation: Registered nosave memory: [mem 0x3ffc9000-0x3fffafff]
Apr 17 22:30:41.798380 localhost kernel: PM: hibernation: Registered nosave memory: [mem 0x3fffb000-0x3fffefff]
Apr 17 22:30:41.798406 localhost kernel: PM: hibernation: Registered nosave memory: [mem 0x40000000-0xffffffff]
Apr 17 22:30:41.798432 localhost kernel: [mem 0x40000000-0xffffffff] available for PCI devices
Apr 17 22:30:41.798458 localhost kernel: Booting paravirtualized kernel on Hyper-V
Apr 17 22:30:41.798485 localhost kernel: clocksource: refined-jiffies: mask: 0xffffffff max_cycles: 0xffffffff, max_idle_ns: 1910969940391419 ns
Apr 17 22:30:41.798518 localhost kernel: setup_percpu: NR_CPUS:8192 nr_cpumask_bits:4 nr_cpu_ids:4 nr_node_ids:1
Apr 17 22:30:41.798541 localhost kernel: percpu: Embedded 63 pages/cpu s221184 r8192 d28672 u524288
Apr 17 22:30:41.798566 localhost kernel: pcpu-alloc: s221184 r8192 d28672 u524288 alloc=1*2097152
Apr 17 22:30:41.798590 localhost kernel: pcpu-alloc: [0] 0 1 2 3 
Apr 17 22:30:41.798614 localhost kernel: Hyper-V: PV spinlocks enabled
Apr 17 22:30:41.798638 localhost kernel: PV qspinlock hash table entries: 256 (order: 0, 4096 bytes, linear)
Apr 17 22:30:41.798662 localhost kernel: Fallback order for Node 0: 0 
Apr 17 22:30:41.798687 localhost kernel: Built 1 zonelists, mobility grouping on.  Total pages: 4125705
Apr 17 22:30:41.798713 localhost kernel: Policy zone: Normal
Apr 17 22:30:41.798747 localhost kernel: Kernel command line: BOOT_IMAGE=(hd0,gpt3)/boot/ostree/rhcos-b5ba7c1ff66769dbe17d5776141eaa0be75c53b04d1c8e2abaabd5aadc1e4a77/vmlinuz-5.14.0-427.109.1.el9_4.x86_64 rw ignition.firstboot ostree=/ostree/boot.1/rhcos/b5ba7c1ff66769dbe17d5776141eaa0be75c53b04d1c8e2abaabd5aadc1e4a77/0 ignition.platform.id=azure console=tty0 console=ttyS0,115200n8
Apr 17 22:30:41.798774 localhost kernel: Unknown kernel command line parameters "BOOT_IMAGE=(hd0,gpt3)/boot/ostree/rhcos-b5ba7c1ff66769dbe17d5776141eaa0be75c53b04d1c8e2abaabd5aadc1e4a77/vmlinuz-5.14.0-427.109.1.el9_4.x86_64 ostree=/ostree/boot.1/rhcos/b5ba7c1ff66769dbe17d5776141eaa0be75c53b04d1c8e2abaabd5aadc1e4a77/0", will be passed to user space.
Apr 17 22:30:41.798797 localhost kernel: random: crng init done
Apr 17 22:30:41.798820 localhost kernel: Dentry cache hash table entries: 2097152 (order: 12, 16777216 bytes, linear)
Apr 17 22:30:41.798869 localhost kernel: Inode-cache hash table entries: 1048576 (order: 11, 8388608 bytes, linear)
Apr 17 22:30:41.798893 localhost kernel: mem auto-init: stack:off, heap alloc:off, heap free:off
Apr 17 22:30:41.798917 localhost kernel: software IO TLB: area num 4.
Apr 17 22:30:41.798944 localhost kernel: Memory: 991372K/16771836K available (16384K kernel code, 5630K rwdata, 11768K rodata, 3900K init, 5940K bss, 522688K reserved, 0K cma-reserved)
Apr 17 22:30:41.798968 localhost kernel: SLUB: HWalign=64, Order=0-3, MinObjects=0, CPUs=4, Nodes=1
Apr 17 22:30:41.798991 localhost kernel: Kernel/User page tables isolation: enabled
Apr 17 22:30:41.799023 localhost kernel: ftrace: allocating 46922 entries in 184 pages
Apr 17 22:30:41.799048 localhost kernel: ftrace: allocated 184 pages with 4 groups
Apr 17 22:30:41.799072 localhost kernel: Dynamic Preempt: voluntary
Apr 17 22:30:41.799095 localhost kernel: rcu: Preemptible hierarchical RCU implementation.
Apr 17 22:30:41.799120 localhost kernel: rcu:         RCU restricting CPUs from NR_CPUS=8192 to nr_cpu_ids=4.
Apr 17 22:30:41.799144 localhost kernel:         Trampoline variant of Tasks RCU enabled.
Apr 17 22:30:41.799166 localhost kernel:         Rude variant of Tasks RCU enabled.
Apr 17 22:30:41.799190 localhost kernel:         Tracing variant of Tasks RCU enabled.
Apr 17 22:30:41.799217 localhost kernel: rcu: RCU calculated value of scheduler-enlistment delay is 100 jiffies.
Apr 17 22:30:41.799243 localhost kernel: rcu: Adjusting geometry for rcu_fanout_leaf=16, nr_cpu_ids=4
Apr 17 22:30:41.799269 localhost kernel: RCU Tasks: Setting shift to 2 and lim to 1 rcu_task_cb_adjust=1.
Apr 17 22:30:41.799295 localhost kernel: RCU Tasks Rude: Setting shift to 2 and lim to 1 rcu_task_cb_adjust=1.
Apr 17 22:30:41.799329 localhost kernel: RCU Tasks Trace: Setting shift to 2 and lim to 1 rcu_task_cb_adjust=1.
Apr 17 22:30:41.799355 localhost kernel: Using NULL legacy PIC
Apr 17 22:30:41.799381 localhost kernel: NR_IRQS: 524544, nr_irqs: 456, preallocated irqs: 0
Apr 17 22:30:41.799406 localhost kernel: rcu: srcu_init: Setting srcu_struct sizes based on contention.
Apr 17 22:30:41.799431 localhost kernel: kfence: initialized - using 2097152 bytes for 255 objects at 0x(____ptrval____)-0x(____ptrval____)
Apr 17 22:30:41.799456 localhost kernel: Console: colour dummy device 80x25
Apr 17 22:30:41.799481 localhost kernel: printk: console [tty0] enabled
Apr 17 22:30:41.799505 localhost kernel: printk: console [ttyS0] enabled
Apr 17 22:30:41.799529 localhost kernel: ACPI: Core revision 20221020
Apr 17 22:30:41.799554 localhost kernel: Failed to register legacy timer interrupt
Apr 17 22:30:41.799579 localhost kernel: APIC: Switch to symmetric I/O mode setup
Apr 17 22:30:41.799604 localhost kernel: Hyper-V: enabling crash_kexec_post_notifiers
Apr 17 22:30:41.799636 localhost kernel: Hyper-V: Using IPI hypercalls
Apr 17 22:30:41.799660 localhost kernel: Hyper-V: Using enlightened APIC (xapic mode)
Apr 17 22:30:41.799686 localhost kernel: Calibrating delay loop (skipped), value calculated using timer frequency.. 4190.34 BogoMIPS (lpj=2095171)
Apr 17 22:30:41.799711 localhost kernel: pid_max: default: 32768 minimum: 301
Apr 17 22:30:41.799736 localhost kernel: LSM: initializing lsm=lockdown,capability,yama,integrity,selinux,bpf
Apr 17 22:30:41.799761 localhost kernel: Yama: becoming mindful.
Apr 17 22:30:41.799784 localhost kernel: SELinux:  Initializing.
Apr 17 22:30:41.799807 localhost kernel: LSM support for eBPF active
Apr 17 22:30:41.799832 localhost kernel: Mount-cache hash table entries: 32768 (order: 6, 262144 bytes, linear)
Apr 17 22:30:41.799920 localhost kernel: Mountpoint-cache hash table entries: 32768 (order: 6, 262144 bytes, linear)
Apr 17 22:30:41.799945 localhost kernel: Last level iTLB entries: 4KB 64, 2MB 8, 4MB 8
Apr 17 22:30:41.799969 localhost kernel: Last level dTLB entries: 4KB 64, 2MB 0, 4MB 0, 1GB 4
Apr 17 22:30:41.799992 localhost kernel: Spectre V1 : Mitigation: usercopy/swapgs barriers and __user pointer sanitization
Apr 17 22:30:41.800016 localhost kernel: Spectre V2 : Mitigation: Retpolines
Apr 17 22:30:41.800048 localhost kernel: Spectre V2 : Spectre v2 / SpectreRSB mitigation: Filling RSB on context switch
Apr 17 22:30:41.800071 localhost kernel: Spectre V2 : Spectre v2 / SpectreRSB : Filling RSB on VMEXIT
Apr 17 22:30:41.800095 localhost kernel: RETBleed: WARNING: Spectre v2 mitigation leaves CPU vulnerable to RETBleed attacks, data leaks possible!
Apr 17 22:30:41.800122 localhost kernel: RETBleed: Vulnerable
Apr 17 22:30:41.800146 localhost kernel: Speculative Store Bypass: Vulnerable
Apr 17 22:30:41.800170 localhost kernel: MDS: Mitigation: Clear CPU buffers
Apr 17 22:30:41.800193 localhost kernel: TAA: Mitigation: Clear CPU buffers
Apr 17 22:30:41.800217 localhost kernel: MMIO Stale Data: Vulnerable: Clear CPU buffers attempted, no microcode
Apr 17 22:30:41.800241 localhost kernel: GDS: Unknown: Dependent on hypervisor status
Apr 17 22:30:41.800264 localhost kernel: Freeing SMP alternatives memory: 36K
Apr 17 22:30:41.800288 localhost kernel: smpboot: CPU0: Intel(R) Xeon(R) Platinum 8171M CPU @ 2.60GHz (family: 0x6, model: 0x55, stepping: 0x4)
Apr 17 22:30:41.800311 localhost kernel: Performance Events: unsupported p6 CPU model 85 no PMU driver, software events only.
Apr 17 22:30:41.800336 localhost kernel: rcu: Hierarchical SRCU implementation.
Apr 17 22:30:41.800363 localhost kernel: rcu:         Max phase no-delay instances is 400.
Apr 17 22:30:41.800386 localhost kernel: NMI watchdog: Perf NMI watchdog permanently disabled
Apr 17 22:30:41.800420 localhost kernel: smp: Bringing up secondary CPUs ...
Apr 17 22:30:41.800445 localhost kernel: x86: Booting SMP configuration:
Apr 17 22:30:41.800470 localhost kernel: .... node  #0, CPUs:      #1
Apr 17 22:30:41.800506 localhost kernel: MDS CPU bug present and SMT on, data leak possible. See https://www.kernel.org/doc/html/latest/admin-guide/hw-vuln/mds.html for more details.
Apr 17 22:30:41.800535 localhost kernel: TAA CPU bug present and SMT on, data leak possible. See https://www.kernel.org/doc/html/latest/admin-guide/hw-vuln/tsx_async_abort.html for more details.
Apr 17 22:30:41.800563 localhost kernel: MMIO Stale Data CPU bug present and SMT on, data leak possible. See https://www.kernel.org/doc/html/latest/admin-guide/hw-vuln/processor_mmio_stale_data.html for more details.
Apr 17 22:30:41.800588 localhost kernel:  #2 #3
Apr 17 22:30:41.800612 localhost kernel: smp: Brought up 1 node, 4 CPUs
Apr 17 22:30:41.800637 localhost kernel: smpboot: Max logical packages: 1
Apr 17 22:30:41.800662 localhost kernel: smpboot: Total of 4 processors activated (16761.36 BogoMIPS)
Apr 17 22:30:41.800687 localhost kernel: node 0 deferred pages initialised in 38ms
Apr 17 22:30:41.800720 localhost kernel: devtmpfs: initialized
Apr 17 22:30:41.800744 localhost kernel: x86/mm: Memory block size: 128MB
Apr 17 22:30:41.800770 localhost kernel: ACPI: PM: Registering ACPI NVS region [mem 0x3fffb000-0x3fffefff] (16384 bytes)
Apr 17 22:30:41.800796 localhost kernel: clocksource: jiffies: mask: 0xffffffff max_cycles: 0xffffffff, max_idle_ns: 1911260446275000 ns
Apr 17 22:30:41.800821 localhost kernel: futex hash table entries: 1024 (order: 4, 65536 bytes, linear)
Apr 17 22:30:41.800890 localhost kernel: pinctrl core: initialized pinctrl subsystem
Apr 17 22:30:41.800916 localhost kernel: NET: Registered PF_NETLINK/PF_ROUTE protocol family
Apr 17 22:30:41.800940 localhost kernel: DMA: preallocated 2048 KiB GFP_KERNEL pool for atomic allocations
Apr 17 22:30:41.800966 localhost kernel: DMA: preallocated 2048 KiB GFP_KERNEL|GFP_DMA pool for atomic allocations
Apr 17 22:30:41.800992 localhost kernel: DMA: preallocated 2048 KiB GFP_KERNEL|GFP_DMA32 pool for atomic allocations
Apr 17 22:30:41.801015 localhost kernel: audit: initializing netlink subsys (disabled)
Apr 17 22:30:41.801049 localhost kernel: audit: type=2000 audit(1776465037.133:1): state=initialized audit_enabled=0 res=1
Apr 17 22:30:41.801074 localhost kernel: thermal_sys: Registered thermal governor 'fair_share'
Apr 17 22:30:41.801100 localhost kernel: thermal_sys: Registered thermal governor 'step_wise'
Apr 17 22:30:41.801124 localhost kernel: thermal_sys: Registered thermal governor 'user_space'
Apr 17 22:30:41.801148 localhost kernel: cpuidle: using governor menu
Apr 17 22:30:41.801173 localhost kernel: acpiphp: ACPI Hot Plug PCI Controller Driver version: 0.5
Apr 17 22:30:41.801199 localhost kernel: e820: reserve RAM buffer [mem 0x0437e000-0x07ffffff]
Apr 17 22:30:41.801223 localhost kernel: e820: reserve RAM buffer [mem 0x3ef7a000-0x3fffffff]
Apr 17 22:30:41.801247 localhost kernel: e820: reserve RAM buffer [mem 0x3ff1f000-0x3fffffff]
Apr 17 22:30:41.801272 localhost kernel: kprobes: kprobe jump-optimization is enabled. All kprobes are optimized if possible.
Apr 17 22:30:41.801298 localhost kernel: HugeTLB: registered 1.00 GiB page size, pre-allocated 0 pages
Apr 17 22:30:41.801333 localhost kernel: HugeTLB: 16380 KiB vmemmap can be freed for a 1.00 GiB page
Apr 17 22:30:41.801358 localhost kernel: HugeTLB: registered 2.00 MiB page size, pre-allocated 0 pages
Apr 17 22:30:41.801384 localhost kernel: HugeTLB: 28 KiB vmemmap can be freed for a 2.00 MiB page
Apr 17 22:30:41.801409 localhost kernel: cryptd: max_cpu_qlen set to 1000
Apr 17 22:30:41.801433 localhost kernel: ACPI: Added _OSI(Module Device)
Apr 17 22:30:41.801458 localhost kernel: ACPI: Added _OSI(Processor Device)
Apr 17 22:30:41.801483 localhost kernel: ACPI: Added _OSI(3.0 _SCP Extensions)
Apr 17 22:30:41.801507 localhost kernel: ACPI: Added _OSI(Processor Aggregator Device)
Apr 17 22:30:41.801530 localhost kernel: ACPI: Added _OSI(Linux-Dell-Video)
Apr 17 22:30:41.801554 localhost kernel: ACPI: Added _OSI(Linux-Lenovo-NV-HDMI-Audio)
Apr 17 22:30:41.801579 localhost kernel: ACPI: Added _OSI(Linux-HPI-Hybrid-Graphics)
Apr 17 22:30:41.801605 localhost kernel: ACPI: 1 ACPI AML tables successfully acquired and loaded
Apr 17 22:30:41.801637 localhost kernel: ACPI: Interpreter enabled
Apr 17 22:30:41.801661 localhost kernel: ACPI: PM: (supports S0 S5)
Apr 17 22:30:41.801686 localhost kernel: ACPI: Using IOAPIC for interrupt routing
Apr 17 22:30:41.801713 localhost kernel: PCI: Using host bridge windows from ACPI; if necessary, use "pci=nocrs" and report a bug
Apr 17 22:30:41.801737 localhost kernel: PCI: Ignoring E820 reservations for host bridge windows
Apr 17 22:30:41.801762 localhost kernel: ACPI: Enabled 1 GPEs in block 00 to 0F
Apr 17 22:30:41.801787 localhost kernel: iommu: Default domain type: Translated
Apr 17 22:30:41.801811 localhost kernel: iommu: DMA domain TLB invalidation policy: lazy mode
Apr 17 22:30:41.801877 localhost kernel: SCSI subsystem initialized
Apr 17 22:30:41.801900 localhost kernel: ACPI: bus type USB registered
Apr 17 22:30:41.801923 localhost kernel: usbcore: registered new interface driver usbfs
Apr 17 22:30:41.801949 localhost kernel: usbcore: registered new interface driver hub
Apr 17 22:30:41.801982 localhost kernel: usbcore: registered new device driver usb
Apr 17 22:30:41.802006 localhost kernel: pps_core: LinuxPPS API ver. 1 registered
Apr 17 22:30:41.802030 localhost kernel: pps_core: Software ver. 5.3.6 - Copyright 2005-2007 Rodolfo Giometti <giometti@linux.it>
Apr 17 22:30:41.802055 localhost kernel: PTP clock support registered
Apr 17 22:30:41.802080 localhost kernel: EDAC MC: Ver: 3.0.0
Apr 17 22:30:41.802117 localhost kernel: Registered efivars operations
Apr 17 22:30:41.802147 localhost kernel: NetLabel: Initializing
Apr 17 22:30:41.802172 localhost kernel: NetLabel:  domain hash size = 128
Apr 17 22:30:41.802195 localhost kernel: NetLabel:  protocols = UNLABELED CIPSOv4 CALIPSO
Apr 17 22:30:41.802220 localhost kernel: NetLabel:  unlabeled traffic allowed by default
Apr 17 22:30:41.802243 localhost kernel: PCI: Using ACPI for IRQ routing
Apr 17 22:30:41.802268 localhost kernel: PCI: System does not support PCI
Apr 17 22:30:41.802301 localhost kernel: vgaarb: loaded
Apr 17 22:30:41.802327 localhost kernel: clocksource: Switched to clocksource hyperv_clocksource_tsc_page
Apr 17 22:30:41.802350 localhost kernel: VFS: Disk quotas dquot_6.6.0
Apr 17 22:30:41.802376 localhost kernel: VFS: Dquot-cache hash table entries: 512 (order 0, 4096 bytes)
Apr 17 22:30:41.802400 localhost kernel: pnp: PnP ACPI init
Apr 17 22:30:41.802425 localhost kernel: pnp: PnP ACPI: found 3 devices
Apr 17 22:30:41.802449 localhost kernel: clocksource: acpi_pm: mask: 0xffffff max_cycles: 0xffffff, max_idle_ns: 2085701024 ns
Apr 17 22:30:41.802474 localhost kernel: NET: Registered PF_INET protocol family
Apr 17 22:30:41.802497 localhost kernel: IP idents hash table entries: 262144 (order: 9, 2097152 bytes, linear)
Apr 17 22:30:41.802520 localhost kernel: tcp_listen_portaddr_hash hash table entries: 8192 (order: 5, 131072 bytes, linear)
Apr 17 22:30:41.802543 localhost kernel: Table-perturb hash table entries: 65536 (order: 6, 262144 bytes, linear)
Apr 17 22:30:41.802566 localhost kernel: TCP established hash table entries: 131072 (order: 8, 1048576 bytes, linear)
Apr 17 22:30:41.802596 localhost kernel: TCP bind hash table entries: 65536 (order: 8, 1048576 bytes, linear)
Apr 17 22:30:41.802619 localhost kernel: TCP: Hash tables configured (established 131072 bind 65536)
Apr 17 22:30:41.802644 localhost kernel: MPTCP token hash table entries: 16384 (order: 6, 393216 bytes, linear)
Apr 17 22:30:41.802666 localhost kernel: UDP hash table entries: 8192 (order: 6, 262144 bytes, linear)
Apr 17 22:30:41.802691 localhost kernel: UDP-Lite hash table entries: 8192 (order: 6, 262144 bytes, linear)
Apr 17 22:30:41.802714 localhost kernel: NET: Registered PF_UNIX/PF_LOCAL protocol family
Apr 17 22:30:41.802738 localhost kernel: NET: Registered PF_XDP protocol family
Apr 17 22:30:41.802762 localhost kernel: PCI: CLS 0 bytes, default 64
Apr 17 22:30:41.802786 localhost kernel: PCI-DMA: Using software bounce buffering for IO (SWIOTLB)
Apr 17 22:30:41.802810 localhost kernel: Trying to unpack rootfs image as initramfs...
Apr 17 22:30:41.802880 localhost kernel: software IO TLB: mapped [mem 0x000000003a878000-0x000000003e878000] (64MB)
Apr 17 22:30:41.802905 localhost kernel: ACPI: bus type thunderbolt registered
Apr 17 22:30:41.802938 localhost kernel: Initialise system trusted keyrings
Apr 17 22:30:41.802968 localhost kernel: Key type blacklist registered
Apr 17 22:30:41.802991 localhost kernel: workingset: timestamp_bits=36 max_order=22 bucket_order=0
Apr 17 22:30:41.803016 localhost kernel: zbud: loaded
Apr 17 22:30:41.803040 localhost kernel: integrity: Platform Keyring initialized
Apr 17 22:30:41.803064 localhost kernel: integrity: Machine keyring initialized
Apr 17 22:30:41.803089 localhost kernel: NET: Registered PF_ALG protocol family
Apr 17 22:30:41.803112 localhost kernel: xor: automatically using best checksumming function   avx       
Apr 17 22:30:41.803138 localhost kernel: Key type asymmetric registered
Apr 17 22:30:41.803161 localhost kernel: Asymmetric key parser 'x509' registered
Apr 17 22:30:41.803186 localhost kernel: Block layer SCSI generic (bsg) driver version 0.4 loaded (major 246)
Apr 17 22:30:41.803216 localhost kernel: io scheduler mq-deadline registered
Apr 17 22:30:41.803240 localhost kernel: io scheduler kyber registered
Apr 17 22:30:41.803265 localhost kernel: io scheduler bfq registered
Apr 17 22:30:41.803288 localhost kernel: atomic64_test: passed for x86-64 platform with CX8 and with SSE
Apr 17 22:30:41.803312 localhost kernel: shpchp: Standard Hot Plug PCI Controller Driver version: 0.4
Apr 17 22:30:41.803337 localhost kernel: Serial: 8250/16550 driver, 4 ports, IRQ sharing enabled
Apr 17 22:30:41.803362 localhost kernel: 00:00: ttyS0 at I/O 0x3f8 (irq = 4, base_baud = 115200) is a 16550A
Apr 17 22:30:41.803386 localhost kernel: 00:01: ttyS1 at I/O 0x2f8 (irq = 3, base_baud = 115200) is a 16550A
Apr 17 22:30:41.803410 localhost kernel: Non-volatile memory driver v1.3
Apr 17 22:30:41.803435 localhost kernel: rdac: device handler registered
Apr 17 22:30:41.803460 localhost kernel: hp_sw: device handler registered
Apr 17 22:30:41.803485 localhost kernel: emc: device handler registered
Apr 17 22:30:41.803514 localhost kernel: alua: device handler registered
Apr 17 22:30:41.803537 localhost kernel: usbcore: registered new interface driver usbserial_generic
Apr 17 22:30:41.803562 localhost kernel: usbserial: USB Serial support registered for generic
Apr 17 22:30:41.803587 localhost kernel: i8042: PNP: No PS/2 controller found.
Apr 17 22:30:41.803610 localhost kernel: mousedev: PS/2 mouse device common for all mice
Apr 17 22:30:41.804160 localhost kernel: rtc_cmos 00:02: registered as rtc0
Apr 17 22:30:41.804406 localhost kernel: rtc_cmos 00:02: setting system clock to 2026-04-17T22:30:39 UTC (1776465039)
Apr 17 22:30:41.804633 localhost kernel: rtc_cmos 00:02: alarms up to one month, 114 bytes nvram
Apr 17 22:30:41.804662 localhost kernel: intel_pstate: CPU model not supported
Apr 17 22:30:41.804677 localhost kernel: efifb: probing for efifb
Apr 17 22:30:41.804715 localhost kernel: efifb: framebuffer at 0x40000000, using 3072k, total 3072k
Apr 17 22:30:41.804730 localhost kernel: efifb: mode is 1024x768x32, linelength=4096, pages=1
Apr 17 22:30:41.804744 localhost kernel: efifb: scrolling: redraw
Apr 17 22:30:41.804765 localhost kernel: efifb: Truecolor: size=8:8:8:8, shift=24:16:8:0
Apr 17 22:30:41.804781 localhost kernel: Console: switching to colour frame buffer device 128x48
Apr 17 22:30:41.804800 localhost kernel: fb0: EFI VGA frame buffer device
Apr 17 22:30:41.804819 localhost kernel: EFI Variables Facility v0.08 2004-May-17
Apr 17 22:30:41.804834 localhost kernel: hid: raw HID events driver (C) Jiri Kosina
Apr 17 22:30:41.804879 localhost kernel: usbcore: registered new interface driver usbhid
Apr 17 22:30:41.804893 localhost kernel: usbhid: USB HID core driver
Apr 17 22:30:41.804912 localhost kernel: drop_monitor: Initializing network drop monitor service
Apr 17 22:30:41.804930 localhost kernel: Initializing XFRM netlink socket
Apr 17 22:30:41.804950 localhost kernel: NET: Registered PF_INET6 protocol family
Apr 17 22:30:41.804971 localhost kernel: Freeing initrd memory: 98480K
Apr 17 22:30:41.804994 localhost kernel: Segment Routing with IPv6
Apr 17 22:30:41.805008 localhost kernel: NET: Registered PF_PACKET protocol family
Apr 17 22:30:41.805031 localhost kernel: mpls_gso: MPLS GSO support
Apr 17 22:30:41.805049 localhost kernel: No MBM correction factor available
Apr 17 22:30:41.805070 localhost kernel: IPI shorthand broadcast: enabled
Apr 17 22:30:41.805089 localhost kernel: AVX2 version of gcm_enc/dec engaged.
Apr 17 22:30:41.805103 localhost kernel: AES CTR mode by8 optimization enabled
Apr 17 22:30:41.805122 localhost kernel: sched_clock: Marking stable (1820228400, 1180670500)->(3287830300, -286931400)
Apr 17 22:30:41.805144 localhost kernel: registered taskstats version 1
Apr 17 22:30:41.805165 localhost kernel: Loading compiled-in X.509 certificates
Apr 17 22:30:41.805191 localhost kernel: Loaded X.509 cert 'Red Hat Enterprise Linux kernel signing key: 472b59d4409ea800f73392e482c074af803cf59b'
Apr 17 22:30:41.805206 localhost kernel: Loaded X.509 cert 'Red Hat Enterprise Linux Driver Update Program (key 3): bf57f3e87362bc7229d9f465321773dfd1f77a80'
Apr 17 22:30:41.805221 localhost kernel: Loaded X.509 cert 'Red Hat Enterprise Linux kpatch signing key: 4d38fd864ebe18c5f0b72e3852e2014c3a676fc8'
Apr 17 22:30:41.805241 localhost kernel: Loaded X.509 cert 'RH-IMA-CA: Red Hat IMA CA: fb31825dd0e073685b264e3038963673f753959a'
Apr 17 22:30:41.805260 localhost kernel: Loaded X.509 cert 'Nvidia GPU OOT signing 001: 55e1cef88193e60419f0b0ec379c49f77545acf0'
Apr 17 22:30:41.805275 localhost kernel: zswap: loaded using pool lzo/zbud
Apr 17 22:30:41.805323 localhost kernel: page_owner is disabled
Apr 17 22:30:41.805342 localhost kernel: Key type big_key registered
Apr 17 22:30:41.805362 localhost kernel: Key type encrypted registered
Apr 17 22:30:41.805380 localhost kernel: integrity: Loading X.509 certificate: UEFI:db
Apr 17 22:30:41.805394 localhost kernel: integrity: Loaded X.509 cert 'Microsoft Windows Production PCA 2011: a92902398e16c49778cd90f99e4f9ae17c55af53'
Apr 17 22:30:41.805414 localhost kernel: integrity: Loading X.509 certificate: UEFI:db
Apr 17 22:30:41.805432 localhost kernel: integrity: Loaded X.509 cert 'Microsoft Corporation: Windows UEFI CA 2023: aefc5fbbbe055d8f8daa585473499417ab5a5272'
Apr 17 22:30:41.805447 localhost kernel: integrity: Loading X.509 certificate: UEFI:MokListRT (MOKvar table)
Apr 17 22:30:41.805461 localhost kernel: integrity: Loading X.509 certificate: UEFI:MokListRT (MOKvar table)
Apr 17 22:30:41.805475 localhost kernel: integrity: Loaded X.509 cert 'Red Hat Secure Boot CA 5: cc6fa5e72868ba494e939bbd680b9144769a9f8f'
Apr 17 22:30:41.805499 localhost kernel: integrity: Loading X.509 certificate: UEFI:MokListRT (MOKvar table)
Apr 17 22:30:41.805514 localhost kernel: integrity: Loading X.509 certificate: UEFI:MokListRT (MOKvar table)
Apr 17 22:30:41.805533 localhost kernel: integrity: Loaded X.509 cert 'Red Hat Secure Boot CA 8: e1c6c580aa1e21d585aad9bf20f3929e5ec1f08b'
Apr 17 22:30:41.805562 localhost kernel: ima: No TPM chip found, activating TPM-bypass!
Apr 17 22:30:41.805576 localhost kernel: Loading compiled-in module X.509 certificates
Apr 17 22:30:41.805594 localhost kernel: Loaded X.509 cert 'Red Hat Enterprise Linux kernel signing key: 472b59d4409ea800f73392e482c074af803cf59b'
Apr 17 22:30:41.805613 localhost kernel: ima: Allocated hash algorithm: sha256
Apr 17 22:30:41.805628 localhost kernel: ima: No architecture policies found
Apr 17 22:30:41.805642 localhost kernel: evm: Initialising EVM extended attributes:
Apr 17 22:30:41.805655 localhost kernel: evm: security.selinux
Apr 17 22:30:41.805673 localhost kernel: evm: security.SMACK64 (disabled)
Apr 17 22:30:41.805693 localhost kernel: evm: security.SMACK64EXEC (disabled)
Apr 17 22:30:41.805707 localhost kernel: evm: security.SMACK64TRANSMUTE (disabled)
Apr 17 22:30:41.805722 localhost kernel: evm: security.SMACK64MMAP (disabled)
Apr 17 22:30:41.805750 localhost kernel: evm: security.apparmor (disabled)
Apr 17 22:30:41.805764 localhost kernel: evm: security.ima
Apr 17 22:30:41.805785 localhost kernel: evm: security.capability
Apr 17 22:30:41.805809 localhost kernel: evm: HMAC attrs: 0x1
Apr 17 22:30:41.805823 localhost kernel: Running certificate verification RSA selftest
Apr 17 22:30:41.805872 localhost kernel: Loaded X.509 cert 'Certificate verification self-testing key: f58703bb33ce1b73ee02eccdee5b8817518fe3db'
Apr 17 22:30:41.805901 localhost kernel: Running certificate verification ECDSA selftest
Apr 17 22:30:41.805916 localhost kernel: Loaded X.509 cert 'Certificate verification ECDSA self-testing key: 2900bcea1deb7bc8479a84a23d758efdfdd2b2d3'
Apr 17 22:30:41.805934 localhost kernel: Freeing unused decrypted memory: 2028K
Apr 17 22:30:41.805955 localhost kernel: Freeing unused kernel image (initmem) memory: 3900K
Apr 17 22:30:41.805969 localhost kernel: Write protecting the kernel read-only data: 28672k
Apr 17 22:30:41.805988 localhost kernel: Freeing unused kernel image (rodata/data gap) memory: 520K
Apr 17 22:30:41.806017 localhost kernel: x86/mm: Checked W+X mappings: passed, no W+X pages found.
Apr 17 22:30:41.806031 localhost kernel: x86/mm: Checking user space page tables
Apr 17 22:30:41.806054 localhost kernel: x86/mm: Checked W+X mappings: passed, no W+X pages found.
Apr 17 22:30:41.806069 localhost kernel: Run /init as init process
Apr 17 22:30:41.806082 localhost kernel:   with arguments:
Apr 17 22:30:41.806105 localhost kernel:     /init
Apr 17 22:30:41.806120 localhost kernel:   with environment:
Apr 17 22:30:41.806148 localhost kernel:     HOME=/
Apr 17 22:30:41.806163 localhost kernel:     TERM=linux
Apr 17 22:30:41.806195 localhost kernel:     BOOT_IMAGE=(hd0,gpt3)/boot/ostree/rhcos-b5ba7c1ff66769dbe17d5776141eaa0be75c53b04d1c8e2abaabd5aadc1e4a77/vmlinuz-5.14.0-427.109.1.el9_4.x86_64
Apr 17 22:30:41.806216 localhost kernel:     ostree=/ostree/boot.1/rhcos/b5ba7c1ff66769dbe17d5776141eaa0be75c53b04d1c8e2abaabd5aadc1e4a77/0
Apr 17 22:30:41.806336 localhost systemd-journald[321]: Journal started
Apr 17 22:30:41.806466 localhost systemd-journald[321]: Runtime Journal (/run/log/journal/0a0592b8041c4904ae575a4029bd7548) is 8.0M, max 319.7M, 311.7M free.
Apr 17 22:30:41.811865 localhost systemd-journald[321]: Missed 34 kernel messages
Apr 17 22:30:41.811865 localhost kernel: fuse: init (API version 7.36)
Apr 17 22:30:41.814862 localhost systemd-modules-load[322]: Inserted module 'fuse'
Apr 17 22:30:41.815001 localhost systemd-modules-load[322]: Module 'msr' is built in
Apr 17 22:30:41.815932 localhost systemd-sysusers[323]: Creating group 'nobody' with GID 65534.
Apr 17 22:30:41.837989 localhost systemd[1]: Finished Afterburn Initrd Setup Network Kernel Arguments.
Apr 17 22:30:41.850098 localhost systemd[1]: Finished CoreOS: Touch /run/agetty.reload.
Apr 17 22:30:41.860633 localhost systemd[1]: Finished Create List of Static Device Nodes.
Apr 17 22:30:41.870209 localhost systemd[1]: Finished Load Kernel Modules.
Apr 17 22:30:41.878738 localhost systemd[1]: Finished Setup Virtual Console.
Apr 17 22:30:41.901233 localhost systemd[1]: Starting dracut ask for additional cmdline parameters...
Apr 17 22:30:41.908728 localhost systemd[1]: Starting Apply Kernel Variables...
Apr 17 22:30:41.919051 localhost systemd-sysusers[323]: Creating group 'sgx' with GID 999.
Apr 17 22:30:41.925492 localhost systemd-sysusers[323]: Creating group 'users' with GID 100.
Apr 17 22:30:41.926889 localhost systemd-sysusers[323]: Creating group 'root' with GID 998.
Apr 17 22:30:41.928351 localhost systemd-sysusers[323]: Creating group 'dbus' with GID 81.
Apr 17 22:30:41.929374 localhost systemd-sysusers[323]: Creating user 'dbus' (System Message Bus) with UID 81 and GID 81.
Apr 17 22:30:41.931200 localhost systemd[1]: Finished Create System Users.
Apr 17 22:30:41.933794 localhost systemd[1]: Starting Create Static Device Nodes in /dev...
Apr 17 22:30:41.942581 localhost systemd[1]: Starting Create Volatile Files and Directories...
Apr 17 22:30:41.953537 localhost systemd[1]: Finished dracut ask for additional cmdline parameters.
Apr 17 22:30:41.971122 localhost systemd[1]: Finished Apply Kernel Variables.
Apr 17 22:30:41.992622 localhost systemd[1]: Finished Create Static Device Nodes in /dev.
Apr 17 22:30:42.002866 localhost systemd[1]: Finished Create Volatile Files and Directories.
Apr 17 22:30:42.025453 localhost systemd[1]: Starting dracut cmdline hook...
Apr 17 22:30:42.050079 localhost dracut-cmdline[347]: dracut-418.94.202602022246-0 dracut-057-54.git20250423.el9_4.2
Apr 17 22:30:42.057195 localhost dracut-cmdline[347]: Using kernel command line parameters:  ip=auto   BOOT_IMAGE=(hd0,gpt3)/boot/ostree/rhcos-b5ba7c1ff66769dbe17d5776141eaa0be75c53b04d1c8e2abaabd5aadc1e4a77/vmlinuz-5.14.0-427.109.1.el9_4.x86_64 rw ignition.firstboot ostree=/ostree/boot.1/rhcos/b5ba7c1ff66769dbe17d5776141eaa0be75c53b04d1c8e2abaabd5aadc1e4a77/0 ignition.platform.id=azure console=tty0 console=ttyS0,115200n8
Apr 17 22:30:42.188886 localhost systemd-journald[321]: Missed 26 kernel messages
Apr 17 22:30:42.188886 localhost kernel: Loading iSCSI transport class v2.0-870.
Apr 17 22:30:42.219891 localhost kernel: iscsi: registered transport (tcp)
Apr 17 22:30:42.277968 localhost kernel: Warning: Deprecated Driver is detected: qla4xxx will not be maintained in a future major release and may be disabled
Apr 17 22:30:42.297052 localhost kernel: iscsi: registered transport (qla4xxx)
Apr 17 22:30:42.297144 localhost kernel: QLogic iSCSI HBA Driver
Apr 17 22:30:42.326890 localhost kernel: libcxgbi:libcxgbi_init_module: Chelsio iSCSI driver library libcxgbi v0.9.1-ko (Apr. 2015)
Apr 17 22:30:42.464753 localhost kernel: Chelsio T4-T6 iSCSI Driver cxgb4i v0.9.5-ko (Apr. 2015)
Apr 17 22:30:42.464933 localhost kernel: iscsi: registered transport (cxgb4i)
Apr 17 22:30:42.494910 localhost kernel: cnic: QLogic cnicDriver v2.5.22 (July 20, 2015)
Apr 17 22:30:42.517380 localhost kernel: QLogic NetXtreme II iSCSI Driver bnx2i v2.7.10.1 (Jul 16, 2014)
Apr 17 22:30:42.518197 localhost kernel: iscsi: registered transport (bnx2i)
Apr 17 22:30:42.557130 localhost kernel: iscsi: registered transport (be2iscsi)
Apr 17 22:30:42.557258 localhost kernel: In beiscsi_module_init, tt=00000000bd8d7aca
Apr 17 22:30:42.911364 localhost systemd[1]: Finished dracut cmdline hook.
Apr 17 22:30:42.944488 localhost systemd[1]: Starting dracut pre-udev hook...
Apr 17 22:30:43.022155 localhost systemd-journald[321]: Missed 2 kernel messages
Apr 17 22:30:43.022155 localhost kernel: device-mapper: core: CONFIG_IMA_DISABLE_HTABLE is disabled. Duplicate IMA measurements will not be recorded in the IMA log.
Apr 17 22:30:43.022280 localhost kernel: device-mapper: uevent: version 1.0.3
Apr 17 22:30:43.029138 localhost kernel: device-mapper: ioctl: 4.48.1-ioctl (2025-04-28) initialised: dm-devel@redhat.com
Apr 17 22:30:43.071498 localhost systemd[1]: Finished dracut pre-udev hook.
Apr 17 22:30:43.094443 localhost systemd[1]: Starting Rule-based Manager for Device Events and Files...
Apr 17 22:30:43.121678 localhost systemd-udevd[531]: Using default interface naming scheme 'rhel-9.0'.
Apr 17 22:30:43.131469 localhost systemd[1]: Started Rule-based Manager for Device Events and Files.
Apr 17 22:30:43.158343 localhost systemd[1]: Starting dracut pre-trigger hook...
Apr 17 22:30:43.177003 localhost dracut-pre-trigger[539]: rd.md=0: removing MD RAID activation
Apr 17 22:30:43.223500 localhost systemd[1]: Finished dracut pre-trigger hook.
Apr 17 22:30:43.251328 localhost systemd[1]: Starting Coldplug All udev Devices...
Apr 17 22:30:43.332980 localhost systemd[1]: Finished Coldplug All udev Devices.
Apr 17 22:30:43.344220 localhost systemd[1]: sys-module-fuse.device: Failed to enqueue SYSTEMD_WANTS= job, ignoring: Unit sys-fs-fuse-connections.mount not found.
Apr 17 22:30:43.367326 localhost systemd[1]: Starting Wait for udev To Complete Device Initialization...
Apr 17 22:30:43.394635 localhost udevadm[585]: systemd-udev-settle.service is deprecated. Please fix multipathd-configure.service not to pull it in.
Apr 17 22:30:43.453890 localhost systemd-journald[321]: Missed 12 kernel messages
Apr 17 22:30:43.453890 localhost kernel: hv_vmbus: Vmbus version:4.0
Apr 17 22:30:43.492877 localhost kernel: hv_utils: Registering HyperV Utility Driver
Apr 17 22:30:43.492975 localhost kernel: hv_vmbus: registering driver hyperv_keyboard
Apr 17 22:30:43.492994 localhost kernel: hv_vmbus: registering driver hv_utils
Apr 17 22:30:43.505880 localhost kernel: hv_utils: Shutdown IC version 3.2
Apr 17 22:30:43.512926 localhost kernel: hv_utils: Heartbeat IC version 3.0
Apr 17 22:30:43.990790 localhost kernel: hv_utils: TimeSync IC version 4.0
Apr 17 22:30:43.990878 localhost kernel: input: AT Translated Set 2 keyboard as /devices/LNXSYSTM:00/LNXSYBUS:00/ACPI0004:00/MSFT1000:00/d34b2567-b9b6-42b9-8778-0a4ec0b955bf/serio0/input/input0
Apr 17 22:30:43.990896 localhost kernel: hv_vmbus: registering driver hid_hyperv
Apr 17 22:30:44.005138 localhost kernel: hv_vmbus: registering driver hv_netvsc
Apr 17 22:30:44.014681 localhost kernel: input: Microsoft Vmbus HID-compliant Mouse as /devices/0006:045E:0621.0001/input/input1
Apr 17 22:30:44.023780 localhost kernel: hid-generic 0006:045E:0621.0001: input: VIRTUAL HID v0.01 Mouse [Microsoft Vmbus HID-compliant Mouse] on 
Apr 17 22:30:44.024428 localhost kernel: hv_vmbus: registering driver hv_storvsc
Apr 17 22:30:44.036369 localhost kernel: scsi host0: storvsc_host_t
Apr 17 22:30:44.036568 localhost kernel: scsi host1: storvsc_host_t
Apr 17 22:30:44.040342 localhost kernel: scsi 0:0:0:0: Direct-Access     Msft     Virtual Disk     1.0  PQ: 0 ANSI: 5
Apr 17 22:30:44.059414 localhost kernel: scsi 0:0:0:1: Direct-Access     Msft     Virtual Disk     1.0  PQ: 0 ANSI: 5
Apr 17 22:30:44.068355 localhost kernel: scsi 0:0:0:2: CD-ROM            Msft     Virtual DVD-ROM  1.0  PQ: 0 ANSI: 5
Apr 17 22:30:44.094864 localhost kernel: scsi 0:0:0:0: Attached scsi generic sg0 type 0
Apr 17 22:30:44.095221 localhost kernel: scsi 0:0:0:1: Attached scsi generic sg1 type 0
Apr 17 22:30:44.103329 localhost kernel: scsi 0:0:0:2: Attached scsi generic sg2 type 5
Apr 17 22:30:44.126475 localhost kernel: sr 0:0:0:2: [sr0] scsi-1 drive
Apr 17 22:30:44.126941 localhost kernel: cdrom: Uniform CD-ROM driver Revision: 3.20
Apr 17 22:30:44.129359 localhost kernel: sd 0:0:0:0: [sda] 268435456 512-byte logical blocks: (137 GB/128 GiB)
Apr 17 22:30:44.129827 localhost kernel: sd 0:0:0:1: [sdb] 67108864 512-byte logical blocks: (34.4 GB/32.0 GiB)
Apr 17 22:30:44.130162 localhost kernel: sr 0:0:0:2: Attached scsi CD-ROM sr0
Apr 17 22:30:44.133022 localhost kernel: sd 0:0:0:0: [sda] 4096-byte physical blocks
Apr 17 22:30:44.133456 localhost kernel: sd 0:0:0:0: [sda] Write Protect is off
Apr 17 22:30:44.138427 localhost kernel: sd 0:0:0:1: [sdb] 4096-byte physical blocks
Apr 17 22:30:44.138920 localhost kernel: sd 0:0:0:1: [sdb] Write Protect is off
Apr 17 22:30:44.139686 localhost kernel: sd 0:0:0:0: [sda] Mode Sense: 0f 00 10 00
Apr 17 22:30:44.140027 localhost kernel: sd 0:0:0:0: [sda] Write cache: enabled, read cache: enabled, supports DPO and FUA
Apr 17 22:30:44.144066 localhost kernel: sd 0:0:0:1: [sdb] Mode Sense: 0f 00 10 00
Apr 17 22:30:44.147566 localhost kernel: hv_netvsc 00224806-fc1c-0022-4806-fc1c00224806 eth0: VF slot 1 added
Apr 17 22:30:44.157339 localhost kernel: GPT:Primary header thinks Alt. header is not at the end of the disk.
Apr 17 22:30:44.171675 localhost kernel: sd 0:0:0:1: [sdb] Write cache: disabled, read cache: enabled, supports DPO and FUA
Apr 17 22:30:44.172267 localhost kernel: GPT:7370751 != 268435455
Apr 17 22:30:44.172337 localhost kernel: GPT:Alternate GPT header not at the end of the disk.
Apr 17 22:30:44.172383 localhost kernel: GPT:7370751 != 268435455
Apr 17 22:30:44.172413 localhost kernel: GPT: Use GNU Parted to correct GPT errors.
Apr 17 22:30:44.172444 localhost kernel:  sda: sda1 sda2 sda3 sda4
Apr 17 22:30:44.189346 localhost kernel: hv_vmbus: registering driver hv_pci
Apr 17 22:30:44.189453 localhost kernel: hv_storvsc f8b3781a-1e82-4818-a1c3-63d806ec15bb: tag#152 cmd 0x85 status: scsi 0x2 srb 0x6 hv 0xc0000001
Apr 17 22:30:44.189953 localhost kernel: hv_pci 0a8ca6e9-442e-4265-8970-804d31725d0d: PCI VMBus probing: Using version 0x10004
Apr 17 22:30:44.190342 localhost kernel: sd 0:0:0:0: [sda] Attached SCSI disk
Apr 17 22:30:44.192339 localhost kernel:  sdb: sdb1
Apr 17 22:30:44.195851 localhost kernel: hv_pci 0a8ca6e9-442e-4265-8970-804d31725d0d: PCI host bridge to bus 442e:00
Apr 17 22:30:44.196105 localhost kernel: pci_bus 442e:00: root bus resource [mem 0xfe0000000-0xfe00fffff window]
Apr 17 22:30:44.196325 localhost kernel: pci_bus 442e:00: No busn resource found for root bus, will use [bus 00-ff]
Apr 17 22:30:44.199329 localhost kernel: pci 442e:00:02.0: [15b3:1016] type 00 class 0x020000
Apr 17 22:30:44.206480 localhost kernel: sd 0:0:0:1: [sdb] Attached SCSI disk
Apr 17 22:30:44.215348 localhost kernel: pci 442e:00:02.0: reg 0x10: [mem 0xfe0000000-0xfe00fffff 64bit pref]
Apr 17 22:30:44.283383 localhost kernel: pci 442e:00:02.0: enabling Extended Tags
Apr 17 22:30:44.308529 localhost kernel: pci 442e:00:02.0: 0.000 Gb/s available PCIe bandwidth, limited by Unknown x0 link at 442e:00:02.0 (capable of 63.008 Gb/s with 8.0 GT/s PCIe x8 link)
Apr 17 22:30:44.318429 localhost kernel: hv_storvsc f8b3781a-1e82-4818-a1c3-63d806ec15bb: tag#9 cmd 0x85 status: scsi 0x2 srb 0x6 hv 0xc0000001
Apr 17 22:30:44.318935 localhost kernel: pci_bus 442e:00: busn_res: [bus 00-ff] end is updated to 00
Apr 17 22:30:44.331660 localhost kernel: pci 442e:00:02.0: BAR 0: assigned [mem 0xfe0000000-0xfe00fffff 64bit pref]
Apr 17 22:30:44.696606 localhost systemd[1]: Found device Virtual_Disk boot.
Apr 17 22:30:44.750901 localhost systemd[1]: Starting CoreOS Ignition User Config Setup...
Apr 17 22:30:44.757929 localhost systemd[1]: Starting CoreOS Ensure Unique Boot Filesystem Label...
Apr 17 22:30:44.778746 localhost systemd-journald[321]: Missed 3 kernel messages
Apr 17 22:30:44.778746 localhost kernel: mlx5_core 442e:00:02.0: enabling device (0000 -> 0002)
Apr 17 22:30:44.796335 localhost kernel: mlx5_core 442e:00:02.0: firmware version: 14.30.5026
Apr 17 22:30:44.799135 localhost systemd[1]: Found device Virtual_Disk root.
Apr 17 22:30:44.890043 localhost systemd[1]: Finished CoreOS Ensure Unique Boot Filesystem Label.
Apr 17 22:30:45.046345 localhost systemd-journald[321]: Missed 2 kernel messages
Apr 17 22:30:45.046345 localhost kernel: hv_netvsc 00224806-fc1c-0022-4806-fc1c00224806 eth0: VF registering: eth1
Apr 17 22:30:45.046881 localhost kernel: mlx5_core 442e:00:02.0 eth1: joined to eth0
Apr 17 22:30:45.052519 localhost kernel: mlx5_core 442e:00:02.0 eth1: Disabling LRO, not supported in legacy RQ
Apr 17 22:30:45.068193 localhost kernel: mlx5_core 442e:00:02.0 eth1: Disabling LRO, not supported in legacy RQ
Apr 17 22:30:45.068836 localhost kernel: EXT4-fs (sda3): mounted filesystem 96d15588-3596-4b3c-adca-a2ff7279ea63 ro with ordered data mode. Quota mode: none.
Apr 17 22:30:45.068894 localhost kernel: mlx5_core 442e:00:02.0: MLX5E: StrdRq(0) RqSz(1024) StrdSz(256) RxCqeCmprss(0 basic)
Apr 17 22:30:45.069359 localhost coreos-ignition-setup-user[692]: File /mnt/boot_partition/ignition/config.ign does not exist.. Skipping copy
Apr 17 22:30:45.093446 localhost systemd-journald[321]: Missed 1 kernel messages
Apr 17 22:30:45.093446 localhost kernel: mlx5_core 442e:00:02.0 enP17454s1: renamed from eth1
Apr 17 22:30:45.094000 localhost kernel: EXT4-fs (sda3): unmounting filesystem 96d15588-3596-4b3c-adca-a2ff7279ea63.
Apr 17 22:30:45.107707 localhost systemd[1]: Finished CoreOS Ignition User Config Setup.
Apr 17 22:30:45.261981 localhost systemd[1]: Created slice Slice /system/rdma-load-modules.
Apr 17 22:30:45.281598 localhost systemd[1]: Starting Load RDMA modules from /etc/rdma/modules/infiniband.conf...
Apr 17 22:30:45.296478 localhost systemd[1]: Starting Load RDMA modules from /etc/rdma/modules/rdma.conf...
Apr 17 22:30:45.310602 localhost systemd[1]: Starting Load RDMA modules from /etc/rdma/modules/roce.conf...
Apr 17 22:30:45.330097 localhost systemd[1]: Finished Wait for udev To Complete Device Initialization.
Apr 17 22:30:45.342664 localhost systemd[1]: Finished Load RDMA modules from /etc/rdma/modules/roce.conf.
Apr 17 22:30:45.357940 localhost systemd[1]: Device-Mapper Multipath Default Configuration was skipped because of an unmet condition check (ConditionKernelCommandLine=rd.multipath=default).
Apr 17 22:30:45.358266 localhost systemd-modules-load[723]: Inserted module 'ib_ipoib'
Apr 17 22:30:45.375644 localhost systemd-modules-load[723]: Inserted module 'ib_umad'
Apr 17 22:30:45.380371 localhost systemd[1]: Starting Device-Mapper Multipath Device Controller...
Apr 17 22:30:45.401735 localhost systemd[1]: Finished Load RDMA modules from /etc/rdma/modules/infiniband.conf.
Apr 17 22:30:45.436287 localhost multipathd[731]: --------start up--------
Apr 17 22:30:45.436287 localhost multipathd[731]: read /etc/multipath.conf
Apr 17 22:30:45.449512 localhost systemd-journald[321]: Missed 12 kernel messages
Apr 17 22:30:45.449512 localhost kernel: iscsi: registered transport (iser)
Apr 17 22:30:45.442551 localhost systemd-modules-load[724]: Inserted module 'ib_iser'
Apr 17 22:30:45.455916 localhost multipathd[731]: /etc/multipath.conf does not exist, blacklisting all devices.
Apr 17 22:30:45.455916 localhost multipathd[731]: You can run "/sbin/mpathconf --enable" to create
Apr 17 22:30:45.455916 localhost multipathd[731]: /etc/multipath.conf. See man mpathconf(8) for more details
Apr 17 22:30:45.455916 localhost multipathd[731]: path checkers start up
Apr 17 22:30:45.468055 localhost systemd[1]: Started Device-Mapper Multipath Device Controller.
Apr 17 22:30:45.494399 localhost multipathd[731]: /etc/multipath.conf does not exist, blacklisting all devices.
Apr 17 22:30:45.494399 localhost multipathd[731]: You can run "/sbin/mpathconf --enable" to create
Apr 17 22:30:45.494399 localhost multipathd[731]: /etc/multipath.conf. See man mpathconf(8) for more details
Apr 17 22:30:45.517525 localhost systemd[1]: Reached target Preparation for Local File Systems.
Apr 17 22:30:45.530588 localhost systemd[1]: Reached target Local File Systems.
Apr 17 22:30:45.556003 localhost systemd-journald[321]: Missed 13 kernel messages
Apr 17 22:30:45.556003 localhost kernel: Rounding down aligned max_sectors from 4294967295 to 4294967288
Apr 17 22:30:45.556127 localhost kernel: db_root: cannot open: /etc/target
Apr 17 22:30:45.632418 localhost systemd-modules-load[724]: Inserted module 'ib_isert'
Apr 17 22:30:45.653357 localhost systemd-journald[321]: Missed 1 kernel messages
Apr 17 22:30:45.653357 localhost kernel: ib_srpt MAD registration failed for mlx5_0-1.
Apr 17 22:30:45.659089 localhost systemd-modules-load[724]: Inserted module 'ib_srpt'
Apr 17 22:30:45.664668 localhost kernel: ib_srpt srpt_add_one(mlx5_0) failed.
Apr 17 22:30:45.666794 localhost systemd-modules-load[724]: Inserted module 'rdma_ucm'
Apr 17 22:30:45.838499 localhost systemd-journald[321]: Missed 2 kernel messages
Apr 17 22:30:45.838499 localhost kernel: RPC: Registered named UNIX socket transport module.
Apr 17 22:30:45.838632 localhost kernel: RPC: Registered udp transport module.
Apr 17 22:30:45.843652 localhost kernel: RPC: Registered tcp transport module.
Apr 17 22:30:45.849628 localhost kernel: RPC: Registered tcp-with-tls transport module.
Apr 17 22:30:45.855895 localhost kernel: RPC: Registered tcp NFSv4.1 backchannel transport module.
Apr 17 22:30:45.933213 localhost kernel: RPC: Registered rdma transport module.
Apr 17 22:30:45.933438 localhost kernel: RPC: Registered rdma backchannel transport module.
Apr 17 22:30:45.934632 localhost systemd-modules-load[724]: Inserted module 'rpcrdma'
Apr 17 22:30:45.936917 localhost systemd[1]: Finished Load RDMA modules from /etc/rdma/modules/rdma.conf.
Apr 17 22:30:45.954337 localhost systemd[1]: Reached target Preparation for Network.
Apr 17 22:30:45.963883 localhost systemd[1]: Reached target RDMA Hardware.
Apr 17 22:30:45.973064 localhost systemd[1]: Reached target System Initialization.
Apr 17 22:30:45.982832 localhost systemd[1]: Reached target Basic System.
Apr 17 22:30:45.991402 localhost systemd[1]: Persist Osmet Files (ISO) was skipped because of an unmet condition check (ConditionKernelCommandLine=coreos.liveiso).
Apr 17 22:30:46.009671 localhost systemd[1]: Starting Ignition (fetch-offline)...
Apr 17 22:30:46.032381 localhost ignition[744]: Ignition 2.18.0
Apr 17 22:30:46.032406 localhost ignition[744]: Stage: fetch-offline
Apr 17 22:30:46.037726 localhost systemd[1]: Finished Ignition (fetch-offline).
Apr 17 22:30:46.032511 localhost ignition[744]: reading system config file "/usr/lib/ignition/base.d/00-core.ign"
Apr 17 22:30:46.032561 localhost ignition[744]: parsing config with SHA512: ff6a5153be363997e4d5d3ea8cc4048373a457c48c4a5b134a08a30aacd167c1e0f099f0bdf1e24c99ad180628cd02b767b863b5fe3a8fce3fe1886847eb8e2e
Apr 17 22:30:46.035152 localhost ignition[744]: no config dir at "/usr/lib/ignition/base.platform.d/azure"
Apr 17 22:30:46.035393 localhost ignition[744]: parsed url from cmdline: ""
Apr 17 22:30:46.035402 localhost ignition[744]: no config URL provided
Apr 17 22:30:46.035414 localhost ignition[744]: reading system config file "/usr/lib/ignition/user.ign"
Apr 17 22:30:46.035432 localhost ignition[744]: no config at "/usr/lib/ignition/user.ign"
Apr 17 22:30:46.035444 localhost ignition[744]: failed to fetch config: resource requires networking
Apr 17 22:30:46.035771 localhost ignition[744]: Ignition finished successfully
Apr 17 22:30:46.093795 localhost systemd[1]: Starting CoreOS Enable Network...
Apr 17 22:30:46.293271 localhost systemd[1]: Finished CoreOS Enable Network.
Apr 17 22:30:46.312702 localhost systemd[1]: Starting Copy CoreOS Firstboot Networking Config...
Apr 17 22:30:46.355340 localhost systemd-journald[321]: Missed 21 kernel messages
Apr 17 22:30:46.355340 localhost kernel: EXT4-fs (sda3): mounted filesystem 96d15588-3596-4b3c-adca-a2ff7279ea63 ro with ordered data mode. Quota mode: none.
Apr 17 22:30:46.357952 localhost coreos-copy-firstboot-network[777]: info: no files to copy from /mnt/boot_partition/coreos-firstboot-network; skipping
Apr 17 22:30:46.384277 localhost kernel: EXT4-fs (sda3): unmounting filesystem 96d15588-3596-4b3c-adca-a2ff7279ea63.
Apr 17 22:30:46.380885 localhost systemd[1]: Finished Copy CoreOS Firstboot Networking Config.
Apr 17 22:30:46.410675 localhost systemd[1]: Starting Generate New UUID For Boot Disk GPT...
Apr 17 22:30:46.423003 localhost systemd[1]: Starting nm-initrd.service...
Apr 17 22:30:46.429697 localhost coreos-gpt-setup[785]: Randomizing disk GUID
Apr 17 22:30:46.447540 localhost systemd-journald[321]: Missed 5 kernel messages
Apr 17 22:30:46.447540 localhost kernel: GPT:Primary header thinks Alt. header is not at the end of the disk.
Apr 17 22:30:46.447692 localhost kernel: GPT:7370751 != 268435455
Apr 17 22:30:46.452471 localhost kernel: GPT:Alternate GPT header not at the end of the disk.
Apr 17 22:30:46.455973 localhost kernel: GPT:7370751 != 268435455
Apr 17 22:30:46.460794 localhost kernel: GPT: Use GNU Parted to correct GPT errors.
Apr 17 22:30:46.464315 localhost kernel:  sda: sda1 sda2 sda3 sda4
Apr 17 22:30:46.627939 localhost NetworkManager[789]: <info>  [1776465046.6278] NetworkManager (version 1.46.0-35.el9_4) is starting... (boot:45c9310d-09ca-4465-830c-3286803c05b8)
Apr 17 22:30:46.627969 localhost NetworkManager[789]: <info>  [1776465046.6279] Read config: /etc/NetworkManager/NetworkManager.conf (lib: initrd-no-auto-default.conf) (run: 15-carrier-timeout.conf)
Apr 17 22:30:46.659719 localhost systemd[1]: Starting D-Bus System Message Bus...
Apr 17 22:30:46.674907 localhost systemd[1]: Started D-Bus System Message Bus.
Apr 17 22:30:46.678048 localhost dbus-broker-lau[821]: Ready
Apr 17 22:30:46.690069 localhost NetworkManager[789]: <info>  [1776465046.6900] manager[0x55a3ff828080]: monitoring kernel firmware directory '/lib/firmware'.
Apr 17 22:30:46.690969 localhost.localdomain NetworkManager[789]: <info>  [1776465046.6909] hostname: hostname: couldn't get property from hostnamed
Apr 17 22:30:46.691572 localhost.localdomain NetworkManager[789]: <info>  [1776465046.6915] dns-mgr: init: dns=default,systemd-resolved rc-manager=symlink (auto)
Apr 17 22:30:46.691680 localhost.localdomain NetworkManager[789]: <info>  [1776465046.6916] policy: set-hostname: set hostname to 'localhost.localdomain' (no hostname found)
Apr 17 22:30:46.720238 localhost.localdomain NetworkManager[789]: <info>  [1776465046.7201] manager[0x55a3ff828080]: rfkill: Wi-Fi hardware radio set enabled
Apr 17 22:30:46.720269 localhost.localdomain NetworkManager[789]: <info>  [1776465046.7202] manager[0x55a3ff828080]: rfkill: WWAN hardware radio set enabled
Apr 17 22:30:46.723226 localhost.localdomain NetworkManager[789]: <info>  [1776465046.7231] Loaded device plugin: NMTeamFactory (/usr/lib64/NetworkManager/1.46.0-35.el9_4/libnm-device-plugin-team.so)
Apr 17 22:30:46.723256 localhost.localdomain NetworkManager[789]: <info>  [1776465046.7232] manager: rfkill: Wi-Fi enabled by radio killswitch; enabled by state file
Apr 17 22:30:46.723342 localhost.localdomain NetworkManager[789]: <info>  [1776465046.7233] manager: rfkill: WWAN enabled by radio killswitch; enabled by state file
Apr 17 22:30:46.723415 localhost.localdomain NetworkManager[789]: <info>  [1776465046.7233] manager: Networking is enabled by state file
Apr 17 22:30:46.794961 localhost.localdomain systemd-journald[321]: Missed 15 kernel messages
Apr 17 22:30:46.794961 localhost.localdomain kernel: mlx5_core 442e:00:02.0 enP17454s1: Link up
Apr 17 22:30:46.723621 localhost.localdomain NetworkManager[789]: <info>  [1776465046.7235] settings: Loaded settings plugin: keyfile (internal)
Apr 17 22:30:46.724149 localhost.localdomain NetworkManager[789]: <info>  [1776465046.7241] settings: Loaded settings plugin: ifcfg-rh ("/usr/lib64/NetworkManager/1.46.0-35.el9_4/libnm-settings-plugin-ifcfg-rh.so")
Apr 17 22:30:46.726062 localhost.localdomain NetworkManager[789]: <info>  [1776465046.7260] dhcp: init: Using DHCP client 'internal'
Apr 17 22:30:46.726369 localhost.localdomain NetworkManager[789]: <info>  [1776465046.7263] manager: (lo): new Loopback device (/org/freedesktop/NetworkManager/Devices/1)
Apr 17 22:30:46.848765 localhost.localdomain systemd-journald[321]: Missed 4 kernel messages
Apr 17 22:30:46.848765 localhost.localdomain kernel: hv_netvsc 00224806-fc1c-0022-4806-fc1c00224806 eth0: Data path switched to VF: enP17454s1
Apr 17 22:30:46.727691 localhost.localdomain NetworkManager[789]: <info>  [1776465046.7276] device (lo): state change: unmanaged -> unavailable (reason 'connection-assumed', sys-iface-state: 'external')
Apr 17 22:30:46.864092 localhost.localdomain systemd-journald[321]: Missed 1 kernel messages
Apr 17 22:30:46.864092 localhost.localdomain kernel: IPv6: ADDRCONF(NETDEV_CHANGE): eth0: link becomes ready
Apr 17 22:30:46.728354 localhost.localdomain NetworkManager[789]: <info>  [1776465046.7283] device (lo): state change: unavailable -> disconnected (reason 'connection-assumed', sys-iface-state: 'external')
Apr 17 22:30:46.880411 localhost.localdomain systemd-journald[321]: Missed 1 kernel messages
Apr 17 22:30:46.880411 localhost.localdomain kernel: IPv6: ADDRCONF(NETDEV_CHANGE): enP17454s1: link becomes ready
Apr 17 22:30:46.729140 localhost.localdomain NetworkManager[789]: <info>  [1776465046.7290] device (lo): Activation: starting connection 'lo' (4be9a9b7-30b6-443c-82d6-59d2b1961fed)
Apr 17 22:30:46.730084 localhost.localdomain NetworkManager[789]: <info>  [1776465046.7300] manager: (eth0): new Ethernet device (/org/freedesktop/NetworkManager/Devices/2)
Apr 17 22:30:46.730563 localhost.localdomain NetworkManager[789]: <info>  [1776465046.7305] device (eth0): state change: unmanaged -> unavailable (reason 'managed', sys-iface-state: 'external')
Apr 17 22:30:46.887043 localhost.localdomain NetworkManager[789]: <info>  [1776465046.8869] device (enP17454s1): carrier: link connected
Apr 17 22:30:46.888473 localhost.localdomain NetworkManager[789]: <info>  [1776465046.8884] manager: (enP17454s1): new Ethernet device (/org/freedesktop/NetworkManager/Devices/3)
Apr 17 22:30:46.889398 localhost.localdomain systemd[1]: Started nm-initrd.service.
Apr 17 22:30:46.889511 localhost.localdomain NetworkManager[789]: <info>  [1776465046.8894] bus-manager: acquired D-Bus service "org.freedesktop.NetworkManager"
Apr 17 22:30:46.890125 localhost.localdomain NetworkManager[789]: <info>  [1776465046.8900] device (lo): state change: disconnected -> prepare (reason 'none', sys-iface-state: 'external')
Apr 17 22:30:46.890406 localhost.localdomain NetworkManager[789]: <info>  [1776465046.8903] device (lo): state change: prepare -> config (reason 'none', sys-iface-state: 'external')
Apr 17 22:30:46.890651 localhost.localdomain NetworkManager[789]: <info>  [1776465046.8906] device (lo): state change: config -> ip-config (reason 'none', sys-iface-state: 'external')
Apr 17 22:30:46.890908 localhost.localdomain NetworkManager[789]: <info>  [1776465046.8908] device (eth0): carrier: link connected
Apr 17 22:30:46.891740 localhost.localdomain NetworkManager[789]: <warn>  [1776465046.8917] ifcfg-rh: dbus: couldn't acquire D-Bus service: GDBus.Error:org.freedesktop.DBus.Error.AccessDenied: Request to own name refused by policy
Apr 17 22:30:46.891896 localhost.localdomain NetworkManager[789]: <info>  [1776465046.8918] device (lo): state change: ip-config -> ip-check (reason 'none', sys-iface-state: 'external')
Apr 17 22:30:46.892542 localhost.localdomain NetworkManager[789]: <info>  [1776465046.8925] device (eth0): state change: unavailable -> disconnected (reason 'carrier-changed', sys-iface-state: 'managed')
Apr 17 22:30:46.903595 localhost.localdomain NetworkManager[789]: <info>  [1776465046.9035] policy: auto-activating connection 'Wired Connection' (32337e45-deaf-4fc6-bdee-317654f1813c)
Apr 17 22:30:46.903857 localhost.localdomain NetworkManager[789]: <info>  [1776465046.9038] device (lo): state change: ip-check -> secondaries (reason 'none', sys-iface-state: 'external')
Apr 17 22:30:46.904488 localhost.localdomain NetworkManager[789]: <info>  [1776465046.9044] device (eth0): Activation: starting connection 'Wired Connection' (32337e45-deaf-4fc6-bdee-317654f1813c)
Apr 17 22:30:46.904524 localhost.localdomain NetworkManager[789]: <info>  [1776465046.9044] device (lo): state change: secondaries -> activated (reason 'none', sys-iface-state: 'external')
Apr 17 22:30:46.905455 localhost.localdomain NetworkManager[789]: <info>  [1776465046.9054] device (lo): Activation: successful, device activated.
Apr 17 22:30:46.906352 localhost.localdomain NetworkManager[789]: <info>  [1776465046.9063] device (eth0): state change: disconnected -> prepare (reason 'none', sys-iface-state: 'managed')
Apr 17 22:30:46.906590 localhost.localdomain NetworkManager[789]: <info>  [1776465046.9065] manager: NetworkManager state is now CONNECTING
Apr 17 22:30:46.906731 localhost.localdomain NetworkManager[789]: <info>  [1776465046.9067] device (eth0): state change: prepare -> config (reason 'none', sys-iface-state: 'managed')
Apr 17 22:30:46.907461 localhost.localdomain NetworkManager[789]: <info>  [1776465046.9074] device (eth0): state change: config -> ip-config (reason 'none', sys-iface-state: 'managed')
Apr 17 22:30:46.925155 localhost.localdomain NetworkManager[789]: <info>  [1776465046.9250] dhcp4 (eth0): activation: beginning transaction (timeout in 90 seconds)
Apr 17 22:30:46.925970 localhost.localdomain systemd[1]: Reached target Network.
Apr 17 22:30:46.945680 localhost.localdomain NetworkManager[789]: <info>  [1776465046.9456] dhcp4 (eth0): state changed new lease, address=10.0.128.7
Apr 17 22:30:46.946176 localhost.localdomain NetworkManager[789]: <info>  [1776465046.9461] policy: set 'Wired Connection' (eth0) as default for IPv4 routing and DNS
Apr 17 22:30:46.950892 localhost.localdomain NetworkManager[789]: <info>  [1776465046.9508] device (eth0): state change: ip-config -> ip-check (reason 'none', sys-iface-state: 'managed')
Apr 17 22:30:46.952362 localhost.localdomain NetworkManager[789]: <info>  [1776465046.9522] device (eth0): state change: ip-check -> secondaries (reason 'none', sys-iface-state: 'managed')
Apr 17 22:30:46.952578 localhost.localdomain NetworkManager[789]: <info>  [1776465046.9525] device (eth0): state change: secondaries -> activated (reason 'none', sys-iface-state: 'managed')
Apr 17 22:30:46.952971 localhost.localdomain NetworkManager[789]: <info>  [1776465046.9529] manager: NetworkManager state is now CONNECTED_SITE
Apr 17 22:30:46.953369 localhost.localdomain NetworkManager[789]: <info>  [1776465046.9533] device (eth0): Activation: successful, device activated.
Apr 17 22:30:46.953904 localhost.localdomain NetworkManager[789]: <info>  [1776465046.9538] manager: NetworkManager state is now CONNECTED_GLOBAL
Apr 17 22:30:46.954313 localhost.localdomain NetworkManager[789]: <info>  [1776465046.9542] manager: startup complete
Apr 17 22:30:46.961867 localhost.localdomain systemd[1]: Starting Ignition (fetch)...
Apr 17 22:30:46.983165 localhost.localdomain ignition[828]: Ignition 2.18.0
Apr 17 22:30:46.983187 localhost.localdomain ignition[828]: Stage: fetch
Apr 17 22:30:46.983518 localhost.localdomain ignition[828]: reading system config file "/usr/lib/ignition/base.d/00-core.ign"
Apr 17 22:30:46.983552 localhost.localdomain ignition[828]: parsing config with SHA512: ff6a5153be363997e4d5d3ea8cc4048373a457c48c4a5b134a08a30aacd167c1e0f099f0bdf1e24c99ad180628cd02b767b863b5fe3a8fce3fe1886847eb8e2e
Apr 17 22:30:46.986181 localhost.localdomain ignition[828]: no config dir at "/usr/lib/ignition/base.platform.d/azure"
Apr 17 22:30:46.986404 localhost.localdomain ignition[828]: parsed url from cmdline: ""
Apr 17 22:30:46.986419 localhost.localdomain ignition[828]: no config URL provided
Apr 17 22:30:46.986429 localhost.localdomain ignition[828]: reading system config file "/usr/lib/ignition/user.ign"
Apr 17 22:30:46.986445 localhost.localdomain ignition[828]: no config at "/usr/lib/ignition/user.ign"
Apr 17 22:30:46.986484 localhost.localdomain ignition[828]: GET http://169.254.169.254/metadata/instance/compute/userData?api-version=2021-01-01&format=text: attempt #1
Apr 17 22:30:47.208513 localhost.localdomain ignition[828]: GET result: OK
Apr 17 22:30:47.208566 localhost.localdomain ignition[828]: failed to retrieve userdata from IMDS, falling back to custom data: not a config (empty)
Apr 17 22:30:47.354887 localhost.localdomain systemd[1]: Starting nm-wait-online-initrd.service...
Apr 17 22:30:47.373096 localhost.localdomain ignition[828]: opening config device: "/dev/sr0"
Apr 17 22:30:47.373796 localhost.localdomain ignition[828]: getting drive status for "/dev/sr0"
Apr 17 22:30:47.373870 localhost.localdomain ignition[828]: drive status: OK
Apr 17 22:30:47.373920 localhost.localdomain ignition[828]: mounting config device
Apr 17 22:30:47.373945 localhost.localdomain ignition[828]: op(1): [started]  mounting "/dev/sr0" at "/tmp/ignition-azure3344192405"
Apr 17 22:30:47.417333 localhost.localdomain systemd-journald[321]: Missed 47 kernel messages
Apr 17 22:30:47.417333 localhost.localdomain kernel: UDF-fs: INFO Mounting volume 'UDF Volume', timestamp 2026/04/18 00:00 (1000)
Apr 17 22:30:47.417614 localhost.localdomain ignition[828]: op(1): [finished] mounting "/dev/sr0" at "/tmp/ignition-azure3344192405"
Apr 17 22:30:47.417644 localhost.localdomain ignition[828]: checking for config drive
Apr 17 22:30:47.426341 localhost.localdomain systemd[1]: tmp-ignition\x2dazure3344192405.mount: Deactivated successfully.
Apr 17 22:30:47.418151 localhost.localdomain ignition[828]: reading config
Apr 17 22:30:47.425737 localhost.localdomain ignition[828]: op(2): [started]  unmounting "/dev/sr0" at "/tmp/ignition-azure3344192405"
Apr 17 22:30:47.433445 localhost.localdomain ignition[828]: op(2): [finished] unmounting "/dev/sr0" at "/tmp/ignition-azure3344192405"
Apr 17 22:30:47.433492 localhost.localdomain ignition[828]: config has been read from custom data
Apr 17 22:30:47.433522 localhost.localdomain ignition[828]: parsing config with SHA512: 7e0b4bdd680ed36bce6a80e71c0d47bfb900bc4119e196e0497a4fdaf25aa3a0e5919b648f6b91e69f3ee26f31dc64e2f9fc96254c8dc205ebc85be9a2b64af7
Apr 17 22:30:47.457938 localhost.localdomain ignition[828]: Adding "root-ca" to list of CAs
Apr 17 22:30:47.458020 localhost.localdomain ignition[828]: GET https://api-int.ci-ln-wy83gzk-1d09d.ci2.azure.devcluster.openshift.com:22623/config/worker: attempt #1
Apr 17 22:30:47.495755 localhost.localdomain systemd-journald[321]: Missed 7 kernel messages
Apr 17 22:30:47.495755 localhost.localdomain kernel:  sda: sda1 sda2 sda3 sda4
Apr 17 22:30:47.495930 localhost.localdomain coreos-gpt-setup[790]: The operation has completed successfully.
Apr 17 22:30:47.560089 localhost.localdomain ignition[828]: GET result: OK
Apr 17 22:30:47.573893 localhost.localdomain ignition[828]: fetched referenced config at https://api-int.ci-ln-wy83gzk-1d09d.ci2.azure.devcluster.openshift.com:22623/config/worker with SHA512: 71be0a8f9892421e1d2e5dbc5b0d32e56a5403a5f69315a825816e95a61e9cf1942006d7657d1843896e43d15bd7026122db11149862460577c0848329e24400
Apr 17 22:30:47.637075 localhost.localdomain ignition[828]: Adding "root-ca" to list of CAs
Apr 17 22:30:47.646455 localhost.localdomain ignition[828]: Adding "root-ca" to list of CAs
Apr 17 22:30:47.666083 localhost.localdomain systemd[1]: Finished Generate New UUID For Boot Disk GPT.
Apr 17 22:30:47.670707 localhost.localdomain ignition[828]: fetched base config from "system"
Apr 17 22:30:47.674107 localhost.localdomain ignition[828]: fetch: fetch complete
Apr 17 22:30:47.670720 localhost.localdomain ignition[828]: fetched base config from "system"
Apr 17 22:30:47.674119 localhost.localdomain ignition[828]: fetch: fetch passed
Apr 17 22:30:47.670728 localhost.localdomain ignition[828]: fetched user config from "azure"
Apr 17 22:30:47.674226 localhost.localdomain ignition[828]: Ignition finished successfully
Apr 17 22:30:47.670738 localhost.localdomain ignition[828]: fetched referenced user config from "/config/worker"
Apr 17 22:30:47.691319 localhost.localdomain systemd[1]: Finished Ignition (fetch).
Apr 17 22:30:47.736509 localhost.localdomain systemd[1]: Starting Ignition OSTree: Detect Partition Transposition...
Apr 17 22:30:47.755991 localhost.localdomain systemd[1]: Starting Ignition OSTree: Regenerate Filesystem UUID (boot)...
Apr 17 22:30:47.771541 localhost.localdomain systemd[1]: Starting RHCOS Check For Legacy LUKS Configuration...
Apr 17 22:30:47.784942 localhost.localdomain systemd[1]: Finished nm-wait-online-initrd.service.
Apr 17 22:30:47.808248 localhost.localdomain systemd[1]: Starting dracut initqueue hook...
Apr 17 22:30:47.821397 localhost.localdomain systemd[1]: Finished RHCOS Check For Legacy LUKS Configuration.
Apr 17 22:30:47.836828 localhost.localdomain systemd[1]: Finished Ignition OSTree: Detect Partition Transposition.
Apr 17 22:30:47.849684 localhost.localdomain systemd[1]: Ignition OSTree: Save Partitions was skipped because of an unmet condition check (ConditionPathIsDirectory=/run/ignition-ostree-transposefs).
Apr 17 22:30:47.915910 localhost.localdomain ignition-ostree-firstboot-uuid[881]: tune2fs 1.46.5 (30-Dec-2021)
Apr 17 22:30:47.946857 localhost.localdomain ignition-ostree-firstboot-uuid[873]: Regenerated UUID for /dev/disk/by-label/boot
Apr 17 22:30:47.953751 localhost.localdomain systemd[1]: Finished Ignition OSTree: Regenerate Filesystem UUID (boot).
Apr 17 22:30:47.981007 localhost.localdomain systemd[1]: Starting Ignition (kargs)...
Apr 17 22:30:48.016440 localhost.localdomain ignition[925]: Ignition 2.18.0
Apr 17 22:30:48.017139 localhost.localdomain ignition[925]: Stage: kargs
Apr 17 22:30:48.017468 localhost.localdomain ignition[925]: reading system config file "/usr/lib/ignition/base.d/00-core.ign"
Apr 17 22:30:48.017500 localhost.localdomain ignition[925]: parsing config with SHA512: ff6a5153be363997e4d5d3ea8cc4048373a457c48c4a5b134a08a30aacd167c1e0f099f0bdf1e24c99ad180628cd02b767b863b5fe3a8fce3fe1886847eb8e2e
Apr 17 22:30:48.019292 localhost.localdomain ignition[925]: no config dir at "/usr/lib/ignition/base.platform.d/azure"
Apr 17 22:30:48.039518 localhost.localdomain ignition[925]: Adding "root-ca" to list of CAs
Apr 17 22:30:48.047219 localhost.localdomain systemd[1]: Finished dracut initqueue hook.
Apr 17 22:30:48.042223 localhost.localdomain ignition[925]: kargs: kargs passed
Apr 17 22:30:48.042361 localhost.localdomain ignition[925]: Ignition finished successfully
Apr 17 22:30:48.068407 localhost.localdomain systemd[1]: Finished Ignition (kargs).
Apr 17 22:30:48.078641 localhost.localdomain systemd[1]: Reached target Preparation for Remote File Systems.
Apr 17 22:30:48.093110 localhost.localdomain systemd[1]: Reached target Remote Encrypted Volumes.
Apr 17 22:30:48.103143 localhost.localdomain systemd[1]: Reached target Remote File Systems.
Apr 17 22:30:48.112602 localhost.localdomain systemd[1]: Acquire Live PXE rootfs Image was skipped because of an unmet condition check (ConditionPathExists=/run/ostree-live).
Apr 17 22:30:48.112849 localhost.localdomain systemd[1]: Persist Osmet Files (PXE) was skipped because of an unmet condition check (ConditionPathExists=/run/ostree-live).
Apr 17 22:30:48.143204 localhost.localdomain systemd[1]: Starting dracut pre-mount hook...
Apr 17 22:30:48.154274 localhost.localdomain systemd[1]: Starting Check for FIPS mode...
Apr 17 22:30:48.165085 localhost.localdomain systemd[1]: Finished dracut pre-mount hook.
Apr 17 22:30:48.276698 localhost.localdomain rhcos-fips[965]: Found /etc/ignition-machine-config-encapsulated.json in Ignition config
Apr 17 22:30:48.287464 localhost.localdomain rhcos-fips[965]: FIPS mode not requested
Apr 17 22:30:48.288089 localhost.localdomain systemd[1]: Finished Check for FIPS mode.
Apr 17 22:30:48.303393 localhost.localdomain systemd[1]: CoreOS Kernel Arguments Reboot was skipped because of an unmet condition check (ConditionPathExists=/run/coreos-kargs-reboot).
Apr 17 22:30:48.329284 localhost.localdomain systemd[1]: Starting Ignition (disks)...
Apr 17 22:30:48.349279 localhost.localdomain ignition[995]: Ignition 2.18.0
Apr 17 22:30:48.349317 localhost.localdomain ignition[995]: Stage: disks
Apr 17 22:30:48.349666 localhost.localdomain ignition[995]: reading system config file "/usr/lib/ignition/base.d/00-core.ign"
Apr 17 22:30:48.349712 localhost.localdomain ignition[995]: parsing config with SHA512: ff6a5153be363997e4d5d3ea8cc4048373a457c48c4a5b134a08a30aacd167c1e0f099f0bdf1e24c99ad180628cd02b767b863b5fe3a8fce3fe1886847eb8e2e
Apr 17 22:30:48.351543 localhost.localdomain ignition[995]: no config dir at "/usr/lib/ignition/base.platform.d/azure"
Apr 17 22:30:48.373004 localhost.localdomain ignition[995]: Adding "root-ca" to list of CAs
Apr 17 22:30:48.377330 localhost.localdomain ignition[995]: disks: disks passed
Apr 17 22:30:48.377508 localhost.localdomain ignition[995]: Ignition finished successfully
Apr 17 22:30:48.379662 localhost.localdomain systemd[1]: Finished Ignition (disks).
Apr 17 22:30:48.394506 localhost.localdomain systemd[1]: Reached target Initrd Root Device.
Apr 17 22:30:48.411912 localhost.localdomain systemd[1]: Starting CoreOS Ignition Ensure Unique Boot Filesystem...
Apr 17 22:30:48.432347 localhost.localdomain systemd-journald[321]: Missed 58 kernel messages
Apr 17 22:30:48.432347 localhost.localdomain kernel:  sda: sda1 sda2 sda3 sda4
Apr 17 22:30:48.437382 localhost.localdomain kernel:  sdb: sdb1
Apr 17 22:30:48.775126 localhost.localdomain systemd[1]: Finished CoreOS Ignition Ensure Unique Boot Filesystem.
Apr 17 22:30:48.797950 localhost.localdomain systemd[1]: Starting Ignition OSTree: Regenerate Filesystem UUID (root)...
Apr 17 22:30:48.813024 localhost.localdomain systemd[1]: Starting Afterburn (Check In - from the initramfs)...
Apr 17 22:30:48.865778 localhost.localdomain afterburn[1055]: Apr 17 22:30:48.865 INFO Fetching http://168.63.129.16/?comp=versions: Attempt #1
Apr 17 22:30:48.876581 localhost.localdomain afterburn[1055]: Apr 17 22:30:48.869 INFO Fetch successful
Apr 17 22:30:48.876581 localhost.localdomain afterburn[1055]: Apr 17 22:30:48.869 INFO Fetching http://168.63.129.16/machine/?comp=goalstate: Attempt #1
Apr 17 22:30:48.891542 localhost.localdomain afterburn[1055]: Apr 17 22:30:48.880 INFO Fetch successful
Apr 17 22:30:48.917439 localhost.localdomain afterburn[1055]: Apr 17 22:30:48.917 INFO Posting http://168.63.129.16/machine/?comp=health: Attempt #1
Apr 17 22:30:49.078728 localhost.localdomain systemd[1]: Finished Afterburn (Check In - from the initramfs).
Apr 17 22:30:49.957690 localhost.localdomain ignition-ostree-firstboot-uuid[1060]: Clearing log and setting UUID
Apr 17 22:30:49.957690 localhost.localdomain ignition-ostree-firstboot-uuid[1060]: writing all SBs
Apr 17 22:30:49.957690 localhost.localdomain ignition-ostree-firstboot-uuid[1060]: new UUID = 319218e9-31df-4ded-817f-ef410d80cf8d
Apr 17 22:30:50.008627 localhost.localdomain ignition-ostree-firstboot-uuid[1053]: Regenerated UUID for /dev/disk/by-label/root
Apr 17 22:30:50.009490 localhost.localdomain systemd[1]: Finished Ignition OSTree: Regenerate Filesystem UUID (root).
Apr 17 22:30:50.044256 localhost.localdomain systemd[1]: Starting Ignition OSTree: Grow Root Filesystem...
Apr 17 22:30:50.519343 localhost.localdomain systemd-journald[321]: Missed 15 kernel messages
Apr 17 22:30:50.519343 localhost.localdomain kernel: SGI XFS with ACLs, security attributes, scrub, quota, no debug enabled
Apr 17 22:30:50.532348 localhost.localdomain kernel: XFS (sda4): Mounting V5 Filesystem 319218e9-31df-4ded-817f-ef410d80cf8d
Apr 17 22:30:50.669436 localhost.localdomain kernel: XFS (sda4): Ending clean mount
Apr 17 22:30:51.162951 localhost.localdomain ignition-ostree-growfs[1097]: CHANGED: partition=4 start=1050624 old: size=6318080 end=7368703 new: size=267384799 end=268435422
Apr 17 22:30:51.643036 localhost.localdomain ignition-ostree-growfs[1187]: Disk /dev/sda: 128 GiB, 137438953472 bytes, 268435456 sectors
Apr 17 22:30:51.643036 localhost.localdomain ignition-ostree-growfs[1187]: Disk model: Virtual Disk
Apr 17 22:30:51.643036 localhost.localdomain ignition-ostree-growfs[1187]: Units: sectors of 1 * 512 = 512 bytes
Apr 17 22:30:51.643036 localhost.localdomain ignition-ostree-growfs[1187]: Sector size (logical/physical): 512 bytes / 4096 bytes
Apr 17 22:30:51.643036 localhost.localdomain ignition-ostree-growfs[1187]: I/O size (minimum/optimal): 4096 bytes / 4096 bytes
Apr 17 22:30:51.643036 localhost.localdomain ignition-ostree-growfs[1187]: Disklabel type: gpt
Apr 17 22:30:51.643036 localhost.localdomain ignition-ostree-growfs[1187]: Disk identifier: 7A489551-D229-438E-AC4A-8E5243C0162D
Apr 17 22:30:51.643036 localhost.localdomain ignition-ostree-growfs[1187]: Old situation:
Apr 17 22:30:51.643036 localhost.localdomain ignition-ostree-growfs[1187]: Device       Start       End   Sectors   Size Type
Apr 17 22:30:51.643036 localhost.localdomain ignition-ostree-growfs[1187]: /dev/sda1     2048      4095      2048     1M BIOS boot
Apr 17 22:30:51.643036 localhost.localdomain ignition-ostree-growfs[1187]: /dev/sda2     4096    264191    260096   127M EFI System
Apr 17 22:30:51.643036 localhost.localdomain ignition-ostree-growfs[1187]: /dev/sda3   264192   1050623    786432   384M Linux filesystem
Apr 17 22:30:51.643036 localhost.localdomain ignition-ostree-growfs[1187]: /dev/sda4  1050624 268435422 267384799 127.5G Linux filesystem
Apr 17 22:30:51.643036 localhost.localdomain ignition-ostree-growfs[1187]: /dev/sda4:
Apr 17 22:30:51.643036 localhost.localdomain ignition-ostree-growfs[1187]: New situation:
Apr 17 22:30:51.643036 localhost.localdomain ignition-ostree-growfs[1187]: Disklabel type: gpt
Apr 17 22:30:51.643036 localhost.localdomain ignition-ostree-growfs[1187]: Disk identifier: 7A489551-D229-438E-AC4A-8E5243C0162D
Apr 17 22:30:51.643036 localhost.localdomain ignition-ostree-growfs[1187]: Device       Start       End   Sectors   Size Type
Apr 17 22:30:51.643036 localhost.localdomain ignition-ostree-growfs[1187]: /dev/sda1     2048      4095      2048     1M BIOS boot
Apr 17 22:30:51.643036 localhost.localdomain ignition-ostree-growfs[1187]: /dev/sda2     4096    264191    260096   127M EFI System
Apr 17 22:30:51.643036 localhost.localdomain ignition-ostree-growfs[1187]: /dev/sda3   264192   1050623    786432   384M Linux filesystem
Apr 17 22:30:51.643036 localhost.localdomain ignition-ostree-growfs[1187]: /dev/sda4  1050624 268435415 267384792 127.5G Linux filesystem
Apr 17 22:30:51.643036 localhost.localdomain ignition-ostree-growfs[1187]: The partition table has been altered.
Apr 17 22:30:51.643036 localhost.localdomain ignition-ostree-growfs[1187]: Calling ioctl() to re-read partition table.
Apr 17 22:30:51.643036 localhost.localdomain ignition-ostree-growfs[1187]: Re-reading the partition table failed.: Device or resource busy
Apr 17 22:30:51.867198 localhost.localdomain ignition-ostree-growfs[1187]: The kernel still uses the old table. The new table will be used at the next reboot or after you run partprobe(8) or partx(8).
Apr 17 22:30:51.867198 localhost.localdomain ignition-ostree-growfs[1187]: Syncing disks.
Apr 17 22:30:51.989142 localhost.localdomain ignition-ostree-growfs[1194]: meta-data=/dev/sda4              isize=512    agcount=4, agsize=197440 blks
Apr 17 22:30:51.989142 localhost.localdomain ignition-ostree-growfs[1194]:          =                       sectsz=512   attr=2, projid32bit=1
Apr 17 22:30:51.989142 localhost.localdomain ignition-ostree-growfs[1194]:          =                       crc=1        finobt=1, sparse=1, rmapbt=0
Apr 17 22:30:51.989142 localhost.localdomain ignition-ostree-growfs[1194]:          =                       reflink=1    bigtime=1 inobtcount=1 nrext64=0
Apr 17 22:30:51.989142 localhost.localdomain ignition-ostree-growfs[1194]: data     =                       bsize=4096   blocks=789760, imaxpct=25
Apr 17 22:30:51.989142 localhost.localdomain ignition-ostree-growfs[1194]:          =                       sunit=0      swidth=0 blks
Apr 17 22:30:51.989142 localhost.localdomain ignition-ostree-growfs[1194]: naming   =version 2              bsize=4096   ascii-ci=0, ftype=1
Apr 17 22:30:51.989142 localhost.localdomain ignition-ostree-growfs[1194]: log      =internal log           bsize=4096   blocks=16384, version=2
Apr 17 22:30:51.989142 localhost.localdomain ignition-ostree-growfs[1194]:          =                       sectsz=512   sunit=0 blks, lazy-count=1
Apr 17 22:30:51.989142 localhost.localdomain ignition-ostree-growfs[1194]: realtime =none                   extsz=4096   blocks=0, rtextents=0
Apr 17 22:30:51.989142 localhost.localdomain ignition-ostree-growfs[1194]: data blocks changed from 789760 to 33423099
Apr 17 22:30:52.103707 localhost.localdomain systemd-journald[321]: Missed 30 kernel messages
Apr 17 22:30:52.103707 localhost.localdomain kernel: XFS (sda4): Unmounting Filesystem 319218e9-31df-4ded-817f-ef410d80cf8d
Apr 17 22:30:52.051917 localhost.localdomain systemd[1]: Finished Ignition OSTree: Grow Root Filesystem.
Apr 17 22:30:52.115344 localhost.localdomain systemd[1]: Starting Ignition OSTree: Autosave XFS Rootfs Partition...
Apr 17 22:30:52.204763 localhost.localdomain ignition-ostree-transposefs[1229]: autosave-xfs: /dev/disk/by-label/root agcount=170 is lower than threshold=400
Apr 17 22:30:52.206267 localhost.localdomain systemd[1]: Finished Ignition OSTree: Autosave XFS Rootfs Partition.
Apr 17 22:30:52.229510 localhost.localdomain systemd[1]: Ignition OSTree: Restore Partitions was skipped because of an unmet condition check (ConditionPathIsDirectory=/run/ignition-ostree-transposefs).
Apr 17 22:30:52.253131 localhost.localdomain systemd[1]: Starting Determine root FS mount option flags...
Apr 17 22:30:52.283282 localhost.localdomain systemd[1]: Finished Determine root FS mount option flags.
Apr 17 22:30:52.308123 localhost.localdomain systemd[1]: Mounting /sysroot...
Apr 17 22:30:52.331349 localhost.localdomain systemd-journald[321]: Missed 17 kernel messages
Apr 17 22:30:52.331349 localhost.localdomain kernel: XFS (sda4): Mounting V5 Filesystem 319218e9-31df-4ded-817f-ef410d80cf8d
Apr 17 22:30:53.093380 localhost.localdomain kernel: XFS (sda4): Ending clean mount
Apr 17 22:30:53.152376 localhost.localdomain kernel: XFS (sda4): Quotacheck needed: Please wait.
Apr 17 22:30:53.502360 localhost.localdomain kernel: XFS (sda4): Quotacheck: Done.
Apr 17 22:30:53.557025 localhost.localdomain systemd[1]: Mounted /sysroot.
Apr 17 22:30:53.567007 localhost.localdomain systemd[1]: Remount /sysroot read-write for Ignition was skipped because of an unmet condition check (ConditionPathIsReadWrite=!/sysroot).
Apr 17 22:30:53.592576 localhost.localdomain systemd[1]: Starting OSTree Prepare OS/...
Apr 17 22:30:53.598364 localhost.localdomain ostree-prepare-root[1406]: Resolved OSTree target to: /sysroot/ostree/deploy/rhcos/deploy/3f09a2510130248d7bf45869d08927b37696cee163327723ed3d9e1a50f1ab48.0
Apr 17 22:30:53.612276 localhost.localdomain ostree-prepare-root[1406]: Found legacy sysroot.readonly flag, not configured in ostree/prepare-root.conf
Apr 17 22:30:53.612276 localhost.localdomain ostree-prepare-root[1406]: sysroot.readonly configuration value: 1 (fs writable: 1)
Apr 17 22:30:53.612276 localhost.localdomain ostree-prepare-root[1406]: composefs: No image present
Apr 17 22:30:53.612276 localhost.localdomain ostree-prepare-root[1406]: Using legacy ostree bind mount for /
Apr 17 22:30:53.630049 localhost.localdomain systemd[1]: Finished OSTree Prepare OS/.
Apr 17 22:30:53.651500 localhost.localdomain systemd[1]: Reached target Initrd Root File System.
Apr 17 22:30:53.672039 localhost.localdomain systemd[1]: Starting Afterburn Hostname...
Apr 17 22:30:53.687452 localhost.localdomain systemd[1]: Starting Ignition OSTree: Check Root Filesystem Size...
Apr 17 22:30:53.703796 localhost.localdomain systemd[1]: Starting Mount OSTree /var...
Apr 17 22:30:53.719811 localhost.localdomain systemd[1]: Finished Ignition OSTree: Check Root Filesystem Size.
Apr 17 22:30:53.732662 localhost.localdomain ignition-ostree-mount-var[1413]: Mounting /sysroot/sysroot/ostree/deploy/rhcos/var
Apr 17 22:30:53.741248 localhost.localdomain systemd[1]: Finished Mount OSTree /var.
Apr 17 22:30:53.747440 localhost.localdomain afterburn[1407]: Apr 17 22:30:53.736 INFO Fetching http://168.63.129.16/?comp=versions: Attempt #1
Apr 17 22:30:53.747440 localhost.localdomain afterburn[1407]: Apr 17 22:30:53.739 INFO Fetch successful
Apr 17 22:30:53.747440 localhost.localdomain afterburn[1407]: Apr 17 22:30:53.739 INFO Fetching http://169.254.169.254/metadata/instance/compute/name?api-version=2017-08-01&format=text: Attempt #1
Apr 17 22:30:53.775354 localhost.localdomain afterburn[1407]: Apr 17 22:30:53.756 INFO Fetch successful
Apr 17 22:30:53.777316 localhost.localdomain systemd[1]: Starting Ignition (mount)...
Apr 17 22:30:53.789094 localhost.localdomain afterburn[1407]: Apr 17 22:30:53.788 INFO wrote hostname ci-ln-wy83gzk-1d09d-m9g8v-worker-westus-v3-sfw9k to /sysroot/etc/hostname
Apr 17 22:30:53.803121 localhost.localdomain systemd[1]: Finished Afterburn Hostname.
Apr 17 22:30:53.800447 localhost.localdomain ignition[1425]: Ignition 2.18.0
Apr 17 22:30:53.800460 localhost.localdomain ignition[1425]: Stage: mount
Apr 17 22:30:53.800814 localhost.localdomain ignition[1425]: reading system config file "/usr/lib/ignition/base.d/00-core.ign"
Apr 17 22:30:53.825758 localhost.localdomain systemd[1]: Finished Ignition (mount).
Apr 17 22:30:53.800845 localhost.localdomain ignition[1425]: parsing config with SHA512: ff6a5153be363997e4d5d3ea8cc4048373a457c48c4a5b134a08a30aacd167c1e0f099f0bdf1e24c99ad180628cd02b767b863b5fe3a8fce3fe1886847eb8e2e
Apr 17 22:30:53.802606 localhost.localdomain ignition[1425]: no config dir at "/usr/lib/ignition/base.platform.d/azure"
Apr 17 22:30:53.819711 localhost.localdomain ignition[1425]: Adding "root-ca" to list of CAs
Apr 17 22:30:53.823494 localhost.localdomain ignition[1425]: mount: mount passed
Apr 17 22:30:53.850374 localhost.localdomain systemd[1]: Clear SSSD NSS Cache in Persistent /var was skipped because of an unmet condition check (ConditionPathExists=/sysroot/var/lib/sss/mc).
Apr 17 22:30:53.823641 localhost.localdomain ignition[1425]: Ignition finished successfully
Apr 17 22:30:53.881064 localhost.localdomain systemd[1]: Starting Populate OSTree /var...
Apr 17 22:30:54.090142 localhost.localdomain ignition-ostree-populate-var[1437]: Relabeled /sysroot//var/lib from <no context> to system_u:object_r:var_lib_t:s0
Apr 17 22:30:54.105485 localhost.localdomain ignition-ostree-populate-var[1440]: Relabeled /sysroot//var/log from <no context> to system_u:object_r:var_log_t:s0
Apr 17 22:30:55.281642 localhost.localdomain systemd-tmpfiles[1441]: Failed to parse ACL "default:group:tss:rwx": No such file or directory. Ignoring
Apr 17 22:30:55.282352 localhost.localdomain systemd-tmpfiles[1441]: Failed to parse ACL "default:group:tss:rwx": No such file or directory. Ignoring
Apr 17 22:30:55.367794 localhost.localdomain ignition-ostree-populate-var[1443]: Relabeled /sysroot//var/home from <no context> to system_u:object_r:home_root_t:s0
Apr 17 22:30:55.378328 localhost.localdomain systemd-tmpfiles[1444]: Failed to parse ACL "default:group:tss:rwx": No such file or directory. Ignoring
Apr 17 22:30:55.379026 localhost.localdomain systemd-tmpfiles[1444]: Failed to parse ACL "default:group:tss:rwx": No such file or directory. Ignoring
Apr 17 22:30:55.403150 localhost.localdomain ignition-ostree-populate-var[1446]: Relabeled /sysroot//var/roothome from <no context> to system_u:object_r:admin_home_t:s0
Apr 17 22:30:55.403150 localhost.localdomain ignition-ostree-populate-var[1446]: Relabeled /sysroot//var/roothome/.bashrc from <no context> to system_u:object_r:admin_home_t:s0
Apr 17 22:30:55.403150 localhost.localdomain ignition-ostree-populate-var[1446]: Relabeled /sysroot//var/roothome/.bash_profile from <no context> to system_u:object_r:admin_home_t:s0
Apr 17 22:30:55.403150 localhost.localdomain ignition-ostree-populate-var[1446]: Relabeled /sysroot//var/roothome/.bash_logout from <no context> to system_u:object_r:admin_home_t:s0
Apr 17 22:30:55.404894 localhost.localdomain systemd-tmpfiles[1447]: Failed to parse ACL "default:group:tss:rwx": No such file or directory. Ignoring
Apr 17 22:30:55.468898 localhost.localdomain ignition-ostree-populate-var[1449]: Relabeled /sysroot//var/opt from <no context> to system_u:object_r:var_t:s0
Apr 17 22:30:55.405576 localhost.localdomain systemd-tmpfiles[1447]: Failed to parse ACL "default:group:tss:rwx": No such file or directory. Ignoring
Apr 17 22:30:55.489858 localhost.localdomain ignition-ostree-populate-var[1452]: Relabeled /sysroot//var/srv from <no context> to system_u:object_r:var_t:s0
Apr 17 22:30:55.432497 localhost.localdomain systemd-tmpfiles[1450]: Failed to parse ACL "default:group:tss:rwx": No such file or directory. Ignoring
Apr 17 22:30:55.511749 localhost.localdomain ignition-ostree-populate-var[1455]: Relabeled /sysroot//var/usrlocal from <no context> to system_u:object_r:usr_t:s0
Apr 17 22:30:55.433172 localhost.localdomain systemd-tmpfiles[1450]: Failed to parse ACL "default:group:tss:rwx": No such file or directory. Ignoring
Apr 17 22:30:55.541562 localhost.localdomain ignition-ostree-populate-var[1458]: Relabeled /sysroot//var/mnt from <no context> to system_u:object_r:mnt_t:s0
Apr 17 22:30:55.460972 localhost.localdomain systemd-tmpfiles[1453]: Failed to parse ACL "default:group:tss:rwx": No such file or directory. Ignoring
Apr 17 22:30:55.461670 localhost.localdomain systemd-tmpfiles[1453]: Failed to parse ACL "default:group:tss:rwx": No such file or directory. Ignoring
Apr 17 22:30:55.486561 localhost.localdomain systemd-tmpfiles[1456]: Failed to parse ACL "default:group:tss:rwx": No such file or directory. Ignoring
Apr 17 22:30:55.487239 localhost.localdomain systemd-tmpfiles[1456]: Failed to parse ACL "default:group:tss:rwx": No such file or directory. Ignoring
Apr 17 22:30:55.511049 localhost.localdomain systemd-tmpfiles[1459]: Failed to parse ACL "default:group:tss:rwx": No such file or directory. Ignoring
Apr 17 22:30:55.511717 localhost.localdomain systemd-tmpfiles[1459]: Failed to parse ACL "default:group:tss:rwx": No such file or directory. Ignoring
Apr 17 22:30:55.521221 localhost.localdomain systemd[1]: Finished Populate OSTree /var.
Apr 17 22:30:55.620010 localhost.localdomain systemd[1]: Starting Ignition OSTree Mount State Overlays...
Apr 17 22:30:55.640999 localhost.localdomain systemd[1]: Finished Ignition OSTree Mount State Overlays.
Apr 17 22:30:55.662261 localhost.localdomain systemd[1]: Starting Ignition (files)...
Apr 17 22:30:55.685158 localhost.localdomain ignition[1464]: Ignition 2.18.0
Apr 17 22:30:55.685180 localhost.localdomain ignition[1464]: Stage: files
Apr 17 22:30:55.685567 localhost.localdomain ignition[1464]: reading system config file "/usr/lib/ignition/base.d/00-core.ign"
Apr 17 22:30:55.685609 localhost.localdomain ignition[1464]: parsing config with SHA512: ff6a5153be363997e4d5d3ea8cc4048373a457c48c4a5b134a08a30aacd167c1e0f099f0bdf1e24c99ad180628cd02b767b863b5fe3a8fce3fe1886847eb8e2e
Apr 17 22:30:55.687483 localhost.localdomain ignition[1464]: no config dir at "/usr/lib/ignition/base.platform.d/azure"
Apr 17 22:30:55.708160 localhost.localdomain ignition[1464]: Adding "root-ca" to list of CAs
Apr 17 22:30:56.811293 localhost.localdomain ignition[1464]: files: ensureUsers: op(1): [started]  creating or modifying user "core"
Apr 17 22:30:56.811386 localhost.localdomain ignition[1464]: files: ensureUsers: op(1): executing: "useradd" "--root" "/sysroot" "--create-home" "--password" "*" "--comment" "CoreOS Admin" "--groups" "adm,sudo,systemd-journal,wheel" "core"
Apr 17 22:30:57.132599 localhost.localdomain ignition[1464]: files: ensureUsers: op(1): [finished] creating or modifying user "core"
Apr 17 22:30:57.132896 localhost.localdomain ignition[1464]: files: ensureUsers: op(2): [started]  adding ssh keys to user "core"
Apr 17 22:30:57.143995 localhost.localdomain ignition[1464]: files: ensureUsers: op(2): [finished] adding ssh keys to user "core"
Apr 17 22:30:57.143975 localhost.localdomain ignition[1464]: wrote ssh authorized keys file for user: core
Apr 17 22:30:57.174383 localhost.localdomain ignition[1464]: files: createFilesystemsFiles: createFiles: op(3): [started]  writing file "/sysroot/etc/node-sizing-enabled.env"
Apr 17 22:30:57.174619 localhost.localdomain ignition[1464]: files: createFilesystemsFiles: createFiles: op(3): [finished] writing file "/sysroot/etc/node-sizing-enabled.env"
