Apr 17 23:13:54.379864 localhost kernel: Linux version 5.14.0-427.109.1.el9_4.x86_64 (mockbuild@x86-64-04.build.eng.rdu2.redhat.com) (gcc (GCC) 11.4.1 20231218 (Red Hat 11.4.1-4), GNU ld version 2.35.2-43.el9_4.2) #1 SMP PREEMPT_DYNAMIC Wed Jan 28 17:07:26 EST 2026
Apr 17 23:13:54.379891 localhost kernel: The list of certified hardware and cloud instances for Red Hat Enterprise Linux 9 can be viewed at the Red Hat Ecosystem Catalog, https://catalog.redhat.com.
Apr 17 23:13:54.379902 localhost kernel: Command line: BOOT_IMAGE=(hd0,gpt3)/boot/ostree/rhcos-b5ba7c1ff66769dbe17d5776141eaa0be75c53b04d1c8e2abaabd5aadc1e4a77/vmlinuz-5.14.0-427.109.1.el9_4.x86_64 rw ignition.firstboot ostree=/ostree/boot.1/rhcos/b5ba7c1ff66769dbe17d5776141eaa0be75c53b04d1c8e2abaabd5aadc1e4a77/0 ignition.platform.id=azure console=tty0 console=ttyS0,115200n8
Apr 17 23:13:54.379910 localhost kernel: x86/fpu: Supporting XSAVE feature 0x001: 'x87 floating point registers'
Apr 17 23:13:54.379916 localhost kernel: x86/fpu: Supporting XSAVE feature 0x002: 'SSE registers'
Apr 17 23:13:54.379922 localhost kernel: x86/fpu: Supporting XSAVE feature 0x004: 'AVX registers'
Apr 17 23:13:54.379930 localhost kernel: x86/fpu: Supporting XSAVE feature 0x020: 'AVX-512 opmask'
Apr 17 23:13:54.379936 localhost kernel: x86/fpu: Supporting XSAVE feature 0x040: 'AVX-512 Hi256'
Apr 17 23:13:54.379942 localhost kernel: x86/fpu: Supporting XSAVE feature 0x080: 'AVX-512 ZMM_Hi256'
Apr 17 23:13:54.379948 localhost kernel: x86/fpu: Supporting XSAVE feature 0x20000: 'AMX Tile config'
Apr 17 23:13:54.379954 localhost kernel: x86/fpu: Supporting XSAVE feature 0x40000: 'AMX Tile data'
Apr 17 23:13:54.379962 localhost kernel: x86/fpu: xstate_offset[2]:  576, xstate_sizes[2]:  256
Apr 17 23:13:54.379967 localhost kernel: x86/fpu: xstate_offset[5]:  832, xstate_sizes[5]:   64
Apr 17 23:13:54.379973 localhost kernel: x86/fpu: xstate_offset[6]:  896, xstate_sizes[6]:  512
Apr 17 23:13:54.379981 localhost kernel: x86/fpu: xstate_offset[7]: 1408, xstate_sizes[7]: 1024
Apr 17 23:13:54.379987 localhost kernel: x86/fpu: xstate_offset[17]: 2432, xstate_sizes[17]:   64
Apr 17 23:13:54.379993 localhost kernel: x86/fpu: xstate_offset[18]: 2496, xstate_sizes[18]: 8192
Apr 17 23:13:54.379999 localhost kernel: x86/fpu: Enabled xstate features 0x600e7, context size is 10688 bytes, using 'compacted' format.
Apr 17 23:13:54.380005 localhost kernel: signal: max sigframe size: 11952
Apr 17 23:13:54.380011 localhost kernel: BIOS-provided physical RAM map:
Apr 17 23:13:54.380017 localhost kernel: BIOS-e820: [mem 0x0000000000000000-0x000000000009ffff] usable
Apr 17 23:13:54.380023 localhost kernel: BIOS-e820: [mem 0x00000000000c0000-0x00000000000fffff] reserved
Apr 17 23:13:54.380029 localhost kernel: BIOS-e820: [mem 0x0000000000100000-0x00000000044fdfff] usable
Apr 17 23:13:54.380037 localhost kernel: BIOS-e820: [mem 0x00000000044fe000-0x00000000048fdfff] reserved
Apr 17 23:13:54.380043 localhost kernel: BIOS-e820: [mem 0x00000000048fe000-0x000000003ff1efff] usable
Apr 17 23:13:54.380048 localhost kernel: BIOS-e820: [mem 0x000000003ff1f000-0x000000003ffc8fff] reserved
Apr 17 23:13:54.380054 localhost kernel: BIOS-e820: [mem 0x000000003ffc9000-0x000000003fffafff] ACPI data
Apr 17 23:13:54.380060 localhost kernel: BIOS-e820: [mem 0x000000003fffb000-0x000000003fffefff] ACPI NVS
Apr 17 23:13:54.380066 localhost kernel: BIOS-e820: [mem 0x000000003ffff000-0x000000003fffffff] usable
Apr 17 23:13:54.380072 localhost kernel: BIOS-e820: [mem 0x0000000100000000-0x00000004bfffffff] usable
Apr 17 23:13:54.380078 localhost kernel: NX (Execute Disable) protection: active
Apr 17 23:13:54.380084 localhost kernel: efi: EFI v2.7 by Microsoft
Apr 17 23:13:54.380091 localhost kernel: efi: ACPI=0x3fffa000 ACPI 2.0=0x3fffa014 SMBIOS=0x3ff88000 SMBIOS 3.0=0x3ff86000 MEMATTR=0x3ea5c018 MOKvar=0x3ff83000 RNG=0x3ffd2018 
Apr 17 23:13:54.380097 localhost kernel: secureboot: Secure boot disabled
Apr 17 23:13:54.380103 localhost kernel: SMBIOS 3.1.0 present.
Apr 17 23:13:54.380109 localhost kernel: DMI: Microsoft Corporation Virtual Machine/Virtual Machine, BIOS Hyper-V UEFI Release v4.1 01/08/2026
Apr 17 23:13:54.380115 localhost kernel: Hypervisor detected: Microsoft Hyper-V
Apr 17 23:13:54.380121 localhost kernel: Hyper-V: privilege flags low 0xae7f, high 0x3b8030, hints 0x9e4e24, misc 0xe0bed7b2
Apr 17 23:13:54.380127 localhost kernel: Hyper-V: Host Build 10.0.26102.1277-1-0
Apr 17 23:13:54.380133 localhost kernel: Hyper-V: Nested features: 0x3e0101
Apr 17 23:13:54.380143 localhost kernel: Hyper-V: LAPIC Timer Frequency: 0x30d40
Apr 17 23:13:54.380148 localhost kernel: Hyper-V: Using hypercall for remote TLB flush
Apr 17 23:13:54.380155 localhost kernel: clocksource: hyperv_clocksource_tsc_page: mask: 0xffffffffffffffff max_cycles: 0x24e6a1710, max_idle_ns: 440795202120 ns
Apr 17 23:13:54.380163 localhost kernel: clocksource: hyperv_clocksource_msr: mask: 0xffffffffffffffff max_cycles: 0x24e6a1710, max_idle_ns: 440795202120 ns
Apr 17 23:13:54.380169 localhost kernel: tsc: Detected 2300.001 MHz processor
Apr 17 23:13:54.380175 localhost kernel: e820: update [mem 0x00000000-0x00000fff] usable ==> reserved
Apr 17 23:13:54.380182 localhost kernel: e820: remove [mem 0x000a0000-0x000fffff] usable
Apr 17 23:13:54.380189 localhost kernel: last_pfn = 0x4c0000 max_arch_pfn = 0x10000000000
Apr 17 23:13:54.380196 localhost kernel: MTRR map: 4 entries (2 fixed + 2 variable; max 18), built from 8 variable MTRRs
Apr 17 23:13:54.380202 localhost kernel: x86/PAT: Configuration [0-7]: WB  WC  UC- UC  WB  WP  UC- WT  
Apr 17 23:13:54.380209 localhost kernel: e820: update [mem 0x48000000-0xffffffff] usable ==> reserved
Apr 17 23:13:54.380215 localhost kernel: last_pfn = 0x40000 max_arch_pfn = 0x10000000000
Apr 17 23:13:54.380222 localhost kernel: Using GB pages for direct mapping
Apr 17 23:13:54.380228 localhost kernel: secureboot: Secure boot disabled
Apr 17 23:13:54.380234 localhost kernel: RAMDISK: [mem 0x2ac3f000-0x30c6afff]
Apr 17 23:13:54.380242 localhost kernel: ACPI: Early table checksum verification disabled
Apr 17 23:13:54.380248 localhost kernel: ACPI: RSDP 0x000000003FFFA014 000024 (v02 VRTUAL)
Apr 17 23:13:54.380255 localhost kernel: ACPI: XSDT 0x000000003FFF90E8 00005C (v01 VRTUAL MICROSFT 00000001 MSFT 00000001)
Apr 17 23:13:54.380261 localhost kernel: ACPI: FACP 0x000000003FFF8000 000114 (v06 VRTUAL MICROSFT 00000001 MSFT 00000001)
Apr 17 23:13:54.380268 localhost kernel: ACPI: DSDT 0x000000003FFD6000 01E22B (v02 MSFTVM DSDT01   00000001 INTL 20230628)
Apr 17 23:13:54.380274 localhost kernel: ACPI: FACS 0x000000003FFFE000 000040
Apr 17 23:13:54.380280 localhost kernel: ACPI: OEM0 0x000000003FFF7000 000064 (v01 VRTUAL MICROSFT 00000001 MSFT 00000001)
Apr 17 23:13:54.380286 localhost kernel: ACPI: SPCR 0x000000003FFF6000 000050 (v02 VRTUAL MICROSFT 00000001 MSFT 00000001)
Apr 17 23:13:54.380292 localhost kernel: ACPI: WAET 0x000000003FFF5000 000028 (v01 VRTUAL MICROSFT 00000001 MSFT 00000001)
Apr 17 23:13:54.380298 localhost kernel: ACPI: APIC 0x000000003FFD5000 000068 (v05 HVLITE HVLITETB 00000000 MSHV 00000000)
Apr 17 23:13:54.380303 localhost kernel: ACPI: SRAT 0x000000003FFD4000 0000C0 (v03 HVLITE HVLITETB 00000000 MSHV 00000000)
Apr 17 23:13:54.380311 localhost kernel: ACPI: BGRT 0x000000003FFD3000 000038 (v01 VRTUAL MICROSFT 00000001 MSFT 00000001)
Apr 17 23:13:54.380317 localhost kernel: ACPI: Reserving FACP table memory at [mem 0x3fff8000-0x3fff8113]
Apr 17 23:13:54.380324 localhost kernel: ACPI: Reserving DSDT table memory at [mem 0x3ffd6000-0x3fff422a]
Apr 17 23:13:54.380330 localhost kernel: ACPI: Reserving FACS table memory at [mem 0x3fffe000-0x3fffe03f]
Apr 17 23:13:54.380336 localhost kernel: ACPI: Reserving OEM0 table memory at [mem 0x3fff7000-0x3fff7063]
Apr 17 23:13:54.380342 localhost kernel: ACPI: Reserving SPCR table memory at [mem 0x3fff6000-0x3fff604f]
Apr 17 23:13:54.380347 localhost kernel: ACPI: Reserving WAET table memory at [mem 0x3fff5000-0x3fff5027]
Apr 17 23:13:54.380352 localhost kernel: ACPI: Reserving APIC table memory at [mem 0x3ffd5000-0x3ffd5067]
Apr 17 23:13:54.380357 localhost kernel: ACPI: Reserving SRAT table memory at [mem 0x3ffd4000-0x3ffd40bf]
Apr 17 23:13:54.380363 localhost kernel: ACPI: Reserving BGRT table memory at [mem 0x3ffd3000-0x3ffd3037]
Apr 17 23:13:54.380369 localhost kernel: SRAT: PXM 0 -> APIC 0x00 -> Node 0
Apr 17 23:13:54.380374 localhost kernel: SRAT: PXM 0 -> APIC 0x01 -> Node 0
Apr 17 23:13:54.380379 localhost kernel: SRAT: PXM 0 -> APIC 0x02 -> Node 0
Apr 17 23:13:54.380386 localhost kernel: SRAT: PXM 0 -> APIC 0x03 -> Node 0
Apr 17 23:13:54.380391 localhost kernel: ACPI: SRAT: Node 0 PXM 0 [mem 0x00000000-0x3fffffff]
Apr 17 23:13:54.380397 localhost kernel: ACPI: SRAT: Node 0 PXM 0 [mem 0x100000000-0x4bfffffff]
Apr 17 23:13:54.380403 localhost kernel: NUMA: Node 0 [mem 0x00000000-0x3fffffff] + [mem 0x100000000-0x4bfffffff] -> [mem 0x00000000-0x4bfffffff]
Apr 17 23:13:54.380409 localhost kernel: NODE_DATA(0) allocated [mem 0x4bffd5000-0x4bfffffff]
Apr 17 23:13:54.380415 localhost kernel: Zone ranges:
Apr 17 23:13:54.380421 localhost kernel:   DMA      [mem 0x0000000000001000-0x0000000000ffffff]
Apr 17 23:13:54.380427 localhost kernel:   DMA32    [mem 0x0000000001000000-0x00000000ffffffff]
Apr 17 23:13:54.380433 localhost kernel:   Normal   [mem 0x0000000100000000-0x00000004bfffffff]
Apr 17 23:13:54.380439 localhost kernel:   Device   empty
Apr 17 23:13:54.380445 localhost kernel: Movable zone start for each node
Apr 17 23:13:54.380451 localhost kernel: Early memory node ranges
Apr 17 23:13:54.380458 localhost kernel:   node   0: [mem 0x0000000000001000-0x000000000009ffff]
Apr 17 23:13:54.380464 localhost kernel:   node   0: [mem 0x0000000000100000-0x00000000044fdfff]
Apr 17 23:13:54.380470 localhost kernel:   node   0: [mem 0x00000000048fe000-0x000000003ff1efff]
Apr 17 23:13:54.380475 localhost kernel:   node   0: [mem 0x000000003ffff000-0x000000003fffffff]
Apr 17 23:13:54.380480 localhost kernel:   node   0: [mem 0x0000000100000000-0x00000004bfffffff]
Apr 17 23:13:54.380486 localhost kernel: Initmem setup node 0 [mem 0x0000000000001000-0x00000004bfffffff]
Apr 17 23:13:54.380492 localhost kernel: On node 0, zone DMA: 1 pages in unavailable ranges
Apr 17 23:13:54.380498 localhost kernel: On node 0, zone DMA: 96 pages in unavailable ranges
Apr 17 23:13:54.380504 localhost kernel: On node 0, zone DMA32: 1024 pages in unavailable ranges
Apr 17 23:13:54.380510 localhost kernel: On node 0, zone DMA32: 224 pages in unavailable ranges
Apr 17 23:13:54.380516 localhost kernel: ACPI: PM-Timer IO Port: 0x408
Apr 17 23:13:54.380523 localhost kernel: ACPI: LAPIC_NMI (acpi_id[0x01] dfl dfl lint[0x1])
Apr 17 23:13:54.380530 localhost kernel: IOAPIC[0]: apic_id 0, version 17, address 0xfec00000, GSI 0-23
Apr 17 23:13:54.380538 localhost kernel: ACPI: INT_SRC_OVR (bus 0 bus_irq 9 global_irq 9 high level)
Apr 17 23:13:54.380544 localhost kernel: ACPI: Using ACPI (MADT) for SMP configuration information
Apr 17 23:13:54.380551 localhost kernel: e820: update [mem 0x3eab9000-0x3eabffff] usable ==> reserved
Apr 17 23:13:54.380557 localhost kernel: ACPI: SPCR: console: uart,io,0x3f8,115200
Apr 17 23:13:54.380563 localhost kernel: TSC deadline timer available
Apr 17 23:13:54.380569 localhost kernel: smpboot: Allowing 4 CPUs, 0 hotplug CPUs
Apr 17 23:13:54.380575 localhost kernel: PM: hibernation: Registered nosave memory: [mem 0x00000000-0x00000fff]
Apr 17 23:13:54.380581 localhost kernel: PM: hibernation: Registered nosave memory: [mem 0x000a0000-0x000bffff]
Apr 17 23:13:54.380587 localhost kernel: PM: hibernation: Registered nosave memory: [mem 0x000c0000-0x000fffff]
Apr 17 23:13:54.380593 localhost kernel: PM: hibernation: Registered nosave memory: [mem 0x044fe000-0x048fdfff]
Apr 17 23:13:54.380599 localhost kernel: PM: hibernation: Registered nosave memory: [mem 0x3eab9000-0x3eabffff]
Apr 17 23:13:54.380605 localhost kernel: PM: hibernation: Registered nosave memory: [mem 0x3ff1f000-0x3ffc8fff]
Apr 17 23:13:54.380613 localhost kernel: PM: hibernation: Registered nosave memory: [mem 0x3ffc9000-0x3fffafff]
Apr 17 23:13:54.380619 localhost kernel: PM: hibernation: Registered nosave memory: [mem 0x3fffb000-0x3fffefff]
Apr 17 23:13:54.380630 localhost kernel: PM: hibernation: Registered nosave memory: [mem 0x40000000-0xffffffff]
Apr 17 23:13:54.380636 localhost kernel: [mem 0x40000000-0xffffffff] available for PCI devices
Apr 17 23:13:54.380642 localhost kernel: Booting paravirtualized kernel on Hyper-V
Apr 17 23:13:54.380648 localhost kernel: clocksource: refined-jiffies: mask: 0xffffffff max_cycles: 0xffffffff, max_idle_ns: 1910969940391419 ns
Apr 17 23:13:54.380666 localhost kernel: setup_percpu: NR_CPUS:8192 nr_cpumask_bits:4 nr_cpu_ids:4 nr_node_ids:1
Apr 17 23:13:54.380673 localhost kernel: percpu: Embedded 63 pages/cpu s221184 r8192 d28672 u524288
Apr 17 23:13:54.380680 localhost kernel: pcpu-alloc: s221184 r8192 d28672 u524288 alloc=1*2097152
Apr 17 23:13:54.380686 localhost kernel: pcpu-alloc: [0] 0 1 2 3 
Apr 17 23:13:54.380695 localhost kernel: Hyper-V: PV spinlocks enabled
Apr 17 23:13:54.380701 localhost kernel: PV qspinlock hash table entries: 256 (order: 0, 4096 bytes, linear)
Apr 17 23:13:54.380708 localhost kernel: Fallback order for Node 0: 0 
Apr 17 23:13:54.380714 localhost kernel: Built 1 zonelists, mobility grouping on.  Total pages: 4125705
Apr 17 23:13:54.380720 localhost kernel: Policy zone: Normal
Apr 17 23:13:54.380728 localhost kernel: Kernel command line: BOOT_IMAGE=(hd0,gpt3)/boot/ostree/rhcos-b5ba7c1ff66769dbe17d5776141eaa0be75c53b04d1c8e2abaabd5aadc1e4a77/vmlinuz-5.14.0-427.109.1.el9_4.x86_64 rw ignition.firstboot ostree=/ostree/boot.1/rhcos/b5ba7c1ff66769dbe17d5776141eaa0be75c53b04d1c8e2abaabd5aadc1e4a77/0 ignition.platform.id=azure console=tty0 console=ttyS0,115200n8
Apr 17 23:13:54.380735 localhost kernel: Unknown kernel command line parameters "BOOT_IMAGE=(hd0,gpt3)/boot/ostree/rhcos-b5ba7c1ff66769dbe17d5776141eaa0be75c53b04d1c8e2abaabd5aadc1e4a77/vmlinuz-5.14.0-427.109.1.el9_4.x86_64 ostree=/ostree/boot.1/rhcos/b5ba7c1ff66769dbe17d5776141eaa0be75c53b04d1c8e2abaabd5aadc1e4a77/0", will be passed to user space.
Apr 17 23:13:54.380742 localhost kernel: random: crng init done
Apr 17 23:13:54.380748 localhost kernel: Dentry cache hash table entries: 2097152 (order: 12, 16777216 bytes, linear)
Apr 17 23:13:54.380755 localhost kernel: Inode-cache hash table entries: 1048576 (order: 11, 8388608 bytes, linear)
Apr 17 23:13:54.380762 localhost kernel: mem auto-init: stack:off, heap alloc:off, heap free:off
Apr 17 23:13:54.380768 localhost kernel: software IO TLB: area num 4.
Apr 17 23:13:54.380775 localhost kernel: Memory: 964696K/16771836K available (16384K kernel code, 5630K rwdata, 11768K rodata, 3900K init, 5940K bss, 551436K reserved, 0K cma-reserved)
Apr 17 23:13:54.380781 localhost kernel: SLUB: HWalign=64, Order=0-3, MinObjects=0, CPUs=4, Nodes=1
Apr 17 23:13:54.380786 localhost kernel: ftrace: allocating 46922 entries in 184 pages
Apr 17 23:13:54.380793 localhost kernel: ftrace: allocated 184 pages with 4 groups
Apr 17 23:13:54.380798 localhost kernel: Dynamic Preempt: voluntary
Apr 17 23:13:54.380804 localhost kernel: rcu: Preemptible hierarchical RCU implementation.
Apr 17 23:13:54.380812 localhost kernel: rcu:         RCU restricting CPUs from NR_CPUS=8192 to nr_cpu_ids=4.
Apr 17 23:13:54.380818 localhost kernel:         Trampoline variant of Tasks RCU enabled.
Apr 17 23:13:54.380824 localhost kernel:         Rude variant of Tasks RCU enabled.
Apr 17 23:13:54.380830 localhost kernel:         Tracing variant of Tasks RCU enabled.
Apr 17 23:13:54.380837 localhost kernel: rcu: RCU calculated value of scheduler-enlistment delay is 100 jiffies.
Apr 17 23:13:54.380843 localhost kernel: rcu: Adjusting geometry for rcu_fanout_leaf=16, nr_cpu_ids=4
Apr 17 23:13:54.380849 localhost kernel: RCU Tasks: Setting shift to 2 and lim to 1 rcu_task_cb_adjust=1.
Apr 17 23:13:54.380855 localhost kernel: RCU Tasks Rude: Setting shift to 2 and lim to 1 rcu_task_cb_adjust=1.
Apr 17 23:13:54.380861 localhost kernel: RCU Tasks Trace: Setting shift to 2 and lim to 1 rcu_task_cb_adjust=1.
Apr 17 23:13:54.380867 localhost kernel: Using NULL legacy PIC
Apr 17 23:13:54.380873 localhost kernel: NR_IRQS: 524544, nr_irqs: 456, preallocated irqs: 0
Apr 17 23:13:54.380879 localhost kernel: rcu: srcu_init: Setting srcu_struct sizes based on contention.
Apr 17 23:13:54.380885 localhost kernel: kfence: initialized - using 2097152 bytes for 255 objects at 0x(____ptrval____)-0x(____ptrval____)
Apr 17 23:13:54.380891 localhost kernel: Console: colour dummy device 80x25
Apr 17 23:13:54.380897 localhost kernel: printk: console [tty0] enabled
Apr 17 23:13:54.380903 localhost kernel: printk: console [ttyS0] enabled
Apr 17 23:13:54.380910 localhost kernel: ACPI: Core revision 20221020
Apr 17 23:13:54.380916 localhost kernel: Failed to register legacy timer interrupt
Apr 17 23:13:54.380922 localhost kernel: APIC: Switch to symmetric I/O mode setup
Apr 17 23:13:54.380928 localhost kernel: x2apic enabled
Apr 17 23:13:54.380934 localhost kernel: Switched APIC routing to physical x2apic.
Apr 17 23:13:54.380941 localhost kernel: Hyper-V: enabling crash_kexec_post_notifiers
Apr 17 23:13:54.380947 localhost kernel: Hyper-V: Using IPI hypercalls
Apr 17 23:13:54.380953 localhost kernel: clocksource: tsc-early: mask: 0xffffffffffffffff max_cycles: 0x212735f0517, max_idle_ns: 440795237604 ns
Apr 17 23:13:54.380960 localhost kernel: Calibrating delay loop (skipped), value calculated using timer frequency.. 4600.00 BogoMIPS (lpj=2300001)
Apr 17 23:13:54.380967 localhost kernel: pid_max: default: 32768 minimum: 301
Apr 17 23:13:54.380973 localhost kernel: LSM: initializing lsm=lockdown,capability,yama,integrity,selinux,bpf
Apr 17 23:13:54.380980 localhost kernel: Yama: becoming mindful.
Apr 17 23:13:54.380987 localhost kernel: SELinux:  Initializing.
Apr 17 23:13:54.380993 localhost kernel: LSM support for eBPF active
Apr 17 23:13:54.381000 localhost kernel: Mount-cache hash table entries: 32768 (order: 6, 262144 bytes, linear)
Apr 17 23:13:54.381006 localhost kernel: Mountpoint-cache hash table entries: 32768 (order: 6, 262144 bytes, linear)
Apr 17 23:13:54.381012 localhost kernel: x86/cpu: User Mode Instruction Prevention (UMIP) activated
Apr 17 23:13:54.381018 localhost kernel: Last level iTLB entries: 4KB 0, 2MB 0, 4MB 0
Apr 17 23:13:54.381024 localhost kernel: Last level dTLB entries: 4KB 0, 2MB 0, 4MB 0, 1GB 0
Apr 17 23:13:54.381030 localhost kernel: Spectre V1 : Mitigation: usercopy/swapgs barriers and __user pointer sanitization
Apr 17 23:13:54.381036 localhost kernel: Spectre V2 : Mitigation: Retpolines
Apr 17 23:13:54.381043 localhost kernel: Spectre V2 : Spectre v2 / SpectreRSB mitigation: Filling RSB on context switch
Apr 17 23:13:54.381049 localhost kernel: Spectre V2 : Spectre v2 / SpectreRSB : Filling RSB on VMEXIT
Apr 17 23:13:54.381055 localhost kernel: RETBleed: WARNING: Spectre v2 mitigation leaves CPU vulnerable to RETBleed attacks, data leaks possible!
Apr 17 23:13:54.381061 localhost kernel: RETBleed: Vulnerable
Apr 17 23:13:54.381067 localhost kernel: Speculative Store Bypass: Vulnerable
Apr 17 23:13:54.381073 localhost kernel: Freeing SMP alternatives memory: 36K
Apr 17 23:13:54.381079 localhost kernel: smpboot: CPU0: Intel INTEL(R) XEON(R) PLATINUM 8573C (family: 0x6, model: 0xcf, stepping: 0x2)
Apr 17 23:13:54.381087 localhost kernel: Performance Events: unsupported p6 CPU model 207 no PMU driver, software events only.
Apr 17 23:13:54.381093 localhost kernel: rcu: Hierarchical SRCU implementation.
Apr 17 23:13:54.381100 localhost kernel: rcu:         Max phase no-delay instances is 400.
Apr 17 23:13:54.381106 localhost kernel: NMI watchdog: Perf NMI watchdog permanently disabled
Apr 17 23:13:54.381112 localhost kernel: smp: Bringing up secondary CPUs ...
Apr 17 23:13:54.381118 localhost kernel: x86: Booting SMP configuration:
Apr 17 23:13:54.381125 localhost kernel: .... node  #0, CPUs:      #1 #2 #3
Apr 17 23:13:54.381131 localhost kernel: smp: Brought up 1 node, 4 CPUs
Apr 17 23:13:54.381138 localhost kernel: smpboot: Max logical packages: 1
Apr 17 23:13:54.381144 localhost kernel: smpboot: Total of 4 processors activated (18400.00 BogoMIPS)
Apr 17 23:13:54.381150 localhost kernel: node 0 deferred pages initialised in 20ms
Apr 17 23:13:54.381157 localhost kernel: devtmpfs: initialized
Apr 17 23:13:54.381165 localhost kernel: x86/mm: Memory block size: 128MB
Apr 17 23:13:54.381171 localhost kernel: ACPI: PM: Registering ACPI NVS region [mem 0x3fffb000-0x3fffefff] (16384 bytes)
Apr 17 23:13:54.381178 localhost kernel: clocksource: jiffies: mask: 0xffffffff max_cycles: 0xffffffff, max_idle_ns: 1911260446275000 ns
Apr 17 23:13:54.381184 localhost kernel: futex hash table entries: 1024 (order: 4, 65536 bytes, linear)
Apr 17 23:13:54.381190 localhost kernel: pinctrl core: initialized pinctrl subsystem
Apr 17 23:13:54.381196 localhost kernel: NET: Registered PF_NETLINK/PF_ROUTE protocol family
Apr 17 23:13:54.381203 localhost kernel: DMA: preallocated 2048 KiB GFP_KERNEL pool for atomic allocations
Apr 17 23:13:54.381209 localhost kernel: DMA: preallocated 2048 KiB GFP_KERNEL|GFP_DMA pool for atomic allocations
Apr 17 23:13:54.381216 localhost kernel: DMA: preallocated 2048 KiB GFP_KERNEL|GFP_DMA32 pool for atomic allocations
Apr 17 23:13:54.381222 localhost kernel: audit: initializing netlink subsys (disabled)
Apr 17 23:13:54.381229 localhost kernel: audit: type=2000 audit(1776467631.459:1): state=initialized audit_enabled=0 res=1
Apr 17 23:13:54.381237 localhost kernel: thermal_sys: Registered thermal governor 'fair_share'
Apr 17 23:13:54.381244 localhost kernel: thermal_sys: Registered thermal governor 'step_wise'
Apr 17 23:13:54.381251 localhost kernel: thermal_sys: Registered thermal governor 'user_space'
Apr 17 23:13:54.381257 localhost kernel: cpuidle: using governor menu
Apr 17 23:13:54.381263 localhost kernel: acpiphp: ACPI Hot Plug PCI Controller Driver version: 0.5
Apr 17 23:13:54.381270 localhost kernel: e820: reserve RAM buffer [mem 0x044fe000-0x07ffffff]
Apr 17 23:13:54.381276 localhost kernel: e820: reserve RAM buffer [mem 0x3eab9000-0x3fffffff]
Apr 17 23:13:54.381282 localhost kernel: e820: reserve RAM buffer [mem 0x3ff1f000-0x3fffffff]
Apr 17 23:13:54.381288 localhost kernel: kprobes: kprobe jump-optimization is enabled. All kprobes are optimized if possible.
Apr 17 23:13:54.381295 localhost kernel: HugeTLB: registered 1.00 GiB page size, pre-allocated 0 pages
Apr 17 23:13:54.381301 localhost kernel: HugeTLB: 16380 KiB vmemmap can be freed for a 1.00 GiB page
Apr 17 23:13:54.381307 localhost kernel: HugeTLB: registered 2.00 MiB page size, pre-allocated 0 pages
Apr 17 23:13:54.381315 localhost kernel: HugeTLB: 28 KiB vmemmap can be freed for a 2.00 MiB page
Apr 17 23:13:54.381321 localhost kernel: cryptd: max_cpu_qlen set to 1000
Apr 17 23:13:54.381328 localhost kernel: ACPI: Added _OSI(Module Device)
Apr 17 23:13:54.381334 localhost kernel: ACPI: Added _OSI(Processor Device)
Apr 17 23:13:54.381340 localhost kernel: ACPI: Added _OSI(3.0 _SCP Extensions)
Apr 17 23:13:54.381347 localhost kernel: ACPI: Added _OSI(Processor Aggregator Device)
Apr 17 23:13:54.381353 localhost kernel: ACPI: Added _OSI(Linux-Dell-Video)
Apr 17 23:13:54.381359 localhost kernel: ACPI: Added _OSI(Linux-Lenovo-NV-HDMI-Audio)
Apr 17 23:13:54.381366 localhost kernel: ACPI: Added _OSI(Linux-HPI-Hybrid-Graphics)
Apr 17 23:13:54.381372 localhost kernel: ACPI: 1 ACPI AML tables successfully acquired and loaded
Apr 17 23:13:54.381378 localhost kernel: ACPI: Interpreter enabled
Apr 17 23:13:54.381384 localhost kernel: ACPI: PM: (supports S0 S5)
Apr 17 23:13:54.381392 localhost kernel: ACPI: Using IOAPIC for interrupt routing
Apr 17 23:13:54.381398 localhost kernel: PCI: Using host bridge windows from ACPI; if necessary, use "pci=nocrs" and report a bug
Apr 17 23:13:54.381405 localhost kernel: PCI: Ignoring E820 reservations for host bridge windows
Apr 17 23:13:54.381411 localhost kernel: ACPI: Enabled 1 GPEs in block 00 to 0F
Apr 17 23:13:54.381417 localhost kernel: iommu: Default domain type: Translated
Apr 17 23:13:54.381423 localhost kernel: iommu: DMA domain TLB invalidation policy: lazy mode
Apr 17 23:13:54.381429 localhost kernel: SCSI subsystem initialized
Apr 17 23:13:54.381435 localhost kernel: ACPI: bus type USB registered
Apr 17 23:13:54.381442 localhost kernel: usbcore: registered new interface driver usbfs
Apr 17 23:13:54.381448 localhost kernel: usbcore: registered new interface driver hub
Apr 17 23:13:54.381454 localhost kernel: usbcore: registered new device driver usb
Apr 17 23:13:54.381460 localhost kernel: pps_core: LinuxPPS API ver. 1 registered
Apr 17 23:13:54.381468 localhost kernel: pps_core: Software ver. 5.3.6 - Copyright 2005-2007 Rodolfo Giometti <giometti@linux.it>
Apr 17 23:13:54.381474 localhost kernel: PTP clock support registered
Apr 17 23:13:54.381480 localhost kernel: EDAC MC: Ver: 3.0.0
Apr 17 23:13:54.381487 localhost kernel: Registered efivars operations
Apr 17 23:13:54.381493 localhost kernel: NetLabel: Initializing
Apr 17 23:13:54.381499 localhost kernel: NetLabel:  domain hash size = 128
Apr 17 23:13:54.381506 localhost kernel: NetLabel:  protocols = UNLABELED CIPSOv4 CALIPSO
Apr 17 23:13:54.381512 localhost kernel: NetLabel:  unlabeled traffic allowed by default
Apr 17 23:13:54.381519 localhost kernel: PCI: Using ACPI for IRQ routing
Apr 17 23:13:54.381525 localhost kernel: PCI: System does not support PCI
Apr 17 23:13:54.381531 localhost kernel: vgaarb: loaded
Apr 17 23:13:54.381538 localhost kernel: clocksource: Switched to clocksource tsc-early
Apr 17 23:13:54.381546 localhost kernel: VFS: Disk quotas dquot_6.6.0
Apr 17 23:13:54.381552 localhost kernel: VFS: Dquot-cache hash table entries: 512 (order 0, 4096 bytes)
Apr 17 23:13:54.381559 localhost kernel: pnp: PnP ACPI init
Apr 17 23:13:54.381564 localhost kernel: pnp: PnP ACPI: found 3 devices
Apr 17 23:13:54.381571 localhost kernel: clocksource: acpi_pm: mask: 0xffffff max_cycles: 0xffffff, max_idle_ns: 2085701024 ns
Apr 17 23:13:54.381577 localhost kernel: NET: Registered PF_INET protocol family
Apr 17 23:13:54.381584 localhost kernel: IP idents hash table entries: 262144 (order: 9, 2097152 bytes, linear)
Apr 17 23:13:54.381590 localhost kernel: tcp_listen_portaddr_hash hash table entries: 8192 (order: 5, 131072 bytes, linear)
Apr 17 23:13:54.381597 localhost kernel: Table-perturb hash table entries: 65536 (order: 6, 262144 bytes, linear)
Apr 17 23:13:54.381603 localhost kernel: TCP established hash table entries: 131072 (order: 8, 1048576 bytes, linear)
Apr 17 23:13:54.381609 localhost kernel: TCP bind hash table entries: 65536 (order: 8, 1048576 bytes, linear)
Apr 17 23:13:54.381618 localhost kernel: TCP: Hash tables configured (established 131072 bind 65536)
Apr 17 23:13:54.381624 localhost kernel: MPTCP token hash table entries: 16384 (order: 6, 393216 bytes, linear)
Apr 17 23:13:54.381630 localhost kernel: UDP hash table entries: 8192 (order: 6, 262144 bytes, linear)
Apr 17 23:13:54.381637 localhost kernel: UDP-Lite hash table entries: 8192 (order: 6, 262144 bytes, linear)
Apr 17 23:13:54.381643 localhost kernel: NET: Registered PF_UNIX/PF_LOCAL protocol family
Apr 17 23:13:54.381650 localhost kernel: NET: Registered PF_XDP protocol family
Apr 17 23:13:54.381665 localhost kernel: PCI: CLS 0 bytes, default 64
Apr 17 23:13:54.381672 localhost kernel: PCI-DMA: Using software bounce buffering for IO (SWIOTLB)
Apr 17 23:13:54.381678 localhost kernel: Trying to unpack rootfs image as initramfs...
Apr 17 23:13:54.381685 localhost kernel: software IO TLB: mapped [mem 0x00000000381a4000-0x000000003c1a4000] (64MB)
Apr 17 23:13:54.381691 localhost kernel: ACPI: bus type thunderbolt registered
Apr 17 23:13:54.381697 localhost kernel: Initialise system trusted keyrings
Apr 17 23:13:54.381705 localhost kernel: Key type blacklist registered
Apr 17 23:13:54.381712 localhost kernel: workingset: timestamp_bits=36 max_order=22 bucket_order=0
Apr 17 23:13:54.381718 localhost kernel: zbud: loaded
Apr 17 23:13:54.381725 localhost kernel: integrity: Platform Keyring initialized
Apr 17 23:13:54.381731 localhost kernel: integrity: Machine keyring initialized
Apr 17 23:13:54.381737 localhost kernel: NET: Registered PF_ALG protocol family
Apr 17 23:13:54.381744 localhost kernel: xor: automatically using best checksumming function   avx       
Apr 17 23:13:54.381750 localhost kernel: Key type asymmetric registered
Apr 17 23:13:54.381757 localhost kernel: Asymmetric key parser 'x509' registered
Apr 17 23:13:54.381764 localhost kernel: Block layer SCSI generic (bsg) driver version 0.4 loaded (major 246)
Apr 17 23:13:54.381770 localhost kernel: io scheduler mq-deadline registered
Apr 17 23:13:54.381778 localhost kernel: io scheduler kyber registered
Apr 17 23:13:54.381785 localhost kernel: io scheduler bfq registered
Apr 17 23:13:54.381791 localhost kernel: atomic64_test: passed for x86-64 platform with CX8 and with SSE
Apr 17 23:13:54.381797 localhost kernel: shpchp: Standard Hot Plug PCI Controller Driver version: 0.4
Apr 17 23:13:54.381804 localhost kernel: Serial: 8250/16550 driver, 4 ports, IRQ sharing enabled
Apr 17 23:13:54.381810 localhost kernel: 00:00: ttyS0 at I/O 0x3f8 (irq = 4, base_baud = 115200) is a 16550A
Apr 17 23:13:54.381817 localhost kernel: 00:01: ttyS1 at I/O 0x2f8 (irq = 3, base_baud = 115200) is a 16550A
Apr 17 23:13:54.381823 localhost kernel: serial8250: ttyS2 at I/O 0x3e8 (irq = 4, base_baud = 115200) is a 16550A
Apr 17 23:13:54.381829 localhost kernel: Non-volatile memory driver v1.3
Apr 17 23:13:54.381836 localhost kernel: rdac: device handler registered
Apr 17 23:13:54.381842 localhost kernel: hp_sw: device handler registered
Apr 17 23:13:54.381848 localhost kernel: emc: device handler registered
Apr 17 23:13:54.381856 localhost kernel: alua: device handler registered
Apr 17 23:13:54.381863 localhost kernel: usbcore: registered new interface driver usbserial_generic
Apr 17 23:13:54.381869 localhost kernel: usbserial: USB Serial support registered for generic
Apr 17 23:13:54.381875 localhost kernel: i8042: PNP: No PS/2 controller found.
Apr 17 23:13:54.381882 localhost kernel: mousedev: PS/2 mouse device common for all mice
Apr 17 23:13:54.382031 localhost kernel: rtc_cmos 00:02: registered as rtc0
Apr 17 23:13:54.382109 localhost kernel: rtc_cmos 00:02: setting system clock to 2026-04-17T23:13:53 UTC (1776467633)
Apr 17 23:13:54.382179 localhost kernel: rtc_cmos 00:02: alarms up to one month, 114 bytes nvram
Apr 17 23:13:54.382187 localhost kernel: intel_pstate: Intel P-state driver initializing
Apr 17 23:13:54.382195 localhost kernel: efifb: probing for efifb
Apr 17 23:13:54.382202 localhost kernel: efifb: framebuffer at 0x40000000, using 3072k, total 3072k
Apr 17 23:13:54.382209 localhost kernel: efifb: mode is 1024x768x32, linelength=4096, pages=1
Apr 17 23:13:54.382215 localhost kernel: efifb: scrolling: redraw
Apr 17 23:13:54.382221 localhost kernel: efifb: Truecolor: size=8:8:8:8, shift=24:16:8:0
Apr 17 23:13:54.382228 localhost kernel: Console: switching to colour frame buffer device 128x48
Apr 17 23:13:54.382234 localhost kernel: fb0: EFI VGA frame buffer device
Apr 17 23:13:54.382240 localhost kernel: EFI Variables Facility v0.08 2004-May-17
Apr 17 23:13:54.382245 localhost kernel: hid: raw HID events driver (C) Jiri Kosina
Apr 17 23:13:54.382252 localhost kernel: usbcore: registered new interface driver usbhid
Apr 17 23:13:54.382257 localhost kernel: usbhid: USB HID core driver
Apr 17 23:13:54.382264 localhost kernel: drop_monitor: Initializing network drop monitor service
Apr 17 23:13:54.382270 localhost kernel: Initializing XFRM netlink socket
Apr 17 23:13:54.382278 localhost kernel: NET: Registered PF_INET6 protocol family
Apr 17 23:13:54.382284 localhost kernel: Freeing initrd memory: 98480K
Apr 17 23:13:54.382291 localhost kernel: Segment Routing with IPv6
Apr 17 23:13:54.382297 localhost kernel: NET: Registered PF_PACKET protocol family
Apr 17 23:13:54.382304 localhost kernel: mpls_gso: MPLS GSO support
Apr 17 23:13:54.382311 localhost kernel: IPI shorthand broadcast: enabled
Apr 17 23:13:54.382317 localhost kernel: AVX2 version of gcm_enc/dec engaged.
Apr 17 23:13:54.382323 localhost kernel: AES CTR mode by8 optimization enabled
Apr 17 23:13:54.382330 localhost kernel: sched_clock: Marking stable (1256504494, 852953575)->(2293265047, -183806978)
Apr 17 23:13:54.382337 localhost kernel: registered taskstats version 1
Apr 17 23:13:54.382343 localhost kernel: Loading compiled-in X.509 certificates
Apr 17 23:13:54.382349 localhost kernel: Loaded X.509 cert 'Red Hat Enterprise Linux kernel signing key: 472b59d4409ea800f73392e482c074af803cf59b'
Apr 17 23:13:54.382357 localhost kernel: Loaded X.509 cert 'Red Hat Enterprise Linux Driver Update Program (key 3): bf57f3e87362bc7229d9f465321773dfd1f77a80'
Apr 17 23:13:54.382364 localhost kernel: Loaded X.509 cert 'Red Hat Enterprise Linux kpatch signing key: 4d38fd864ebe18c5f0b72e3852e2014c3a676fc8'
Apr 17 23:13:54.382370 localhost kernel: Loaded X.509 cert 'RH-IMA-CA: Red Hat IMA CA: fb31825dd0e073685b264e3038963673f753959a'
Apr 17 23:13:54.382377 localhost kernel: Loaded X.509 cert 'Nvidia GPU OOT signing 001: 55e1cef88193e60419f0b0ec379c49f77545acf0'
Apr 17 23:13:54.382383 localhost kernel: zswap: loaded using pool lzo/zbud
Apr 17 23:13:54.382390 localhost kernel: page_owner is disabled
Apr 17 23:13:54.382396 localhost kernel: Key type big_key registered
Apr 17 23:13:54.382402 localhost kernel: Key type encrypted registered
Apr 17 23:13:54.382409 localhost kernel: integrity: Loading X.509 certificate: UEFI:db
Apr 17 23:13:54.382416 localhost kernel: integrity: Loaded X.509 cert 'Microsoft Windows Production PCA 2011: a92902398e16c49778cd90f99e4f9ae17c55af53'
Apr 17 23:13:54.382422 localhost kernel: integrity: Loading X.509 certificate: UEFI:db
Apr 17 23:13:54.382429 localhost kernel: integrity: Loaded X.509 cert 'Microsoft Corporation: Windows UEFI CA 2023: aefc5fbbbe055d8f8daa585473499417ab5a5272'
Apr 17 23:13:54.382438 localhost kernel: integrity: Loading X.509 certificate: UEFI:MokListRT (MOKvar table)
Apr 17 23:13:54.382453 localhost kernel: integrity: Loading X.509 certificate: UEFI:MokListRT (MOKvar table)
Apr 17 23:13:54.382460 localhost kernel: integrity: Loaded X.509 cert 'Red Hat Secure Boot CA 5: cc6fa5e72868ba494e939bbd680b9144769a9f8f'
Apr 17 23:13:54.382466 localhost kernel: integrity: Loading X.509 certificate: UEFI:MokListRT (MOKvar table)
Apr 17 23:13:54.382472 localhost kernel: integrity: Loading X.509 certificate: UEFI:MokListRT (MOKvar table)
Apr 17 23:13:54.382479 localhost kernel: integrity: Loaded X.509 cert 'Red Hat Secure Boot CA 8: e1c6c580aa1e21d585aad9bf20f3929e5ec1f08b'
Apr 17 23:13:54.382487 localhost kernel: ima: No TPM chip found, activating TPM-bypass!
Apr 17 23:13:54.382493 localhost kernel: Loading compiled-in module X.509 certificates
Apr 17 23:13:54.382499 localhost kernel: Loaded X.509 cert 'Red Hat Enterprise Linux kernel signing key: 472b59d4409ea800f73392e482c074af803cf59b'
Apr 17 23:13:54.382505 localhost kernel: ima: Allocated hash algorithm: sha256
Apr 17 23:13:54.382513 localhost kernel: ima: No architecture policies found
Apr 17 23:13:54.382520 localhost kernel: evm: Initialising EVM extended attributes:
Apr 17 23:13:54.382526 localhost kernel: evm: security.selinux
Apr 17 23:13:54.382533 localhost kernel: evm: security.SMACK64 (disabled)
Apr 17 23:13:54.382559 localhost kernel: evm: security.SMACK64EXEC (disabled)
Apr 17 23:13:54.382566 localhost kernel: evm: security.SMACK64TRANSMUTE (disabled)
Apr 17 23:13:54.382573 localhost kernel: evm: security.SMACK64MMAP (disabled)
Apr 17 23:13:54.382579 localhost kernel: evm: security.apparmor (disabled)
Apr 17 23:13:54.382587 localhost kernel: evm: security.ima
Apr 17 23:13:54.382594 localhost kernel: evm: security.capability
Apr 17 23:13:54.382600 localhost kernel: evm: HMAC attrs: 0x1
Apr 17 23:13:54.382607 localhost kernel: Running certificate verification RSA selftest
Apr 17 23:13:54.382613 localhost kernel: Loaded X.509 cert 'Certificate verification self-testing key: f58703bb33ce1b73ee02eccdee5b8817518fe3db'
Apr 17 23:13:54.382620 localhost kernel: Running certificate verification ECDSA selftest
Apr 17 23:13:54.382626 localhost kernel: Loaded X.509 cert 'Certificate verification ECDSA self-testing key: 2900bcea1deb7bc8479a84a23d758efdfdd2b2d3'
Apr 17 23:13:54.382633 localhost kernel: Freeing unused decrypted memory: 2028K
Apr 17 23:13:54.382639 localhost kernel: Freeing unused kernel image (initmem) memory: 3900K
Apr 17 23:13:54.382645 localhost kernel: Write protecting the kernel read-only data: 28672k
Apr 17 23:13:54.382704 localhost kernel: Freeing unused kernel image (rodata/data gap) memory: 520K
Apr 17 23:13:54.382711 localhost kernel: x86/mm: Checked W+X mappings: passed, no W+X pages found.
Apr 17 23:13:54.382719 localhost kernel: Run /init as init process
Apr 17 23:13:54.382726 localhost kernel:   with arguments:
Apr 17 23:13:54.382732 localhost kernel:     /init
Apr 17 23:13:54.382739 localhost kernel:   with environment:
Apr 17 23:13:54.382745 localhost kernel:     HOME=/
Apr 17 23:13:54.382751 localhost kernel:     TERM=linux
Apr 17 23:13:54.382759 localhost kernel:     BOOT_IMAGE=(hd0,gpt3)/boot/ostree/rhcos-b5ba7c1ff66769dbe17d5776141eaa0be75c53b04d1c8e2abaabd5aadc1e4a77/vmlinuz-5.14.0-427.109.1.el9_4.x86_64
Apr 17 23:13:54.382765 localhost kernel:     ostree=/ostree/boot.1/rhcos/b5ba7c1ff66769dbe17d5776141eaa0be75c53b04d1c8e2abaabd5aadc1e4a77/0
Apr 17 23:13:54.382808 localhost systemd-journald[325]: Journal started
Apr 17 23:13:54.382855 localhost systemd-journald[325]: Runtime Journal (/run/log/journal/79bada91495a45ea831e4f8b379771f0) is 8.0M, max 319.7M, 311.7M free.
Apr 17 23:13:54.384955 localhost systemd-sysusers[327]: Creating group 'nobody' with GID 65534.
Apr 17 23:13:54.388351 localhost systemd-journald[325]: Missed 36 kernel messages
Apr 17 23:13:54.388351 localhost kernel: tsc: Refined TSC clocksource calibration: 2300.001 MHz
Apr 17 23:13:54.389685 localhost kernel: clocksource: tsc: mask: 0xffffffffffffffff max_cycles: 0x212735f0517, max_idle_ns: 440795237604 ns
Apr 17 23:13:54.389721 localhost kernel: clocksource: Switched to clocksource tsc
Apr 17 23:13:54.391724 localhost systemd[1]: Finished Afterburn Initrd Setup Network Kernel Arguments.
Apr 17 23:13:54.393243 localhost systemd[1]: Finished CoreOS: Touch /run/agetty.reload.
Apr 17 23:13:54.394545 localhost systemd[1]: Finished Create List of Static Device Nodes.
Apr 17 23:13:54.395801 localhost systemd[1]: Finished Setup Virtual Console.
Apr 17 23:13:54.400566 localhost systemd-modules-load[326]: Inserted module 'fuse'
Apr 17 23:13:54.416237 localhost systemd-journald[325]: Missed 4 kernel messages
Apr 17 23:13:54.416237 localhost kernel: fuse: init (API version 7.36)
Apr 17 23:13:54.400632 localhost systemd-modules-load[326]: Module 'msr' is built in
Apr 17 23:13:54.414866 localhost systemd[1]: Starting dracut ask for additional cmdline parameters...
Apr 17 23:13:54.417644 localhost systemd[1]: Finished Load Kernel Modules.
Apr 17 23:13:54.418968 localhost systemd[1]: Starting Apply Kernel Variables...
Apr 17 23:13:54.422525 localhost systemd-sysusers[327]: Creating group 'sgx' with GID 999.
Apr 17 23:13:54.424152 localhost systemd-sysusers[327]: Creating group 'users' with GID 100.
Apr 17 23:13:54.425199 localhost systemd[1]: Finished Apply Kernel Variables.
Apr 17 23:13:54.425875 localhost systemd-sysusers[327]: Creating group 'root' with GID 998.
Apr 17 23:13:54.426526 localhost systemd-sysusers[327]: Creating group 'dbus' with GID 81.
Apr 17 23:13:54.426975 localhost systemd-sysusers[327]: Creating user 'dbus' (System Message Bus) with UID 81 and GID 81.
Apr 17 23:13:54.427963 localhost systemd[1]: Finished Create System Users.
Apr 17 23:13:54.440883 localhost systemd[1]: Starting Create Static Device Nodes in /dev...
Apr 17 23:13:54.445259 localhost systemd[1]: Starting Create Volatile Files and Directories...
Apr 17 23:13:54.449802 localhost systemd[1]: Finished dracut ask for additional cmdline parameters.
Apr 17 23:13:54.454932 localhost systemd[1]: Finished Create Static Device Nodes in /dev.
Apr 17 23:13:54.456366 localhost systemd[1]: Finished Create Volatile Files and Directories.
Apr 17 23:13:54.466792 localhost systemd[1]: Starting dracut cmdline hook...
Apr 17 23:13:54.473905 localhost dracut-cmdline[354]: dracut-418.94.202602022246-0 dracut-057-54.git20250423.el9_4.2
Apr 17 23:13:54.476190 localhost dracut-cmdline[354]: Using kernel command line parameters:  ip=auto   BOOT_IMAGE=(hd0,gpt3)/boot/ostree/rhcos-b5ba7c1ff66769dbe17d5776141eaa0be75c53b04d1c8e2abaabd5aadc1e4a77/vmlinuz-5.14.0-427.109.1.el9_4.x86_64 rw ignition.firstboot ostree=/ostree/boot.1/rhcos/b5ba7c1ff66769dbe17d5776141eaa0be75c53b04d1c8e2abaabd5aadc1e4a77/0 ignition.platform.id=azure console=tty0 console=ttyS0,115200n8
Apr 17 23:13:54.531689 localhost systemd-journald[325]: Missed 20 kernel messages
Apr 17 23:13:54.531689 localhost kernel: Loading iSCSI transport class v2.0-870.
Apr 17 23:13:54.542688 localhost kernel: iscsi: registered transport (tcp)
Apr 17 23:13:54.560668 localhost kernel: Warning: Deprecated Driver is detected: qla4xxx will not be maintained in a future major release and may be disabled
Apr 17 23:13:54.566798 localhost kernel: iscsi: registered transport (qla4xxx)
Apr 17 23:13:54.566807 localhost kernel: QLogic iSCSI HBA Driver
Apr 17 23:13:54.575674 localhost kernel: libcxgbi:libcxgbi_init_module: Chelsio iSCSI driver library libcxgbi v0.9.1-ko (Apr. 2015)
Apr 17 23:13:54.621316 localhost kernel: Chelsio T4-T6 iSCSI Driver cxgb4i v0.9.5-ko (Apr. 2015)
Apr 17 23:13:54.621351 localhost kernel: iscsi: registered transport (cxgb4i)
Apr 17 23:13:54.629673 localhost kernel: cnic: QLogic cnicDriver v2.5.22 (July 20, 2015)
Apr 17 23:13:54.636675 localhost kernel: QLogic NetXtreme II iSCSI Driver bnx2i v2.7.10.1 (Jul 16, 2014)
Apr 17 23:13:54.636704 localhost kernel: iscsi: registered transport (bnx2i)
Apr 17 23:13:54.647173 localhost kernel: iscsi: registered transport (be2iscsi)
Apr 17 23:13:54.647186 localhost kernel: In beiscsi_module_init, tt=00000000e69b506f
Apr 17 23:13:54.726937 localhost systemd[1]: Finished dracut cmdline hook.
Apr 17 23:13:54.744837 localhost systemd[1]: Starting dracut pre-udev hook...
Apr 17 23:13:54.770672 localhost systemd-journald[325]: Missed 2 kernel messages
Apr 17 23:13:54.770672 localhost kernel: device-mapper: core: CONFIG_IMA_DISABLE_HTABLE is disabled. Duplicate IMA measurements will not be recorded in the IMA log.
Apr 17 23:13:54.770745 localhost kernel: device-mapper: uevent: version 1.0.3
Apr 17 23:13:54.770753 localhost kernel: device-mapper: ioctl: 4.48.1-ioctl (2025-04-28) initialised: dm-devel@redhat.com
Apr 17 23:13:54.786836 localhost systemd[1]: Finished dracut pre-udev hook.
Apr 17 23:13:54.799866 localhost systemd[1]: Starting Rule-based Manager for Device Events and Files...
Apr 17 23:13:54.809582 localhost systemd-udevd[539]: Using default interface naming scheme 'rhel-9.0'.
Apr 17 23:13:54.813386 localhost systemd[1]: Started Rule-based Manager for Device Events and Files.
Apr 17 23:13:54.819584 localhost systemd[1]: Starting dracut pre-trigger hook...
Apr 17 23:13:54.828240 localhost dracut-pre-trigger[549]: rd.md=0: removing MD RAID activation
Apr 17 23:13:54.845781 localhost systemd[1]: Finished dracut pre-trigger hook.
Apr 17 23:13:54.857792 localhost systemd[1]: Starting Coldplug All udev Devices...
Apr 17 23:13:54.889983 localhost systemd[1]: sys-module-fuse.device: Failed to enqueue SYSTEMD_WANTS= job, ignoring: Unit sys-fs-fuse-connections.mount not found.
Apr 17 23:13:54.892035 localhost systemd[1]: Finished Coldplug All udev Devices.
Apr 17 23:13:54.905810 localhost systemd[1]: Starting Wait for udev To Complete Device Initialization...
Apr 17 23:13:54.912709 localhost udevadm[594]: systemd-udev-settle.service is deprecated. Please fix multipathd-configure.service not to pull it in.
Apr 17 23:13:54.927013 localhost systemd-journald[325]: Missed 12 kernel messages
Apr 17 23:13:54.927013 localhost kernel: hv_vmbus: Vmbus version:5.3
Apr 17 23:13:54.941673 localhost kernel: hv_utils: Registering HyperV Utility Driver
Apr 17 23:13:54.943850 localhost kernel: hv_vmbus: registering driver hv_utils
Apr 17 23:13:54.948375 localhost kernel: hv_utils: Shutdown IC version 3.2
Apr 17 23:13:54.948461 localhost kernel: hv_utils: Heartbeat IC version 3.0
Apr 17 23:13:54.948593 localhost kernel: hv_vmbus: registering driver hid_hyperv
Apr 17 23:13:54.953580 localhost kernel: hv_utils: TimeSync IC version 4.0
Apr 17 23:13:55.162710 localhost kernel: hv_vmbus: registering driver hv_pci
Apr 17 23:13:55.164730 localhost kernel: input: Microsoft Vmbus HID-compliant Mouse as /devices/0006:045E:0621.0001/input/input0
Apr 17 23:13:55.164879 localhost kernel: hv_vmbus: registering driver hyperv_keyboard
Apr 17 23:13:55.169317 localhost kernel: hid-generic 0006:045E:0621.0001: input: VIRTUAL HID v0.01 Mouse [Microsoft Vmbus HID-compliant Mouse] on 
Apr 17 23:13:55.171800 localhost kernel: hv_vmbus: registering driver hv_netvsc
Apr 17 23:13:55.171888 localhost kernel: input: AT Translated Set 2 keyboard as /devices/LNXSYSTM:00/LNXSYBUS:00/ACPI0004:00/MSFT1000:00/d34b2567-b9b6-42b9-8778-0a4ec0b955bf/serio0/input/input1
Apr 17 23:13:55.172783 localhost kernel: hv_pci 7ad35d50-c05b-47ab-b3a0-56a9a845852b: PCI VMBus probing: Using version 0x10004
Apr 17 23:13:55.180704 localhost kernel: hv_vmbus: registering driver hv_storvsc
Apr 17 23:13:55.180729 localhost kernel: hv_pci 7ad35d50-c05b-47ab-b3a0-56a9a845852b: PCI host bridge to bus c05b:00
Apr 17 23:13:55.185046 localhost kernel: pci_bus c05b:00: root bus resource [mem 0xfc0000000-0xfc007ffff window]
Apr 17 23:13:55.185154 localhost kernel: scsi host0: storvsc_host_t
Apr 17 23:13:55.190508 localhost kernel: pci_bus c05b:00: No busn resource found for root bus, will use [bus 00-ff]
Apr 17 23:13:55.191701 localhost kernel: hv_netvsc f8615163-0000-1000-2000-6045bd013179 (unnamed net_device) (uninitialized): VF slot 1 added
Apr 17 23:13:55.191847 localhost kernel: scsi 0:0:0:2: CD-ROM            Msft     Virtual DVD-ROM  1.0  PQ: 0 ANSI: 5
Apr 17 23:13:55.196048 localhost kernel: pci c05b:00:00.0: [1414:00a9] type 00 class 0x010802
Apr 17 23:13:55.207807 localhost kernel: pci c05b:00:00.0: reg 0x10: [mem 0xfc0000000-0xfc007ffff 64bit]
Apr 17 23:13:55.214765 localhost kernel: scsi 0:0:0:2: Attached scsi generic sg0 type 5
Apr 17 23:13:55.227794 localhost kernel: pci c05b:00:00.0: 32.000 Gb/s available PCIe bandwidth, limited by 2.5 GT/s PCIe x16 link at c05b:00:00.0 (capable of 1008.240 Gb/s with 64.0 GT/s PCIe x16 link)
Apr 17 23:13:55.227843 localhost kernel: sr 0:0:0:2: [sr0] scsi-1 drive
Apr 17 23:13:55.229407 localhost kernel: cdrom: Uniform CD-ROM driver Revision: 3.20
Apr 17 23:13:55.231094 localhost kernel: pci_bus c05b:00: busn_res: [bus 00-ff] end is updated to 00
Apr 17 23:13:55.231676 localhost kernel: sr 0:0:0:2: Attached scsi CD-ROM sr0
Apr 17 23:13:55.232019 localhost kernel: pci c05b:00:00.0: BAR 0: assigned [mem 0xfc0000000-0xfc007ffff 64bit]
Apr 17 23:13:55.241703 localhost kernel: hv_storvsc f8b3781a-1e82-4818-a1c3-63d806ec15bb: tag#195 cmd 0x85 status: scsi 0x2 srb 0x6 hv 0xc0000001
Apr 17 23:13:55.258724 localhost kernel: nvme nvme0: pci function c05b:00:00.0
Apr 17 23:13:55.258879 localhost kernel: nvme c05b:00:00.0: enabling device (0000 -> 0002)
Apr 17 23:13:55.277489 localhost kernel: hv_storvsc f8b3781a-1e82-4818-a1c3-63d806ec15bb: tag#116 cmd 0x85 status: scsi 0x2 srb 0x6 hv 0xc0000001
Apr 17 23:13:55.684714 localhost kernel: nvme nvme0: 4/0/0 default/read/poll queues
Apr 17 23:13:55.691184 localhost kernel: GPT:Primary header thinks Alt. header is not at the end of the disk.
Apr 17 23:13:55.691203 localhost kernel: GPT:7370751 != 268435455
Apr 17 23:13:55.691210 localhost kernel: GPT:Alternate GPT header not at the end of the disk.
Apr 17 23:13:55.692727 localhost kernel: GPT:7370751 != 268435455
Apr 17 23:13:55.692735 localhost kernel: GPT: Use GNU Parted to correct GPT errors.
Apr 17 23:13:55.695502 localhost kernel:  nvme0n1: p1 p2 p3 p4
Apr 17 23:13:56.223723 localhost kernel: hv_pci 00000001-7870-47b5-b203-907d12ca697e: PCI VMBus probing: Using version 0x10004
Apr 17 23:13:56.227309 localhost kernel: hv_pci 00000001-7870-47b5-b203-907d12ca697e: PCI host bridge to bus 7870:00
Apr 17 23:13:56.227434 localhost kernel: pci_bus 7870:00: root bus resource [mem 0xfc2000000-0xfc4007fff window]
Apr 17 23:13:56.228840 localhost kernel: pci_bus 7870:00: No busn resource found for root bus, will use [bus 00-ff]
Apr 17 23:13:56.233826 localhost kernel: pci 7870:00:00.0: [1414:00ba] type 00 class 0x020000
Apr 17 23:13:56.236733 localhost kernel: pci 7870:00:00.0: reg 0x10: [mem 0xfc2000000-0xfc3ffffff 64bit pref]
Apr 17 23:13:56.241871 localhost kernel: pci 7870:00:00.0: reg 0x20: [mem 0xfc4000000-0xfc4007fff 64bit pref]
Apr 17 23:13:56.241886 localhost kernel: pci 7870:00:00.0: enabling Extended Tags
Apr 17 23:13:56.270275 localhost kernel: pci_bus 7870:00: busn_res: [bus 00-ff] end is updated to 00
Apr 17 23:13:56.270423 localhost kernel: pci 7870:00:00.0: BAR 0: assigned [mem 0xfc2000000-0xfc3ffffff 64bit pref]
Apr 17 23:13:56.273751 localhost kernel: pci 7870:00:00.0: BAR 4: assigned [mem 0xfc4000000-0xfc4007fff 64bit pref]
Apr 17 23:13:56.278114 localhost kernel: mana 7870:00:00.0: enabling device (0000 -> 0002)
Apr 17 23:13:56.288730 localhost kernel: mana 7870:00:00.0: Microsoft Azure Network Adapter protocol version: 0.1.1
Apr 17 23:13:56.292399 localhost kernel: hv_netvsc f8615163-0000-1000-2000-6045bd013179 eth0: VF registering: eth1
Apr 17 23:13:56.292523 localhost kernel: mana 7870:00:00.0 eth1: joined to eth0
Apr 17 23:13:56.296705 localhost kernel: mana 7870:00:00.0 enP30832s1: renamed from eth1
Apr 17 23:13:56.339707 localhost systemd[1]: Created slice Slice /system/rdma-load-modules.
Apr 17 23:13:56.350816 localhost systemd[1]: Starting Load RDMA modules from /etc/rdma/modules/rdma.conf...
Apr 17 23:13:56.385463 localhost systemd-modules-load[664]: Inserted module 'ib_iser'
Apr 17 23:13:56.387121 localhost systemd-journald[325]: Missed 2 kernel messages
Apr 17 23:13:56.387121 localhost kernel: iscsi: registered transport (iser)
Apr 17 23:13:56.412705 localhost systemd-journald[325]: Missed 1 kernel messages
Apr 17 23:13:56.412705 localhost kernel: Rounding down aligned max_sectors from 4294967295 to 4294967288
Apr 17 23:13:56.412750 localhost kernel: db_root: cannot open: /etc/target
Apr 17 23:13:56.437995 localhost systemd-modules-load[664]: Inserted module 'ib_isert'
Apr 17 23:13:56.442660 localhost systemd-modules-load[664]: Inserted module 'ib_srpt'
Apr 17 23:13:56.445227 localhost systemd-modules-load[664]: Inserted module 'rdma_ucm'
Apr 17 23:13:56.508051 localhost systemd-journald[325]: Missed 3 kernel messages
Apr 17 23:13:56.508051 localhost kernel: RPC: Registered named UNIX socket transport module.
Apr 17 23:13:56.508245 localhost kernel: RPC: Registered udp transport module.
Apr 17 23:13:56.508253 localhost kernel: RPC: Registered tcp transport module.
Apr 17 23:13:56.508952 localhost kernel: RPC: Registered tcp-with-tls transport module.
Apr 17 23:13:56.509812 localhost kernel: RPC: Registered tcp NFSv4.1 backchannel transport module.
Apr 17 23:13:56.542124 localhost kernel: RPC: Registered rdma transport module.
Apr 17 23:13:56.542158 localhost kernel: RPC: Registered rdma backchannel transport module.
Apr 17 23:13:56.542214 localhost systemd-modules-load[664]: Inserted module 'rpcrdma'
Apr 17 23:13:56.543243 localhost systemd[1]: Finished Load RDMA modules from /etc/rdma/modules/rdma.conf.
Apr 17 23:13:56.548017 localhost systemd[1]: Reached target Preparation for Network.
Apr 17 23:13:56.549189 localhost systemd[1]: Reached target RDMA Hardware.
Apr 17 23:13:56.636413 localhost systemd[1]: Found device MSFT NVMe Accelerator v1.0 root.
Apr 17 23:13:56.700618 localhost systemd[1]: Found device MSFT NVMe Accelerator v1.0 boot.
Apr 17 23:13:56.713849 localhost systemd[1]: Starting CoreOS Ignition User Config Setup...
Apr 17 23:13:56.718649 localhost systemd[1]: Starting CoreOS Ensure Unique Boot Filesystem Label...
Apr 17 23:13:56.724063 localhost systemd[1]: Finished Wait for udev To Complete Device Initialization.
Apr 17 23:13:56.727864 localhost systemd[1]: Device-Mapper Multipath Default Configuration was skipped because of an unmet condition check (ConditionKernelCommandLine=rd.multipath=default).
Apr 17 23:13:56.728482 localhost systemd[1]: Starting Device-Mapper Multipath Device Controller...
Apr 17 23:13:56.739224 localhost multipathd[682]: --------start up--------
Apr 17 23:13:56.739224 localhost multipathd[682]: read /etc/multipath.conf
Apr 17 23:13:56.741317 localhost multipathd[682]: /etc/multipath.conf does not exist, blacklisting all devices.
Apr 17 23:13:56.741317 localhost multipathd[682]: You can run "/sbin/mpathconf --enable" to create
Apr 17 23:13:56.741317 localhost multipathd[682]: /etc/multipath.conf. See man mpathconf(8) for more details
Apr 17 23:13:56.741317 localhost multipathd[682]: path checkers start up
Apr 17 23:13:56.741317 localhost multipathd[682]: /etc/multipath.conf does not exist, blacklisting all devices.
Apr 17 23:13:56.741317 localhost multipathd[682]: You can run "/sbin/mpathconf --enable" to create
Apr 17 23:13:56.741317 localhost multipathd[682]: /etc/multipath.conf. See man mpathconf(8) for more details
Apr 17 23:13:56.742608 localhost systemd[1]: Started Device-Mapper Multipath Device Controller.
Apr 17 23:13:56.744951 localhost systemd[1]: Reached target Preparation for Local File Systems.
Apr 17 23:13:56.746475 localhost systemd[1]: Reached target Local File Systems.
Apr 17 23:13:56.747588 localhost systemd[1]: Reached target System Initialization.
Apr 17 23:13:56.748876 localhost systemd[1]: Reached target Basic System.
Apr 17 23:13:56.750013 localhost systemd[1]: Persist Osmet Files (ISO) was skipped because of an unmet condition check (ConditionKernelCommandLine=coreos.liveiso).
Apr 17 23:13:57.090849 localhost systemd[1]: Finished CoreOS Ensure Unique Boot Filesystem Label.
Apr 17 23:13:57.110566 localhost coreos-ignition-setup-user[672]: File /mnt/boot_partition/ignition/config.ign does not exist.. Skipping copy
Apr 17 23:13:57.113599 localhost systemd-journald[325]: Missed 27 kernel messages
Apr 17 23:13:57.113599 localhost kernel: EXT4-fs (nvme0n1p3): mounted filesystem 96d15588-3596-4b3c-adca-a2ff7279ea63 ro with ordered data mode. Quota mode: none.
Apr 17 23:13:57.113636 localhost kernel: EXT4-fs (nvme0n1p3): unmounting filesystem 96d15588-3596-4b3c-adca-a2ff7279ea63.
Apr 17 23:13:57.112747 localhost systemd[1]: Finished CoreOS Ignition User Config Setup.
Apr 17 23:13:57.130927 localhost systemd[1]: Starting Ignition (fetch-offline)...
Apr 17 23:13:57.142296 localhost ignition[694]: Ignition 2.18.0
Apr 17 23:13:57.142305 localhost ignition[694]: Stage: fetch-offline
Apr 17 23:13:57.142343 localhost ignition[694]: reading system config file "/usr/lib/ignition/base.d/00-core.ign"
Apr 17 23:13:57.144769 localhost systemd[1]: Finished Ignition (fetch-offline).
Apr 17 23:13:57.142362 localhost ignition[694]: parsing config with SHA512: ff6a5153be363997e4d5d3ea8cc4048373a457c48c4a5b134a08a30aacd167c1e0f099f0bdf1e24c99ad180628cd02b767b863b5fe3a8fce3fe1886847eb8e2e
Apr 17 23:13:57.143277 localhost ignition[694]: no config dir at "/usr/lib/ignition/base.platform.d/azure"
Apr 17 23:13:57.143343 localhost ignition[694]: parsed url from cmdline: ""
Apr 17 23:13:57.143346 localhost ignition[694]: no config URL provided
Apr 17 23:13:57.143349 localhost ignition[694]: reading system config file "/usr/lib/ignition/user.ign"
Apr 17 23:13:57.143354 localhost ignition[694]: no config at "/usr/lib/ignition/user.ign"
Apr 17 23:13:57.143358 localhost ignition[694]: failed to fetch config: resource requires networking
Apr 17 23:13:57.143457 localhost ignition[694]: Ignition finished successfully
Apr 17 23:13:57.158848 localhost systemd[1]: Starting CoreOS Enable Network...
Apr 17 23:13:57.221022 localhost systemd[1]: Finished CoreOS Enable Network.
Apr 17 23:13:57.231814 localhost systemd[1]: Starting Copy CoreOS Firstboot Networking Config...
Apr 17 23:13:57.248710 localhost systemd-journald[325]: Missed 16 kernel messages
Apr 17 23:13:57.248710 localhost kernel: EXT4-fs (nvme0n1p3): mounted filesystem 96d15588-3596-4b3c-adca-a2ff7279ea63 ro with ordered data mode. Quota mode: none.
Apr 17 23:13:57.249223 localhost coreos-copy-firstboot-network[728]: info: no files to copy from /mnt/boot_partition/coreos-firstboot-network; skipping
Apr 17 23:13:57.253028 localhost kernel: EXT4-fs (nvme0n1p3): unmounting filesystem 96d15588-3596-4b3c-adca-a2ff7279ea63.
Apr 17 23:13:57.253209 localhost systemd[1]: Finished Copy CoreOS Firstboot Networking Config.
Apr 17 23:13:57.269832 localhost systemd[1]: Starting Generate New UUID For Boot Disk GPT...
Apr 17 23:13:57.272028 localhost systemd[1]: Starting nm-initrd.service...
Apr 17 23:13:57.277769 localhost coreos-gpt-setup[736]: Randomizing disk GUID
Apr 17 23:13:57.286767 localhost systemd-journald[325]: Missed 5 kernel messages
Apr 17 23:13:57.286767 localhost kernel: GPT:Primary header thinks Alt. header is not at the end of the disk.
Apr 17 23:13:57.286825 localhost kernel: GPT:7370751 != 268435455
Apr 17 23:13:57.287764 localhost kernel: GPT:Alternate GPT header not at the end of the disk.
Apr 17 23:13:57.289304 localhost kernel: GPT:7370751 != 268435455
Apr 17 23:13:57.289315 localhost kernel: GPT: Use GNU Parted to correct GPT errors.
Apr 17 23:13:57.291286 localhost kernel:  nvme0n1: p1 p2 p3 p4
Apr 17 23:13:57.328752 localhost NetworkManager[739]: <info>  [1776467637.3287] NetworkManager (version 1.46.0-35.el9_4) is starting... (boot:00f69cc5-59e6-4029-bb07-455cbcfa5935)
Apr 17 23:13:57.328770 localhost NetworkManager[739]: <info>  [1776467637.3287] Read config: /etc/NetworkManager/NetworkManager.conf (lib: initrd-no-auto-default.conf) (run: 15-carrier-timeout.conf)
Apr 17 23:13:57.337826 localhost systemd[1]: Starting D-Bus System Message Bus...
Apr 17 23:13:57.342837 localhost systemd[1]: Started D-Bus System Message Bus.
Apr 17 23:13:57.344738 localhost dbus-broker-lau[748]: Ready
Apr 17 23:13:57.347225 localhost NetworkManager[739]: <info>  [1776467637.3472] manager[0x5584c7459080]: monitoring kernel firmware directory '/lib/firmware'.
Apr 17 23:13:57.348076 localhost.localdomain NetworkManager[739]: <info>  [1776467637.3480] hostname: hostname: couldn't get property from hostnamed
Apr 17 23:13:57.348387 localhost.localdomain NetworkManager[739]: <info>  [1776467637.3483] dns-mgr: init: dns=default,systemd-resolved rc-manager=symlink (auto)
Apr 17 23:13:57.348430 localhost.localdomain NetworkManager[739]: <info>  [1776467637.3484] policy: set-hostname: set hostname to 'localhost.localdomain' (no hostname found)
Apr 17 23:13:57.357639 localhost.localdomain NetworkManager[739]: <info>  [1776467637.3576] manager[0x5584c7459080]: rfkill: Wi-Fi hardware radio set enabled
Apr 17 23:13:57.357660 localhost.localdomain NetworkManager[739]: <info>  [1776467637.3576] manager[0x5584c7459080]: rfkill: WWAN hardware radio set enabled
Apr 17 23:13:57.360479 localhost.localdomain NetworkManager[739]: <info>  [1776467637.3604] Loaded device plugin: NMTeamFactory (/usr/lib64/NetworkManager/1.46.0-35.el9_4/libnm-device-plugin-team.so)
Apr 17 23:13:57.360497 localhost.localdomain NetworkManager[739]: <info>  [1776467637.3604] manager: rfkill: Wi-Fi enabled by radio killswitch; enabled by state file
Apr 17 23:13:57.360543 localhost.localdomain NetworkManager[739]: <info>  [1776467637.3605] manager: rfkill: WWAN enabled by radio killswitch; enabled by state file
Apr 17 23:13:57.368774 localhost.localdomain systemd-journald[325]: Missed 14 kernel messages
Apr 17 23:13:57.368774 localhost.localdomain kernel: mana 7870:00:00.0 enP30832s1: Configured vPort 0 PD 18 DB 16
Apr 17 23:13:57.360595 localhost.localdomain NetworkManager[739]: <info>  [1776467637.3605] manager: Networking is enabled by state file
Apr 17 23:13:57.360721 localhost.localdomain NetworkManager[739]: <info>  [1776467637.3607] settings: Loaded settings plugin: keyfile (internal)
Apr 17 23:13:57.373117 localhost.localdomain systemd-journald[325]: Missed 2 kernel messages
Apr 17 23:13:57.373117 localhost.localdomain kernel: mana 7870:00:00.0 enP30832s1: Configured steering vPort 0 entries 64
Apr 17 23:13:57.360977 localhost.localdomain NetworkManager[739]: <info>  [1776467637.3609] settings: Loaded settings plugin: ifcfg-rh ("/usr/lib64/NetworkManager/1.46.0-35.el9_4/libnm-settings-plugin-ifcfg-rh.so")
Apr 17 23:13:57.375670 localhost.localdomain systemd-journald[325]: Missed 1 kernel messages
Apr 17 23:13:57.375670 localhost.localdomain kernel: hv_netvsc f8615163-0000-1000-2000-6045bd013179 eth0: Data path switched to VF: enP30832s1
Apr 17 23:13:57.362845 localhost.localdomain NetworkManager[739]: <info>  [1776467637.3628] dhcp: init: Using DHCP client 'internal'
Apr 17 23:13:57.378985 localhost.localdomain systemd-journald[325]: Missed 1 kernel messages
Apr 17 23:13:57.378985 localhost.localdomain kernel: IPv6: ADDRCONF(NETDEV_CHANGE): eth0: link becomes ready
Apr 17 23:13:57.363002 localhost.localdomain NetworkManager[739]: <info>  [1776467637.3629] manager: (lo): new Loopback device (/org/freedesktop/NetworkManager/Devices/1)
Apr 17 23:13:57.380355 localhost.localdomain systemd-journald[325]: Missed 1 kernel messages
Apr 17 23:13:57.380355 localhost.localdomain kernel: IPv6: ADDRCONF(NETDEV_CHANGE): enP30832s1: link becomes ready
Apr 17 23:13:57.364479 localhost.localdomain NetworkManager[739]: <info>  [1776467637.3644] device (lo): state change: unmanaged -> unavailable (reason 'connection-assumed', sys-iface-state: 'external')
Apr 17 23:13:57.364843 localhost.localdomain NetworkManager[739]: <info>  [1776467637.3648] device (lo): state change: unavailable -> disconnected (reason 'connection-assumed', sys-iface-state: 'external')
Apr 17 23:13:57.365288 localhost.localdomain NetworkManager[739]: <info>  [1776467637.3652] device (lo): Activation: starting connection 'lo' (29b5f29f-72c0-4c25-95c4-018223668ede)
Apr 17 23:13:57.365833 localhost.localdomain NetworkManager[739]: <info>  [1776467637.3658] manager: (eth0): new Ethernet device (/org/freedesktop/NetworkManager/Devices/2)
Apr 17 23:13:57.366047 localhost.localdomain NetworkManager[739]: <info>  [1776467637.3660] device (eth0): state change: unmanaged -> unavailable (reason 'managed', sys-iface-state: 'external')
Apr 17 23:13:57.382180 localhost.localdomain NetworkManager[739]: <info>  [1776467637.3821] device (enP30832s1): driver '(null)' does not support carrier detection.
Apr 17 23:13:57.382342 localhost.localdomain NetworkManager[739]: <info>  [1776467637.3823] device (enP30832s1): driver 'mana' does not support carrier detection.
Apr 17 23:13:57.382632 localhost.localdomain NetworkManager[739]: <info>  [1776467637.3826] manager: (enP30832s1): new Ethernet device (/org/freedesktop/NetworkManager/Devices/3)
Apr 17 23:13:57.383068 localhost.localdomain systemd[1]: Started nm-initrd.service.
Apr 17 23:13:57.383112 localhost.localdomain NetworkManager[739]: <info>  [1776467637.3830] bus-manager: acquired D-Bus service "org.freedesktop.NetworkManager"
Apr 17 23:13:57.383425 localhost.localdomain NetworkManager[739]: <info>  [1776467637.3834] device (lo): state change: disconnected -> prepare (reason 'none', sys-iface-state: 'external')
Apr 17 23:13:57.383616 localhost.localdomain NetworkManager[739]: <info>  [1776467637.3836] device (lo): state change: prepare -> config (reason 'none', sys-iface-state: 'external')
Apr 17 23:13:57.383750 localhost.localdomain NetworkManager[739]: <info>  [1776467637.3837] device (lo): state change: config -> ip-config (reason 'none', sys-iface-state: 'external')
Apr 17 23:13:57.383848 localhost.localdomain NetworkManager[739]: <info>  [1776467637.3838] device (eth0): carrier: link connected
Apr 17 23:13:57.383949 localhost.localdomain NetworkManager[739]: <warn>  [1776467637.3839] ifcfg-rh: dbus: couldn't acquire D-Bus service: GDBus.Error:org.freedesktop.DBus.Error.AccessDenied: Request to own name refused by policy
Apr 17 23:13:57.384012 localhost.localdomain NetworkManager[739]: <info>  [1776467637.3840] device (lo): state change: ip-config -> ip-check (reason 'none', sys-iface-state: 'external')
Apr 17 23:13:57.384360 localhost.localdomain NetworkManager[739]: <info>  [1776467637.3843] device (eth0): state change: unavailable -> disconnected (reason 'carrier-changed', sys-iface-state: 'managed')
Apr 17 23:13:57.391101 localhost.localdomain NetworkManager[739]: <info>  [1776467637.3910] policy: auto-activating connection 'Wired Connection' (89b334c4-d1a7-41fa-9326-046a88f8dcc6)
Apr 17 23:13:57.391278 localhost.localdomain NetworkManager[739]: <info>  [1776467637.3912] device (lo): state change: ip-check -> secondaries (reason 'none', sys-iface-state: 'external')
Apr 17 23:13:57.391494 localhost.localdomain NetworkManager[739]: <info>  [1776467637.3914] device (eth0): Activation: starting connection 'Wired Connection' (89b334c4-d1a7-41fa-9326-046a88f8dcc6)
Apr 17 23:13:57.391509 localhost.localdomain NetworkManager[739]: <info>  [1776467637.3915] device (lo): state change: secondaries -> activated (reason 'none', sys-iface-state: 'external')
Apr 17 23:13:57.391827 localhost.localdomain NetworkManager[739]: <info>  [1776467637.3918] device (lo): Activation: successful, device activated.
Apr 17 23:13:57.392270 localhost.localdomain NetworkManager[739]: <info>  [1776467637.3922] device (eth0): state change: disconnected -> prepare (reason 'none', sys-iface-state: 'managed')
Apr 17 23:13:57.392423 localhost.localdomain NetworkManager[739]: <info>  [1776467637.3924] manager: NetworkManager state is now CONNECTING
Apr 17 23:13:57.392512 localhost.localdomain NetworkManager[739]: <info>  [1776467637.3924] device (eth0): state change: prepare -> config (reason 'none', sys-iface-state: 'managed')
Apr 17 23:13:57.393249 localhost.localdomain NetworkManager[739]: <info>  [1776467637.3932] device (eth0): state change: config -> ip-config (reason 'none', sys-iface-state: 'managed')
Apr 17 23:13:57.394158 localhost.localdomain NetworkManager[739]: <info>  [1776467637.3941] dhcp4 (eth0): activation: beginning transaction (timeout in 90 seconds)
Apr 17 23:13:57.396019 localhost.localdomain systemd[1]: Reached target Network.
Apr 17 23:13:57.400612 localhost.localdomain NetworkManager[739]: <info>  [1776467637.4005] dhcp4 (eth0): state changed new lease, address=10.0.128.7
Apr 17 23:13:57.400891 localhost.localdomain NetworkManager[739]: <info>  [1776467637.4008] policy: set 'Wired Connection' (eth0) as default for IPv4 routing and DNS
Apr 17 23:13:57.403219 localhost.localdomain NetworkManager[739]: <info>  [1776467637.4031] device (eth0): state change: ip-config -> ip-check (reason 'none', sys-iface-state: 'managed')
Apr 17 23:13:57.403886 localhost.localdomain NetworkManager[739]: <info>  [1776467637.4038] device (eth0): state change: ip-check -> secondaries (reason 'none', sys-iface-state: 'managed')
Apr 17 23:13:57.404001 localhost.localdomain NetworkManager[739]: <info>  [1776467637.4039] device (eth0): state change: secondaries -> activated (reason 'none', sys-iface-state: 'managed')
Apr 17 23:13:57.404279 localhost.localdomain NetworkManager[739]: <info>  [1776467637.4042] manager: NetworkManager state is now CONNECTED_SITE
Apr 17 23:13:57.404526 localhost.localdomain NetworkManager[739]: <info>  [1776467637.4045] device (eth0): Activation: successful, device activated.
Apr 17 23:13:57.405003 localhost.localdomain NetworkManager[739]: <info>  [1776467637.4049] manager: NetworkManager state is now CONNECTED_GLOBAL
Apr 17 23:13:57.405194 localhost.localdomain NetworkManager[739]: <info>  [1776467637.4051] manager: startup complete
Apr 17 23:13:57.476970 localhost.localdomain systemd[1]: Starting Ignition (fetch)...
Apr 17 23:13:57.482734 localhost.localdomain systemd[1]: Starting nm-wait-online-initrd.service...
Apr 17 23:13:57.492372 localhost.localdomain ignition[753]: Ignition 2.18.0
Apr 17 23:13:57.492385 localhost.localdomain ignition[753]: Stage: fetch
Apr 17 23:13:57.492571 localhost.localdomain ignition[753]: reading system config file "/usr/lib/ignition/base.d/00-core.ign"
Apr 17 23:13:57.492593 localhost.localdomain ignition[753]: parsing config with SHA512: ff6a5153be363997e4d5d3ea8cc4048373a457c48c4a5b134a08a30aacd167c1e0f099f0bdf1e24c99ad180628cd02b767b863b5fe3a8fce3fe1886847eb8e2e
Apr 17 23:13:57.494522 localhost.localdomain ignition[753]: no config dir at "/usr/lib/ignition/base.platform.d/azure"
Apr 17 23:13:57.494614 localhost.localdomain ignition[753]: parsed url from cmdline: ""
Apr 17 23:13:57.494618 localhost.localdomain ignition[753]: no config URL provided
Apr 17 23:13:57.494623 localhost.localdomain ignition[753]: reading system config file "/usr/lib/ignition/user.ign"
Apr 17 23:13:57.494630 localhost.localdomain ignition[753]: no config at "/usr/lib/ignition/user.ign"
Apr 17 23:13:57.494658 localhost.localdomain ignition[753]: GET http://169.254.169.254/metadata/instance/compute/userData?api-version=2021-01-01&format=text: attempt #1
Apr 17 23:13:57.539573 localhost.localdomain systemd[1]: Finished nm-wait-online-initrd.service.
Apr 17 23:13:57.551981 localhost.localdomain systemd[1]: Starting dracut initqueue hook...
Apr 17 23:13:57.556327 localhost.localdomain ignition[753]: GET result: OK
Apr 17 23:13:57.556349 localhost.localdomain ignition[753]: failed to retrieve userdata from IMDS, falling back to custom data: not a config (empty)
Apr 17 23:13:57.586240 localhost.localdomain ignition[753]: opening config device: "/dev/sr0"
Apr 17 23:13:57.586529 localhost.localdomain ignition[753]: getting drive status for "/dev/sr0"
Apr 17 23:13:57.586577 localhost.localdomain ignition[753]: drive status: OK
Apr 17 23:13:57.586602 localhost.localdomain ignition[753]: mounting config device
Apr 17 23:13:57.586610 localhost.localdomain ignition[753]: op(1): [started]  mounting "/dev/sr0" at "/tmp/ignition-azure1583140768"
Apr 17 23:13:57.603566 localhost.localdomain ignition[753]: op(1): [finished] mounting "/dev/sr0" at "/tmp/ignition-azure1583140768"
Apr 17 23:13:57.605520 localhost.localdomain systemd-journald[325]: Missed 52 kernel messages
Apr 17 23:13:57.605520 localhost.localdomain kernel: UDF-fs: INFO Mounting volume 'UDF Volume', timestamp 2026/04/18 00:00 (1000)
Apr 17 23:13:57.604733 localhost.localdomain systemd[1]: tmp-ignition\x2dazure1583140768.mount: Deactivated successfully.
Apr 17 23:13:57.603575 localhost.localdomain ignition[753]: checking for config drive
Apr 17 23:13:57.604050 localhost.localdomain ignition[753]: reading config
Apr 17 23:13:57.604378 localhost.localdomain ignition[753]: op(2): [started]  unmounting "/dev/sr0" at "/tmp/ignition-azure1583140768"
Apr 17 23:13:57.605554 localhost.localdomain ignition[753]: op(2): [finished] unmounting "/dev/sr0" at "/tmp/ignition-azure1583140768"
Apr 17 23:13:57.605574 localhost.localdomain ignition[753]: config has been read from custom data
Apr 17 23:13:57.605590 localhost.localdomain ignition[753]: parsing config with SHA512: 7e0b4bdd680ed36bce6a80e71c0d47bfb900bc4119e196e0497a4fdaf25aa3a0e5919b648f6b91e69f3ee26f31dc64e2f9fc96254c8dc205ebc85be9a2b64af7
Apr 17 23:13:57.614990 localhost.localdomain systemd[1]: Finished dracut initqueue hook.
Apr 17 23:13:57.616247 localhost.localdomain ignition[753]: Adding "root-ca" to list of CAs
Apr 17 23:13:57.616269 localhost.localdomain ignition[753]: GET https://api-int.ci-ln-wy83gzk-1d09d.ci2.azure.devcluster.openshift.com:22623/config/worker: attempt #1
Apr 17 23:13:57.619065 localhost.localdomain systemd[1]: Reached target Preparation for Remote File Systems.
Apr 17 23:13:57.623815 localhost.localdomain systemd[1]: Reached target Remote Encrypted Volumes.
Apr 17 23:13:57.627810 localhost.localdomain systemd[1]: Reached target Remote File Systems.
Apr 17 23:13:57.631797 localhost.localdomain systemd[1]: Acquire Live PXE rootfs Image was skipped because of an unmet condition check (ConditionPathExists=/run/ostree-live).
Apr 17 23:13:57.631893 localhost.localdomain systemd[1]: Persist Osmet Files (PXE) was skipped because of an unmet condition check (ConditionPathExists=/run/ostree-live).
Apr 17 23:13:57.638958 localhost.localdomain systemd[1]: Starting dracut pre-mount hook...
Apr 17 23:13:57.648395 localhost.localdomain systemd[1]: Finished dracut pre-mount hook.
Apr 17 23:13:57.677764 localhost.localdomain ignition[753]: GET result: OK
Apr 17 23:13:57.680381 localhost.localdomain ignition[753]: fetched referenced config at https://api-int.ci-ln-wy83gzk-1d09d.ci2.azure.devcluster.openshift.com:22623/config/worker with SHA512: 462f52c163bec055a72fb50cbf3d432c21211a265b05bb9831804b4498c81e9b3b1b329cb04baf37f203ca3b6ec3b1fa8a6b425f953cecac20e3558d77a2e9a9
Apr 17 23:13:57.700387 localhost.localdomain ignition[753]: Adding "root-ca" to list of CAs
Apr 17 23:13:57.701161 localhost.localdomain ignition[753]: Adding "root-ca" to list of CAs
Apr 17 23:13:57.710558 localhost.localdomain ignition[753]: fetched base config from "system"
Apr 17 23:13:57.710567 localhost.localdomain ignition[753]: fetched base config from "system"
Apr 17 23:13:57.711572 localhost.localdomain ignition[753]: fetch: fetch complete
Apr 17 23:13:57.710571 localhost.localdomain ignition[753]: fetched user config from "azure"
Apr 17 23:13:57.711576 localhost.localdomain ignition[753]: fetch: fetch passed
Apr 17 23:13:57.710576 localhost.localdomain ignition[753]: fetched referenced user config from "/config/worker"
Apr 17 23:13:57.711621 localhost.localdomain ignition[753]: Ignition finished successfully
Apr 17 23:13:57.712589 localhost.localdomain systemd[1]: Finished Ignition (fetch).
Apr 17 23:13:57.729959 localhost.localdomain systemd[1]: Starting Ignition OSTree: Detect Partition Transposition...
Apr 17 23:13:57.732296 localhost.localdomain systemd[1]: Starting RHCOS Check For Legacy LUKS Configuration...
Apr 17 23:13:57.739512 localhost.localdomain systemd[1]: Finished RHCOS Check For Legacy LUKS Configuration.
Apr 17 23:13:57.761674 localhost.localdomain systemd[1]: Finished Ignition OSTree: Detect Partition Transposition.
Apr 17 23:13:58.301472 localhost.localdomain coreos-gpt-setup[741]: The operation has completed successfully.
Apr 17 23:13:58.304018 localhost.localdomain systemd-journald[325]: Missed 30 kernel messages
Apr 17 23:13:58.304018 localhost.localdomain kernel:  nvme0n1: p1 p2 p3 p4
Apr 17 23:13:58.331894 localhost.localdomain systemd[1]: Finished Generate New UUID For Boot Disk GPT.
Apr 17 23:13:58.341100 localhost.localdomain systemd[1]: Ignition OSTree: Save Partitions was skipped because of an unmet condition check (ConditionPathIsDirectory=/run/ignition-ostree-transposefs).
Apr 17 23:13:58.347062 localhost.localdomain systemd[1]: Starting Ignition OSTree: Regenerate Filesystem UUID (boot)...
Apr 17 23:13:58.418963 localhost.localdomain ignition-ostree-firstboot-uuid[857]: tune2fs 1.46.5 (30-Dec-2021)
Apr 17 23:13:58.432841 localhost.localdomain ignition-ostree-firstboot-uuid[855]: Regenerated UUID for /dev/disk/by-label/boot
Apr 17 23:13:58.433192 localhost.localdomain systemd[1]: Finished Ignition OSTree: Regenerate Filesystem UUID (boot).
Apr 17 23:13:58.451120 localhost.localdomain systemd[1]: Starting Ignition (kargs)...
Apr 17 23:13:58.463428 localhost.localdomain ignition[859]: Ignition 2.18.0
Apr 17 23:13:58.463438 localhost.localdomain ignition[859]: Stage: kargs
Apr 17 23:13:58.463590 localhost.localdomain ignition[859]: reading system config file "/usr/lib/ignition/base.d/00-core.ign"
Apr 17 23:13:58.463608 localhost.localdomain ignition[859]: parsing config with SHA512: ff6a5153be363997e4d5d3ea8cc4048373a457c48c4a5b134a08a30aacd167c1e0f099f0bdf1e24c99ad180628cd02b767b863b5fe3a8fce3fe1886847eb8e2e
Apr 17 23:13:58.465113 localhost.localdomain ignition[859]: no config dir at "/usr/lib/ignition/base.platform.d/azure"
Apr 17 23:13:58.472807 localhost.localdomain ignition[859]: Adding "root-ca" to list of CAs
Apr 17 23:13:58.474478 localhost.localdomain ignition[859]: kargs: kargs passed
Apr 17 23:13:58.474534 localhost.localdomain ignition[859]: Ignition finished successfully
Apr 17 23:13:58.476582 localhost.localdomain systemd[1]: Finished Ignition (kargs).
Apr 17 23:13:58.489071 localhost.localdomain systemd[1]: Starting Check for FIPS mode...
Apr 17 23:13:58.530379 localhost.localdomain rhcos-fips[867]: Found /etc/ignition-machine-config-encapsulated.json in Ignition config
Apr 17 23:13:58.532592 localhost.localdomain rhcos-fips[867]: FIPS mode not requested
Apr 17 23:13:58.532842 localhost.localdomain systemd[1]: Finished Check for FIPS mode.
Apr 17 23:13:58.536917 localhost.localdomain systemd[1]: CoreOS Kernel Arguments Reboot was skipped because of an unmet condition check (ConditionPathExists=/run/coreos-kargs-reboot).
Apr 17 23:13:58.546984 localhost.localdomain systemd[1]: Starting Ignition (disks)...
Apr 17 23:13:58.556969 localhost.localdomain ignition[890]: Ignition 2.18.0
Apr 17 23:13:58.556979 localhost.localdomain ignition[890]: Stage: disks
Apr 17 23:13:58.557107 localhost.localdomain ignition[890]: reading system config file "/usr/lib/ignition/base.d/00-core.ign"
Apr 17 23:13:58.557124 localhost.localdomain ignition[890]: parsing config with SHA512: ff6a5153be363997e4d5d3ea8cc4048373a457c48c4a5b134a08a30aacd167c1e0f099f0bdf1e24c99ad180628cd02b767b863b5fe3a8fce3fe1886847eb8e2e
Apr 17 23:13:58.557975 localhost.localdomain ignition[890]: no config dir at "/usr/lib/ignition/base.platform.d/azure"
Apr 17 23:13:58.565132 localhost.localdomain ignition[890]: Adding "root-ca" to list of CAs
Apr 17 23:13:58.566300 localhost.localdomain ignition[890]: disks: disks passed
Apr 17 23:13:58.566355 localhost.localdomain ignition[890]: Ignition finished successfully
Apr 17 23:13:58.567132 localhost.localdomain systemd[1]: Finished Ignition (disks).
Apr 17 23:13:58.572004 localhost.localdomain systemd[1]: Reached target Initrd Root Device.
Apr 17 23:13:58.587028 localhost.localdomain systemd[1]: Starting CoreOS Ignition Ensure Unique Boot Filesystem...
Apr 17 23:13:58.595699 localhost.localdomain systemd-journald[325]: Missed 33 kernel messages
Apr 17 23:13:58.595699 localhost.localdomain kernel:  nvme0n1: p1 p2 p3 p4
Apr 17 23:13:58.853167 localhost.localdomain systemd[1]: Finished CoreOS Ignition Ensure Unique Boot Filesystem.
Apr 17 23:13:58.865014 localhost.localdomain systemd[1]: Starting Ignition OSTree: Regenerate Filesystem UUID (root)...
Apr 17 23:13:58.869478 localhost.localdomain systemd[1]: Starting Afterburn (Check In - from the initramfs)...
Apr 17 23:13:58.894322 localhost.localdomain afterburn[910]: Apr 17 23:13:58.894 INFO Fetching http://168.63.129.16/?comp=versions: Attempt #1
Apr 17 23:13:58.901645 localhost.localdomain afterburn[910]: Apr 17 23:13:58.901 INFO Fetch successful
Apr 17 23:13:58.903995 localhost.localdomain afterburn[910]: Apr 17 23:13:58.901 INFO Fetching http://168.63.129.16/machine/?comp=goalstate: Attempt #1
Apr 17 23:13:58.905369 localhost.localdomain afterburn[910]: Apr 17 23:13:58.905 INFO Fetch successful
Apr 17 23:13:58.923139 localhost.localdomain afterburn[910]: Apr 17 23:13:58.923 INFO Posting http://168.63.129.16/machine/?comp=health: Attempt #1
Apr 17 23:13:58.950470 localhost.localdomain systemd[1]: Finished Afterburn (Check In - from the initramfs).
Apr 17 23:13:59.673479 localhost.localdomain ignition-ostree-firstboot-uuid[918]: Clearing log and setting UUID
Apr 17 23:13:59.673479 localhost.localdomain ignition-ostree-firstboot-uuid[918]: writing all SBs
Apr 17 23:13:59.673479 localhost.localdomain ignition-ostree-firstboot-uuid[918]: new UUID = c7f212f9-af2c-469d-bc58-72da57e2e505
Apr 17 23:13:59.689884 localhost.localdomain ignition-ostree-firstboot-uuid[908]: Regenerated UUID for /dev/disk/by-label/root
Apr 17 23:13:59.690261 localhost.localdomain systemd[1]: Finished Ignition OSTree: Regenerate Filesystem UUID (root).
Apr 17 23:13:59.702995 localhost.localdomain systemd[1]: Starting Ignition OSTree: Grow Root Filesystem...
Apr 17 23:13:59.987840 localhost.localdomain systemd-journald[325]: Missed 15 kernel messages
Apr 17 23:13:59.987840 localhost.localdomain kernel: SGI XFS with ACLs, security attributes, scrub, quota, no debug enabled
Apr 17 23:13:59.991912 localhost.localdomain kernel: XFS (nvme0n1p4): Mounting V5 Filesystem c7f212f9-af2c-469d-bc58-72da57e2e505
Apr 17 23:14:00.146727 localhost.localdomain kernel: XFS (nvme0n1p4): Ending clean mount
Apr 17 23:14:00.530194 localhost.localdomain ignition-ostree-growfs[948]: CHANGED: partition=4 start=1050624 old: size=6318080 end=7368703 new: size=267384799 end=268435422
Apr 17 23:14:00.833284 localhost.localdomain ignition-ostree-growfs[990]: Disk /dev/nvme0n1: 128 GiB, 137438953472 bytes, 268435456 sectors
Apr 17 23:14:00.833284 localhost.localdomain ignition-ostree-growfs[990]: Disk model: MSFT NVMe Accelerator v1.0
Apr 17 23:14:00.833284 localhost.localdomain ignition-ostree-growfs[990]: Units: sectors of 1 * 512 = 512 bytes
Apr 17 23:14:00.833284 localhost.localdomain ignition-ostree-growfs[990]: Sector size (logical/physical): 512 bytes / 4096 bytes
Apr 17 23:14:00.833284 localhost.localdomain ignition-ostree-growfs[990]: I/O size (minimum/optimal): 4096 bytes / 33554432 bytes
Apr 17 23:14:00.833284 localhost.localdomain ignition-ostree-growfs[990]: Disklabel type: gpt
Apr 17 23:14:00.833284 localhost.localdomain ignition-ostree-growfs[990]: Disk identifier: 75A79BB3-BE4B-46E8-BD40-CD1BC228D1BF
Apr 17 23:14:00.833284 localhost.localdomain ignition-ostree-growfs[990]: Old situation:
Apr 17 23:14:00.833284 localhost.localdomain ignition-ostree-growfs[990]: Device           Start       End   Sectors   Size Type
Apr 17 23:14:00.833284 localhost.localdomain ignition-ostree-growfs[990]: /dev/nvme0n1p1    2048      4095      2048     1M BIOS boot
Apr 17 23:14:00.833284 localhost.localdomain ignition-ostree-growfs[990]: /dev/nvme0n1p2    4096    264191    260096   127M EFI System
Apr 17 23:14:00.833284 localhost.localdomain ignition-ostree-growfs[990]: /dev/nvme0n1p3  264192   1050623    786432   384M Linux filesystem
Apr 17 23:14:00.833284 localhost.localdomain ignition-ostree-growfs[990]: /dev/nvme0n1p4 1050624 268435422 267384799 127.5G Linux filesystem
Apr 17 23:14:00.833284 localhost.localdomain ignition-ostree-growfs[990]: /dev/nvme0n1p4:
Apr 17 23:14:00.833284 localhost.localdomain ignition-ostree-growfs[990]: New situation:
Apr 17 23:14:00.833284 localhost.localdomain ignition-ostree-growfs[990]: Disklabel type: gpt
Apr 17 23:14:00.833284 localhost.localdomain ignition-ostree-growfs[990]: Disk identifier: 75A79BB3-BE4B-46E8-BD40-CD1BC228D1BF
Apr 17 23:14:00.833284 localhost.localdomain ignition-ostree-growfs[990]: Device           Start       End   Sectors   Size Type
Apr 17 23:14:00.833284 localhost.localdomain ignition-ostree-growfs[990]: /dev/nvme0n1p1    2048      4095      2048     1M BIOS boot
Apr 17 23:14:00.833284 localhost.localdomain ignition-ostree-growfs[990]: /dev/nvme0n1p2    4096    264191    260096   127M EFI System
Apr 17 23:14:00.833284 localhost.localdomain ignition-ostree-growfs[990]: /dev/nvme0n1p3  264192   1050623    786432   384M Linux filesystem
Apr 17 23:14:00.833284 localhost.localdomain ignition-ostree-growfs[990]: /dev/nvme0n1p4 1050624 268435415 267384792 127.5G Linux filesystem
Apr 17 23:14:00.833284 localhost.localdomain ignition-ostree-growfs[990]: The partition table has been altered.
Apr 17 23:14:00.833284 localhost.localdomain ignition-ostree-growfs[990]: Calling ioctl() to re-read partition table.
Apr 17 23:14:00.833284 localhost.localdomain ignition-ostree-growfs[990]: Re-reading the partition table failed.: Device or resource busy
Apr 17 23:14:00.870013 localhost.localdomain ignition-ostree-growfs[990]: The kernel still uses the old table. The new table will be used at the next reboot or after you run partprobe(8) or partx(8).
Apr 17 23:14:00.870013 localhost.localdomain ignition-ostree-growfs[990]: Syncing disks.
Apr 17 23:14:01.174350 localhost.localdomain ignition-ostree-growfs[996]: meta-data=/dev/nvme0n1p4         isize=512    agcount=4, agsize=197440 blks
Apr 17 23:14:01.174350 localhost.localdomain ignition-ostree-growfs[996]:          =                       sectsz=512   attr=2, projid32bit=1
Apr 17 23:14:01.174350 localhost.localdomain ignition-ostree-growfs[996]:          =                       crc=1        finobt=1, sparse=1, rmapbt=0
Apr 17 23:14:01.174350 localhost.localdomain ignition-ostree-growfs[996]:          =                       reflink=1    bigtime=1 inobtcount=1 nrext64=0
Apr 17 23:14:01.174350 localhost.localdomain ignition-ostree-growfs[996]: data     =                       bsize=4096   blocks=789760, imaxpct=25
Apr 17 23:14:01.174350 localhost.localdomain ignition-ostree-growfs[996]:          =                       sunit=0      swidth=0 blks
Apr 17 23:14:01.174350 localhost.localdomain ignition-ostree-growfs[996]: naming   =version 2              bsize=4096   ascii-ci=0, ftype=1
Apr 17 23:14:01.174350 localhost.localdomain ignition-ostree-growfs[996]: log      =internal log           bsize=4096   blocks=16384, version=2
Apr 17 23:14:01.174350 localhost.localdomain ignition-ostree-growfs[996]:          =                       sectsz=512   sunit=0 blks, lazy-count=1
Apr 17 23:14:01.174350 localhost.localdomain ignition-ostree-growfs[996]: realtime =none                   extsz=4096   blocks=0, rtextents=0
Apr 17 23:14:01.174350 localhost.localdomain ignition-ostree-growfs[996]: data blocks changed from 789760 to 33423099
Apr 17 23:14:01.192186 localhost.localdomain systemd-journald[325]: Missed 30 kernel messages
Apr 17 23:14:01.192186 localhost.localdomain kernel: XFS (nvme0n1p4): Unmounting Filesystem c7f212f9-af2c-469d-bc58-72da57e2e505
Apr 17 23:14:01.196102 localhost.localdomain systemd[1]: Finished Ignition OSTree: Grow Root Filesystem.
Apr 17 23:14:01.211022 localhost.localdomain systemd[1]: Starting Ignition OSTree: Autosave XFS Rootfs Partition...
Apr 17 23:14:01.249603 localhost.localdomain ignition-ostree-transposefs[1004]: autosave-xfs: /dev/disk/by-label/root agcount=170 is lower than threshold=400
Apr 17 23:14:01.250697 localhost.localdomain systemd[1]: Finished Ignition OSTree: Autosave XFS Rootfs Partition.
Apr 17 23:14:01.254212 localhost.localdomain systemd[1]: Ignition OSTree: Restore Partitions was skipped because of an unmet condition check (ConditionPathIsDirectory=/run/ignition-ostree-transposefs).
Apr 17 23:14:01.260051 localhost.localdomain systemd[1]: Starting Determine root FS mount option flags...
Apr 17 23:14:01.272769 localhost.localdomain systemd[1]: Finished Determine root FS mount option flags.
Apr 17 23:14:01.284989 localhost.localdomain systemd[1]: Mounting /sysroot...
Apr 17 23:14:01.293716 localhost.localdomain systemd-journald[325]: Missed 17 kernel messages
Apr 17 23:14:01.293716 localhost.localdomain kernel: XFS (nvme0n1p4): Mounting V5 Filesystem c7f212f9-af2c-469d-bc58-72da57e2e505
Apr 17 23:14:01.895721 localhost.localdomain kernel: XFS (nvme0n1p4): Ending clean mount
Apr 17 23:14:01.913713 localhost.localdomain kernel: XFS (nvme0n1p4): Quotacheck needed: Please wait.
Apr 17 23:14:02.183722 localhost.localdomain kernel: XFS (nvme0n1p4): Quotacheck: Done.
Apr 17 23:14:02.224563 localhost.localdomain systemd[1]: Mounted /sysroot.
Apr 17 23:14:02.226065 localhost.localdomain systemd[1]: Remount /sysroot read-write for Ignition was skipped because of an unmet condition check (ConditionPathIsReadWrite=!/sysroot).
Apr 17 23:14:02.239021 localhost.localdomain systemd[1]: Starting OSTree Prepare OS/...
Apr 17 23:14:02.242370 localhost.localdomain ostree-prepare-root[1180]: Resolved OSTree target to: /sysroot/ostree/deploy/rhcos/deploy/3f09a2510130248d7bf45869d08927b37696cee163327723ed3d9e1a50f1ab48.0
Apr 17 23:14:02.245347 localhost.localdomain ostree-prepare-root[1180]: Found legacy sysroot.readonly flag, not configured in ostree/prepare-root.conf
Apr 17 23:14:02.245347 localhost.localdomain ostree-prepare-root[1180]: sysroot.readonly configuration value: 1 (fs writable: 1)
Apr 17 23:14:02.257916 localhost.localdomain ostree-prepare-root[1180]: composefs: No image present
Apr 17 23:14:02.257916 localhost.localdomain ostree-prepare-root[1180]: Using legacy ostree bind mount for /
Apr 17 23:14:02.261819 localhost.localdomain systemd[1]: sysroot-ostree-deploy-rhcos-var.mount: Deactivated successfully.
Apr 17 23:14:02.261882 localhost.localdomain systemd[1]: sysroot.tmp-usr.mount: Deactivated successfully.
Apr 17 23:14:02.261920 localhost.localdomain systemd[1]: sysroot.tmp-etc.mount: Deactivated successfully.
Apr 17 23:14:02.261954 localhost.localdomain systemd[1]: sysroot.tmp.mount: Deactivated successfully.
Apr 17 23:14:02.263088 localhost.localdomain systemd[1]: Finished OSTree Prepare OS/.
Apr 17 23:14:02.269028 localhost.localdomain systemd[1]: Reached target Initrd Root File System.
Apr 17 23:14:02.285000 localhost.localdomain systemd[1]: Starting Afterburn Hostname...
Apr 17 23:14:02.289822 localhost.localdomain systemd[1]: Starting Ignition OSTree: Check Root Filesystem Size...
Apr 17 23:14:02.293169 localhost.localdomain systemd[1]: Starting Mount OSTree /var...
Apr 17 23:14:02.297313 localhost.localdomain systemd[1]: Finished Ignition OSTree: Check Root Filesystem Size.
Apr 17 23:14:02.299813 localhost.localdomain ignition-ostree-mount-var[1190]: Mounting /sysroot/sysroot/ostree/deploy/rhcos/var
Apr 17 23:14:02.303424 localhost.localdomain systemd[1]: Finished Mount OSTree /var.
Apr 17 23:14:02.315238 localhost.localdomain afterburn[1181]: Apr 17 23:14:02.315 INFO Fetching http://168.63.129.16/?comp=versions: Attempt #1
Apr 17 23:14:02.317990 localhost.localdomain systemd[1]: Starting Ignition (mount)...
Apr 17 23:14:02.323071 localhost.localdomain afterburn[1181]: Apr 17 23:14:02.323 INFO Fetch successful
Apr 17 23:14:02.324482 localhost.localdomain afterburn[1181]: Apr 17 23:14:02.323 INFO Fetching http://169.254.169.254/metadata/instance/compute/name?api-version=2017-08-01&format=text: Attempt #1
Apr 17 23:14:02.329658 localhost.localdomain ignition[1199]: Ignition 2.18.0
Apr 17 23:14:02.329667 localhost.localdomain ignition[1199]: Stage: mount
Apr 17 23:14:02.329840 localhost.localdomain ignition[1199]: reading system config file "/usr/lib/ignition/base.d/00-core.ign"
Apr 17 23:14:02.329857 localhost.localdomain ignition[1199]: parsing config with SHA512: ff6a5153be363997e4d5d3ea8cc4048373a457c48c4a5b134a08a30aacd167c1e0f099f0bdf1e24c99ad180628cd02b767b863b5fe3a8fce3fe1886847eb8e2e
Apr 17 23:14:02.330730 localhost.localdomain ignition[1199]: no config dir at "/usr/lib/ignition/base.platform.d/azure"
Apr 17 23:14:02.336103 localhost.localdomain afterburn[1181]: Apr 17 23:14:02.336 INFO Fetch successful
Apr 17 23:14:02.338268 localhost.localdomain ignition[1199]: Adding "root-ca" to list of CAs
Apr 17 23:14:02.339561 localhost.localdomain ignition[1199]: mount: mount passed
Apr 17 23:14:02.339622 localhost.localdomain ignition[1199]: Ignition finished successfully
Apr 17 23:14:02.340378 localhost.localdomain systemd[1]: Finished Ignition (mount).
Apr 17 23:14:02.345930 localhost.localdomain systemd[1]: Clear SSSD NSS Cache in Persistent /var was skipped because of an unmet condition check (ConditionPathExists=/sysroot/var/lib/sss/mc).
Apr 17 23:14:02.351021 localhost.localdomain systemd[1]: Starting Populate OSTree /var...
Apr 17 23:14:02.374468 localhost.localdomain afterburn[1181]: Apr 17 23:14:02.374 INFO wrote hostname ci-ln-wy83gzk-1d09d-m9g8v-worker-westus-v6-ct55k to /sysroot/etc/hostname
Apr 17 23:14:02.390676 localhost.localdomain systemd[1]: Finished Afterburn Hostname.
Apr 17 23:14:02.520230 localhost.localdomain ignition-ostree-populate-var[1212]: Relabeled /sysroot//var/lib from <no context> to system_u:object_r:var_lib_t:s0
Apr 17 23:14:02.526955 localhost.localdomain ignition-ostree-populate-var[1215]: Relabeled /sysroot//var/log from <no context> to system_u:object_r:var_log_t:s0
Apr 17 23:14:03.123349 localhost.localdomain systemd-tmpfiles[1216]: Failed to parse ACL "default:group:tss:rwx": No such file or directory. Ignoring
Apr 17 23:14:03.123645 localhost.localdomain systemd-tmpfiles[1216]: Failed to parse ACL "default:group:tss:rwx": No such file or directory. Ignoring
Apr 17 23:14:03.153850 localhost.localdomain ignition-ostree-populate-var[1218]: Relabeled /sysroot//var/home from <no context> to system_u:object_r:home_root_t:s0
Apr 17 23:14:03.159023 localhost.localdomain systemd-tmpfiles[1219]: Failed to parse ACL "default:group:tss:rwx": No such file or directory. Ignoring
Apr 17 23:14:03.159642 localhost.localdomain systemd-tmpfiles[1219]: Failed to parse ACL "default:group:tss:rwx": No such file or directory. Ignoring
Apr 17 23:14:03.168301 localhost.localdomain ignition-ostree-populate-var[1221]: Relabeled /sysroot//var/roothome from <no context> to system_u:object_r:admin_home_t:s0
Apr 17 23:14:03.168301 localhost.localdomain ignition-ostree-populate-var[1221]: Relabeled /sysroot//var/roothome/.bashrc from <no context> to system_u:object_r:admin_home_t:s0
Apr 17 23:14:03.168301 localhost.localdomain ignition-ostree-populate-var[1221]: Relabeled /sysroot//var/roothome/.bash_profile from <no context> to system_u:object_r:admin_home_t:s0
Apr 17 23:14:03.168301 localhost.localdomain ignition-ostree-populate-var[1221]: Relabeled /sysroot//var/roothome/.bash_logout from <no context> to system_u:object_r:admin_home_t:s0
Apr 17 23:14:03.173670 localhost.localdomain systemd-tmpfiles[1222]: Failed to parse ACL "default:group:tss:rwx": No such file or directory. Ignoring
Apr 17 23:14:03.174250 localhost.localdomain systemd-tmpfiles[1222]: Failed to parse ACL "default:group:tss:rwx": No such file or directory. Ignoring
Apr 17 23:14:03.184754 localhost.localdomain ignition-ostree-populate-var[1224]: Relabeled /sysroot//var/opt from <no context> to system_u:object_r:var_t:s0
Apr 17 23:14:03.189518 localhost.localdomain systemd-tmpfiles[1225]: Failed to parse ACL "default:group:tss:rwx": No such file or directory. Ignoring
Apr 17 23:14:03.190185 localhost.localdomain systemd-tmpfiles[1225]: Failed to parse ACL "default:group:tss:rwx": No such file or directory. Ignoring
Apr 17 23:14:03.198472 localhost.localdomain ignition-ostree-populate-var[1227]: Relabeled /sysroot//var/srv from <no context> to system_u:object_r:var_t:s0
Apr 17 23:14:03.203128 localhost.localdomain systemd-tmpfiles[1228]: Failed to parse ACL "default:group:tss:rwx": No such file or directory. Ignoring
Apr 17 23:14:03.203634 localhost.localdomain systemd-tmpfiles[1228]: Failed to parse ACL "default:group:tss:rwx": No such file or directory. Ignoring
Apr 17 23:14:03.210991 localhost.localdomain ignition-ostree-populate-var[1230]: Relabeled /sysroot//var/usrlocal from <no context> to system_u:object_r:usr_t:s0
Apr 17 23:14:03.215638 localhost.localdomain systemd-tmpfiles[1231]: Failed to parse ACL "default:group:tss:rwx": No such file or directory. Ignoring
Apr 17 23:14:03.216280 localhost.localdomain systemd-tmpfiles[1231]: Failed to parse ACL "default:group:tss:rwx": No such file or directory. Ignoring
Apr 17 23:14:03.225517 localhost.localdomain ignition-ostree-populate-var[1233]: Relabeled /sysroot//var/mnt from <no context> to system_u:object_r:mnt_t:s0
Apr 17 23:14:03.230021 localhost.localdomain systemd-tmpfiles[1234]: Failed to parse ACL "default:group:tss:rwx": No such file or directory. Ignoring
Apr 17 23:14:03.230484 localhost.localdomain systemd-tmpfiles[1234]: Failed to parse ACL "default:group:tss:rwx": No such file or directory. Ignoring
Apr 17 23:14:03.235503 localhost.localdomain systemd[1]: Finished Populate OSTree /var.
Apr 17 23:14:03.247003 localhost.localdomain systemd[1]: Starting Ignition OSTree Mount State Overlays...
Apr 17 23:14:03.265994 localhost.localdomain systemd[1]: Finished Ignition OSTree Mount State Overlays.
Apr 17 23:14:03.274063 localhost.localdomain systemd[1]: Starting Ignition (files)...
Apr 17 23:14:03.284495 localhost.localdomain ignition[1239]: Ignition 2.18.0
Apr 17 23:14:03.284505 localhost.localdomain ignition[1239]: Stage: files
Apr 17 23:14:03.284676 localhost.localdomain ignition[1239]: reading system config file "/usr/lib/ignition/base.d/00-core.ign"
Apr 17 23:14:03.284714 localhost.localdomain ignition[1239]: parsing config with SHA512: ff6a5153be363997e4d5d3ea8cc4048373a457c48c4a5b134a08a30aacd167c1e0f099f0bdf1e24c99ad180628cd02b767b863b5fe3a8fce3fe1886847eb8e2e
Apr 17 23:14:03.285969 localhost.localdomain ignition[1239]: no config dir at "/usr/lib/ignition/base.platform.d/azure"
Apr 17 23:14:03.294491 localhost.localdomain ignition[1239]: Adding "root-ca" to list of CAs
Apr 17 23:14:03.856301 localhost.localdomain ignition[1239]: files: ensureUsers: op(1): [started]  creating or modifying user "core"
Apr 17 23:14:03.856323 localhost.localdomain ignition[1239]: files: ensureUsers: op(1): executing: "useradd" "--root" "/sysroot" "--create-home" "--password" "*" "--comment" "CoreOS Admin" "--groups" "adm,sudo,systemd-journal,wheel" "core"
Apr 17 23:14:04.006768 localhost.localdomain ignition[1239]: files: ensureUsers: op(1): [finished] creating or modifying user "core"
Apr 17 23:14:04.006961 localhost.localdomain ignition[1239]: files: ensureUsers: op(2): [started]  adding ssh keys to user "core"
Apr 17 23:14:04.011452 localhost.localdomain ignition[1239]: wrote ssh authorized keys file for user: core
Apr 17 23:14:04.011468 localhost.localdomain ignition[1239]: files: ensureUsers: op(2): [finished] adding ssh keys to user "core"
Apr 17 23:14:04.025592 localhost.localdomain ignition[1239]: files: createFilesystemsFiles: createFiles: op(3): [started]  writing file "/sysroot/etc/node-sizing-enabled.env"
Apr 17 23:14:04.025729 localhost.localdomain ignition[1239]: files: createFilesystemsFiles: createFiles: op(3): [finished] writing file "/sysroot/etc/node-sizing-enabled.env"
Apr 17 23:14:04.025762 localhost.localdomain ignition[1239]: files: createFilesystemsFiles: createFiles: op(4): [started]  writing file "/sysroot/etc/ignition-machine-config-encapsulated.json"
Apr 17 23:14:04.025885 localhost.localdomain ignition[1239]: files: createFilesystemsFiles: createFiles: op(4): [finished] writing file "/sysroot/etc/ignition-machine-config-encapsulated.json"
Apr 17 23:14:04.026213 localhost.localdomain ignition[1239]: files: createFilesystemsFiles: createFiles: op(5): [started]  writing file "/sysroot/etc/mcs-machine-config-content.json"
Apr 17 23:14:04.031180 localhost.localdomain ignition[1239]: files: createFilesystemsFiles: createFiles: op(5): [finished] writing file "/sysroot/etc/mcs-machine-config-content.json"
Apr 17 23:14:04.031216 localhost.localdomain ignition[1239]: files: createFilesystemsFiles: createFiles: op(6): [started]  writing file "/sysroot/etc/mco/proxy.env"
Apr 17 23:14:04.032132 localhost.localdomain ignition[1239]: files: createFilesystemsFiles: createFiles: op(6): [finished] writing file "/sysroot/etc/mco/proxy.env"
Apr 17 23:14:04.032158 localhost.localdomain ignition[1239]: files: createFilesystemsFiles: createFiles: op(7): [started]  writing file "/sysroot/etc/machine-config-daemon/policy-for-old-podman.json"
Apr 17 23:14:04.033100 localhost.localdomain ignition[1239]: files: createFilesystemsFiles: createFiles: op(7): [finished] writing file "/sysroot/etc/machine-config-daemon/policy-for-old-podman.json"
