Apr 17 22:40:26.460286 localhost kernel: Linux version 5.14.0-427.109.1.el9_4.x86_64 (mockbuild@x86-64-04.build.eng.rdu2.redhat.com) (gcc (GCC) 11.4.1 20231218 (Red Hat 11.4.1-4), GNU ld version 2.35.2-43.el9_4.2) #1 SMP PREEMPT_DYNAMIC Wed Jan 28 17:07:26 EST 2026
Apr 17 22:40:26.460306 localhost kernel: The list of certified hardware and cloud instances for Red Hat Enterprise Linux 9 can be viewed at the Red Hat Ecosystem Catalog, https://catalog.redhat.com.
Apr 17 22:40:26.460313 localhost kernel: Command line: BOOT_IMAGE=(hd0,gpt3)/boot/ostree/rhcos-b5ba7c1ff66769dbe17d5776141eaa0be75c53b04d1c8e2abaabd5aadc1e4a77/vmlinuz-5.14.0-427.109.1.el9_4.x86_64 rw ignition.firstboot ostree=/ostree/boot.1/rhcos/b5ba7c1ff66769dbe17d5776141eaa0be75c53b04d1c8e2abaabd5aadc1e4a77/0 ignition.platform.id=azure console=tty0 console=ttyS0,115200n8
Apr 17 22:40:26.460320 localhost kernel: x86/fpu: Supporting XSAVE feature 0x001: 'x87 floating point registers'
Apr 17 22:40:26.460325 localhost kernel: x86/fpu: Supporting XSAVE feature 0x002: 'SSE registers'
Apr 17 22:40:26.460330 localhost kernel: x86/fpu: Supporting XSAVE feature 0x004: 'AVX registers'
Apr 17 22:40:26.460335 localhost kernel: x86/fpu: Supporting XSAVE feature 0x020: 'AVX-512 opmask'
Apr 17 22:40:26.460338 localhost kernel: x86/fpu: Supporting XSAVE feature 0x040: 'AVX-512 Hi256'
Apr 17 22:40:26.460342 localhost kernel: x86/fpu: Supporting XSAVE feature 0x080: 'AVX-512 ZMM_Hi256'
Apr 17 22:40:26.460346 localhost kernel: x86/fpu: xstate_offset[2]:  576, xstate_sizes[2]:  256
Apr 17 22:40:26.460350 localhost kernel: x86/fpu: xstate_offset[5]:  832, xstate_sizes[5]:   64
Apr 17 22:40:26.460355 localhost kernel: x86/fpu: xstate_offset[6]:  896, xstate_sizes[6]:  512
Apr 17 22:40:26.460359 localhost kernel: x86/fpu: xstate_offset[7]: 1408, xstate_sizes[7]: 1024
Apr 17 22:40:26.460363 localhost kernel: x86/fpu: Enabled xstate features 0xe7, context size is 2432 bytes, using 'compacted' format.
Apr 17 22:40:26.460368 localhost kernel: signal: max sigframe size: 3632
Apr 17 22:40:26.460372 localhost kernel: BIOS-provided physical RAM map:
Apr 17 22:40:26.460376 localhost kernel: BIOS-e820: [mem 0x0000000000000000-0x000000000009ffff] usable
Apr 17 22:40:26.460380 localhost kernel: BIOS-e820: [mem 0x00000000000c0000-0x00000000000fffff] reserved
Apr 17 22:40:26.460384 localhost kernel: BIOS-e820: [mem 0x0000000000100000-0x000000000437dfff] usable
Apr 17 22:40:26.460387 localhost kernel: BIOS-e820: [mem 0x000000000437e000-0x000000000477dfff] reserved
Apr 17 22:40:26.460391 localhost kernel: BIOS-e820: [mem 0x000000000477e000-0x000000003ff1efff] usable
Apr 17 22:40:26.460395 localhost kernel: BIOS-e820: [mem 0x000000003ff1f000-0x000000003ffc8fff] reserved
Apr 17 22:40:26.460399 localhost kernel: BIOS-e820: [mem 0x000000003ffc9000-0x000000003fffafff] ACPI data
Apr 17 22:40:26.460404 localhost kernel: BIOS-e820: [mem 0x000000003fffb000-0x000000003fffefff] ACPI NVS
Apr 17 22:40:26.460407 localhost kernel: BIOS-e820: [mem 0x000000003ffff000-0x000000003fffffff] usable
Apr 17 22:40:26.460411 localhost kernel: BIOS-e820: [mem 0x0000000100000000-0x00000004bfffffff] usable
Apr 17 22:40:26.460415 localhost kernel: NX (Execute Disable) protection: active
Apr 17 22:40:26.460419 localhost kernel: efi: EFI v2.7 by Microsoft
Apr 17 22:40:26.460423 localhost kernel: efi: ACPI=0x3fffa000 ACPI 2.0=0x3fffa014 SMBIOS=0x3ff88000 SMBIOS 3.0=0x3ff86000 MEMATTR=0x3ef7c018 MOKvar=0x3ff83000 RNG=0x3ffd2018 
Apr 17 22:40:26.460427 localhost kernel: secureboot: Secure boot disabled
Apr 17 22:40:26.460431 localhost kernel: SMBIOS 3.1.0 present.
Apr 17 22:40:26.460435 localhost kernel: DMI: Microsoft Corporation Virtual Machine/Virtual Machine, BIOS Hyper-V UEFI Release v4.1 01/08/2026
Apr 17 22:40:26.460439 localhost kernel: Hypervisor detected: Microsoft Hyper-V
Apr 17 22:40:26.460442 localhost kernel: Hyper-V: privilege flags low 0xae7f, high 0x3b8030, hints 0x1e4e24, misc 0xc0bed7b2
Apr 17 22:40:26.460446 localhost kernel: Hyper-V: Host Build 10.0.26102.1277-1-0
Apr 17 22:40:26.460450 localhost kernel: Hyper-V: Nested features: 0x3e0101
Apr 17 22:40:26.460454 localhost kernel: Hyper-V: LAPIC Timer Frequency: 0x30d40
Apr 17 22:40:26.460457 localhost kernel: Hyper-V: Using hypercall for remote TLB flush
Apr 17 22:40:26.460461 localhost kernel: clocksource: hyperv_clocksource_tsc_page: mask: 0xffffffffffffffff max_cycles: 0x24e6a1710, max_idle_ns: 440795202120 ns
Apr 17 22:40:26.460466 localhost kernel: clocksource: hyperv_clocksource_msr: mask: 0xffffffffffffffff max_cycles: 0x24e6a1710, max_idle_ns: 440795202120 ns
Apr 17 22:40:26.460472 localhost kernel: tsc: Detected 2793.436 MHz processor
Apr 17 22:40:26.460476 localhost kernel: e820: update [mem 0x00000000-0x00000fff] usable ==> reserved
Apr 17 22:40:26.460480 localhost kernel: e820: remove [mem 0x000a0000-0x000fffff] usable
Apr 17 22:40:26.460486 localhost kernel: last_pfn = 0x4c0000 max_arch_pfn = 0x10000000000
Apr 17 22:40:26.460490 localhost kernel: MTRR map: 4 entries (2 fixed + 2 variable; max 18), built from 8 variable MTRRs
Apr 17 22:40:26.460495 localhost kernel: x86/PAT: Configuration [0-7]: WB  WC  UC- UC  WB  WP  UC- WT  
Apr 17 22:40:26.460499 localhost kernel: e820: update [mem 0x40000000-0xffffffff] usable ==> reserved
Apr 17 22:40:26.460503 localhost kernel: last_pfn = 0x40000 max_arch_pfn = 0x10000000000
Apr 17 22:40:26.460507 localhost kernel: Using GB pages for direct mapping
Apr 17 22:40:26.460511 localhost kernel: secureboot: Secure boot disabled
Apr 17 22:40:26.460515 localhost kernel: RAMDISK: [mem 0x2b893000-0x318befff]
Apr 17 22:40:26.460519 localhost kernel: ACPI: Early table checksum verification disabled
Apr 17 22:40:26.460523 localhost kernel: ACPI: RSDP 0x000000003FFFA014 000024 (v02 VRTUAL)
Apr 17 22:40:26.460527 localhost kernel: ACPI: XSDT 0x000000003FFF90E8 00005C (v01 VRTUAL MICROSFT 00000001 MSFT 00000001)
Apr 17 22:40:26.460533 localhost kernel: ACPI: FACP 0x000000003FFF8000 000114 (v06 VRTUAL MICROSFT 00000001 MSFT 00000001)
Apr 17 22:40:26.460537 localhost kernel: ACPI: DSDT 0x000000003FFD6000 01E22B (v02 MSFTVM DSDT01   00000001 INTL 20230628)
Apr 17 22:40:26.460541 localhost kernel: ACPI: FACS 0x000000003FFFE000 000040
Apr 17 22:40:26.460545 localhost kernel: ACPI: OEM0 0x000000003FFF7000 000064 (v01 VRTUAL MICROSFT 00000001 MSFT 00000001)
Apr 17 22:40:26.460549 localhost kernel: ACPI: SPCR 0x000000003FFF6000 000050 (v02 VRTUAL MICROSFT 00000001 MSFT 00000001)
Apr 17 22:40:26.460553 localhost kernel: ACPI: WAET 0x000000003FFF5000 000028 (v01 VRTUAL MICROSFT 00000001 MSFT 00000001)
Apr 17 22:40:26.460557 localhost kernel: ACPI: APIC 0x000000003FFD5000 000068 (v04 VRTUAL MICROSFT 00000001 MSFT 00000001)
Apr 17 22:40:26.460561 localhost kernel: ACPI: SRAT 0x000000003FFD4000 000200 (v02 VRTUAL MICROSFT 00000001 MSFT 00000001)
Apr 17 22:40:26.460565 localhost kernel: ACPI: BGRT 0x000000003FFD3000 000038 (v01 VRTUAL MICROSFT 00000001 MSFT 00000001)
Apr 17 22:40:26.460569 localhost kernel: ACPI: Reserving FACP table memory at [mem 0x3fff8000-0x3fff8113]
Apr 17 22:40:26.460573 localhost kernel: ACPI: Reserving DSDT table memory at [mem 0x3ffd6000-0x3fff422a]
Apr 17 22:40:26.460578 localhost kernel: ACPI: Reserving FACS table memory at [mem 0x3fffe000-0x3fffe03f]
Apr 17 22:40:26.460582 localhost kernel: ACPI: Reserving OEM0 table memory at [mem 0x3fff7000-0x3fff7063]
Apr 17 22:40:26.460586 localhost kernel: ACPI: Reserving SPCR table memory at [mem 0x3fff6000-0x3fff604f]
Apr 17 22:40:26.460590 localhost kernel: ACPI: Reserving WAET table memory at [mem 0x3fff5000-0x3fff5027]
Apr 17 22:40:26.460594 localhost kernel: ACPI: Reserving APIC table memory at [mem 0x3ffd5000-0x3ffd5067]
Apr 17 22:40:26.460598 localhost kernel: ACPI: Reserving SRAT table memory at [mem 0x3ffd4000-0x3ffd41ff]
Apr 17 22:40:26.460602 localhost kernel: ACPI: Reserving BGRT table memory at [mem 0x3ffd3000-0x3ffd3037]
Apr 17 22:40:26.460606 localhost kernel: SRAT: PXM 0 -> APIC 0x00 -> Node 0
Apr 17 22:40:26.460609 localhost kernel: SRAT: PXM 0 -> APIC 0x01 -> Node 0
Apr 17 22:40:26.460613 localhost kernel: SRAT: PXM 0 -> APIC 0x02 -> Node 0
Apr 17 22:40:26.460617 localhost kernel: SRAT: PXM 0 -> APIC 0x03 -> Node 0
Apr 17 22:40:26.460621 localhost kernel: ACPI: SRAT: Node 0 PXM 0 [mem 0x00000000-0x3fffffff] hotplug
Apr 17 22:40:26.460625 localhost kernel: ACPI: SRAT: Node 0 PXM 0 [mem 0x100000000-0x4bfffffff] hotplug
Apr 17 22:40:26.460630 localhost kernel: ACPI: SRAT: Node 0 PXM 0 [mem 0x4c0000000-0xfbfffffff] hotplug
Apr 17 22:40:26.460634 localhost kernel: ACPI: SRAT: Node 0 PXM 0 [mem 0x1000000000-0xffffffffff] hotplug
Apr 17 22:40:26.460638 localhost kernel: ACPI: SRAT: Node 0 PXM 0 [mem 0x10000000000-0x1ffffffffff] hotplug
Apr 17 22:40:26.460642 localhost kernel: ACPI: SRAT: Node 0 PXM 0 [mem 0x20000000000-0x3ffffffffff] hotplug
Apr 17 22:40:26.460646 localhost kernel: ACPI: SRAT: Node 0 PXM 0 [mem 0x40000000000-0x7ffffffffff] hotplug
Apr 17 22:40:26.460650 localhost kernel: ACPI: SRAT: Node 0 PXM 0 [mem 0x80000000000-0xfffffffffff] hotplug
Apr 17 22:40:26.460654 localhost kernel: ACPI: SRAT: Node 0 PXM 0 [mem 0x100000000000-0x1fffffffffff] hotplug
Apr 17 22:40:26.460658 localhost kernel: ACPI: SRAT: Node 0 PXM 0 [mem 0x200000000000-0x3fffffffffff] hotplug
Apr 17 22:40:26.460662 localhost kernel: NUMA: Node 0 [mem 0x00000000-0x3fffffff] + [mem 0x100000000-0x4bfffffff] -> [mem 0x00000000-0x4bfffffff]
Apr 17 22:40:26.460666 localhost kernel: NODE_DATA(0) allocated [mem 0x4bffd5000-0x4bfffffff]
Apr 17 22:40:26.460671 localhost kernel: Zone ranges:
Apr 17 22:40:26.460675 localhost kernel:   DMA      [mem 0x0000000000001000-0x0000000000ffffff]
Apr 17 22:40:26.460680 localhost kernel:   DMA32    [mem 0x0000000001000000-0x00000000ffffffff]
Apr 17 22:40:26.460684 localhost kernel:   Normal   [mem 0x0000000100000000-0x00000004bfffffff]
Apr 17 22:40:26.460688 localhost kernel:   Device   empty
Apr 17 22:40:26.460692 localhost kernel: Movable zone start for each node
Apr 17 22:40:26.460696 localhost kernel: Early memory node ranges
Apr 17 22:40:26.460700 localhost kernel:   node   0: [mem 0x0000000000001000-0x000000000009ffff]
Apr 17 22:40:26.460704 localhost kernel:   node   0: [mem 0x0000000000100000-0x000000000437dfff]
Apr 17 22:40:26.460708 localhost kernel:   node   0: [mem 0x000000000477e000-0x000000003ff1efff]
Apr 17 22:40:26.460712 localhost kernel:   node   0: [mem 0x000000003ffff000-0x000000003fffffff]
Apr 17 22:40:26.460716 localhost kernel:   node   0: [mem 0x0000000100000000-0x00000004bfffffff]
Apr 17 22:40:26.460720 localhost kernel: Initmem setup node 0 [mem 0x0000000000001000-0x00000004bfffffff]
Apr 17 22:40:26.460724 localhost kernel: On node 0, zone DMA: 1 pages in unavailable ranges
Apr 17 22:40:26.460728 localhost kernel: On node 0, zone DMA: 96 pages in unavailable ranges
Apr 17 22:40:26.460733 localhost kernel: On node 0, zone DMA32: 1024 pages in unavailable ranges
Apr 17 22:40:26.460737 localhost kernel: On node 0, zone DMA32: 224 pages in unavailable ranges
Apr 17 22:40:26.460741 localhost kernel: ACPI: PM-Timer IO Port: 0x408
Apr 17 22:40:26.460745 localhost kernel: ACPI: LAPIC_NMI (acpi_id[0x01] dfl dfl lint[0x1])
Apr 17 22:40:26.460749 localhost kernel: IOAPIC[0]: apic_id 4, version 17, address 0xfec00000, GSI 0-23
Apr 17 22:40:26.460753 localhost kernel: ACPI: INT_SRC_OVR (bus 0 bus_irq 9 global_irq 9 high level)
Apr 17 22:40:26.460757 localhost kernel: ACPI: Using ACPI (MADT) for SMP configuration information
Apr 17 22:40:26.460761 localhost kernel: e820: update [mem 0x3ef8d000-0x3ef93fff] usable ==> reserved
Apr 17 22:40:26.460765 localhost kernel: ACPI: SPCR: console: uart,io,0x3f8,115200
Apr 17 22:40:26.460769 localhost kernel: TSC deadline timer available
Apr 17 22:40:26.460773 localhost kernel: smpboot: Allowing 4 CPUs, 0 hotplug CPUs
Apr 17 22:40:26.460778 localhost kernel: PM: hibernation: Registered nosave memory: [mem 0x00000000-0x00000fff]
Apr 17 22:40:26.460782 localhost kernel: PM: hibernation: Registered nosave memory: [mem 0x000a0000-0x000bffff]
Apr 17 22:40:26.460786 localhost kernel: PM: hibernation: Registered nosave memory: [mem 0x000c0000-0x000fffff]
Apr 17 22:40:26.460790 localhost kernel: PM: hibernation: Registered nosave memory: [mem 0x0437e000-0x0477dfff]
Apr 17 22:40:26.460798 localhost kernel: PM: hibernation: Registered nosave memory: [mem 0x3ef8d000-0x3ef93fff]
Apr 17 22:40:26.460802 localhost kernel: PM: hibernation: Registered nosave memory: [mem 0x3ff1f000-0x3ffc8fff]
Apr 17 22:40:26.460806 localhost kernel: PM: hibernation: Registered nosave memory: [mem 0x3ffc9000-0x3fffafff]
Apr 17 22:40:26.460810 localhost kernel: PM: hibernation: Registered nosave memory: [mem 0x3fffb000-0x3fffefff]
Apr 17 22:40:26.460814 localhost kernel: PM: hibernation: Registered nosave memory: [mem 0x40000000-0xffffffff]
Apr 17 22:40:26.460818 localhost kernel: [mem 0x40000000-0xffffffff] available for PCI devices
Apr 17 22:40:26.460822 localhost kernel: Booting paravirtualized kernel on Hyper-V
Apr 17 22:40:26.460827 localhost kernel: clocksource: refined-jiffies: mask: 0xffffffff max_cycles: 0xffffffff, max_idle_ns: 1910969940391419 ns
Apr 17 22:40:26.460831 localhost kernel: setup_percpu: NR_CPUS:8192 nr_cpumask_bits:4 nr_cpu_ids:4 nr_node_ids:1
Apr 17 22:40:26.460835 localhost kernel: percpu: Embedded 63 pages/cpu s221184 r8192 d28672 u524288
Apr 17 22:40:26.460839 localhost kernel: pcpu-alloc: s221184 r8192 d28672 u524288 alloc=1*2097152
Apr 17 22:40:26.460843 localhost kernel: pcpu-alloc: [0] 0 1 2 3 
Apr 17 22:40:26.460847 localhost kernel: Hyper-V: PV spinlocks enabled
Apr 17 22:40:26.460851 localhost kernel: PV qspinlock hash table entries: 256 (order: 0, 4096 bytes, linear)
Apr 17 22:40:26.460855 localhost kernel: Fallback order for Node 0: 0 
Apr 17 22:40:26.460859 localhost kernel: Built 1 zonelists, mobility grouping on.  Total pages: 4125705
Apr 17 22:40:26.460863 localhost kernel: Policy zone: Normal
Apr 17 22:40:26.460868 localhost kernel: Kernel command line: BOOT_IMAGE=(hd0,gpt3)/boot/ostree/rhcos-b5ba7c1ff66769dbe17d5776141eaa0be75c53b04d1c8e2abaabd5aadc1e4a77/vmlinuz-5.14.0-427.109.1.el9_4.x86_64 rw ignition.firstboot ostree=/ostree/boot.1/rhcos/b5ba7c1ff66769dbe17d5776141eaa0be75c53b04d1c8e2abaabd5aadc1e4a77/0 ignition.platform.id=azure console=tty0 console=ttyS0,115200n8
Apr 17 22:40:26.460874 localhost kernel: Unknown kernel command line parameters "BOOT_IMAGE=(hd0,gpt3)/boot/ostree/rhcos-b5ba7c1ff66769dbe17d5776141eaa0be75c53b04d1c8e2abaabd5aadc1e4a77/vmlinuz-5.14.0-427.109.1.el9_4.x86_64 ostree=/ostree/boot.1/rhcos/b5ba7c1ff66769dbe17d5776141eaa0be75c53b04d1c8e2abaabd5aadc1e4a77/0", will be passed to user space.
Apr 17 22:40:26.460878 localhost kernel: random: crng init done
Apr 17 22:40:26.460882 localhost kernel: Dentry cache hash table entries: 2097152 (order: 12, 16777216 bytes, linear)
Apr 17 22:40:26.460886 localhost kernel: Inode-cache hash table entries: 1048576 (order: 11, 8388608 bytes, linear)
Apr 17 22:40:26.460890 localhost kernel: mem auto-init: stack:off, heap alloc:off, heap free:off
Apr 17 22:40:26.460894 localhost kernel: software IO TLB: area num 4.
Apr 17 22:40:26.460898 localhost kernel: Memory: 991428K/16771836K available (16384K kernel code, 5630K rwdata, 11768K rodata, 3900K init, 5940K bss, 524704K reserved, 0K cma-reserved)
Apr 17 22:40:26.460902 localhost kernel: SLUB: HWalign=64, Order=0-3, MinObjects=0, CPUs=4, Nodes=1
Apr 17 22:40:26.460906 localhost kernel: ftrace: allocating 46922 entries in 184 pages
Apr 17 22:40:26.460910 localhost kernel: ftrace: allocated 184 pages with 4 groups
Apr 17 22:40:26.460914 localhost kernel: Dynamic Preempt: voluntary
Apr 17 22:40:26.460920 localhost kernel: rcu: Preemptible hierarchical RCU implementation.
Apr 17 22:40:26.460924 localhost kernel: rcu:         RCU restricting CPUs from NR_CPUS=8192 to nr_cpu_ids=4.
Apr 17 22:40:26.460928 localhost kernel:         Trampoline variant of Tasks RCU enabled.
Apr 17 22:40:26.460932 localhost kernel:         Rude variant of Tasks RCU enabled.
Apr 17 22:40:26.460936 localhost kernel:         Tracing variant of Tasks RCU enabled.
Apr 17 22:40:26.460940 localhost kernel: rcu: RCU calculated value of scheduler-enlistment delay is 100 jiffies.
Apr 17 22:40:26.460944 localhost kernel: rcu: Adjusting geometry for rcu_fanout_leaf=16, nr_cpu_ids=4
Apr 17 22:40:26.460952 localhost kernel: RCU Tasks: Setting shift to 2 and lim to 1 rcu_task_cb_adjust=1.
Apr 17 22:40:26.460958 localhost kernel: RCU Tasks Rude: Setting shift to 2 and lim to 1 rcu_task_cb_adjust=1.
Apr 17 22:40:26.460965 localhost kernel: RCU Tasks Trace: Setting shift to 2 and lim to 1 rcu_task_cb_adjust=1.
Apr 17 22:40:26.460973 localhost kernel: Using NULL legacy PIC
Apr 17 22:40:26.460986 localhost kernel: NR_IRQS: 524544, nr_irqs: 456, preallocated irqs: 0
Apr 17 22:40:26.460993 localhost kernel: rcu: srcu_init: Setting srcu_struct sizes based on contention.
Apr 17 22:40:26.460997 localhost kernel: kfence: initialized - using 2097152 bytes for 255 objects at 0x(____ptrval____)-0x(____ptrval____)
Apr 17 22:40:26.461001 localhost kernel: Console: colour dummy device 80x25
Apr 17 22:40:26.461005 localhost kernel: printk: console [tty0] enabled
Apr 17 22:40:26.461009 localhost kernel: printk: console [ttyS0] enabled
Apr 17 22:40:26.461013 localhost kernel: ACPI: Core revision 20221020
Apr 17 22:40:26.461017 localhost kernel: Failed to register legacy timer interrupt
Apr 17 22:40:26.461021 localhost kernel: APIC: Switch to symmetric I/O mode setup
Apr 17 22:40:26.461025 localhost kernel: x2apic enabled
Apr 17 22:40:26.461029 localhost kernel: Switched APIC routing to physical x2apic.
Apr 17 22:40:26.461033 localhost kernel: Hyper-V: enabling crash_kexec_post_notifiers
Apr 17 22:40:26.461037 localhost kernel: Hyper-V: Using IPI hypercalls
Apr 17 22:40:26.461042 localhost kernel: clocksource: tsc-early: mask: 0xffffffffffffffff max_cycles: 0x284407e0e7a, max_idle_ns: 440795310592 ns
Apr 17 22:40:26.461047 localhost kernel: Calibrating delay loop (skipped), value calculated using timer frequency.. 5586.87 BogoMIPS (lpj=2793436)
Apr 17 22:40:26.461051 localhost kernel: pid_max: default: 32768 minimum: 301
Apr 17 22:40:26.461055 localhost kernel: LSM: initializing lsm=lockdown,capability,yama,integrity,selinux,bpf
Apr 17 22:40:26.461059 localhost kernel: Yama: becoming mindful.
Apr 17 22:40:26.461063 localhost kernel: SELinux:  Initializing.
Apr 17 22:40:26.461066 localhost kernel: LSM support for eBPF active
Apr 17 22:40:26.461070 localhost kernel: Mount-cache hash table entries: 32768 (order: 6, 262144 bytes, linear)
Apr 17 22:40:26.461074 localhost kernel: Mountpoint-cache hash table entries: 32768 (order: 6, 262144 bytes, linear)
Apr 17 22:40:26.461078 localhost kernel: x86/cpu: User Mode Instruction Prevention (UMIP) activated
Apr 17 22:40:26.461082 localhost kernel: Last level iTLB entries: 4KB 0, 2MB 0, 4MB 0
Apr 17 22:40:26.461086 localhost kernel: Last level dTLB entries: 4KB 0, 2MB 0, 4MB 0, 1GB 0
Apr 17 22:40:26.461090 localhost kernel: Spectre V1 : Mitigation: usercopy/swapgs barriers and __user pointer sanitization
Apr 17 22:40:26.461094 localhost kernel: Spectre V2 : Mitigation: Retpolines
Apr 17 22:40:26.461099 localhost kernel: Spectre V2 : Spectre v2 / SpectreRSB mitigation: Filling RSB on context switch
Apr 17 22:40:26.461103 localhost kernel: Spectre V2 : Spectre v2 / SpectreRSB : Filling RSB on VMEXIT
Apr 17 22:40:26.461107 localhost kernel: RETBleed: WARNING: Spectre v2 mitigation leaves CPU vulnerable to RETBleed attacks, data leaks possible!
Apr 17 22:40:26.461111 localhost kernel: RETBleed: Vulnerable
Apr 17 22:40:26.461115 localhost kernel: Speculative Store Bypass: Vulnerable
Apr 17 22:40:26.461119 localhost kernel: MMIO Stale Data: Vulnerable: Clear CPU buffers attempted, no microcode
Apr 17 22:40:26.461122 localhost kernel: Freeing SMP alternatives memory: 36K
Apr 17 22:40:26.461126 localhost kernel: smpboot: CPU0: Intel(R) Xeon(R) Platinum 8370C CPU @ 2.80GHz (family: 0x6, model: 0x6a, stepping: 0x6)
Apr 17 22:40:26.461130 localhost kernel: Performance Events: unsupported p6 CPU model 106 no PMU driver, software events only.
Apr 17 22:40:26.461134 localhost kernel: rcu: Hierarchical SRCU implementation.
Apr 17 22:40:26.461138 localhost kernel: rcu:         Max phase no-delay instances is 400.
Apr 17 22:40:26.461142 localhost kernel: NMI watchdog: Perf NMI watchdog permanently disabled
Apr 17 22:40:26.461146 localhost kernel: smp: Bringing up secondary CPUs ...
Apr 17 22:40:26.461150 localhost kernel: x86: Booting SMP configuration:
Apr 17 22:40:26.461155 localhost kernel: .... node  #0, CPUs:      #1
Apr 17 22:40:26.461159 localhost kernel: MMIO Stale Data CPU bug present and SMT on, data leak possible. See https://www.kernel.org/doc/html/latest/admin-guide/hw-vuln/processor_mmio_stale_data.html for more details.
Apr 17 22:40:26.461164 localhost kernel:  #2 #3
Apr 17 22:40:26.461168 localhost kernel: smp: Brought up 1 node, 4 CPUs
Apr 17 22:40:26.461172 localhost kernel: smpboot: Max logical packages: 1
Apr 17 22:40:26.461176 localhost kernel: smpboot: Total of 4 processors activated (22347.48 BogoMIPS)
Apr 17 22:40:26.461180 localhost kernel: node 0 deferred pages initialised in 19ms
Apr 17 22:40:26.461184 localhost kernel: devtmpfs: initialized
Apr 17 22:40:26.461188 localhost kernel: x86/mm: Memory block size: 128MB
Apr 17 22:40:26.461192 localhost kernel: ACPI: PM: Registering ACPI NVS region [mem 0x3fffb000-0x3fffefff] (16384 bytes)
Apr 17 22:40:26.461196 localhost kernel: clocksource: jiffies: mask: 0xffffffff max_cycles: 0xffffffff, max_idle_ns: 1911260446275000 ns
Apr 17 22:40:26.461202 localhost kernel: futex hash table entries: 1024 (order: 4, 65536 bytes, linear)
Apr 17 22:40:26.461206 localhost kernel: pinctrl core: initialized pinctrl subsystem
Apr 17 22:40:26.461210 localhost kernel: NET: Registered PF_NETLINK/PF_ROUTE protocol family
Apr 17 22:40:26.461214 localhost kernel: DMA: preallocated 2048 KiB GFP_KERNEL pool for atomic allocations
Apr 17 22:40:26.461218 localhost kernel: DMA: preallocated 2048 KiB GFP_KERNEL|GFP_DMA pool for atomic allocations
Apr 17 22:40:26.461222 localhost kernel: DMA: preallocated 2048 KiB GFP_KERNEL|GFP_DMA32 pool for atomic allocations
Apr 17 22:40:26.461226 localhost kernel: audit: initializing netlink subsys (disabled)
Apr 17 22:40:26.461230 localhost kernel: audit: type=2000 audit(1776465624.074:1): state=initialized audit_enabled=0 res=1
Apr 17 22:40:26.461235 localhost kernel: thermal_sys: Registered thermal governor 'fair_share'
Apr 17 22:40:26.461239 localhost kernel: thermal_sys: Registered thermal governor 'step_wise'
Apr 17 22:40:26.461243 localhost kernel: thermal_sys: Registered thermal governor 'user_space'
Apr 17 22:40:26.461249 localhost kernel: cpuidle: using governor menu
Apr 17 22:40:26.461253 localhost kernel: acpiphp: ACPI Hot Plug PCI Controller Driver version: 0.5
Apr 17 22:40:26.461257 localhost kernel: e820: reserve RAM buffer [mem 0x0437e000-0x07ffffff]
Apr 17 22:40:26.461261 localhost kernel: e820: reserve RAM buffer [mem 0x3ef8d000-0x3fffffff]
Apr 17 22:40:26.461265 localhost kernel: e820: reserve RAM buffer [mem 0x3ff1f000-0x3fffffff]
Apr 17 22:40:26.461269 localhost kernel: kprobes: kprobe jump-optimization is enabled. All kprobes are optimized if possible.
Apr 17 22:40:26.461279 localhost kernel: HugeTLB: registered 1.00 GiB page size, pre-allocated 0 pages
Apr 17 22:40:26.461283 localhost kernel: HugeTLB: 16380 KiB vmemmap can be freed for a 1.00 GiB page
Apr 17 22:40:26.461293 localhost kernel: HugeTLB: registered 2.00 MiB page size, pre-allocated 0 pages
Apr 17 22:40:26.461300 localhost kernel: HugeTLB: 28 KiB vmemmap can be freed for a 2.00 MiB page
Apr 17 22:40:26.461304 localhost kernel: cryptd: max_cpu_qlen set to 1000
Apr 17 22:40:26.461308 localhost kernel: ACPI: Added _OSI(Module Device)
Apr 17 22:40:26.461313 localhost kernel: ACPI: Added _OSI(Processor Device)
Apr 17 22:40:26.461317 localhost kernel: ACPI: Added _OSI(3.0 _SCP Extensions)
Apr 17 22:40:26.461321 localhost kernel: ACPI: Added _OSI(Processor Aggregator Device)
Apr 17 22:40:26.461325 localhost kernel: ACPI: Added _OSI(Linux-Dell-Video)
Apr 17 22:40:26.461329 localhost kernel: ACPI: Added _OSI(Linux-Lenovo-NV-HDMI-Audio)
Apr 17 22:40:26.461333 localhost kernel: ACPI: Added _OSI(Linux-HPI-Hybrid-Graphics)
Apr 17 22:40:26.461337 localhost kernel: ACPI: 1 ACPI AML tables successfully acquired and loaded
Apr 17 22:40:26.461341 localhost kernel: ACPI: Interpreter enabled
Apr 17 22:40:26.461345 localhost kernel: ACPI: PM: (supports S0 S5)
Apr 17 22:40:26.461349 localhost kernel: ACPI: Using IOAPIC for interrupt routing
Apr 17 22:40:26.461354 localhost kernel: PCI: Using host bridge windows from ACPI; if necessary, use "pci=nocrs" and report a bug
Apr 17 22:40:26.461358 localhost kernel: PCI: Ignoring E820 reservations for host bridge windows
Apr 17 22:40:26.461363 localhost kernel: ACPI: Enabled 1 GPEs in block 00 to 0F
Apr 17 22:40:26.461367 localhost kernel: iommu: Default domain type: Translated
Apr 17 22:40:26.461371 localhost kernel: iommu: DMA domain TLB invalidation policy: lazy mode
Apr 17 22:40:26.461375 localhost kernel: SCSI subsystem initialized
Apr 17 22:40:26.461379 localhost kernel: ACPI: bus type USB registered
Apr 17 22:40:26.461384 localhost kernel: usbcore: registered new interface driver usbfs
Apr 17 22:40:26.461388 localhost kernel: usbcore: registered new interface driver hub
Apr 17 22:40:26.461392 localhost kernel: usbcore: registered new device driver usb
Apr 17 22:40:26.461396 localhost kernel: pps_core: LinuxPPS API ver. 1 registered
Apr 17 22:40:26.461400 localhost kernel: pps_core: Software ver. 5.3.6 - Copyright 2005-2007 Rodolfo Giometti <giometti@linux.it>
Apr 17 22:40:26.461404 localhost kernel: PTP clock support registered
Apr 17 22:40:26.461408 localhost kernel: EDAC MC: Ver: 3.0.0
Apr 17 22:40:26.461413 localhost kernel: Registered efivars operations
Apr 17 22:40:26.461417 localhost kernel: NetLabel: Initializing
Apr 17 22:40:26.461422 localhost kernel: NetLabel:  domain hash size = 128
Apr 17 22:40:26.461425 localhost kernel: NetLabel:  protocols = UNLABELED CIPSOv4 CALIPSO
Apr 17 22:40:26.461430 localhost kernel: NetLabel:  unlabeled traffic allowed by default
Apr 17 22:40:26.461434 localhost kernel: PCI: Using ACPI for IRQ routing
Apr 17 22:40:26.461437 localhost kernel: PCI: System does not support PCI
Apr 17 22:40:26.461441 localhost kernel: vgaarb: loaded
Apr 17 22:40:26.461445 localhost kernel: clocksource: Switched to clocksource tsc-early
Apr 17 22:40:26.461449 localhost kernel: VFS: Disk quotas dquot_6.6.0
Apr 17 22:40:26.461453 localhost kernel: VFS: Dquot-cache hash table entries: 512 (order 0, 4096 bytes)
Apr 17 22:40:26.461457 localhost kernel: pnp: PnP ACPI init
Apr 17 22:40:26.461463 localhost kernel: pnp: PnP ACPI: found 3 devices
Apr 17 22:40:26.461467 localhost kernel: clocksource: acpi_pm: mask: 0xffffff max_cycles: 0xffffff, max_idle_ns: 2085701024 ns
Apr 17 22:40:26.461471 localhost kernel: NET: Registered PF_INET protocol family
Apr 17 22:40:26.461475 localhost kernel: IP idents hash table entries: 262144 (order: 9, 2097152 bytes, linear)
Apr 17 22:40:26.461479 localhost kernel: tcp_listen_portaddr_hash hash table entries: 8192 (order: 5, 131072 bytes, linear)
Apr 17 22:40:26.461483 localhost kernel: Table-perturb hash table entries: 65536 (order: 6, 262144 bytes, linear)
Apr 17 22:40:26.461487 localhost kernel: TCP established hash table entries: 131072 (order: 8, 1048576 bytes, linear)
Apr 17 22:40:26.461491 localhost kernel: TCP bind hash table entries: 65536 (order: 8, 1048576 bytes, linear)
Apr 17 22:40:26.461495 localhost kernel: TCP: Hash tables configured (established 131072 bind 65536)
Apr 17 22:40:26.461499 localhost kernel: MPTCP token hash table entries: 16384 (order: 6, 393216 bytes, linear)
Apr 17 22:40:26.461503 localhost kernel: UDP hash table entries: 8192 (order: 6, 262144 bytes, linear)
Apr 17 22:40:26.461507 localhost kernel: UDP-Lite hash table entries: 8192 (order: 6, 262144 bytes, linear)
Apr 17 22:40:26.461513 localhost kernel: NET: Registered PF_UNIX/PF_LOCAL protocol family
Apr 17 22:40:26.461517 localhost kernel: NET: Registered PF_XDP protocol family
Apr 17 22:40:26.461520 localhost kernel: PCI: CLS 0 bytes, default 64
Apr 17 22:40:26.461524 localhost kernel: PCI-DMA: Using software bounce buffering for IO (SWIOTLB)
Apr 17 22:40:26.461528 localhost kernel: Trying to unpack rootfs image as initramfs...
Apr 17 22:40:26.461532 localhost kernel: software IO TLB: mapped [mem 0x000000003a878000-0x000000003e878000] (64MB)
Apr 17 22:40:26.461537 localhost kernel: ACPI: bus type thunderbolt registered
Apr 17 22:40:26.461541 localhost kernel: Initialise system trusted keyrings
Apr 17 22:40:26.461545 localhost kernel: Key type blacklist registered
Apr 17 22:40:26.461549 localhost kernel: workingset: timestamp_bits=36 max_order=22 bucket_order=0
Apr 17 22:40:26.461553 localhost kernel: zbud: loaded
Apr 17 22:40:26.461558 localhost kernel: integrity: Platform Keyring initialized
Apr 17 22:40:26.461562 localhost kernel: integrity: Machine keyring initialized
Apr 17 22:40:26.461566 localhost kernel: NET: Registered PF_ALG protocol family
Apr 17 22:40:26.461570 localhost kernel: xor: automatically using best checksumming function   avx       
Apr 17 22:40:26.461574 localhost kernel: Key type asymmetric registered
Apr 17 22:40:26.461582 localhost kernel: Asymmetric key parser 'x509' registered
Apr 17 22:40:26.461589 localhost kernel: Block layer SCSI generic (bsg) driver version 0.4 loaded (major 246)
Apr 17 22:40:26.461595 localhost kernel: io scheduler mq-deadline registered
Apr 17 22:40:26.461601 localhost kernel: io scheduler kyber registered
Apr 17 22:40:26.461608 localhost kernel: io scheduler bfq registered
Apr 17 22:40:26.461614 localhost kernel: atomic64_test: passed for x86-64 platform with CX8 and with SSE
Apr 17 22:40:26.461621 localhost kernel: shpchp: Standard Hot Plug PCI Controller Driver version: 0.4
Apr 17 22:40:26.461629 localhost kernel: Serial: 8250/16550 driver, 4 ports, IRQ sharing enabled
Apr 17 22:40:26.461635 localhost kernel: 00:00: ttyS0 at I/O 0x3f8 (irq = 4, base_baud = 115200) is a 16550A
Apr 17 22:40:26.461642 localhost kernel: 00:01: ttyS1 at I/O 0x2f8 (irq = 3, base_baud = 115200) is a 16550A
Apr 17 22:40:26.461648 localhost kernel: Non-volatile memory driver v1.3
Apr 17 22:40:26.461655 localhost kernel: rdac: device handler registered
Apr 17 22:40:26.461661 localhost kernel: hp_sw: device handler registered
Apr 17 22:40:26.461667 localhost kernel: emc: device handler registered
Apr 17 22:40:26.461674 localhost kernel: alua: device handler registered
Apr 17 22:40:26.461681 localhost kernel: usbcore: registered new interface driver usbserial_generic
Apr 17 22:40:26.461688 localhost kernel: usbserial: USB Serial support registered for generic
Apr 17 22:40:26.461694 localhost kernel: i8042: PNP: No PS/2 controller found.
Apr 17 22:40:26.461701 localhost kernel: mousedev: PS/2 mouse device common for all mice
Apr 17 22:40:26.461835 localhost kernel: rtc_cmos 00:02: registered as rtc0
Apr 17 22:40:26.461918 localhost kernel: rtc_cmos 00:02: setting system clock to 2026-04-17T22:40:25 UTC (1776465625)
Apr 17 22:40:26.461993 localhost kernel: rtc_cmos 00:02: alarms up to one month, 114 bytes nvram
Apr 17 22:40:26.462003 localhost kernel: intel_pstate: Intel P-state driver initializing
Apr 17 22:40:26.462011 localhost kernel: efifb: probing for efifb
Apr 17 22:40:26.462018 localhost kernel: efifb: framebuffer at 0x40000000, using 3072k, total 3072k
Apr 17 22:40:26.462025 localhost kernel: efifb: mode is 1024x768x32, linelength=4096, pages=1
Apr 17 22:40:26.462032 localhost kernel: efifb: scrolling: redraw
Apr 17 22:40:26.462040 localhost kernel: efifb: Truecolor: size=8:8:8:8, shift=24:16:8:0
Apr 17 22:40:26.462048 localhost kernel: Console: switching to colour frame buffer device 128x48
Apr 17 22:40:26.462058 localhost kernel: fb0: EFI VGA frame buffer device
Apr 17 22:40:26.462065 localhost kernel: EFI Variables Facility v0.08 2004-May-17
Apr 17 22:40:26.462072 localhost kernel: hid: raw HID events driver (C) Jiri Kosina
Apr 17 22:40:26.462080 localhost kernel: usbcore: registered new interface driver usbhid
Apr 17 22:40:26.462087 localhost kernel: usbhid: USB HID core driver
Apr 17 22:40:26.462095 localhost kernel: drop_monitor: Initializing network drop monitor service
Apr 17 22:40:26.462102 localhost kernel: Initializing XFRM netlink socket
Apr 17 22:40:26.462109 localhost kernel: NET: Registered PF_INET6 protocol family
Apr 17 22:40:26.462116 localhost kernel: Freeing initrd memory: 98480K
Apr 17 22:40:26.462123 localhost kernel: Segment Routing with IPv6
Apr 17 22:40:26.462130 localhost kernel: NET: Registered PF_PACKET protocol family
Apr 17 22:40:26.462137 localhost kernel: mpls_gso: MPLS GSO support
Apr 17 22:40:26.462145 localhost kernel: IPI shorthand broadcast: enabled
Apr 17 22:40:26.462152 localhost kernel: AVX2 version of gcm_enc/dec engaged.
Apr 17 22:40:26.462158 localhost kernel: AES CTR mode by8 optimization enabled
Apr 17 22:40:26.462165 localhost kernel: sched_clock: Marking stable (737308595, 554441599)->(1412856387, -121106193)
Apr 17 22:40:26.462173 localhost kernel: registered taskstats version 1
Apr 17 22:40:26.462179 localhost kernel: Loading compiled-in X.509 certificates
Apr 17 22:40:26.462187 localhost kernel: Loaded X.509 cert 'Red Hat Enterprise Linux kernel signing key: 472b59d4409ea800f73392e482c074af803cf59b'
Apr 17 22:40:26.462194 localhost kernel: Loaded X.509 cert 'Red Hat Enterprise Linux Driver Update Program (key 3): bf57f3e87362bc7229d9f465321773dfd1f77a80'
Apr 17 22:40:26.462201 localhost kernel: Loaded X.509 cert 'Red Hat Enterprise Linux kpatch signing key: 4d38fd864ebe18c5f0b72e3852e2014c3a676fc8'
Apr 17 22:40:26.462209 localhost kernel: Loaded X.509 cert 'RH-IMA-CA: Red Hat IMA CA: fb31825dd0e073685b264e3038963673f753959a'
Apr 17 22:40:26.462215 localhost kernel: Loaded X.509 cert 'Nvidia GPU OOT signing 001: 55e1cef88193e60419f0b0ec379c49f77545acf0'
Apr 17 22:40:26.462224 localhost kernel: zswap: loaded using pool lzo/zbud
Apr 17 22:40:26.462231 localhost kernel: page_owner is disabled
Apr 17 22:40:26.462238 localhost kernel: Key type big_key registered
Apr 17 22:40:26.462255 localhost kernel: Key type encrypted registered
Apr 17 22:40:26.462261 localhost kernel: integrity: Loading X.509 certificate: UEFI:db
Apr 17 22:40:26.462269 localhost kernel: integrity: Loaded X.509 cert 'Microsoft Windows Production PCA 2011: a92902398e16c49778cd90f99e4f9ae17c55af53'
Apr 17 22:40:26.462290 localhost kernel: integrity: Loading X.509 certificate: UEFI:db
Apr 17 22:40:26.462297 localhost kernel: integrity: Loaded X.509 cert 'Microsoft Corporation: Windows UEFI CA 2023: aefc5fbbbe055d8f8daa585473499417ab5a5272'
Apr 17 22:40:26.462304 localhost kernel: integrity: Loading X.509 certificate: UEFI:MokListRT (MOKvar table)
Apr 17 22:40:26.462311 localhost kernel: integrity: Loading X.509 certificate: UEFI:MokListRT (MOKvar table)
Apr 17 22:40:26.462318 localhost kernel: integrity: Loaded X.509 cert 'Red Hat Secure Boot CA 5: cc6fa5e72868ba494e939bbd680b9144769a9f8f'
Apr 17 22:40:26.462325 localhost kernel: integrity: Loading X.509 certificate: UEFI:MokListRT (MOKvar table)
Apr 17 22:40:26.462332 localhost kernel: integrity: Loading X.509 certificate: UEFI:MokListRT (MOKvar table)
Apr 17 22:40:26.462338 localhost kernel: integrity: Loaded X.509 cert 'Red Hat Secure Boot CA 8: e1c6c580aa1e21d585aad9bf20f3929e5ec1f08b'
Apr 17 22:40:26.462346 localhost kernel: ima: No TPM chip found, activating TPM-bypass!
Apr 17 22:40:26.462353 localhost kernel: Loading compiled-in module X.509 certificates
Apr 17 22:40:26.462360 localhost kernel: Loaded X.509 cert 'Red Hat Enterprise Linux kernel signing key: 472b59d4409ea800f73392e482c074af803cf59b'
Apr 17 22:40:26.462367 localhost kernel: ima: Allocated hash algorithm: sha256
Apr 17 22:40:26.462374 localhost kernel: ima: No architecture policies found
Apr 17 22:40:26.462383 localhost kernel: evm: Initialising EVM extended attributes:
Apr 17 22:40:26.462390 localhost kernel: evm: security.selinux
Apr 17 22:40:26.462396 localhost kernel: evm: security.SMACK64 (disabled)
Apr 17 22:40:26.462403 localhost kernel: evm: security.SMACK64EXEC (disabled)
Apr 17 22:40:26.462410 localhost kernel: evm: security.SMACK64TRANSMUTE (disabled)
Apr 17 22:40:26.462416 localhost kernel: evm: security.SMACK64MMAP (disabled)
Apr 17 22:40:26.462424 localhost kernel: evm: security.apparmor (disabled)
Apr 17 22:40:26.462431 localhost kernel: evm: security.ima
Apr 17 22:40:26.462438 localhost kernel: evm: security.capability
Apr 17 22:40:26.462446 localhost kernel: evm: HMAC attrs: 0x1
Apr 17 22:40:26.462453 localhost kernel: Running certificate verification RSA selftest
Apr 17 22:40:26.462461 localhost kernel: Loaded X.509 cert 'Certificate verification self-testing key: f58703bb33ce1b73ee02eccdee5b8817518fe3db'
Apr 17 22:40:26.462470 localhost kernel: Running certificate verification ECDSA selftest
Apr 17 22:40:26.462477 localhost kernel: Loaded X.509 cert 'Certificate verification ECDSA self-testing key: 2900bcea1deb7bc8479a84a23d758efdfdd2b2d3'
Apr 17 22:40:26.462485 localhost kernel: Freeing unused decrypted memory: 2028K
Apr 17 22:40:26.462492 localhost kernel: Freeing unused kernel image (initmem) memory: 3900K
Apr 17 22:40:26.462499 localhost kernel: Write protecting the kernel read-only data: 28672k
Apr 17 22:40:26.462506 localhost kernel: Freeing unused kernel image (rodata/data gap) memory: 520K
Apr 17 22:40:26.462514 localhost kernel: x86/mm: Checked W+X mappings: passed, no W+X pages found.
Apr 17 22:40:26.462521 localhost kernel: Run /init as init process
Apr 17 22:40:26.462529 localhost kernel:   with arguments:
Apr 17 22:40:26.462537 localhost kernel:     /init
Apr 17 22:40:26.462545 localhost kernel:   with environment:
Apr 17 22:40:26.462552 localhost kernel:     HOME=/
Apr 17 22:40:26.462561 localhost kernel:     TERM=linux
Apr 17 22:40:26.462569 localhost kernel:     BOOT_IMAGE=(hd0,gpt3)/boot/ostree/rhcos-b5ba7c1ff66769dbe17d5776141eaa0be75c53b04d1c8e2abaabd5aadc1e4a77/vmlinuz-5.14.0-427.109.1.el9_4.x86_64
Apr 17 22:40:26.462577 localhost kernel:     ostree=/ostree/boot.1/rhcos/b5ba7c1ff66769dbe17d5776141eaa0be75c53b04d1c8e2abaabd5aadc1e4a77/0
Apr 17 22:40:26.462621 localhost systemd-journald[328]: Missed 28 kernel messages
Apr 17 22:40:26.462643 localhost kernel: tsc: Refined TSC clocksource calibration: 2793.435 MHz
Apr 17 22:40:26.462654 localhost systemd-journald[328]: Missed 1 kernel messages
Apr 17 22:40:26.462667 localhost kernel: clocksource: tsc: mask: 0xffffffffffffffff max_cycles: 0x284407163d1, max_idle_ns: 440795343281 ns
Apr 17 22:40:26.462673 localhost kernel: clocksource: Switched to clocksource tsc
Apr 17 22:40:26.462686 localhost systemd-journald[328]: Journal started
Apr 17 22:40:26.462719 localhost systemd-journald[328]: Runtime Journal (/run/log/journal/9c36499e52434725a384e23e44deceda) is 8.0M, max 319.7M, 311.7M free.
Apr 17 22:40:26.468046 localhost systemd-sysusers[330]: Creating group 'nobody' with GID 65534.
Apr 17 22:40:26.480260 localhost systemd[1]: Finished Afterburn Initrd Setup Network Kernel Arguments.
Apr 17 22:40:26.486961 localhost systemd-journald[328]: Missed 7 kernel messages
Apr 17 22:40:26.486961 localhost kernel: fuse: init (API version 7.36)
Apr 17 22:40:26.487624 localhost systemd-modules-load[329]: Inserted module 'fuse'
Apr 17 22:40:26.487695 localhost systemd[1]: Finished CoreOS: Touch /run/agetty.reload.
Apr 17 22:40:26.487720 localhost systemd-modules-load[329]: Module 'msr' is built in
Apr 17 22:40:26.494477 localhost systemd[1]: Finished Create List of Static Device Nodes.
Apr 17 22:40:26.501426 localhost systemd[1]: Finished Load Kernel Modules.
Apr 17 22:40:26.503779 localhost systemd[1]: Finished Setup Virtual Console.
Apr 17 22:40:26.520441 localhost systemd[1]: Starting dracut ask for additional cmdline parameters...
Apr 17 22:40:26.526780 localhost systemd[1]: Starting Apply Kernel Variables...
Apr 17 22:40:26.530632 localhost systemd-sysusers[330]: Creating group 'sgx' with GID 999.
Apr 17 22:40:26.531260 localhost systemd-sysusers[330]: Creating group 'users' with GID 100.
Apr 17 22:40:26.532326 localhost systemd-sysusers[330]: Creating group 'root' with GID 998.
Apr 17 22:40:26.532986 localhost systemd-sysusers[330]: Creating group 'dbus' with GID 81.
Apr 17 22:40:26.533555 localhost systemd-sysusers[330]: Creating user 'dbus' (System Message Bus) with UID 81 and GID 81.
Apr 17 22:40:26.534611 localhost systemd[1]: Finished Create System Users.
Apr 17 22:40:26.543884 localhost systemd[1]: Finished Apply Kernel Variables.
Apr 17 22:40:26.551752 localhost systemd[1]: Finished dracut ask for additional cmdline parameters.
Apr 17 22:40:26.566475 localhost systemd[1]: Starting dracut cmdline hook...
Apr 17 22:40:26.570436 localhost systemd[1]: Starting Create Static Device Nodes in /dev...
Apr 17 22:40:26.575635 localhost systemd[1]: Starting Create Volatile Files and Directories...
Apr 17 22:40:26.581441 localhost systemd[1]: Finished Create Static Device Nodes in /dev.
Apr 17 22:40:26.585683 localhost systemd[1]: Finished Create Volatile Files and Directories.
Apr 17 22:40:26.591658 localhost dracut-cmdline[353]: dracut-418.94.202602022246-0 dracut-057-54.git20250423.el9_4.2
Apr 17 22:40:26.591658 localhost dracut-cmdline[353]: Using kernel command line parameters:  ip=auto   BOOT_IMAGE=(hd0,gpt3)/boot/ostree/rhcos-b5ba7c1ff66769dbe17d5776141eaa0be75c53b04d1c8e2abaabd5aadc1e4a77/vmlinuz-5.14.0-427.109.1.el9_4.x86_64 rw ignition.firstboot ostree=/ostree/boot.1/rhcos/b5ba7c1ff66769dbe17d5776141eaa0be75c53b04d1c8e2abaabd5aadc1e4a77/0 ignition.platform.id=azure console=tty0 console=ttyS0,115200n8
Apr 17 22:40:26.642295 localhost systemd-journald[328]: Missed 24 kernel messages
Apr 17 22:40:26.642295 localhost kernel: Loading iSCSI transport class v2.0-870.
Apr 17 22:40:26.653296 localhost kernel: iscsi: registered transport (tcp)
Apr 17 22:40:26.674438 localhost kernel: Warning: Deprecated Driver is detected: qla4xxx will not be maintained in a future major release and may be disabled
Apr 17 22:40:26.681684 localhost kernel: iscsi: registered transport (qla4xxx)
Apr 17 22:40:26.681698 localhost kernel: QLogic iSCSI HBA Driver
Apr 17 22:40:26.693291 localhost kernel: libcxgbi:libcxgbi_init_module: Chelsio iSCSI driver library libcxgbi v0.9.1-ko (Apr. 2015)
Apr 17 22:40:26.741226 localhost kernel: Chelsio T4-T6 iSCSI Driver cxgb4i v0.9.5-ko (Apr. 2015)
Apr 17 22:40:26.741298 localhost kernel: iscsi: registered transport (cxgb4i)
Apr 17 22:40:26.753292 localhost kernel: cnic: QLogic cnicDriver v2.5.22 (July 20, 2015)
Apr 17 22:40:26.761895 localhost kernel: QLogic NetXtreme II iSCSI Driver bnx2i v2.7.10.1 (Jul 16, 2014)
Apr 17 22:40:26.761907 localhost kernel: iscsi: registered transport (bnx2i)
Apr 17 22:40:26.775255 localhost kernel: iscsi: registered transport (be2iscsi)
Apr 17 22:40:26.775306 localhost kernel: In beiscsi_module_init, tt=000000009c33a000
Apr 17 22:40:26.864362 localhost systemd[1]: Finished dracut cmdline hook.
Apr 17 22:40:26.879500 localhost systemd[1]: Starting dracut pre-udev hook...
Apr 17 22:40:26.910811 localhost systemd-journald[328]: Missed 2 kernel messages
Apr 17 22:40:26.910811 localhost kernel: device-mapper: core: CONFIG_IMA_DISABLE_HTABLE is disabled. Duplicate IMA measurements will not be recorded in the IMA log.
Apr 17 22:40:26.910878 localhost kernel: device-mapper: uevent: version 1.0.3
Apr 17 22:40:26.914240 localhost kernel: device-mapper: ioctl: 4.48.1-ioctl (2025-04-28) initialised: dm-devel@redhat.com
Apr 17 22:40:26.930609 localhost systemd[1]: Finished dracut pre-udev hook.
Apr 17 22:40:26.949493 localhost systemd[1]: Starting Rule-based Manager for Device Events and Files...
Apr 17 22:40:26.964017 localhost systemd-udevd[542]: Using default interface naming scheme 'rhel-9.0'.
Apr 17 22:40:26.968467 localhost systemd[1]: Started Rule-based Manager for Device Events and Files.
Apr 17 22:40:26.975557 localhost systemd[1]: Starting dracut pre-trigger hook...
Apr 17 22:40:26.984569 localhost dracut-pre-trigger[552]: rd.md=0: removing MD RAID activation
Apr 17 22:40:27.002178 localhost systemd[1]: Finished dracut pre-trigger hook.
Apr 17 22:40:27.018492 localhost systemd[1]: Starting Coldplug All udev Devices...
Apr 17 22:40:27.049805 localhost systemd[1]: sys-module-fuse.device: Failed to enqueue SYSTEMD_WANTS= job, ignoring: Unit sys-fs-fuse-connections.mount not found.
Apr 17 22:40:27.052233 localhost systemd[1]: Finished Coldplug All udev Devices.
Apr 17 22:40:27.070641 localhost systemd[1]: Starting Wait for udev To Complete Device Initialization...
Apr 17 22:40:27.083012 localhost udevadm[595]: systemd-udev-settle.service is deprecated. Please fix multipathd-configure.service not to pull it in.
Apr 17 22:40:27.104295 localhost systemd-journald[328]: Missed 12 kernel messages
Apr 17 22:40:27.104295 localhost kernel: hv_vmbus: Vmbus version:5.3
Apr 17 22:40:27.119109 localhost kernel: hv_vmbus: registering driver hid_hyperv
Apr 17 22:40:27.119154 localhost kernel: hv_utils: Registering HyperV Utility Driver
Apr 17 22:40:27.119168 localhost kernel: input: Microsoft Vmbus HID-compliant Mouse as /devices/0006:045E:0621.0001/input/input0
Apr 17 22:40:27.119176 localhost kernel: hv_vmbus: registering driver hv_utils
Apr 17 22:40:27.122219 localhost kernel: hid-generic 0006:045E:0621.0001: input: VIRTUAL HID v0.01 Mouse [Microsoft Vmbus HID-compliant Mouse] on 
Apr 17 22:40:27.131295 localhost kernel: hv_vmbus: registering driver hv_storvsc
Apr 17 22:40:27.131336 localhost kernel: hv_utils: Heartbeat IC version 3.0
Apr 17 22:40:27.131347 localhost kernel: hv_vmbus: registering driver hyperv_keyboard
Apr 17 22:40:27.133951 localhost kernel: hv_utils: Shutdown IC version 3.2
Apr 17 22:40:27.141298 localhost kernel: hv_utils: TimeSync IC version 4.0
Apr 17 22:40:27.143463 localhost kernel: input: AT Translated Set 2 keyboard as /devices/LNXSYSTM:00/LNXSYBUS:00/ACPI0004:00/MSFT1000:00/d34b2567-b9b6-42b9-8778-0a4ec0b955bf/serio0/input/input1
Apr 17 22:40:27.143495 localhost kernel: scsi host1: storvsc_host_t
Apr 17 22:40:27.143543 localhost kernel: scsi host0: storvsc_host_t
Apr 17 22:40:27.143692 localhost kernel: scsi 0:0:0:0: Direct-Access     Msft     Virtual Disk     1.0  PQ: 0 ANSI: 5
Apr 17 22:40:27.144289 localhost kernel: scsi 0:0:0:2: CD-ROM            Msft     Virtual DVD-ROM  1.0  PQ: 0 ANSI: 5
Apr 17 22:40:27.194806 localhost kernel: hv_vmbus: registering driver hv_netvsc
Apr 17 22:40:27.208607 localhost kernel: scsi 0:0:0:0: Attached scsi generic sg0 type 0
Apr 17 22:40:27.208844 localhost kernel: scsi 0:0:0:2: Attached scsi generic sg1 type 5
Apr 17 22:40:27.220537 localhost kernel: sr 0:0:0:2: [sr0] scsi-1 drive
Apr 17 22:40:27.220720 localhost kernel: sd 0:0:0:0: [sda] 268435456 512-byte logical blocks: (137 GB/128 GiB)
Apr 17 22:40:27.220836 localhost kernel: cdrom: Uniform CD-ROM driver Revision: 3.20
Apr 17 22:40:27.220843 localhost kernel: sd 0:0:0:0: [sda] 4096-byte physical blocks
Apr 17 22:40:27.227990 localhost kernel: sd 0:0:0:0: [sda] Write Protect is off
Apr 17 22:40:27.231200 localhost kernel: sd 0:0:0:0: [sda] Mode Sense: 0f 00 10 00
Apr 17 22:40:27.231381 localhost kernel: sd 0:0:0:0: [sda] Write cache: enabled, read cache: enabled, supports DPO and FUA
Apr 17 22:40:27.231481 localhost kernel: sr 0:0:0:2: Attached scsi CD-ROM sr0
Apr 17 22:40:27.239771 localhost kernel: GPT:Primary header thinks Alt. header is not at the end of the disk.
Apr 17 22:40:27.239824 localhost kernel: GPT:7370751 != 268435455
Apr 17 22:40:27.242165 localhost kernel: GPT:Alternate GPT header not at the end of the disk.
Apr 17 22:40:27.242177 localhost kernel: hv_storvsc f8b3781a-1e82-4818-a1c3-63d806ec15bb: tag#133 cmd 0x85 status: scsi 0x2 srb 0x6 hv 0xc0000001
Apr 17 22:40:27.242329 localhost kernel: GPT:7370751 != 268435455
Apr 17 22:40:27.250214 localhost kernel: GPT: Use GNU Parted to correct GPT errors.
Apr 17 22:40:27.252685 localhost kernel:  sda: sda1 sda2 sda3 sda4
Apr 17 22:40:27.256803 localhost kernel: sd 0:0:0:0: [sda] Attached SCSI disk
Apr 17 22:40:27.273820 localhost kernel: hv_storvsc f8b3781a-1e82-4818-a1c3-63d806ec15bb: tag#208 cmd 0x85 status: scsi 0x2 srb 0x6 hv 0xc0000001
Apr 17 22:40:27.305810 localhost kernel: hv_netvsc 00224804-f45e-0022-4804-f45e00224804 eth0: VF slot 1 added
Apr 17 22:40:27.312814 localhost kernel: hv_vmbus: registering driver hv_pci
Apr 17 22:40:27.317125 localhost kernel: hv_pci 841db9d3-9a13-4cfa-a6e1-1cd7fe5e2662: PCI VMBus probing: Using version 0x10004
Apr 17 22:40:27.317278 localhost kernel: hv_pci 841db9d3-9a13-4cfa-a6e1-1cd7fe5e2662: PCI host bridge to bus 9a13:00
Apr 17 22:40:27.322415 localhost kernel: pci_bus 9a13:00: root bus resource [mem 0xfc0000000-0xfc00fffff window]
Apr 17 22:40:27.325200 localhost kernel: pci_bus 9a13:00: No busn resource found for root bus, will use [bus 00-ff]
Apr 17 22:40:27.330151 localhost kernel: pci 9a13:00:02.0: [15b3:1018] type 00 class 0x020000
Apr 17 22:40:27.334861 localhost kernel: pci 9a13:00:02.0: reg 0x10: [mem 0xfc0000000-0xfc00fffff 64bit pref]
Apr 17 22:40:27.338807 localhost kernel: pci 9a13:00:02.0: enabling Extended Tags
Apr 17 22:40:27.350857 localhost kernel: pci 9a13:00:02.0: 0.000 Gb/s available PCIe bandwidth, limited by Unknown x0 link at 9a13:00:02.0 (capable of 126.016 Gb/s with 8.0 GT/s PCIe x16 link)
Apr 17 22:40:27.356399 localhost kernel: pci_bus 9a13:00: busn_res: [bus 00-ff] end is updated to 00
Apr 17 22:40:27.356540 localhost kernel: pci 9a13:00:02.0: BAR 0: assigned [mem 0xfc0000000-0xfc00fffff 64bit pref]
Apr 17 22:40:27.625593 localhost kernel: mlx5_core 9a13:00:02.0: enabling device (0000 -> 0002)
Apr 17 22:40:27.630814 localhost kernel: mlx5_core 9a13:00:02.0: firmware version: 16.30.5026
Apr 17 22:40:27.644114 localhost systemd[1]: Found device Virtual_Disk boot.
Apr 17 22:40:27.659970 localhost systemd[1]: Starting CoreOS Ignition User Config Setup...
Apr 17 22:40:27.664036 localhost systemd[1]: Starting CoreOS Ensure Unique Boot Filesystem Label...
Apr 17 22:40:27.706112 localhost systemd[1]: Found device Virtual_Disk root.
Apr 17 22:40:27.749083 localhost systemd[1]: Finished CoreOS Ensure Unique Boot Filesystem Label.
Apr 17 22:40:27.794803 localhost systemd-journald[328]: Missed 5 kernel messages
Apr 17 22:40:27.794803 localhost kernel: EXT4-fs (sda3): mounted filesystem 96d15588-3596-4b3c-adca-a2ff7279ea63 ro with ordered data mode. Quota mode: none.
Apr 17 22:40:27.794868 localhost coreos-ignition-setup-user[691]: File /mnt/boot_partition/ignition/config.ign does not exist.. Skipping copy
Apr 17 22:40:27.802603 localhost kernel: EXT4-fs (sda3): unmounting filesystem 96d15588-3596-4b3c-adca-a2ff7279ea63.
Apr 17 22:40:27.798070 localhost systemd[1]: Finished CoreOS Ignition User Config Setup.
Apr 17 22:40:27.854803 localhost systemd-journald[328]: Missed 2 kernel messages
Apr 17 22:40:27.854803 localhost kernel: hv_netvsc 00224804-f45e-0022-4804-f45e00224804 eth0: VF registering: eth1
Apr 17 22:40:27.855097 localhost kernel: mlx5_core 9a13:00:02.0 eth1: joined to eth0
Apr 17 22:40:27.864884 localhost kernel: mlx5_core 9a13:00:02.0: MLX5E: StrdRq(1) RqSz(8) StrdSz(256) RxCqeCmprss(0 basic)
Apr 17 22:40:27.872812 localhost kernel: mlx5_core 9a13:00:02.0 enP39443s1: renamed from eth1
Apr 17 22:40:27.952272 localhost systemd[1]: Created slice Slice /system/rdma-load-modules.
Apr 17 22:40:27.967944 localhost systemd[1]: Starting Load RDMA modules from /etc/rdma/modules/infiniband.conf...
Apr 17 22:40:27.974283 localhost systemd[1]: Starting Load RDMA modules from /etc/rdma/modules/rdma.conf...
Apr 17 22:40:27.981028 localhost systemd[1]: Starting Load RDMA modules from /etc/rdma/modules/roce.conf...
Apr 17 22:40:27.988175 localhost systemd[1]: Finished Wait for udev To Complete Device Initialization.
Apr 17 22:40:27.993806 localhost systemd[1]: Finished Load RDMA modules from /etc/rdma/modules/roce.conf.
Apr 17 22:40:27.997476 localhost systemd[1]: Device-Mapper Multipath Default Configuration was skipped because of an unmet condition check (ConditionKernelCommandLine=rd.multipath=default).
Apr 17 22:40:27.998412 localhost systemd[1]: Starting Device-Mapper Multipath Device Controller...
Apr 17 22:40:28.011741 localhost systemd-modules-load[719]: Inserted module 'ib_ipoib'
Apr 17 22:40:28.015757 localhost systemd-modules-load[719]: Inserted module 'ib_umad'
Apr 17 22:40:28.020998 localhost systemd[1]: Finished Load RDMA modules from /etc/rdma/modules/infiniband.conf.
Apr 17 22:40:28.036112 localhost systemd-modules-load[720]: Inserted module 'ib_iser'
Apr 17 22:40:28.039745 localhost systemd-journald[328]: Missed 11 kernel messages
Apr 17 22:40:28.039745 localhost kernel: iscsi: registered transport (iser)
Apr 17 22:40:28.041637 localhost multipathd[726]: --------start up--------
Apr 17 22:40:28.041637 localhost multipathd[726]: read /etc/multipath.conf
Apr 17 22:40:28.047156 localhost multipathd[726]: /etc/multipath.conf does not exist, blacklisting all devices.
Apr 17 22:40:28.047156 localhost multipathd[726]: You can run "/sbin/mpathconf --enable" to create
Apr 17 22:40:28.047156 localhost multipathd[726]: /etc/multipath.conf. See man mpathconf(8) for more details
Apr 17 22:40:28.056373 localhost systemd[1]: Started Device-Mapper Multipath Device Controller.
Apr 17 22:40:28.067152 localhost multipathd[726]: path checkers start up
Apr 17 22:40:28.067152 localhost multipathd[726]: /etc/multipath.conf does not exist, blacklisting all devices.
Apr 17 22:40:28.067152 localhost multipathd[726]: You can run "/sbin/mpathconf --enable" to create
Apr 17 22:40:28.067152 localhost multipathd[726]: /etc/multipath.conf. See man mpathconf(8) for more details
Apr 17 22:40:28.074362 localhost systemd[1]: Reached target Preparation for Local File Systems.
Apr 17 22:40:28.086010 localhost systemd[1]: Reached target Local File Systems.
Apr 17 22:40:28.096603 localhost systemd-journald[328]: Missed 13 kernel messages
Apr 17 22:40:28.096603 localhost kernel: Rounding down aligned max_sectors from 4294967295 to 4294967288
Apr 17 22:40:28.096659 localhost kernel: db_root: cannot open: /etc/target
Apr 17 22:40:28.123320 localhost systemd-modules-load[720]: Inserted module 'ib_isert'
Apr 17 22:40:28.135296 localhost systemd-journald[328]: Missed 1 kernel messages
Apr 17 22:40:28.135296 localhost kernel: ib_srpt MAD registration failed for mlx5_0-1.
Apr 17 22:40:28.135343 localhost kernel: ib_srpt srpt_add_one(mlx5_0) failed.
Apr 17 22:40:28.136026 localhost systemd-modules-load[720]: Inserted module 'ib_srpt'
Apr 17 22:40:28.139053 localhost systemd-modules-load[720]: Inserted module 'rdma_ucm'
Apr 17 22:40:28.201623 localhost systemd-journald[328]: Missed 2 kernel messages
Apr 17 22:40:28.201623 localhost kernel: RPC: Registered named UNIX socket transport module.
Apr 17 22:40:28.201694 localhost kernel: RPC: Registered udp transport module.
Apr 17 22:40:28.203832 localhost kernel: RPC: Registered tcp transport module.
Apr 17 22:40:28.206239 localhost kernel: RPC: Registered tcp-with-tls transport module.
Apr 17 22:40:28.208942 localhost kernel: RPC: Registered tcp NFSv4.1 backchannel transport module.
Apr 17 22:40:28.238262 localhost kernel: RPC: Registered rdma transport module.
Apr 17 22:40:28.238318 localhost kernel: RPC: Registered rdma backchannel transport module.
Apr 17 22:40:28.238929 localhost systemd-modules-load[720]: Inserted module 'rpcrdma'
Apr 17 22:40:28.239736 localhost systemd[1]: Finished Load RDMA modules from /etc/rdma/modules/rdma.conf.
Apr 17 22:40:28.247302 localhost systemd[1]: Reached target Preparation for Network.
Apr 17 22:40:28.251773 localhost systemd[1]: Reached target RDMA Hardware.
Apr 17 22:40:28.255580 localhost systemd[1]: Reached target System Initialization.
Apr 17 22:40:28.259971 localhost systemd[1]: Reached target Basic System.
Apr 17 22:40:28.264270 localhost systemd[1]: Persist Osmet Files (ISO) was skipped because of an unmet condition check (ConditionKernelCommandLine=coreos.liveiso).
Apr 17 22:40:28.275984 localhost systemd[1]: Starting Ignition (fetch-offline)...
Apr 17 22:40:28.289874 localhost ignition[740]: Ignition 2.18.0
Apr 17 22:40:28.292359 localhost systemd[1]: Finished Ignition (fetch-offline).
Apr 17 22:40:28.289883 localhost ignition[740]: Stage: fetch-offline
Apr 17 22:40:28.289916 localhost ignition[740]: reading system config file "/usr/lib/ignition/base.d/00-core.ign"
Apr 17 22:40:28.289931 localhost ignition[740]: parsing config with SHA512: ff6a5153be363997e4d5d3ea8cc4048373a457c48c4a5b134a08a30aacd167c1e0f099f0bdf1e24c99ad180628cd02b767b863b5fe3a8fce3fe1886847eb8e2e
Apr 17 22:40:28.290855 localhost ignition[740]: no config dir at "/usr/lib/ignition/base.platform.d/azure"
Apr 17 22:40:28.290930 localhost ignition[740]: parsed url from cmdline: ""
Apr 17 22:40:28.290932 localhost ignition[740]: no config URL provided
Apr 17 22:40:28.290935 localhost ignition[740]: reading system config file "/usr/lib/ignition/user.ign"
Apr 17 22:40:28.309028 localhost systemd[1]: Starting CoreOS Enable Network...
Apr 17 22:40:28.290941 localhost ignition[740]: no config at "/usr/lib/ignition/user.ign"
Apr 17 22:40:28.290945 localhost ignition[740]: failed to fetch config: resource requires networking
Apr 17 22:40:28.291047 localhost ignition[740]: Ignition finished successfully
Apr 17 22:40:28.382187 localhost systemd[1]: Finished CoreOS Enable Network.
Apr 17 22:40:28.401070 localhost systemd[1]: Starting Copy CoreOS Firstboot Networking Config...
Apr 17 22:40:28.428816 localhost systemd-journald[328]: Missed 21 kernel messages
Apr 17 22:40:28.428816 localhost kernel: EXT4-fs (sda3): mounted filesystem 96d15588-3596-4b3c-adca-a2ff7279ea63 ro with ordered data mode. Quota mode: none.
Apr 17 22:40:28.430184 localhost coreos-copy-firstboot-network[774]: info: no files to copy from /mnt/boot_partition/coreos-firstboot-network; skipping
Apr 17 22:40:28.439710 localhost kernel: EXT4-fs (sda3): unmounting filesystem 96d15588-3596-4b3c-adca-a2ff7279ea63.
Apr 17 22:40:28.440001 localhost systemd[1]: Finished Copy CoreOS Firstboot Networking Config.
Apr 17 22:40:28.461044 localhost systemd[1]: Starting Generate New UUID For Boot Disk GPT...
Apr 17 22:40:28.466261 localhost systemd[1]: Starting nm-initrd.service...
Apr 17 22:40:28.471753 localhost coreos-gpt-setup[782]: Randomizing disk GUID
Apr 17 22:40:28.474803 localhost systemd-journald[328]: Missed 5 kernel messages
Apr 17 22:40:28.474803 localhost kernel: GPT:Primary header thinks Alt. header is not at the end of the disk.
Apr 17 22:40:28.478794 localhost kernel: GPT:7370751 != 268435455
Apr 17 22:40:28.482510 localhost kernel: GPT:Alternate GPT header not at the end of the disk.
Apr 17 22:40:28.484893 localhost kernel: GPT:7370751 != 268435455
Apr 17 22:40:28.487662 localhost kernel: GPT: Use GNU Parted to correct GPT errors.
Apr 17 22:40:28.489496 localhost kernel:  sda: sda1 sda2 sda3 sda4
Apr 17 22:40:28.548489 localhost NetworkManager[785]: <info>  [1776465628.5484] NetworkManager (version 1.46.0-35.el9_4) is starting... (boot:48e42e1f-a0db-484c-a4f2-9220f57941a1)
Apr 17 22:40:28.548510 localhost NetworkManager[785]: <info>  [1776465628.5484] Read config: /etc/NetworkManager/NetworkManager.conf (lib: initrd-no-auto-default.conf) (run: 15-carrier-timeout.conf)
Apr 17 22:40:28.571994 localhost systemd[1]: Starting D-Bus System Message Bus...
Apr 17 22:40:28.579934 localhost systemd[1]: Started D-Bus System Message Bus.
Apr 17 22:40:28.581969 localhost dbus-broker-lau[818]: Ready
Apr 17 22:40:28.584882 localhost.localdomain NetworkManager[785]: <info>  [1776465628.5848] manager[0x55f833a77080]: monitoring kernel firmware directory '/lib/firmware'.
Apr 17 22:40:28.585588 localhost.localdomain NetworkManager[785]: <info>  [1776465628.5855] hostname: hostname: couldn't get property from hostnamed
Apr 17 22:40:28.585956 localhost.localdomain NetworkManager[785]: <info>  [1776465628.5859] dns-mgr: init: dns=default,systemd-resolved rc-manager=symlink (auto)
Apr 17 22:40:28.586008 localhost.localdomain NetworkManager[785]: <info>  [1776465628.5859] policy: set-hostname: set hostname to 'localhost.localdomain' (no hostname found)
Apr 17 22:40:28.603604 localhost.localdomain NetworkManager[785]: <info>  [1776465628.6035] manager[0x55f833a77080]: rfkill: Wi-Fi hardware radio set enabled
Apr 17 22:40:28.603621 localhost.localdomain NetworkManager[785]: <info>  [1776465628.6036] manager[0x55f833a77080]: rfkill: WWAN hardware radio set enabled
Apr 17 22:40:28.605460 localhost.localdomain NetworkManager[785]: <info>  [1776465628.6054] Loaded device plugin: NMTeamFactory (/usr/lib64/NetworkManager/1.46.0-35.el9_4/libnm-device-plugin-team.so)
Apr 17 22:40:28.605479 localhost.localdomain NetworkManager[785]: <info>  [1776465628.6054] manager: rfkill: Wi-Fi enabled by radio killswitch; enabled by state file
Apr 17 22:40:28.605529 localhost.localdomain NetworkManager[785]: <info>  [1776465628.6055] manager: rfkill: WWAN enabled by radio killswitch; enabled by state file
Apr 17 22:40:28.605570 localhost.localdomain NetworkManager[785]: <info>  [1776465628.6055] manager: Networking is enabled by state file
Apr 17 22:40:28.605690 localhost.localdomain NetworkManager[785]: <info>  [1776465628.6056] settings: Loaded settings plugin: keyfile (internal)
Apr 17 22:40:28.605992 localhost.localdomain NetworkManager[785]: <info>  [1776465628.6059] settings: Loaded settings plugin: ifcfg-rh ("/usr/lib64/NetworkManager/1.46.0-35.el9_4/libnm-settings-plugin-ifcfg-rh.so")
Apr 17 22:40:28.607187 localhost.localdomain NetworkManager[785]: <info>  [1776465628.6071] dhcp: init: Using DHCP client 'internal'
Apr 17 22:40:28.607393 localhost.localdomain NetworkManager[785]: <info>  [1776465628.6073] manager: (lo): new Loopback device (/org/freedesktop/NetworkManager/Devices/1)
Apr 17 22:40:28.608265 localhost.localdomain NetworkManager[785]: <info>  [1776465628.6082] device (lo): state change: unmanaged -> unavailable (reason 'connection-assumed', sys-iface-state: 'external')
Apr 17 22:40:28.671236 localhost.localdomain systemd-journald[328]: Missed 20 kernel messages
Apr 17 22:40:28.671236 localhost.localdomain kernel: mlx5_core 9a13:00:02.0 enP39443s1: Link up
Apr 17 22:40:28.608619 localhost.localdomain NetworkManager[785]: <info>  [1776465628.6086] device (lo): state change: unavailable -> disconnected (reason 'connection-assumed', sys-iface-state: 'external')
Apr 17 22:40:28.609158 localhost.localdomain NetworkManager[785]: <info>  [1776465628.6091] device (lo): Activation: starting connection 'lo' (76ef22bf-28d2-45ba-af3c-ab1ee92762c9)
Apr 17 22:40:28.609760 localhost.localdomain NetworkManager[785]: <info>  [1776465628.6097] manager: (eth0): new Ethernet device (/org/freedesktop/NetworkManager/Devices/2)
Apr 17 22:40:28.610005 localhost.localdomain NetworkManager[785]: <info>  [1776465628.6099] device (eth0): state change: unmanaged -> unavailable (reason 'managed', sys-iface-state: 'external')
Apr 17 22:40:28.714806 localhost.localdomain systemd-journald[328]: Missed 4 kernel messages
Apr 17 22:40:28.714806 localhost.localdomain kernel: hv_netvsc 00224804-f45e-0022-4804-f45e00224804 eth0: Data path switched to VF: enP39443s1
Apr 17 22:40:28.715061 localhost.localdomain kernel: IPv6: ADDRCONF(NETDEV_CHANGE): eth0: link becomes ready
Apr 17 22:40:28.721731 localhost.localdomain kernel: IPv6: ADDRCONF(NETDEV_CHANGE): enP39443s1: link becomes ready
Apr 17 22:40:28.724011 localhost.localdomain NetworkManager[785]: <info>  [1776465628.7239] device (enP39443s1): carrier: link connected
Apr 17 22:40:28.724664 localhost.localdomain NetworkManager[785]: <info>  [1776465628.7246] manager: (enP39443s1): new Ethernet device (/org/freedesktop/NetworkManager/Devices/3)
Apr 17 22:40:28.725199 localhost.localdomain systemd[1]: Started nm-initrd.service.
Apr 17 22:40:28.725271 localhost.localdomain NetworkManager[785]: <info>  [1776465628.7252] bus-manager: acquired D-Bus service "org.freedesktop.NetworkManager"
Apr 17 22:40:28.725671 localhost.localdomain NetworkManager[785]: <info>  [1776465628.7256] device (lo): state change: disconnected -> prepare (reason 'none', sys-iface-state: 'external')
Apr 17 22:40:28.725868 localhost.localdomain NetworkManager[785]: <info>  [1776465628.7258] device (lo): state change: prepare -> config (reason 'none', sys-iface-state: 'external')
Apr 17 22:40:28.726016 localhost.localdomain NetworkManager[785]: <info>  [1776465628.7260] device (lo): state change: config -> ip-config (reason 'none', sys-iface-state: 'external')
Apr 17 22:40:28.726150 localhost.localdomain NetworkManager[785]: <info>  [1776465628.7261] device (eth0): carrier: link connected
Apr 17 22:40:28.726826 localhost.localdomain NetworkManager[785]: <warn>  [1776465628.7267] ifcfg-rh: dbus: couldn't acquire D-Bus service: GDBus.Error:org.freedesktop.DBus.Error.AccessDenied: Request to own name refused by policy
Apr 17 22:40:28.726960 localhost.localdomain NetworkManager[785]: <info>  [1776465628.7269] device (lo): state change: ip-config -> ip-check (reason 'none', sys-iface-state: 'external')
Apr 17 22:40:28.784802 localhost.localdomain ignition[823]: Ignition 2.18.0
Apr 17 22:40:28.727436 localhost.localdomain NetworkManager[785]: <info>  [1776465628.7274] device (eth0): state change: unavailable -> disconnected (reason 'carrier-changed', sys-iface-state: 'managed')
Apr 17 22:40:28.784811 localhost.localdomain ignition[823]: Stage: fetch
Apr 17 22:40:28.728643 localhost.localdomain NetworkManager[785]: <info>  [1776465628.7286] policy: auto-activating connection 'Wired Connection' (0d7321df-ed07-4ed6-9f76-619c1e8d90c8)
Apr 17 22:40:28.785004 localhost.localdomain ignition[823]: reading system config file "/usr/lib/ignition/base.d/00-core.ign"
Apr 17 22:40:28.728835 localhost.localdomain NetworkManager[785]: <info>  [1776465628.7288] device (lo): state change: ip-check -> secondaries (reason 'none', sys-iface-state: 'external')
Apr 17 22:40:28.785019 localhost.localdomain ignition[823]: parsing config with SHA512: ff6a5153be363997e4d5d3ea8cc4048373a457c48c4a5b134a08a30aacd167c1e0f099f0bdf1e24c99ad180628cd02b767b863b5fe3a8fce3fe1886847eb8e2e
Apr 17 22:40:28.729058 localhost.localdomain NetworkManager[785]: <info>  [1776465628.7290] device (eth0): Activation: starting connection 'Wired Connection' (0d7321df-ed07-4ed6-9f76-619c1e8d90c8)
Apr 17 22:40:28.786106 localhost.localdomain ignition[823]: no config dir at "/usr/lib/ignition/base.platform.d/azure"
Apr 17 22:40:28.729072 localhost.localdomain NetworkManager[785]: <info>  [1776465628.7290] device (lo): state change: secondaries -> activated (reason 'none', sys-iface-state: 'external')
Apr 17 22:40:28.786209 localhost.localdomain ignition[823]: parsed url from cmdline: ""
Apr 17 22:40:28.729439 localhost.localdomain NetworkManager[785]: <info>  [1776465628.7294] device (lo): Activation: successful, device activated.
Apr 17 22:40:28.786213 localhost.localdomain ignition[823]: no config URL provided
Apr 17 22:40:28.729918 localhost.localdomain NetworkManager[785]: <info>  [1776465628.7298] device (eth0): state change: disconnected -> prepare (reason 'none', sys-iface-state: 'managed')
Apr 17 22:40:28.786218 localhost.localdomain ignition[823]: reading system config file "/usr/lib/ignition/user.ign"
Apr 17 22:40:28.730086 localhost.localdomain NetworkManager[785]: <info>  [1776465628.7300] manager: NetworkManager state is now CONNECTING
Apr 17 22:40:28.786226 localhost.localdomain ignition[823]: no config at "/usr/lib/ignition/user.ign"
Apr 17 22:40:28.730193 localhost.localdomain NetworkManager[785]: <info>  [1776465628.7301] device (eth0): state change: prepare -> config (reason 'none', sys-iface-state: 'managed')
Apr 17 22:40:28.786266 localhost.localdomain ignition[823]: GET http://169.254.169.254/metadata/instance/compute/userData?api-version=2021-01-01&format=text: attempt #1
Apr 17 22:40:28.730652 localhost.localdomain NetworkManager[785]: <info>  [1776465628.7306] device (eth0): state change: config -> ip-config (reason 'none', sys-iface-state: 'managed')
Apr 17 22:40:28.840353 localhost.localdomain ignition[823]: GET result: OK
Apr 17 22:40:28.735177 localhost.localdomain systemd[1]: Reached target Network.
Apr 17 22:40:28.840375 localhost.localdomain ignition[823]: failed to retrieve userdata from IMDS, falling back to custom data: not a config (empty)
Apr 17 22:40:28.737027 localhost.localdomain NetworkManager[785]: <info>  [1776465628.7370] dhcp4 (eth0): activation: beginning transaction (timeout in 90 seconds)
Apr 17 22:40:28.915537 localhost.localdomain systemd-journald[328]: Missed 31 kernel messages
Apr 17 22:40:28.915537 localhost.localdomain kernel: UDF-fs: INFO Mounting volume 'UDF Volume', timestamp 2026/04/18 00:00 (1000)
Apr 17 22:40:28.875107 localhost.localdomain ignition[823]: opening config device: "/dev/sr0"
Apr 17 22:40:28.739509 localhost.localdomain NetworkManager[785]: <info>  [1776465628.7394] dhcp4 (eth0): state changed new lease, address=10.0.128.8
Apr 17 22:40:28.875481 localhost.localdomain ignition[823]: getting drive status for "/dev/sr0"
Apr 17 22:40:28.739777 localhost.localdomain NetworkManager[785]: <info>  [1776465628.7397] policy: set 'Wired Connection' (eth0) as default for IPv4 routing and DNS
Apr 17 22:40:28.875520 localhost.localdomain ignition[823]: drive status: OK
Apr 17 22:40:28.742141 localhost.localdomain NetworkManager[785]: <info>  [1776465628.7421] device (eth0): state change: ip-config -> ip-check (reason 'none', sys-iface-state: 'managed')
Apr 17 22:40:28.875575 localhost.localdomain ignition[823]: mounting config device
Apr 17 22:40:28.742864 localhost.localdomain NetworkManager[785]: <info>  [1776465628.7428] device (eth0): state change: ip-check -> secondaries (reason 'none', sys-iface-state: 'managed')
Apr 17 22:40:28.875594 localhost.localdomain ignition[823]: op(1): [started]  mounting "/dev/sr0" at "/tmp/ignition-azure3025545410"
Apr 17 22:40:28.743014 localhost.localdomain NetworkManager[785]: <info>  [1776465628.7429] device (eth0): state change: secondaries -> activated (reason 'none', sys-iface-state: 'managed')
Apr 17 22:40:28.919189 localhost.localdomain ignition[823]: op(1): [finished] mounting "/dev/sr0" at "/tmp/ignition-azure3025545410"
Apr 17 22:40:28.743247 localhost.localdomain NetworkManager[785]: <info>  [1776465628.7432] manager: NetworkManager state is now CONNECTED_SITE
Apr 17 22:40:28.919196 localhost.localdomain ignition[823]: checking for config drive
Apr 17 22:40:28.743474 localhost.localdomain NetworkManager[785]: <info>  [1776465628.7434] device (eth0): Activation: successful, device activated.
Apr 17 22:40:28.919521 localhost.localdomain ignition[823]: reading config
Apr 17 22:40:28.743805 localhost.localdomain NetworkManager[785]: <info>  [1776465628.7437] manager: NetworkManager state is now CONNECTED_GLOBAL
Apr 17 22:40:28.919881 localhost.localdomain ignition[823]: op(2): [started]  unmounting "/dev/sr0" at "/tmp/ignition-azure3025545410"
Apr 17 22:40:28.744011 localhost.localdomain NetworkManager[785]: <info>  [1776465628.7439] manager: startup complete
Apr 17 22:40:28.926896 localhost.localdomain ignition[823]: op(2): [finished] unmounting "/dev/sr0" at "/tmp/ignition-azure3025545410"
Apr 17 22:40:28.774133 localhost.localdomain systemd[1]: Starting Ignition (fetch)...
Apr 17 22:40:28.926912 localhost.localdomain ignition[823]: config has been read from custom data
Apr 17 22:40:28.787246 localhost.localdomain systemd[1]: Starting nm-wait-online-initrd.service...
Apr 17 22:40:28.926932 localhost.localdomain ignition[823]: parsing config with SHA512: 7e0b4bdd680ed36bce6a80e71c0d47bfb900bc4119e196e0497a4fdaf25aa3a0e5919b648f6b91e69f3ee26f31dc64e2f9fc96254c8dc205ebc85be9a2b64af7
Apr 17 22:40:28.850291 localhost.localdomain systemd[1]: Finished nm-wait-online-initrd.service.
Apr 17 22:40:28.934728 localhost.localdomain ignition[823]: Adding "root-ca" to list of CAs
Apr 17 22:40:28.860775 localhost.localdomain systemd[1]: Starting dracut initqueue hook...
Apr 17 22:40:28.934753 localhost.localdomain ignition[823]: GET https://api-int.ci-ln-wy83gzk-1d09d.ci2.azure.devcluster.openshift.com:22623/config/worker: attempt #1
Apr 17 22:40:28.920344 localhost.localdomain systemd[1]: tmp-ignition\x2dazure3025545410.mount: Deactivated successfully.
Apr 17 22:40:28.993149 localhost.localdomain ignition[823]: GET result: OK
Apr 17 22:40:29.002989 localhost.localdomain systemd[1]: Finished dracut initqueue hook.
Apr 17 22:40:28.996218 localhost.localdomain ignition[823]: fetched referenced config at https://api-int.ci-ln-wy83gzk-1d09d.ci2.azure.devcluster.openshift.com:22623/config/worker with SHA512: 462f52c163bec055a72fb50cbf3d432c21211a265b05bb9831804b4498c81e9b3b1b329cb04baf37f203ca3b6ec3b1fa8a6b425f953cecac20e3558d77a2e9a9
Apr 17 22:40:29.008875 localhost.localdomain systemd[1]: Reached target Preparation for Remote File Systems.
Apr 17 22:40:29.015255 localhost.localdomain systemd[1]: Reached target Remote Encrypted Volumes.
Apr 17 22:40:29.021877 localhost.localdomain systemd[1]: Reached target Remote File Systems.
Apr 17 22:40:29.027588 localhost.localdomain systemd[1]: Acquire Live PXE rootfs Image was skipped because of an unmet condition check (ConditionPathExists=/run/ostree-live).
Apr 17 22:40:29.046109 localhost.localdomain ignition[823]: Adding "root-ca" to list of CAs
Apr 17 22:40:29.027701 localhost.localdomain systemd[1]: Persist Osmet Files (PXE) was skipped because of an unmet condition check (ConditionPathExists=/run/ostree-live).
Apr 17 22:40:29.046673 localhost.localdomain ignition[823]: Adding "root-ca" to list of CAs
Apr 17 22:40:29.059207 localhost.localdomain ignition[823]: fetch: fetch complete
Apr 17 22:40:29.056851 localhost.localdomain ignition[823]: fetched base config from "system"
Apr 17 22:40:29.059213 localhost.localdomain ignition[823]: fetch: fetch passed
Apr 17 22:40:29.056869 localhost.localdomain ignition[823]: fetched base config from "system"
Apr 17 22:40:29.059280 localhost.localdomain ignition[823]: Ignition finished successfully
Apr 17 22:40:29.056877 localhost.localdomain ignition[823]: fetched user config from "azure"
Apr 17 22:40:29.056906 localhost.localdomain ignition[823]: fetched referenced user config from "/config/worker"
Apr 17 22:40:29.062989 localhost.localdomain systemd[1]: Starting dracut pre-mount hook...
Apr 17 22:40:29.073635 localhost.localdomain systemd[1]: Finished Ignition (fetch).
Apr 17 22:40:29.081882 localhost.localdomain systemd[1]: Finished dracut pre-mount hook.
Apr 17 22:40:29.088923 localhost.localdomain systemd[1]: Starting Ignition OSTree: Detect Partition Transposition...
Apr 17 22:40:29.096094 localhost.localdomain systemd[1]: Starting RHCOS Check For Legacy LUKS Configuration...
Apr 17 22:40:29.107479 localhost.localdomain systemd[1]: Finished RHCOS Check For Legacy LUKS Configuration.
Apr 17 22:40:29.130331 localhost.localdomain systemd[1]: Finished Ignition OSTree: Detect Partition Transposition.
Apr 17 22:40:29.500716 localhost.localdomain coreos-gpt-setup[787]: The operation has completed successfully.
Apr 17 22:40:29.504591 localhost.localdomain systemd-journald[328]: Missed 45 kernel messages
Apr 17 22:40:29.504591 localhost.localdomain kernel:  sda: sda1 sda2 sda3 sda4
Apr 17 22:40:29.546905 localhost.localdomain systemd[1]: Finished Generate New UUID For Boot Disk GPT.
Apr 17 22:40:29.559517 localhost.localdomain systemd[1]: Ignition OSTree: Save Partitions was skipped because of an unmet condition check (ConditionPathIsDirectory=/run/ignition-ostree-transposefs).
Apr 17 22:40:29.573152 localhost.localdomain systemd[1]: Starting Ignition OSTree: Regenerate Filesystem UUID (boot)...
Apr 17 22:40:29.674247 localhost.localdomain ignition-ostree-firstboot-uuid[956]: tune2fs 1.46.5 (30-Dec-2021)
Apr 17 22:40:29.689871 localhost.localdomain ignition-ostree-firstboot-uuid[954]: Regenerated UUID for /dev/disk/by-label/boot
Apr 17 22:40:29.690160 localhost.localdomain systemd[1]: Finished Ignition OSTree: Regenerate Filesystem UUID (boot).
Apr 17 22:40:29.708187 localhost.localdomain systemd[1]: Starting Ignition (kargs)...
Apr 17 22:40:29.722120 localhost.localdomain ignition[962]: Ignition 2.18.0
Apr 17 22:40:29.722129 localhost.localdomain ignition[962]: Stage: kargs
Apr 17 22:40:29.722268 localhost.localdomain ignition[962]: reading system config file "/usr/lib/ignition/base.d/00-core.ign"
Apr 17 22:40:29.722282 localhost.localdomain ignition[962]: parsing config with SHA512: ff6a5153be363997e4d5d3ea8cc4048373a457c48c4a5b134a08a30aacd167c1e0f099f0bdf1e24c99ad180628cd02b767b863b5fe3a8fce3fe1886847eb8e2e
Apr 17 22:40:29.723146 localhost.localdomain ignition[962]: no config dir at "/usr/lib/ignition/base.platform.d/azure"
Apr 17 22:40:29.731432 localhost.localdomain ignition[962]: Adding "root-ca" to list of CAs
Apr 17 22:40:29.734994 localhost.localdomain systemd[1]: Finished Ignition (kargs).
Apr 17 22:40:29.733153 localhost.localdomain ignition[962]: kargs: kargs passed
Apr 17 22:40:29.733196 localhost.localdomain ignition[962]: Ignition finished successfully
Apr 17 22:40:29.755222 localhost.localdomain systemd[1]: Starting Check for FIPS mode...
Apr 17 22:40:29.800328 localhost.localdomain rhcos-fips[969]: Found /etc/ignition-machine-config-encapsulated.json in Ignition config
Apr 17 22:40:29.805063 localhost.localdomain rhcos-fips[969]: FIPS mode not requested
Apr 17 22:40:29.805326 localhost.localdomain systemd[1]: Finished Check for FIPS mode.
Apr 17 22:40:29.811453 localhost.localdomain systemd[1]: CoreOS Kernel Arguments Reboot was skipped because of an unmet condition check (ConditionPathExists=/run/coreos-kargs-reboot).
Apr 17 22:40:29.819174 localhost.localdomain systemd[1]: Starting Ignition (disks)...
Apr 17 22:40:29.828559 localhost.localdomain ignition[991]: Ignition 2.18.0
Apr 17 22:40:29.828569 localhost.localdomain ignition[991]: Stage: disks
Apr 17 22:40:29.828751 localhost.localdomain ignition[991]: reading system config file "/usr/lib/ignition/base.d/00-core.ign"
Apr 17 22:40:29.828769 localhost.localdomain ignition[991]: parsing config with SHA512: ff6a5153be363997e4d5d3ea8cc4048373a457c48c4a5b134a08a30aacd167c1e0f099f0bdf1e24c99ad180628cd02b767b863b5fe3a8fce3fe1886847eb8e2e
Apr 17 22:40:29.829996 localhost.localdomain ignition[991]: no config dir at "/usr/lib/ignition/base.platform.d/azure"
Apr 17 22:40:29.839422 localhost.localdomain ignition[991]: Adding "root-ca" to list of CAs
Apr 17 22:40:29.840735 localhost.localdomain ignition[991]: disks: disks passed
Apr 17 22:40:29.842111 localhost.localdomain systemd[1]: Finished Ignition (disks).
Apr 17 22:40:29.840801 localhost.localdomain ignition[991]: Ignition finished successfully
Apr 17 22:40:29.849414 localhost.localdomain systemd[1]: Reached target Initrd Root Device.
Apr 17 22:40:29.866145 localhost.localdomain systemd[1]: Starting CoreOS Ignition Ensure Unique Boot Filesystem...
Apr 17 22:40:29.876805 localhost.localdomain systemd-journald[328]: Missed 33 kernel messages
Apr 17 22:40:29.876805 localhost.localdomain kernel:  sda: sda1 sda2 sda3 sda4
Apr 17 22:40:30.123750 localhost.localdomain systemd[1]: Finished CoreOS Ignition Ensure Unique Boot Filesystem.
Apr 17 22:40:30.142161 localhost.localdomain systemd[1]: Starting Ignition OSTree: Regenerate Filesystem UUID (root)...
Apr 17 22:40:30.148833 localhost.localdomain systemd[1]: Starting Afterburn (Check In - from the initramfs)...
Apr 17 22:40:30.175511 localhost.localdomain afterburn[1036]: Apr 17 22:40:30.175 INFO Fetching http://168.63.129.16/?comp=versions: Attempt #1
Apr 17 22:40:30.179909 localhost.localdomain afterburn[1036]: Apr 17 22:40:30.179 INFO Fetch successful
Apr 17 22:40:30.182661 localhost.localdomain afterburn[1036]: Apr 17 22:40:30.180 INFO Fetching http://168.63.129.16/machine/?comp=goalstate: Attempt #1
Apr 17 22:40:30.187826 localhost.localdomain afterburn[1036]: Apr 17 22:40:30.183 INFO Fetch successful
Apr 17 22:40:30.204486 localhost.localdomain afterburn[1036]: Apr 17 22:40:30.204 INFO Posting http://168.63.129.16/machine/?comp=health: Attempt #1
Apr 17 22:40:30.233432 localhost.localdomain systemd[1]: Finished Afterburn (Check In - from the initramfs).
Apr 17 22:40:31.099842 localhost.localdomain ignition-ostree-firstboot-uuid[1044]: Clearing log and setting UUID
Apr 17 22:40:31.099842 localhost.localdomain ignition-ostree-firstboot-uuid[1044]: writing all SBs
Apr 17 22:40:31.099842 localhost.localdomain ignition-ostree-firstboot-uuid[1044]: new UUID = dcebd851-c1d8-4c31-9ead-a29a7279bf8b
Apr 17 22:40:31.114433 localhost.localdomain ignition-ostree-firstboot-uuid[1034]: Regenerated UUID for /dev/disk/by-label/root
Apr 17 22:40:31.116222 localhost.localdomain systemd[1]: Finished Ignition OSTree: Regenerate Filesystem UUID (root).
Apr 17 22:40:31.131201 localhost.localdomain systemd[1]: Starting Ignition OSTree: Grow Root Filesystem...
Apr 17 22:40:31.399811 localhost.localdomain systemd-journald[328]: Missed 15 kernel messages
Apr 17 22:40:31.399811 localhost.localdomain kernel: SGI XFS with ACLs, security attributes, scrub, quota, no debug enabled
Apr 17 22:40:31.405806 localhost.localdomain kernel: XFS (sda4): Mounting V5 Filesystem dcebd851-c1d8-4c31-9ead-a29a7279bf8b
Apr 17 22:40:31.482829 localhost.localdomain kernel: XFS (sda4): Ending clean mount
Apr 17 22:40:31.850311 localhost.localdomain ignition-ostree-growfs[1078]: CHANGED: partition=4 start=1050624 old: size=6318080 end=7368703 new: size=267384799 end=268435422
Apr 17 22:40:32.192437 localhost.localdomain ignition-ostree-growfs[1168]: Disk /dev/sda: 128 GiB, 137438953472 bytes, 268435456 sectors
Apr 17 22:40:32.192437 localhost.localdomain ignition-ostree-growfs[1168]: Disk model: Virtual Disk
Apr 17 22:40:32.192437 localhost.localdomain ignition-ostree-growfs[1168]: Units: sectors of 1 * 512 = 512 bytes
Apr 17 22:40:32.192437 localhost.localdomain ignition-ostree-growfs[1168]: Sector size (logical/physical): 512 bytes / 4096 bytes
Apr 17 22:40:32.192437 localhost.localdomain ignition-ostree-growfs[1168]: I/O size (minimum/optimal): 4096 bytes / 4096 bytes
Apr 17 22:40:32.192437 localhost.localdomain ignition-ostree-growfs[1168]: Disklabel type: gpt
Apr 17 22:40:32.192437 localhost.localdomain ignition-ostree-growfs[1168]: Disk identifier: 0E4FCF52-7341-4E5A-ABD8-1CC4B157B0F2
Apr 17 22:40:32.192437 localhost.localdomain ignition-ostree-growfs[1168]: Old situation:
Apr 17 22:40:32.192437 localhost.localdomain ignition-ostree-growfs[1168]: Device       Start       End   Sectors   Size Type
Apr 17 22:40:32.192437 localhost.localdomain ignition-ostree-growfs[1168]: /dev/sda1     2048      4095      2048     1M BIOS boot
Apr 17 22:40:32.192437 localhost.localdomain ignition-ostree-growfs[1168]: /dev/sda2     4096    264191    260096   127M EFI System
Apr 17 22:40:32.192437 localhost.localdomain ignition-ostree-growfs[1168]: /dev/sda3   264192   1050623    786432   384M Linux filesystem
Apr 17 22:40:32.192437 localhost.localdomain ignition-ostree-growfs[1168]: /dev/sda4  1050624 268435422 267384799 127.5G Linux filesystem
Apr 17 22:40:32.192437 localhost.localdomain ignition-ostree-growfs[1168]: /dev/sda4:
Apr 17 22:40:32.192437 localhost.localdomain ignition-ostree-growfs[1168]: New situation:
Apr 17 22:40:32.192437 localhost.localdomain ignition-ostree-growfs[1168]: Disklabel type: gpt
Apr 17 22:40:32.192437 localhost.localdomain ignition-ostree-growfs[1168]: Disk identifier: 0E4FCF52-7341-4E5A-ABD8-1CC4B157B0F2
Apr 17 22:40:32.192437 localhost.localdomain ignition-ostree-growfs[1168]: Device       Start       End   Sectors   Size Type
Apr 17 22:40:32.192437 localhost.localdomain ignition-ostree-growfs[1168]: /dev/sda1     2048      4095      2048     1M BIOS boot
Apr 17 22:40:32.192437 localhost.localdomain ignition-ostree-growfs[1168]: /dev/sda2     4096    264191    260096   127M EFI System
Apr 17 22:40:32.192437 localhost.localdomain ignition-ostree-growfs[1168]: /dev/sda3   264192   1050623    786432   384M Linux filesystem
Apr 17 22:40:32.192437 localhost.localdomain ignition-ostree-growfs[1168]: /dev/sda4  1050624 268435415 267384792 127.5G Linux filesystem
Apr 17 22:40:32.192437 localhost.localdomain ignition-ostree-growfs[1168]: The partition table has been altered.
Apr 17 22:40:32.192437 localhost.localdomain ignition-ostree-growfs[1168]: Calling ioctl() to re-read partition table.
Apr 17 22:40:32.192437 localhost.localdomain ignition-ostree-growfs[1168]: Re-reading the partition table failed.: Device or resource busy
Apr 17 22:40:32.192437 localhost.localdomain ignition-ostree-growfs[1168]: The kernel still uses the old table. The new table will be used at the next reboot or after you run partprobe(8) or partx(8).
Apr 17 22:40:32.192437 localhost.localdomain ignition-ostree-growfs[1168]: Syncing disks.
Apr 17 22:40:32.478680 localhost.localdomain ignition-ostree-growfs[1175]: meta-data=/dev/sda4              isize=512    agcount=4, agsize=197440 blks
Apr 17 22:40:32.478680 localhost.localdomain ignition-ostree-growfs[1175]:          =                       sectsz=512   attr=2, projid32bit=1
Apr 17 22:40:32.478680 localhost.localdomain ignition-ostree-growfs[1175]:          =                       crc=1        finobt=1, sparse=1, rmapbt=0
Apr 17 22:40:32.478680 localhost.localdomain ignition-ostree-growfs[1175]:          =                       reflink=1    bigtime=1 inobtcount=1 nrext64=0
Apr 17 22:40:32.478680 localhost.localdomain ignition-ostree-growfs[1175]: data     =                       bsize=4096   blocks=789760, imaxpct=25
Apr 17 22:40:32.478680 localhost.localdomain ignition-ostree-growfs[1175]:          =                       sunit=0      swidth=0 blks
Apr 17 22:40:32.478680 localhost.localdomain ignition-ostree-growfs[1175]: naming   =version 2              bsize=4096   ascii-ci=0, ftype=1
Apr 17 22:40:32.478680 localhost.localdomain ignition-ostree-growfs[1175]: log      =internal log           bsize=4096   blocks=16384, version=2
Apr 17 22:40:32.478680 localhost.localdomain ignition-ostree-growfs[1175]:          =                       sectsz=512   sunit=0 blks, lazy-count=1
Apr 17 22:40:32.478680 localhost.localdomain ignition-ostree-growfs[1175]: realtime =none                   extsz=4096   blocks=0, rtextents=0
Apr 17 22:40:32.478680 localhost.localdomain ignition-ostree-growfs[1175]: data blocks changed from 789760 to 33423099
Apr 17 22:40:32.527922 localhost.localdomain systemd-journald[328]: Missed 30 kernel messages
Apr 17 22:40:32.527922 localhost.localdomain kernel: XFS (sda4): Unmounting Filesystem dcebd851-c1d8-4c31-9ead-a29a7279bf8b
Apr 17 22:40:32.505601 localhost.localdomain systemd[1]: Finished Ignition OSTree: Grow Root Filesystem.
Apr 17 22:40:32.540281 localhost.localdomain systemd[1]: Starting Ignition OSTree: Autosave XFS Rootfs Partition...
Apr 17 22:40:32.564653 localhost.localdomain ignition-ostree-transposefs[1210]: autosave-xfs: /dev/disk/by-label/root agcount=170 is lower than threshold=400
Apr 17 22:40:32.565192 localhost.localdomain systemd[1]: Finished Ignition OSTree: Autosave XFS Rootfs Partition.
Apr 17 22:40:32.575916 localhost.localdomain systemd[1]: Ignition OSTree: Restore Partitions was skipped because of an unmet condition check (ConditionPathIsDirectory=/run/ignition-ostree-transposefs).
Apr 17 22:40:32.587128 localhost.localdomain systemd[1]: Starting Determine root FS mount option flags...
Apr 17 22:40:32.601212 localhost.localdomain systemd[1]: Finished Determine root FS mount option flags.
Apr 17 22:40:32.626117 localhost.localdomain systemd[1]: Mounting /sysroot...
Apr 17 22:40:32.637811 localhost.localdomain systemd-journald[328]: Missed 17 kernel messages
Apr 17 22:40:32.637811 localhost.localdomain kernel: XFS (sda4): Mounting V5 Filesystem dcebd851-c1d8-4c31-9ead-a29a7279bf8b
Apr 17 22:40:33.115812 localhost.localdomain kernel: XFS (sda4): Ending clean mount
Apr 17 22:40:33.139833 localhost.localdomain kernel: XFS (sda4): Quotacheck needed: Please wait.
Apr 17 22:40:33.456809 localhost.localdomain kernel: XFS (sda4): Quotacheck: Done.
Apr 17 22:40:33.481503 localhost.localdomain systemd[1]: Mounted /sysroot.
Apr 17 22:40:33.485024 localhost.localdomain systemd[1]: Remount /sysroot read-write for Ignition was skipped because of an unmet condition check (ConditionPathIsReadWrite=!/sysroot).
Apr 17 22:40:33.492228 localhost.localdomain systemd[1]: Starting OSTree Prepare OS/...
Apr 17 22:40:33.494672 localhost.localdomain ostree-prepare-root[1382]: Resolved OSTree target to: /sysroot/ostree/deploy/rhcos/deploy/3f09a2510130248d7bf45869d08927b37696cee163327723ed3d9e1a50f1ab48.0
Apr 17 22:40:33.502042 localhost.localdomain ostree-prepare-root[1382]: Found legacy sysroot.readonly flag, not configured in ostree/prepare-root.conf
Apr 17 22:40:33.502042 localhost.localdomain ostree-prepare-root[1382]: sysroot.readonly configuration value: 1 (fs writable: 1)
Apr 17 22:40:33.511648 localhost.localdomain ostree-prepare-root[1382]: composefs: No image present
Apr 17 22:40:33.511648 localhost.localdomain ostree-prepare-root[1382]: Using legacy ostree bind mount for /
Apr 17 22:40:33.512459 localhost.localdomain systemd[1]: Finished OSTree Prepare OS/.
Apr 17 22:40:33.520639 localhost.localdomain systemd[1]: Reached target Initrd Root File System.
Apr 17 22:40:33.526537 localhost.localdomain systemd[1]: Starting Afterburn Hostname...
Apr 17 22:40:33.530906 localhost.localdomain systemd[1]: Starting Ignition OSTree: Check Root Filesystem Size...
Apr 17 22:40:33.536833 localhost.localdomain systemd[1]: Starting Mount OSTree /var...
Apr 17 22:40:33.541175 localhost.localdomain ignition-ostree-mount-var[1394]: Mounting /sysroot/sysroot/ostree/deploy/rhcos/var
Apr 17 22:40:33.546730 localhost.localdomain systemd[1]: Finished Ignition OSTree: Check Root Filesystem Size.
Apr 17 22:40:33.552913 localhost.localdomain systemd[1]: Finished Mount OSTree /var.
Apr 17 22:40:33.561473 localhost.localdomain afterburn[1383]: Apr 17 22:40:33.561 INFO Fetching http://168.63.129.16/?comp=versions: Attempt #1
Apr 17 22:40:33.572213 localhost.localdomain afterburn[1383]: Apr 17 22:40:33.563 INFO Fetch successful
Apr 17 22:40:33.572213 localhost.localdomain afterburn[1383]: Apr 17 22:40:33.563 INFO Fetching http://169.254.169.254/metadata/instance/compute/name?api-version=2017-08-01&format=text: Attempt #1
Apr 17 22:40:33.568233 localhost.localdomain systemd[1]: Starting Ignition (mount)...
Apr 17 22:40:33.584584 localhost.localdomain afterburn[1383]: Apr 17 22:40:33.572 INFO Fetch successful
Apr 17 22:40:33.579827 localhost.localdomain ignition[1401]: Ignition 2.18.0
Apr 17 22:40:33.579833 localhost.localdomain ignition[1401]: Stage: mount
Apr 17 22:40:33.580049 localhost.localdomain ignition[1401]: reading system config file "/usr/lib/ignition/base.d/00-core.ign"
Apr 17 22:40:33.580070 localhost.localdomain ignition[1401]: parsing config with SHA512: ff6a5153be363997e4d5d3ea8cc4048373a457c48c4a5b134a08a30aacd167c1e0f099f0bdf1e24c99ad180628cd02b767b863b5fe3a8fce3fe1886847eb8e2e
Apr 17 22:40:33.592544 localhost.localdomain systemd[1]: Finished Ignition (mount).
Apr 17 22:40:33.582252 localhost.localdomain ignition[1401]: no config dir at "/usr/lib/ignition/base.platform.d/azure"
Apr 17 22:40:33.602418 localhost.localdomain systemd[1]: Clear SSSD NSS Cache in Persistent /var was skipped because of an unmet condition check (ConditionPathExists=/sysroot/var/lib/sss/mc).
Apr 17 22:40:33.590532 localhost.localdomain ignition[1401]: Adding "root-ca" to list of CAs
Apr 17 22:40:33.611688 localhost.localdomain afterburn[1383]: Apr 17 22:40:33.602 INFO wrote hostname ci-ln-wy83gzk-1d09d-m9g8v-worker-westus-v5-p67nm to /sysroot/etc/hostname
Apr 17 22:40:33.603507 localhost.localdomain systemd[1]: Starting Populate OSTree /var...
Apr 17 22:40:33.591629 localhost.localdomain ignition[1401]: mount: mount passed
Apr 17 22:40:33.591683 localhost.localdomain ignition[1401]: Ignition finished successfully
Apr 17 22:40:33.620828 localhost.localdomain systemd[1]: Finished Afterburn Hostname.
Apr 17 22:40:33.774380 localhost.localdomain ignition-ostree-populate-var[1414]: Relabeled /sysroot//var/lib from <no context> to system_u:object_r:var_lib_t:s0
Apr 17 22:40:33.781287 localhost.localdomain ignition-ostree-populate-var[1417]: Relabeled /sysroot//var/log from <no context> to system_u:object_r:var_log_t:s0
Apr 17 22:40:34.731345 localhost.localdomain systemd-tmpfiles[1418]: Failed to parse ACL "default:group:tss:rwx": No such file or directory. Ignoring
Apr 17 22:40:34.731656 localhost.localdomain systemd-tmpfiles[1418]: Failed to parse ACL "default:group:tss:rwx": No such file or directory. Ignoring
Apr 17 22:40:34.781180 localhost.localdomain ignition-ostree-populate-var[1420]: Relabeled /sysroot//var/home from <no context> to system_u:object_r:home_root_t:s0
Apr 17 22:40:34.785921 localhost.localdomain systemd-tmpfiles[1421]: Failed to parse ACL "default:group:tss:rwx": No such file or directory. Ignoring
Apr 17 22:40:34.786207 localhost.localdomain systemd-tmpfiles[1421]: Failed to parse ACL "default:group:tss:rwx": No such file or directory. Ignoring
Apr 17 22:40:34.796556 localhost.localdomain ignition-ostree-populate-var[1423]: Relabeled /sysroot//var/roothome from <no context> to system_u:object_r:admin_home_t:s0
Apr 17 22:40:34.796556 localhost.localdomain ignition-ostree-populate-var[1423]: Relabeled /sysroot//var/roothome/.bashrc from <no context> to system_u:object_r:admin_home_t:s0
Apr 17 22:40:34.796556 localhost.localdomain ignition-ostree-populate-var[1423]: Relabeled /sysroot//var/roothome/.bash_profile from <no context> to system_u:object_r:admin_home_t:s0
Apr 17 22:40:34.796556 localhost.localdomain ignition-ostree-populate-var[1423]: Relabeled /sysroot//var/roothome/.bash_logout from <no context> to system_u:object_r:admin_home_t:s0
Apr 17 22:40:34.819828 localhost.localdomain ignition-ostree-populate-var[1426]: Relabeled /sysroot//var/opt from <no context> to system_u:object_r:var_t:s0
Apr 17 22:40:34.798442 localhost.localdomain systemd-tmpfiles[1424]: Failed to parse ACL "default:group:tss:rwx": No such file or directory. Ignoring
Apr 17 22:40:34.828695 localhost.localdomain ignition-ostree-populate-var[1429]: Relabeled /sysroot//var/srv from <no context> to system_u:object_r:var_t:s0
Apr 17 22:40:34.798723 localhost.localdomain systemd-tmpfiles[1424]: Failed to parse ACL "default:group:tss:rwx": No such file or directory. Ignoring
Apr 17 22:40:34.838556 localhost.localdomain ignition-ostree-populate-var[1432]: Relabeled /sysroot//var/usrlocal from <no context> to system_u:object_r:usr_t:s0
Apr 17 22:40:34.811751 localhost.localdomain systemd-tmpfiles[1427]: Failed to parse ACL "default:group:tss:rwx": No such file or directory. Ignoring
Apr 17 22:40:34.812060 localhost.localdomain systemd-tmpfiles[1427]: Failed to parse ACL "default:group:tss:rwx": No such file or directory. Ignoring
Apr 17 22:40:34.853022 localhost.localdomain ignition-ostree-populate-var[1435]: Relabeled /sysroot//var/mnt from <no context> to system_u:object_r:mnt_t:s0
Apr 17 22:40:34.825661 localhost.localdomain systemd-tmpfiles[1430]: Failed to parse ACL "default:group:tss:rwx": No such file or directory. Ignoring
Apr 17 22:40:34.825965 localhost.localdomain systemd-tmpfiles[1430]: Failed to parse ACL "default:group:tss:rwx": No such file or directory. Ignoring
Apr 17 22:40:34.837347 localhost.localdomain systemd-tmpfiles[1433]: Failed to parse ACL "default:group:tss:rwx": No such file or directory. Ignoring
Apr 17 22:40:34.837625 localhost.localdomain systemd-tmpfiles[1433]: Failed to parse ACL "default:group:tss:rwx": No such file or directory. Ignoring
Apr 17 22:40:34.848739 localhost.localdomain systemd-tmpfiles[1436]: Failed to parse ACL "default:group:tss:rwx": No such file or directory. Ignoring
Apr 17 22:40:34.849031 localhost.localdomain systemd-tmpfiles[1436]: Failed to parse ACL "default:group:tss:rwx": No such file or directory. Ignoring
Apr 17 22:40:34.853775 localhost.localdomain systemd[1]: Finished Populate OSTree /var.
Apr 17 22:40:34.901220 localhost.localdomain systemd[1]: Starting Ignition OSTree Mount State Overlays...
Apr 17 22:40:34.915385 localhost.localdomain systemd[1]: Finished Ignition OSTree Mount State Overlays.
Apr 17 22:40:34.921204 localhost.localdomain systemd[1]: Starting Ignition (files)...
Apr 17 22:40:34.930776 localhost.localdomain ignition[1441]: Ignition 2.18.0
Apr 17 22:40:34.930801 localhost.localdomain ignition[1441]: Stage: files
Apr 17 22:40:34.930959 localhost.localdomain ignition[1441]: reading system config file "/usr/lib/ignition/base.d/00-core.ign"
Apr 17 22:40:34.930972 localhost.localdomain ignition[1441]: parsing config with SHA512: ff6a5153be363997e4d5d3ea8cc4048373a457c48c4a5b134a08a30aacd167c1e0f099f0bdf1e24c99ad180628cd02b767b863b5fe3a8fce3fe1886847eb8e2e
Apr 17 22:40:34.931865 localhost.localdomain ignition[1441]: no config dir at "/usr/lib/ignition/base.platform.d/azure"
Apr 17 22:40:34.940034 localhost.localdomain ignition[1441]: Adding "root-ca" to list of CAs
Apr 17 22:40:35.966061 localhost.localdomain ignition[1441]: files: ensureUsers: op(1): [started]  creating or modifying user "core"
Apr 17 22:40:35.966077 localhost.localdomain ignition[1441]: files: ensureUsers: op(1): executing: "useradd" "--root" "/sysroot" "--create-home" "--password" "*" "--comment" "CoreOS Admin" "--groups" "adm,sudo,systemd-journal,wheel" "core"
Apr 17 22:40:36.204429 localhost.localdomain ignition[1441]: files: ensureUsers: op(1): [finished] creating or modifying user "core"
Apr 17 22:40:36.204573 localhost.localdomain ignition[1441]: files: ensureUsers: op(2): [started]  adding ssh keys to user "core"
Apr 17 22:40:36.205646 localhost.localdomain ignition[1441]: wrote ssh authorized keys file for user: core
Apr 17 22:40:36.205655 localhost.localdomain ignition[1441]: files: ensureUsers: op(2): [finished] adding ssh keys to user "core"
Apr 17 22:40:36.219359 localhost.localdomain ignition[1441]: files: createFilesystemsFiles: createFiles: op(3): [started]  writing file "/sysroot/etc/node-sizing-enabled.env"
Apr 17 22:40:36.219520 localhost.localdomain ignition[1441]: files: createFilesystemsFiles: createFiles: op(3): [finished] writing file "/sysroot/etc/node-sizing-enabled.env"
Apr 17 22:40:36.219554 localhost.localdomain ignition[1441]: files: createFilesystemsFiles: createFiles: op(4): [started]  writing file "/sysroot/etc/ignition-machine-config-encapsulated.json"
Apr 17 22:40:36.219687 localhost.localdomain ignition[1441]: files: createFilesystemsFiles: createFiles: op(4): [finished] writing file "/sysroot/etc/ignition-machine-config-encapsulated.json"
Apr 17 22:40:36.220047 localhost.localdomain ignition[1441]: files: createFilesystemsFiles: createFiles: op(5): [started]  writing file "/sysroot/etc/mcs-machine-config-content.json"
Apr 17 22:40:36.223495 localhost.localdomain ignition[1441]: files: createFilesystemsFiles: createFiles: op(5): [finished] writing file "/sysroot/etc/mcs-machine-config-content.json"
Apr 17 22:40:36.223523 localhost.localdomain ignition[1441]: files: createFilesystemsFiles: createFiles: op(6): [started]  writing file "/sysroot/etc/mco/proxy.env"
Apr 17 22:40:36.224578 localhost.localdomain ignition[1441]: files: createFilesystemsFiles: createFiles: op(6): [finished] writing file "/sysroot/etc/mco/proxy.env"
Apr 17 22:40:36.224599 localhost.localdomain ignition[1441]: files: createFilesystemsFiles: createFiles: op(7): [started]  writing file "/sysroot/etc/machine-config-daemon/policy-for-old-podman.json"
