Apr 17 19:45:31.392233 localhost kernel: Linux version 5.14.0-570.55.1.el9_6.x86_64 (mockbuild@x86-64-04.build.eng.rdu2.redhat.com) (gcc (GCC) 11.5.0 20240719 (Red Hat 11.5.0-5), GNU ld version 2.35.2-63.el9) #1 SMP PREEMPT_DYNAMIC Tue Oct 14 01:03:55 EDT 2025
Apr 17 19:45:31.392255 localhost kernel: The list of certified hardware and cloud instances for Red Hat Enterprise Linux 9 can be viewed at the Red Hat Ecosystem Catalog, https://catalog.redhat.com.
Apr 17 19:45:31.392263 localhost kernel: Command line: BOOT_IMAGE=(hd0,gpt3)/boot/ostree/rhcos-617b0e78715ed36bc2244f65434be3f79c4e5cc41b856cce9de411575dfca7bd/vmlinuz-5.14.0-570.55.1.el9_6.x86_64 rw ignition.firstboot ostree=/ostree/boot.1/rhcos/617b0e78715ed36bc2244f65434be3f79c4e5cc41b856cce9de411575dfca7bd/0 ignition.platform.id=azure console=tty0 console=ttyS0,115200n8
Apr 17 19:45:31.392270 localhost kernel: BIOS-provided physical RAM map:
Apr 17 19:45:31.392278 localhost kernel: BIOS-e820: [mem 0x0000000000000000-0x000000000009ffff] usable
Apr 17 19:45:31.392282 localhost kernel: BIOS-e820: [mem 0x00000000000c0000-0x00000000000fffff] reserved
Apr 17 19:45:31.392287 localhost kernel: BIOS-e820: [mem 0x0000000000100000-0x000000000437dfff] usable
Apr 17 19:45:31.392291 localhost kernel: BIOS-e820: [mem 0x000000000437e000-0x000000000477dfff] reserved
Apr 17 19:45:31.392299 localhost kernel: BIOS-e820: [mem 0x000000000477e000-0x000000003ff1efff] usable
Apr 17 19:45:31.392304 localhost kernel: BIOS-e820: [mem 0x000000003ff1f000-0x000000003ffc8fff] reserved
Apr 17 19:45:31.392308 localhost kernel: BIOS-e820: [mem 0x000000003ffc9000-0x000000003fffafff] ACPI data
Apr 17 19:45:31.392312 localhost kernel: BIOS-e820: [mem 0x000000003fffb000-0x000000003fffefff] ACPI NVS
Apr 17 19:45:31.392316 localhost kernel: BIOS-e820: [mem 0x000000003ffff000-0x000000003fffffff] usable
Apr 17 19:45:31.392333 localhost kernel: BIOS-e820: [mem 0x0000000100000000-0x00000004bfffffff] usable
Apr 17 19:45:31.392340 localhost kernel: NX (Execute Disable) protection: active
Apr 17 19:45:31.392347 localhost kernel: APIC: Static calls initialized
Apr 17 19:45:31.392358 localhost kernel: efi: EFI v2.7 by Microsoft
Apr 17 19:45:31.392362 localhost kernel: efi: ACPI=0x3fffa000 ACPI 2.0=0x3fffa014 SMBIOS=0x3ff88000 SMBIOS 3.0=0x3ff86000 MEMATTR=0x3f41e418 MOKvar=0x3ff83000 RNG=0x3ffd2018 
Apr 17 19:45:31.392369 localhost kernel: secureboot: Secure boot disabled
Apr 17 19:45:31.392376 localhost kernel: SMBIOS 3.1.0 present.
Apr 17 19:45:31.392380 localhost kernel: DMI: Microsoft Corporation Virtual Machine/Virtual Machine, BIOS Hyper-V UEFI Release v4.1 01/08/2026
Apr 17 19:45:31.392384 localhost kernel: Hypervisor detected: Microsoft Hyper-V
Apr 17 19:45:31.392388 localhost kernel: Hyper-V: privilege flags low 0xae7f, high 0x3b8030, hints 0x1e4e24, misc 0xc0bed7b2
Apr 17 19:45:31.392394 localhost kernel: Hyper-V: Nested features: 0x3e0101
Apr 17 19:45:31.392402 localhost kernel: Hyper-V: LAPIC Timer Frequency: 0x30d40
Apr 17 19:45:31.392406 localhost kernel: Hyper-V: Using hypercall for remote TLB flush
Apr 17 19:45:31.392410 localhost kernel: clocksource: hyperv_clocksource_tsc_page: mask: 0xffffffffffffffff max_cycles: 0x24e6a1710, max_idle_ns: 440795202120 ns
Apr 17 19:45:31.392414 localhost kernel: clocksource: hyperv_clocksource_msr: mask: 0xffffffffffffffff max_cycles: 0x24e6a1710, max_idle_ns: 440795202120 ns
Apr 17 19:45:31.392422 localhost kernel: tsc: Detected 2793.436 MHz processor
Apr 17 19:45:31.392427 localhost kernel: e820: update [mem 0x00000000-0x00000fff] usable ==> reserved
Apr 17 19:45:31.392432 localhost kernel: e820: remove [mem 0x000a0000-0x000fffff] usable
Apr 17 19:45:31.392436 localhost kernel: last_pfn = 0x4c0000 max_arch_pfn = 0x10000000000
Apr 17 19:45:31.392440 localhost kernel: MTRR map: 4 entries (2 fixed + 2 variable; max 18), built from 8 variable MTRRs
Apr 17 19:45:31.392459 localhost kernel: x86/PAT: Configuration [0-7]: WB  WC  UC- UC  WB  WP  UC- WT  
Apr 17 19:45:31.392464 localhost kernel: e820: update [mem 0x40000000-0xffffffff] usable ==> reserved
Apr 17 19:45:31.392472 localhost kernel: last_pfn = 0x40000 max_arch_pfn = 0x10000000000
Apr 17 19:45:31.392480 localhost kernel: Using GB pages for direct mapping
Apr 17 19:45:31.392486 localhost kernel: secureboot: Secure boot disabled
Apr 17 19:45:31.392490 localhost kernel: RAMDISK: [mem 0x31a0b000-0x37fc5fff]
Apr 17 19:45:31.392497 localhost kernel: ACPI: Early table checksum verification disabled
Apr 17 19:45:31.392515 localhost kernel: ACPI: RSDP 0x000000003FFFA014 000024 (v02 VRTUAL)
Apr 17 19:45:31.392525 localhost kernel: ACPI: XSDT 0x000000003FFF90E8 00005C (v01 VRTUAL MICROSFT 00000001 MSFT 00000001)
Apr 17 19:45:31.392533 localhost kernel: ACPI: FACP 0x000000003FFF8000 000114 (v06 VRTUAL MICROSFT 00000001 MSFT 00000001)
Apr 17 19:45:31.392537 localhost kernel: ACPI: DSDT 0x000000003FFD6000 01E22B (v02 MSFTVM DSDT01   00000001 INTL 20230628)
Apr 17 19:45:31.392544 localhost kernel: ACPI: FACS 0x000000003FFFE000 000040
Apr 17 19:45:31.392550 localhost kernel: ACPI: OEM0 0x000000003FFF7000 000064 (v01 VRTUAL MICROSFT 00000001 MSFT 00000001)
Apr 17 19:45:31.392554 localhost kernel: ACPI: SPCR 0x000000003FFF6000 000050 (v02 VRTUAL MICROSFT 00000001 MSFT 00000001)
Apr 17 19:45:31.392558 localhost kernel: ACPI: WAET 0x000000003FFF5000 000028 (v01 VRTUAL MICROSFT 00000001 MSFT 00000001)
Apr 17 19:45:31.392562 localhost kernel: ACPI: APIC 0x000000003FFD5000 000068 (v04 VRTUAL MICROSFT 00000001 MSFT 00000001)
Apr 17 19:45:31.392569 localhost kernel: ACPI: SRAT 0x000000003FFD4000 000200 (v02 VRTUAL MICROSFT 00000001 MSFT 00000001)
Apr 17 19:45:31.392575 localhost kernel: ACPI: BGRT 0x000000003FFD3000 000038 (v01 VRTUAL MICROSFT 00000001 MSFT 00000001)
Apr 17 19:45:31.392579 localhost kernel: ACPI: Reserving FACP table memory at [mem 0x3fff8000-0x3fff8113]
Apr 17 19:45:31.392585 localhost kernel: ACPI: Reserving DSDT table memory at [mem 0x3ffd6000-0x3fff422a]
Apr 17 19:45:31.392590 localhost kernel: ACPI: Reserving FACS table memory at [mem 0x3fffe000-0x3fffe03f]
Apr 17 19:45:31.392598 localhost kernel: ACPI: Reserving OEM0 table memory at [mem 0x3fff7000-0x3fff7063]
Apr 17 19:45:31.392609 localhost kernel: ACPI: Reserving SPCR table memory at [mem 0x3fff6000-0x3fff604f]
Apr 17 19:45:31.392617 localhost kernel: ACPI: Reserving WAET table memory at [mem 0x3fff5000-0x3fff5027]
Apr 17 19:45:31.392626 localhost kernel: ACPI: Reserving APIC table memory at [mem 0x3ffd5000-0x3ffd5067]
Apr 17 19:45:31.392638 localhost kernel: ACPI: Reserving SRAT table memory at [mem 0x3ffd4000-0x3ffd41ff]
Apr 17 19:45:31.392645 localhost kernel: ACPI: Reserving BGRT table memory at [mem 0x3ffd3000-0x3ffd3037]
Apr 17 19:45:31.392657 localhost kernel: SRAT: PXM 0 -> APIC 0x00 -> Node 0
Apr 17 19:45:31.392662 localhost kernel: SRAT: PXM 0 -> APIC 0x01 -> Node 0
Apr 17 19:45:31.392665 localhost kernel: SRAT: PXM 0 -> APIC 0x02 -> Node 0
Apr 17 19:45:31.392670 localhost kernel: SRAT: PXM 0 -> APIC 0x03 -> Node 0
Apr 17 19:45:31.392681 localhost kernel: ACPI: SRAT: Node 0 PXM 0 [mem 0x00000000-0x3fffffff] hotplug
Apr 17 19:45:31.392685 localhost kernel: ACPI: SRAT: Node 0 PXM 0 [mem 0x100000000-0x4bfffffff] hotplug
Apr 17 19:45:31.392689 localhost kernel: ACPI: SRAT: Node 0 PXM 0 [mem 0x4c0000000-0xfbfffffff] hotplug
Apr 17 19:45:31.392693 localhost kernel: ACPI: SRAT: Node 0 PXM 0 [mem 0x1000000000-0xffffffffff] hotplug
Apr 17 19:45:31.392700 localhost kernel: ACPI: SRAT: Node 0 PXM 0 [mem 0x10000000000-0x1ffffffffff] hotplug
Apr 17 19:45:31.392710 localhost kernel: ACPI: SRAT: Node 0 PXM 0 [mem 0x20000000000-0x3ffffffffff] hotplug
Apr 17 19:45:31.392714 localhost kernel: ACPI: SRAT: Node 0 PXM 0 [mem 0x40000000000-0x7ffffffffff] hotplug
Apr 17 19:45:31.392718 localhost kernel: ACPI: SRAT: Node 0 PXM 0 [mem 0x80000000000-0xfffffffffff] hotplug
Apr 17 19:45:31.392726 localhost kernel: ACPI: SRAT: Node 0 PXM 0 [mem 0x100000000000-0x1fffffffffff] hotplug
Apr 17 19:45:31.392731 localhost kernel: ACPI: SRAT: Node 0 PXM 0 [mem 0x200000000000-0x3fffffffffff] hotplug
Apr 17 19:45:31.392735 localhost kernel: NUMA: Node 0 [mem 0x00000000-0x3fffffff] + [mem 0x100000000-0x4bfffffff] -> [mem 0x00000000-0x4bfffffff]
Apr 17 19:45:31.392740 localhost kernel: NODE_DATA(0) allocated [mem 0x4bffd5000-0x4bfffffff]
Apr 17 19:45:31.392747 localhost kernel: Zone ranges:
Apr 17 19:45:31.392755 localhost kernel:   DMA      [mem 0x0000000000001000-0x0000000000ffffff]
Apr 17 19:45:31.392759 localhost kernel:   DMA32    [mem 0x0000000001000000-0x00000000ffffffff]
Apr 17 19:45:31.392763 localhost kernel:   Normal   [mem 0x0000000100000000-0x00000004bfffffff]
Apr 17 19:45:31.392767 localhost kernel:   Device   empty
Apr 17 19:45:31.392774 localhost kernel: Movable zone start for each node
Apr 17 19:45:31.392783 localhost kernel: Early memory node ranges
Apr 17 19:45:31.392787 localhost kernel:   node   0: [mem 0x0000000000001000-0x000000000009ffff]
Apr 17 19:45:31.392791 localhost kernel:   node   0: [mem 0x0000000000100000-0x000000000437dfff]
Apr 17 19:45:31.392798 localhost kernel:   node   0: [mem 0x000000000477e000-0x000000003ff1efff]
Apr 17 19:45:31.392805 localhost kernel:   node   0: [mem 0x000000003ffff000-0x000000003fffffff]
Apr 17 19:45:31.392809 localhost kernel:   node   0: [mem 0x0000000100000000-0x00000004bfffffff]
Apr 17 19:45:31.392813 localhost kernel: Initmem setup node 0 [mem 0x0000000000001000-0x00000004bfffffff]
Apr 17 19:45:31.392819 localhost kernel: On node 0, zone DMA: 1 pages in unavailable ranges
Apr 17 19:45:31.392827 localhost kernel: On node 0, zone DMA: 96 pages in unavailable ranges
Apr 17 19:45:31.392833 localhost kernel: On node 0, zone DMA32: 1024 pages in unavailable ranges
Apr 17 19:45:31.392837 localhost kernel: On node 0, zone DMA32: 224 pages in unavailable ranges
Apr 17 19:45:31.392841 localhost kernel: ACPI: PM-Timer IO Port: 0x408
Apr 17 19:45:31.392848 localhost kernel: ACPI: LAPIC_NMI (acpi_id[0x01] dfl dfl lint[0x1])
Apr 17 19:45:31.392855 localhost kernel: IOAPIC[0]: apic_id 4, version 17, address 0xfec00000, GSI 0-23
Apr 17 19:45:31.392859 localhost kernel: ACPI: INT_SRC_OVR (bus 0 bus_irq 9 global_irq 9 high level)
Apr 17 19:45:31.392863 localhost kernel: ACPI: Using ACPI (MADT) for SMP configuration information
Apr 17 19:45:31.392867 localhost kernel: e820: update [mem 0x3ef9c000-0x3efa2fff] usable ==> reserved
Apr 17 19:45:31.392875 localhost kernel: ACPI: SPCR: console: uart,io,0x3f8,115200
Apr 17 19:45:31.392882 localhost kernel: TSC deadline timer available
Apr 17 19:45:31.392904 localhost kernel: CPU topo: Max. logical packages:   1
Apr 17 19:45:31.392909 localhost kernel: CPU topo: Max. logical dies:       1
Apr 17 19:45:31.392913 localhost kernel: CPU topo: Max. dies per package:   1
Apr 17 19:45:31.392917 localhost kernel: CPU topo: Max. threads per core:   2
Apr 17 19:45:31.392922 localhost kernel: CPU topo: Num. cores per package:     2
Apr 17 19:45:31.392929 localhost kernel: CPU topo: Num. threads per package:   4
Apr 17 19:45:31.392935 localhost kernel: CPU topo: Allowing 4 present CPUs plus 0 hotplug CPUs
Apr 17 19:45:31.392939 localhost kernel: PM: hibernation: Registered nosave memory: [mem 0x00000000-0x00000fff]
Apr 17 19:45:31.392943 localhost kernel: PM: hibernation: Registered nosave memory: [mem 0x000a0000-0x000bffff]
Apr 17 19:45:31.392948 localhost kernel: PM: hibernation: Registered nosave memory: [mem 0x000c0000-0x000fffff]
Apr 17 19:45:31.392956 localhost kernel: PM: hibernation: Registered nosave memory: [mem 0x0437e000-0x0477dfff]
Apr 17 19:45:31.392962 localhost kernel: PM: hibernation: Registered nosave memory: [mem 0x3ef9c000-0x3efa2fff]
Apr 17 19:45:31.392967 localhost kernel: PM: hibernation: Registered nosave memory: [mem 0x3ff1f000-0x3ffc8fff]
Apr 17 19:45:31.392971 localhost kernel: PM: hibernation: Registered nosave memory: [mem 0x3ffc9000-0x3fffafff]
Apr 17 19:45:31.392979 localhost kernel: PM: hibernation: Registered nosave memory: [mem 0x3fffb000-0x3fffefff]
Apr 17 19:45:31.392984 localhost kernel: PM: hibernation: Registered nosave memory: [mem 0x40000000-0xffffffff]
Apr 17 19:45:31.392988 localhost kernel: [mem 0x40000000-0xffffffff] available for PCI devices
Apr 17 19:45:31.392998 localhost kernel: Booting paravirtualized kernel on Hyper-V
Apr 17 19:45:31.393007 localhost kernel: clocksource: refined-jiffies: mask: 0xffffffff max_cycles: 0xffffffff, max_idle_ns: 1910969940391419 ns
Apr 17 19:45:31.393011 localhost kernel: setup_percpu: NR_CPUS:8192 nr_cpumask_bits:4 nr_cpu_ids:4 nr_node_ids:1
Apr 17 19:45:31.393015 localhost kernel: percpu: Embedded 64 pages/cpu s225280 r8192 d28672 u524288
Apr 17 19:45:31.393019 localhost kernel: pcpu-alloc: s225280 r8192 d28672 u524288 alloc=1*2097152
Apr 17 19:45:31.393026 localhost kernel: pcpu-alloc: [0] 0 1 2 3 
Apr 17 19:45:31.393041 localhost kernel: Hyper-V: PV spinlocks enabled
Apr 17 19:45:31.393047 localhost kernel: PV qspinlock hash table entries: 256 (order: 0, 4096 bytes, linear)
Apr 17 19:45:31.393062 localhost kernel: Kernel command line: BOOT_IMAGE=(hd0,gpt3)/boot/ostree/rhcos-617b0e78715ed36bc2244f65434be3f79c4e5cc41b856cce9de411575dfca7bd/vmlinuz-5.14.0-570.55.1.el9_6.x86_64 rw ignition.firstboot ostree=/ostree/boot.1/rhcos/617b0e78715ed36bc2244f65434be3f79c4e5cc41b856cce9de411575dfca7bd/0 ignition.platform.id=azure console=tty0 console=ttyS0,115200n8
Apr 17 19:45:31.393070 localhost kernel: Unknown kernel command line parameters "BOOT_IMAGE=(hd0,gpt3)/boot/ostree/rhcos-617b0e78715ed36bc2244f65434be3f79c4e5cc41b856cce9de411575dfca7bd/vmlinuz-5.14.0-570.55.1.el9_6.x86_64 ostree=/ostree/boot.1/rhcos/617b0e78715ed36bc2244f65434be3f79c4e5cc41b856cce9de411575dfca7bd/0", will be passed to user space.
Apr 17 19:45:31.393084 localhost kernel: random: crng init done
Apr 17 19:45:31.393099 localhost kernel: Dentry cache hash table entries: 2097152 (order: 12, 16777216 bytes, linear)
Apr 17 19:45:31.393113 localhost kernel: Inode-cache hash table entries: 1048576 (order: 11, 8388608 bytes, linear)
Apr 17 19:45:31.393119 localhost kernel: Fallback order for Node 0: 0 
Apr 17 19:45:31.393124 localhost kernel: Built 1 zonelists, mobility grouping on.  Total pages: 4125705
Apr 17 19:45:31.393134 localhost kernel: Policy zone: Normal
Apr 17 19:45:31.393139 localhost kernel: mem auto-init: stack:off, heap alloc:off, heap free:off
Apr 17 19:45:31.393143 localhost kernel: software IO TLB: area num 4.
Apr 17 19:45:31.393147 localhost kernel: Memory: 985736K/16771836K available (16384K kernel code, 5766K rwdata, 13628K rodata, 4044K init, 7384K bss, 534804K reserved, 0K cma-reserved)
Apr 17 19:45:31.393154 localhost kernel: SLUB: HWalign=64, Order=0-3, MinObjects=0, CPUs=4, Nodes=1
Apr 17 19:45:31.393169 localhost kernel: ftrace: allocating 49069 entries in 192 pages
Apr 17 19:45:31.393174 localhost kernel: ftrace: allocated 192 pages with 2 groups
Apr 17 19:45:31.393187 localhost kernel: Dynamic Preempt: voluntary
Apr 17 19:45:31.393193 localhost kernel: rcu: Preemptible hierarchical RCU implementation.
Apr 17 19:45:31.393200 localhost kernel: rcu:         RCU event tracing is enabled.
Apr 17 19:45:31.393208 localhost kernel: rcu:         RCU restricting CPUs from NR_CPUS=8192 to nr_cpu_ids=4.
Apr 17 19:45:31.393214 localhost kernel:         Trampoline variant of Tasks RCU enabled.
Apr 17 19:45:31.393219 localhost kernel:         Rude variant of Tasks RCU enabled.
Apr 17 19:45:31.393227 localhost kernel:         Tracing variant of Tasks RCU enabled.
Apr 17 19:45:31.393233 localhost kernel: rcu: RCU calculated value of scheduler-enlistment delay is 100 jiffies.
Apr 17 19:45:31.393237 localhost kernel: rcu: Adjusting geometry for rcu_fanout_leaf=16, nr_cpu_ids=4
Apr 17 19:45:31.393241 localhost kernel: RCU Tasks: Setting shift to 2 and lim to 1 rcu_task_cb_adjust=1.
Apr 17 19:45:31.393245 localhost kernel: RCU Tasks Rude: Setting shift to 2 and lim to 1 rcu_task_cb_adjust=1.
Apr 17 19:45:31.393252 localhost kernel: RCU Tasks Trace: Setting shift to 2 and lim to 1 rcu_task_cb_adjust=1.
Apr 17 19:45:31.393258 localhost kernel: Using NULL legacy PIC
Apr 17 19:45:31.393262 localhost kernel: NR_IRQS: 524544, nr_irqs: 456, preallocated irqs: 0
Apr 17 19:45:31.393266 localhost kernel: rcu: srcu_init: Setting srcu_struct sizes based on contention.
Apr 17 19:45:31.393270 localhost kernel: kfence: initialized - using 2097152 bytes for 255 objects at 0x(____ptrval____)-0x(____ptrval____)
Apr 17 19:45:31.393279 localhost kernel: Console: colour dummy device 80x25
Apr 17 19:45:31.393287 localhost kernel: printk: legacy console [tty0] enabled
Apr 17 19:45:31.393291 localhost kernel: printk: console [ttyS0] enabled
Apr 17 19:45:31.393295 localhost kernel: ACPI: Core revision 20230331
Apr 17 19:45:31.393303 localhost kernel: Failed to register legacy timer interrupt
Apr 17 19:45:31.393308 localhost kernel: APIC: Switch to symmetric I/O mode setup
Apr 17 19:45:31.393312 localhost kernel: x2apic enabled
Apr 17 19:45:31.393316 localhost kernel: APIC: Switched APIC routing to: physical x2apic
Apr 17 19:45:31.393321 localhost kernel: Hyper-V: Host Build 10.0.26102.1277-1-0
Apr 17 19:45:31.393329 localhost kernel: Hyper-V: enabling crash_kexec_post_notifiers
Apr 17 19:45:31.393335 localhost kernel: Hyper-V: Using IPI hypercalls
Apr 17 19:45:31.393339 localhost kernel: APIC: send_IPI() replaced with hv_send_ipi()
Apr 17 19:45:31.393343 localhost kernel: APIC: send_IPI_mask() replaced with hv_send_ipi_mask()
Apr 17 19:45:31.393348 localhost kernel: APIC: send_IPI_mask_allbutself() replaced with hv_send_ipi_mask_allbutself()
Apr 17 19:45:31.393354 localhost kernel: APIC: send_IPI_allbutself() replaced with hv_send_ipi_allbutself()
Apr 17 19:45:31.393361 localhost kernel: APIC: send_IPI_all() replaced with hv_send_ipi_all()
Apr 17 19:45:31.393367 localhost kernel: APIC: send_IPI_self() replaced with hv_send_ipi_self()
Apr 17 19:45:31.393371 localhost kernel: clocksource: tsc-early: mask: 0xffffffffffffffff max_cycles: 0x284407e0e7a, max_idle_ns: 440795310592 ns
Apr 17 19:45:31.393375 localhost kernel: Calibrating delay loop (skipped), value calculated using timer frequency.. 5586.87 BogoMIPS (lpj=2793436)
Apr 17 19:45:31.393379 localhost kernel: x86/cpu: User Mode Instruction Prevention (UMIP) activated
Apr 17 19:45:31.393387 localhost kernel: Last level iTLB entries: 4KB 0, 2MB 0, 4MB 0
Apr 17 19:45:31.393397 localhost kernel: Last level dTLB entries: 4KB 0, 2MB 0, 4MB 0, 1GB 0
Apr 17 19:45:31.393401 localhost kernel: Spectre V1 : Mitigation: usercopy/swapgs barriers and __user pointer sanitization
Apr 17 19:45:31.393405 localhost kernel: Spectre V2 : Mitigation: Retpolines
Apr 17 19:45:31.393410 localhost kernel: Spectre V2 : Spectre v2 / SpectreRSB mitigation: Filling RSB on context switch
Apr 17 19:45:31.393430 localhost kernel: Spectre V2 : Spectre v2 / SpectreRSB : Filling RSB on VMEXIT
Apr 17 19:45:31.393438 localhost kernel: RETBleed: WARNING: Spectre v2 mitigation leaves CPU vulnerable to RETBleed attacks, data leaks possible!
Apr 17 19:45:31.393447 localhost kernel: RETBleed: Vulnerable
Apr 17 19:45:31.393451 localhost kernel: Speculative Store Bypass: Vulnerable
Apr 17 19:45:31.393456 localhost kernel: MMIO Stale Data: Vulnerable: Clear CPU buffers attempted, no microcode
Apr 17 19:45:31.393468 localhost kernel: ITS: Mitigation: Aligned branch/return thunks
Apr 17 19:45:31.393473 localhost kernel: x86/fpu: Supporting XSAVE feature 0x001: 'x87 floating point registers'
Apr 17 19:45:31.393477 localhost kernel: x86/fpu: Supporting XSAVE feature 0x002: 'SSE registers'
Apr 17 19:45:31.393484 localhost kernel: x86/fpu: Supporting XSAVE feature 0x004: 'AVX registers'
Apr 17 19:45:31.393491 localhost kernel: x86/fpu: Supporting XSAVE feature 0x020: 'AVX-512 opmask'
Apr 17 19:45:31.393495 localhost kernel: x86/fpu: Supporting XSAVE feature 0x040: 'AVX-512 Hi256'
Apr 17 19:45:31.393499 localhost kernel: x86/fpu: Supporting XSAVE feature 0x080: 'AVX-512 ZMM_Hi256'
Apr 17 19:45:31.393503 localhost kernel: x86/fpu: xstate_offset[2]:  576, xstate_sizes[2]:  256
Apr 17 19:45:31.393511 localhost kernel: x86/fpu: xstate_offset[5]:  832, xstate_sizes[5]:   64
Apr 17 19:45:31.393516 localhost kernel: x86/fpu: xstate_offset[6]:  896, xstate_sizes[6]:  512
Apr 17 19:45:31.393520 localhost kernel: x86/fpu: xstate_offset[7]: 1408, xstate_sizes[7]: 1024
Apr 17 19:45:31.393532 localhost kernel: x86/fpu: Enabled xstate features 0xe7, context size is 2432 bytes, using 'compacted' format.
Apr 17 19:45:31.393542 localhost kernel: Freeing SMP alternatives memory: 40K
Apr 17 19:45:31.393547 localhost kernel: pid_max: default: 32768 minimum: 301
Apr 17 19:45:31.393552 localhost kernel: LSM: initializing lsm=lockdown,capability,landlock,yama,integrity,selinux,bpf
Apr 17 19:45:31.393563 localhost kernel: landlock: Up and running.
Apr 17 19:45:31.393568 localhost kernel: Yama: becoming mindful.
Apr 17 19:45:31.393572 localhost kernel: SELinux:  Initializing.
Apr 17 19:45:31.393575 localhost kernel: LSM support for eBPF active
Apr 17 19:45:31.393580 localhost kernel: Mount-cache hash table entries: 32768 (order: 6, 262144 bytes, linear)
Apr 17 19:45:31.393587 localhost kernel: Mountpoint-cache hash table entries: 32768 (order: 6, 262144 bytes, linear)
Apr 17 19:45:31.393593 localhost kernel: smpboot: CPU0: Intel(R) Xeon(R) Platinum 8370C CPU @ 2.80GHz (family: 0x6, model: 0x6a, stepping: 0x6)
Apr 17 19:45:31.393597 localhost kernel: Performance Events: unsupported p6 CPU model 106 no PMU driver, software events only.
Apr 17 19:45:31.393601 localhost kernel: signal: max sigframe size: 3632
Apr 17 19:45:31.393607 localhost kernel: rcu: Hierarchical SRCU implementation.
Apr 17 19:45:31.393615 localhost kernel: rcu:         Max phase no-delay instances is 400.
Apr 17 19:45:31.393619 localhost kernel: NMI watchdog: Perf NMI watchdog permanently disabled
Apr 17 19:45:31.393624 localhost kernel: smp: Bringing up secondary CPUs ...
Apr 17 19:45:31.393631 localhost kernel: smpboot: x86: Booting SMP configuration:
Apr 17 19:45:31.393638 localhost kernel: .... node  #0, CPUs:      #2 #1 #3
Apr 17 19:45:31.393642 localhost kernel: MMIO Stale Data CPU bug present and SMT on, data leak possible. See https://www.kernel.org/doc/html/latest/admin-guide/hw-vuln/processor_mmio_stale_data.html for more details.
Apr 17 19:45:31.393648 localhost kernel: smp: Brought up 1 node, 4 CPUs
Apr 17 19:45:31.393655 localhost kernel: smpboot: Total of 4 processors activated (22347.48 BogoMIPS)
Apr 17 19:45:31.393661 localhost kernel: node 0 deferred pages initialised in 18ms
Apr 17 19:45:31.393665 localhost kernel: devtmpfs: initialized
Apr 17 19:45:31.393673 localhost kernel: x86/mm: Memory block size: 128MB
Apr 17 19:45:31.393679 localhost kernel: ACPI: PM: Registering ACPI NVS region [mem 0x3fffb000-0x3fffefff] (16384 bytes)
Apr 17 19:45:31.393683 localhost kernel: clocksource: jiffies: mask: 0xffffffff max_cycles: 0xffffffff, max_idle_ns: 1911260446275000 ns
Apr 17 19:45:31.393689 localhost kernel: futex hash table entries: 1024 (order: 4, 65536 bytes, linear)
Apr 17 19:45:31.393696 localhost kernel: pinctrl core: initialized pinctrl subsystem
Apr 17 19:45:31.393702 localhost kernel: NET: Registered PF_NETLINK/PF_ROUTE protocol family
Apr 17 19:45:31.393706 localhost kernel: DMA: preallocated 2048 KiB GFP_KERNEL pool for atomic allocations
Apr 17 19:45:31.393710 localhost kernel: DMA: preallocated 2048 KiB GFP_KERNEL|GFP_DMA pool for atomic allocations
Apr 17 19:45:31.393716 localhost kernel: DMA: preallocated 2048 KiB GFP_KERNEL|GFP_DMA32 pool for atomic allocations
Apr 17 19:45:31.393724 localhost kernel: audit: initializing netlink subsys (disabled)
Apr 17 19:45:31.393728 localhost kernel: audit: type=2000 audit(1776455129.047:1): state=initialized audit_enabled=0 res=1
Apr 17 19:45:31.393736 localhost kernel: thermal_sys: Registered thermal governor 'fair_share'
Apr 17 19:45:31.393743 localhost kernel: thermal_sys: Registered thermal governor 'step_wise'
Apr 17 19:45:31.393748 localhost kernel: thermal_sys: Registered thermal governor 'user_space'
Apr 17 19:45:31.393751 localhost kernel: cpuidle: using governor menu
Apr 17 19:45:31.393757 localhost kernel: acpiphp: ACPI Hot Plug PCI Controller Driver version: 0.5
Apr 17 19:45:31.393761 localhost kernel: e820: reserve RAM buffer [mem 0x0437e000-0x07ffffff]
Apr 17 19:45:31.393765 localhost kernel: e820: reserve RAM buffer [mem 0x3ef9c000-0x3fffffff]
Apr 17 19:45:31.393769 localhost kernel: e820: reserve RAM buffer [mem 0x3ff1f000-0x3fffffff]
Apr 17 19:45:31.393773 localhost kernel: kprobes: kprobe jump-optimization is enabled. All kprobes are optimized if possible.
Apr 17 19:45:31.393777 localhost kernel: HugeTLB: registered 1.00 GiB page size, pre-allocated 0 pages
Apr 17 19:45:31.393781 localhost kernel: HugeTLB: 16380 KiB vmemmap can be freed for a 1.00 GiB page
Apr 17 19:45:31.393785 localhost kernel: HugeTLB: registered 2.00 MiB page size, pre-allocated 0 pages
Apr 17 19:45:31.393789 localhost kernel: HugeTLB: 28 KiB vmemmap can be freed for a 2.00 MiB page
Apr 17 19:45:31.393793 localhost kernel: Demotion targets for Node 0: null
Apr 17 19:45:31.393797 localhost kernel: cryptd: max_cpu_qlen set to 1000
Apr 17 19:45:31.393801 localhost kernel: ACPI: Added _OSI(Module Device)
Apr 17 19:45:31.393806 localhost kernel: ACPI: Added _OSI(Processor Device)
Apr 17 19:45:31.393810 localhost kernel: ACPI: Added _OSI(3.0 _SCP Extensions)
Apr 17 19:45:31.393814 localhost kernel: ACPI: Added _OSI(Processor Aggregator Device)
Apr 17 19:45:31.393818 localhost kernel: ACPI: 1 ACPI AML tables successfully acquired and loaded
Apr 17 19:45:31.393822 localhost kernel: ACPI: _OSC evaluation for CPUs failed, trying _PDC
Apr 17 19:45:31.393826 localhost kernel: ACPI: Interpreter enabled
Apr 17 19:45:31.393830 localhost kernel: ACPI: PM: (supports S0 S5)
Apr 17 19:45:31.393834 localhost kernel: ACPI: Using IOAPIC for interrupt routing
Apr 17 19:45:31.393838 localhost kernel: PCI: Using host bridge windows from ACPI; if necessary, use "pci=nocrs" and report a bug
Apr 17 19:45:31.393842 localhost kernel: PCI: Ignoring E820 reservations for host bridge windows
Apr 17 19:45:31.393846 localhost kernel: ACPI: Enabled 1 GPEs in block 00 to 0F
Apr 17 19:45:31.393850 localhost kernel: iommu: Default domain type: Translated
Apr 17 19:45:31.393855 localhost kernel: iommu: DMA domain TLB invalidation policy: lazy mode
Apr 17 19:45:31.393859 localhost kernel: SCSI subsystem initialized
Apr 17 19:45:31.393866 localhost kernel: ACPI: bus type USB registered
Apr 17 19:45:31.393873 localhost kernel: usbcore: registered new interface driver usbfs
Apr 17 19:45:31.393880 localhost kernel: usbcore: registered new interface driver hub
Apr 17 19:45:31.393884 localhost kernel: usbcore: registered new device driver usb
Apr 17 19:45:31.393898 localhost kernel: pps_core: LinuxPPS API ver. 1 registered
Apr 17 19:45:31.393906 localhost kernel: pps_core: Software ver. 5.3.6 - Copyright 2005-2007 Rodolfo Giometti <giometti@linux.it>
Apr 17 19:45:31.393915 localhost kernel: PTP clock support registered
Apr 17 19:45:31.393921 localhost kernel: EDAC MC: Ver: 3.0.0
Apr 17 19:45:31.393925 localhost kernel: Registered efivars operations
Apr 17 19:45:31.393928 localhost kernel: NetLabel: Initializing
Apr 17 19:45:31.393932 localhost kernel: NetLabel:  domain hash size = 128
Apr 17 19:45:31.393936 localhost kernel: NetLabel:  protocols = UNLABELED CIPSOv4 CALIPSO
Apr 17 19:45:31.393940 localhost kernel: NetLabel:  unlabeled traffic allowed by default
Apr 17 19:45:31.393944 localhost kernel: PCI: Using ACPI for IRQ routing
Apr 17 19:45:31.393954 localhost kernel: PCI: System does not support PCI
Apr 17 19:45:31.393959 localhost kernel: vgaarb: loaded
Apr 17 19:45:31.393963 localhost kernel: clocksource: Switched to clocksource tsc-early
Apr 17 19:45:31.393972 localhost kernel: VFS: Disk quotas dquot_6.6.0
Apr 17 19:45:31.393984 localhost kernel: VFS: Dquot-cache hash table entries: 512 (order 0, 4096 bytes)
Apr 17 19:45:31.393989 localhost kernel: pnp: PnP ACPI init
Apr 17 19:45:31.393993 localhost kernel: pnp: PnP ACPI: found 3 devices
Apr 17 19:45:31.394010 localhost kernel: clocksource: acpi_pm: mask: 0xffffff max_cycles: 0xffffff, max_idle_ns: 2085701024 ns
Apr 17 19:45:31.394015 localhost kernel: NET: Registered PF_INET protocol family
Apr 17 19:45:31.394019 localhost kernel: IP idents hash table entries: 262144 (order: 9, 2097152 bytes, linear)
Apr 17 19:45:31.394023 localhost kernel: tcp_listen_portaddr_hash hash table entries: 8192 (order: 5, 131072 bytes, linear)
Apr 17 19:45:31.394027 localhost kernel: Table-perturb hash table entries: 65536 (order: 6, 262144 bytes, linear)
Apr 17 19:45:31.394041 localhost kernel: TCP established hash table entries: 131072 (order: 8, 1048576 bytes, linear)
Apr 17 19:45:31.394046 localhost kernel: TCP bind hash table entries: 65536 (order: 8, 1048576 bytes, linear)
Apr 17 19:45:31.394052 localhost kernel: TCP: Hash tables configured (established 131072 bind 65536)
Apr 17 19:45:31.394059 localhost kernel: MPTCP token hash table entries: 16384 (order: 6, 393216 bytes, linear)
Apr 17 19:45:31.394065 localhost kernel: UDP hash table entries: 8192 (order: 6, 262144 bytes, linear)
Apr 17 19:45:31.394070 localhost kernel: UDP-Lite hash table entries: 8192 (order: 6, 262144 bytes, linear)
Apr 17 19:45:31.394078 localhost kernel: NET: Registered PF_UNIX/PF_LOCAL protocol family
Apr 17 19:45:31.394088 localhost kernel: NET: Registered PF_XDP protocol family
Apr 17 19:45:31.394092 localhost kernel: PCI: CLS 0 bytes, default 64
Apr 17 19:45:31.394099 localhost kernel: PCI-DMA: Using software bounce buffering for IO (SWIOTLB)
Apr 17 19:45:31.394106 localhost kernel: software IO TLB: mapped [mem 0x000000003a878000-0x000000003e878000] (64MB)
Apr 17 19:45:31.394114 localhost kernel: ACPI: bus type thunderbolt registered
Apr 17 19:45:31.394121 localhost kernel: Trying to unpack rootfs image as initramfs...
Apr 17 19:45:31.394128 localhost kernel: Initialise system trusted keyrings
Apr 17 19:45:31.394136 localhost kernel: Key type blacklist registered
Apr 17 19:45:31.394142 localhost kernel: workingset: timestamp_bits=36 max_order=22 bucket_order=0
Apr 17 19:45:31.394147 localhost kernel: zbud: loaded
Apr 17 19:45:31.394154 localhost kernel: integrity: Platform Keyring initialized
Apr 17 19:45:31.394161 localhost kernel: integrity: Machine keyring initialized
Apr 17 19:45:31.394168 localhost kernel: NET: Registered PF_ALG protocol family
Apr 17 19:45:31.394175 localhost kernel: xor: automatically using best checksumming function   avx       
Apr 17 19:45:31.394181 localhost kernel: Key type asymmetric registered
Apr 17 19:45:31.394189 localhost kernel: Asymmetric key parser 'x509' registered
Apr 17 19:45:31.394198 localhost kernel: Block layer SCSI generic (bsg) driver version 0.4 loaded (major 246)
Apr 17 19:45:31.394206 localhost kernel: io scheduler mq-deadline registered
Apr 17 19:45:31.394213 localhost kernel: io scheduler kyber registered
Apr 17 19:45:31.394220 localhost kernel: io scheduler bfq registered
Apr 17 19:45:31.394227 localhost kernel: atomic64_test: passed for x86-64 platform with CX8 and with SSE
Apr 17 19:45:31.394233 localhost kernel: shpchp: Standard Hot Plug PCI Controller Driver version: 0.4
Apr 17 19:45:31.394240 localhost kernel: Serial: 8250/16550 driver, 4 ports, IRQ sharing enabled
Apr 17 19:45:31.394248 localhost kernel: 00:00: ttyS0 at I/O 0x3f8 (irq = 4, base_baud = 115200) is a 16550A
Apr 17 19:45:31.394255 localhost kernel: 00:01: ttyS1 at I/O 0x2f8 (irq = 3, base_baud = 115200) is a 16550A
Apr 17 19:45:31.394262 localhost kernel: Non-volatile memory driver v1.3
Apr 17 19:45:31.394269 localhost kernel: rdac: device handler registered
Apr 17 19:45:31.394277 localhost kernel: hp_sw: device handler registered
Apr 17 19:45:31.394287 localhost kernel: emc: device handler registered
Apr 17 19:45:31.394294 localhost kernel: alua: device handler registered
Apr 17 19:45:31.394301 localhost kernel: usbcore: registered new interface driver usbserial_generic
Apr 17 19:45:31.394309 localhost kernel: usbserial: USB Serial support registered for generic
Apr 17 19:45:31.394317 localhost kernel: i8042: PNP: No PS/2 controller found.
Apr 17 19:45:31.394324 localhost kernel: mousedev: PS/2 mouse device common for all mice
Apr 17 19:45:31.394460 localhost kernel: rtc_cmos 00:02: registered as rtc0
Apr 17 19:45:31.394539 localhost kernel: rtc_cmos 00:02: setting system clock to 2026-04-17T19:45:30 UTC (1776455130)
Apr 17 19:45:31.394611 localhost kernel: rtc_cmos 00:02: alarms up to one month, 114 bytes nvram
Apr 17 19:45:31.394621 localhost kernel: intel_pstate: Intel P-state driver initializing
Apr 17 19:45:31.394631 localhost kernel: efifb: probing for efifb
Apr 17 19:45:31.394638 localhost kernel: efifb: framebuffer at 0x40000000, using 3072k, total 3072k
Apr 17 19:45:31.394645 localhost kernel: efifb: mode is 1024x768x32, linelength=4096, pages=1
Apr 17 19:45:31.394652 localhost kernel: efifb: scrolling: redraw
Apr 17 19:45:31.394659 localhost kernel: efifb: Truecolor: size=8:8:8:8, shift=24:16:8:0
Apr 17 19:45:31.394667 localhost kernel: Console: switching to colour frame buffer device 128x48
Apr 17 19:45:31.394673 localhost kernel: fb0: EFI VGA frame buffer device
Apr 17 19:45:31.394681 localhost kernel: EFI Variables Facility v0.08 2004-May-17
Apr 17 19:45:31.394687 localhost kernel: hid: raw HID events driver (C) Jiri Kosina
Apr 17 19:45:31.394694 localhost kernel: usbcore: registered new interface driver usbhid
Apr 17 19:45:31.394701 localhost kernel: usbhid: USB HID core driver
Apr 17 19:45:31.394708 localhost kernel: drop_monitor: Initializing network drop monitor service
Apr 17 19:45:31.394718 localhost kernel: Initializing XFRM netlink socket
Apr 17 19:45:31.394726 localhost kernel: NET: Registered PF_INET6 protocol family
Apr 17 19:45:31.394733 localhost kernel: Freeing initrd memory: 104172K
Apr 17 19:45:31.394741 localhost kernel: Segment Routing with IPv6
Apr 17 19:45:31.394749 localhost kernel: NET: Registered PF_PACKET protocol family
Apr 17 19:45:31.394757 localhost kernel: mpls_gso: MPLS GSO support
Apr 17 19:45:31.394765 localhost kernel: IPI shorthand broadcast: enabled
Apr 17 19:45:31.394784 localhost kernel: AVX2 version of gcm_enc/dec engaged.
Apr 17 19:45:31.394794 localhost kernel: AES CTR mode by8 optimization enabled
Apr 17 19:45:31.394802 localhost kernel: sched_clock: Marking stable (568004156, 546444743)->(1259818603, -145369704)
Apr 17 19:45:31.394811 localhost kernel: registered taskstats version 1
Apr 17 19:45:31.394818 localhost kernel: Loading compiled-in X.509 certificates
Apr 17 19:45:31.394827 localhost kernel: Loaded X.509 cert 'Red Hat Enterprise Linux kernel signing key: 300cbdfacc279a7dbb14021e37e33aa77fe6a2a1'
Apr 17 19:45:31.394835 localhost kernel: Loaded X.509 cert 'Red Hat Enterprise Linux Driver Update Program (key 3): bf57f3e87362bc7229d9f465321773dfd1f77a80'
Apr 17 19:45:31.394843 localhost kernel: Loaded X.509 cert 'Red Hat Enterprise Linux kpatch signing key: 4d38fd864ebe18c5f0b72e3852e2014c3a676fc8'
Apr 17 19:45:31.394851 localhost kernel: Loaded X.509 cert 'RH-IMA-CA: Red Hat IMA CA: fb31825dd0e073685b264e3038963673f753959a'
Apr 17 19:45:31.394859 localhost kernel: Loaded X.509 cert 'Nvidia GPU OOT signing 001: 55e1cef88193e60419f0b0ec379c49f77545acf0'
Apr 17 19:45:31.394870 localhost kernel: Demotion targets for Node 0: null
Apr 17 19:45:31.394878 localhost kernel: page_owner is disabled
Apr 17 19:45:31.394899 localhost kernel: Key type .fscrypt registered
Apr 17 19:45:31.394907 localhost kernel: Key type fscrypt-provisioning registered
Apr 17 19:45:31.394915 localhost kernel: Key type big_key registered
Apr 17 19:45:31.394922 localhost kernel: Key type encrypted registered
Apr 17 19:45:31.394929 localhost kernel: integrity: Loading X.509 certificate: UEFI:db
Apr 17 19:45:31.394937 localhost kernel: integrity: Loaded X.509 cert 'Microsoft Windows Production PCA 2011: a92902398e16c49778cd90f99e4f9ae17c55af53'
Apr 17 19:45:31.394944 localhost kernel: integrity: Loading X.509 certificate: UEFI:db
Apr 17 19:45:31.394951 localhost kernel: integrity: Loaded X.509 cert 'Microsoft Corporation: Windows UEFI CA 2023: aefc5fbbbe055d8f8daa585473499417ab5a5272'
Apr 17 19:45:31.394959 localhost kernel: integrity: Loading X.509 certificate: UEFI:MokListRT (MOKvar table)
Apr 17 19:45:31.394967 localhost kernel: integrity: Loading X.509 certificate: UEFI:MokListRT (MOKvar table)
Apr 17 19:45:31.394977 localhost kernel: integrity: Loaded X.509 cert 'Red Hat Secure Boot CA 5: cc6fa5e72868ba494e939bbd680b9144769a9f8f'
Apr 17 19:45:31.394985 localhost kernel: integrity: Loading X.509 certificate: UEFI:MokListRT (MOKvar table)
Apr 17 19:45:31.394993 localhost kernel: integrity: Loading X.509 certificate: UEFI:MokListRT (MOKvar table)
Apr 17 19:45:31.395000 localhost kernel: integrity: Loaded X.509 cert 'Red Hat Secure Boot CA 8: e1c6c580aa1e21d585aad9bf20f3929e5ec1f08b'
Apr 17 19:45:31.395007 localhost kernel: ima: No TPM chip found, activating TPM-bypass!
Apr 17 19:45:31.395015 localhost kernel: Loading compiled-in module X.509 certificates
Apr 17 19:45:31.395023 localhost kernel: Loaded X.509 cert 'Red Hat Enterprise Linux kernel signing key: 300cbdfacc279a7dbb14021e37e33aa77fe6a2a1'
Apr 17 19:45:31.395030 localhost kernel: ima: Allocated hash algorithm: sha256
Apr 17 19:45:31.395037 localhost kernel: ima: No architecture policies found
Apr 17 19:45:31.395045 localhost kernel: evm: Initialising EVM extended attributes:
Apr 17 19:45:31.395053 localhost kernel: evm: security.selinux
Apr 17 19:45:31.395060 localhost kernel: evm: security.SMACK64 (disabled)
Apr 17 19:45:31.395067 localhost kernel: evm: security.SMACK64EXEC (disabled)
Apr 17 19:45:31.395075 localhost kernel: evm: security.SMACK64TRANSMUTE (disabled)
Apr 17 19:45:31.395082 localhost kernel: evm: security.SMACK64MMAP (disabled)
Apr 17 19:45:31.395088 localhost kernel: evm: security.apparmor (disabled)
Apr 17 19:45:31.395095 localhost kernel: evm: security.ima
Apr 17 19:45:31.395102 localhost kernel: evm: security.capability
Apr 17 19:45:31.395108 localhost kernel: evm: HMAC attrs: 0x1
Apr 17 19:45:31.395115 localhost kernel: Running certificate verification RSA selftest
Apr 17 19:45:31.395122 localhost kernel: Loaded X.509 cert 'Certificate verification self-testing key: f58703bb33ce1b73ee02eccdee5b8817518fe3db'
Apr 17 19:45:31.395129 localhost kernel: Running certificate verification ECDSA selftest
Apr 17 19:45:31.395136 localhost kernel: Loaded X.509 cert 'Certificate verification ECDSA self-testing key: 2900bcea1deb7bc8479a84a23d758efdfdd2b2d3'
Apr 17 19:45:31.395144 localhost kernel: clk: Disabling unused clocks
Apr 17 19:45:31.395152 localhost kernel: Freeing unused decrypted memory: 2028K
Apr 17 19:45:31.395162 localhost kernel: Freeing unused kernel image (initmem) memory: 4044K
Apr 17 19:45:31.395169 localhost kernel: Write protecting the kernel read-only data: 30720k
Apr 17 19:45:31.395176 localhost kernel: Freeing unused kernel image (rodata/data gap) memory: 708K
Apr 17 19:45:31.395184 localhost kernel: x86/mm: Checked W+X mappings: passed, no W+X pages found.
Apr 17 19:45:31.395193 localhost kernel: Run /init as init process
Apr 17 19:45:31.395201 localhost kernel:   with arguments:
Apr 17 19:45:31.395208 localhost kernel:     /init
Apr 17 19:45:31.395216 localhost kernel:   with environment:
Apr 17 19:45:31.395223 localhost kernel:     HOME=/
Apr 17 19:45:31.395231 localhost kernel:     TERM=linux
Apr 17 19:45:31.395239 localhost kernel:     BOOT_IMAGE=(hd0,gpt3)/boot/ostree/rhcos-617b0e78715ed36bc2244f65434be3f79c4e5cc41b856cce9de411575dfca7bd/vmlinuz-5.14.0-570.55.1.el9_6.x86_64
Apr 17 19:45:31.395247 localhost kernel:     ostree=/ostree/boot.1/rhcos/617b0e78715ed36bc2244f65434be3f79c4e5cc41b856cce9de411575dfca7bd/0
Apr 17 19:45:31.395297 localhost systemd-journald[328]: Journal started
Apr 17 19:45:31.395347 localhost systemd-journald[328]: Runtime Journal (/run/log/journal/ac1ef2d569494f9b959a9d0fbda8d523) is 8.0M, max 319.6M, 311.6M free.
Apr 17 19:45:31.408559 localhost systemd-journald[328]: Missed 40 kernel messages
Apr 17 19:45:31.408559 localhost kernel: tsc: Refined TSC clocksource calibration: 2793.436 MHz
Apr 17 19:45:31.408619 localhost kernel: clocksource: tsc: mask: 0xffffffffffffffff max_cycles: 0x284407e0e7a, max_idle_ns: 440795310592 ns
Apr 17 19:45:31.412718 localhost systemd[1]: Finished CoreOS: Touch /run/agetty.reload.
Apr 17 19:45:31.423601 localhost kernel: clocksource: Switched to clocksource tsc
Apr 17 19:45:31.424280 localhost systemd[1]: Finished Create List of Static Device Nodes.
Apr 17 19:45:31.430249 localhost systemd[1]: Finished Load RDMA modules from /etc/rdma/modules/roce.conf.
Apr 17 19:45:31.436849 localhost systemd[1]: Finished Setup Virtual Console.
Apr 17 19:45:31.443952 localhost systemd-journald[328]: Missed 4 kernel messages
Apr 17 19:45:31.443952 localhost kernel: fuse: init (API version 7.37)
Apr 17 19:45:31.443976 localhost systemd-modules-load[329]: Inserted module 'fuse'
Apr 17 19:45:31.444064 localhost systemd-modules-load[329]: Module 'msr' is built in
Apr 17 19:45:31.444877 localhost systemd[1]: Finished Load Kernel Modules.
Apr 17 19:45:31.463154 localhost systemd[1]: Starting dracut ask for additional cmdline parameters...
Apr 17 19:45:31.468673 localhost systemd[1]: Starting Apply Kernel Variables...
Apr 17 19:45:31.473973 localhost systemd-sysusers[330]: Creating group 'root' with GID 991.
Apr 17 19:45:31.477840 localhost systemd-modules-load[324]: Inserted module 'ib_ipoib'
Apr 17 19:45:31.479677 localhost systemd[1]: Finished Apply Kernel Variables.
Apr 17 19:45:31.486574 localhost systemd-modules-load[324]: Inserted module 'ib_umad'
Apr 17 19:45:31.487504 localhost systemd[1]: Finished Create System Users.
Apr 17 19:45:31.494497 localhost systemd[1]: Finished Load RDMA modules from /etc/rdma/modules/infiniband.conf.
Apr 17 19:45:31.501137 localhost systemd[1]: Finished dracut ask for additional cmdline parameters.
Apr 17 19:45:31.513393 localhost systemd[1]: Starting dracut cmdline hook...
Apr 17 19:45:31.518225 localhost systemd[1]: Starting Create Static Device Nodes in /dev...
Apr 17 19:45:31.523651 localhost systemd-journald[328]: Missed 13 kernel messages
Apr 17 19:45:31.523651 localhost kernel: Loading iSCSI transport class v2.0-870.
Apr 17 19:45:31.526046 localhost systemd[1]: Starting Create Volatile Files and Directories...
Apr 17 19:45:31.533999 localhost dracut-cmdline[357]: dracut-9.6.20251015-1 (Plow) dracut-057-88.git20250311.el9_6
Apr 17 19:45:31.536651 localhost dracut-cmdline[357]: Using kernel command line parameters:  ip=auto   BOOT_IMAGE=(hd0,gpt3)/boot/ostree/rhcos-617b0e78715ed36bc2244f65434be3f79c4e5cc41b856cce9de411575dfca7bd/vmlinuz-5.14.0-570.55.1.el9_6.x86_64 rw ignition.firstboot ostree=/ostree/boot.1/rhcos/617b0e78715ed36bc2244f65434be3f79c4e5cc41b856cce9de411575dfca7bd/0 ignition.platform.id=azure console=tty0 console=ttyS0,115200n8
Apr 17 19:45:31.542755 localhost systemd[1]: Finished Create Static Device Nodes in /dev.
Apr 17 19:45:31.559906 localhost systemd-journald[328]: Missed 5 kernel messages
Apr 17 19:45:31.559906 localhost kernel: iscsi: registered transport (iser)
Apr 17 19:45:31.561298 localhost systemd-modules-load[325]: Inserted module 'ib_iser'
Apr 17 19:45:31.575604 localhost systemd[1]: Finished Create Volatile Files and Directories.
Apr 17 19:45:31.594952 localhost systemd-journald[328]: Missed 2 kernel messages
Apr 17 19:45:31.594952 localhost kernel: Rounding down aligned max_sectors from 4294967295 to 4294967288
Apr 17 19:45:31.595031 localhost kernel: db_root: cannot open: /etc/target
Apr 17 19:45:31.602904 localhost kernel: iscsi: registered transport (tcp)
Apr 17 19:45:31.620915 localhost kernel: Warning: Deprecated Driver is detected: qla4xxx will not be maintained in a future major release and may be disabled
Apr 17 19:45:31.627269 localhost systemd-modules-load[325]: Inserted module 'ib_isert'
Apr 17 19:45:31.628559 localhost kernel: iscsi: registered transport (qla4xxx)
Apr 17 19:45:31.628580 localhost systemd-journald[328]: Missed 1 kernel messages
Apr 17 19:45:31.628580 localhost kernel: QLogic iSCSI HBA Driver
Apr 17 19:45:31.636309 localhost systemd-modules-load[325]: Inserted module 'ib_srpt'
Apr 17 19:45:31.642907 localhost systemd-journald[328]: Missed 1 kernel messages
Apr 17 19:45:31.642907 localhost kernel: libcxgbi:libcxgbi_init_module: Chelsio iSCSI driver library libcxgbi v0.9.1-ko (Apr. 2015)
Apr 17 19:45:31.649447 localhost systemd-modules-load[325]: Inserted module 'ib_uverbs'
Apr 17 19:45:31.653452 localhost systemd-modules-load[325]: Inserted module 'rdma_ucm'
Apr 17 19:45:31.712967 localhost systemd-journald[328]: Missed 2 kernel messages
Apr 17 19:45:31.712967 localhost kernel: RPC: Registered named UNIX socket transport module.
Apr 17 19:45:31.713046 localhost kernel: RPC: Registered udp transport module.
Apr 17 19:45:31.713055 localhost kernel: RPC: Registered tcp transport module.
Apr 17 19:45:31.713063 localhost kernel: RPC: Registered tcp-with-tls transport module.
Apr 17 19:45:31.713071 localhost kernel: RPC: Registered tcp NFSv4.1 backchannel transport module.
Apr 17 19:45:31.729003 localhost kernel: Chelsio T4-T6 iSCSI Driver cxgb4i v0.9.5-ko (Apr. 2015)
Apr 17 19:45:31.729040 localhost kernel: iscsi: registered transport (cxgb4i)
Apr 17 19:45:31.739916 localhost kernel: Warning: Deprecated Driver is detected: cnic will not be maintained in a future major release and may be disabled
Apr 17 19:45:31.746909 localhost kernel: cnic: QLogic cnicDriver v2.5.22 (July 20, 2015)
Apr 17 19:45:31.757918 localhost kernel: Warning: Deprecated Driver is detected: bnx2i will not be maintained in a future major release and may be disabled
Apr 17 19:45:31.757972 localhost kernel: RPC: Registered rdma transport module.
Apr 17 19:45:31.758904 localhost kernel: RPC: Registered rdma backchannel transport module.
Apr 17 19:45:31.768232 localhost systemd-modules-load[325]: Inserted module 'rpcrdma'
Apr 17 19:45:31.769379 localhost systemd[1]: Finished Load RDMA modules from /etc/rdma/modules/rdma.conf.
Apr 17 19:45:31.779178 localhost systemd[1]: Reached target Preparation for Network.
Apr 17 19:45:31.791804 localhost systemd-journald[328]: Missed 3 kernel messages
Apr 17 19:45:31.791804 localhost kernel: QLogic NetXtreme II iSCSI Driver bnx2i v2.7.10.1 (Jul 16, 2014)
Apr 17 19:45:31.791834 localhost kernel: iscsi: registered transport (bnx2i)
Apr 17 19:45:31.800906 localhost kernel: iscsi: registered transport (be2iscsi)
Apr 17 19:45:31.800929 localhost kernel: In beiscsi_module_init, tt=0000000010780d9e
Apr 17 19:45:31.899441 localhost systemd[1]: Finished dracut cmdline hook.
Apr 17 19:45:31.917145 localhost systemd[1]: Starting dracut pre-udev hook...
Apr 17 19:45:31.943909 localhost systemd-journald[328]: Missed 2 kernel messages
Apr 17 19:45:31.943909 localhost kernel: device-mapper: core: CONFIG_IMA_DISABLE_HTABLE is disabled. Duplicate IMA measurements will not be recorded in the IMA log.
Apr 17 19:45:31.943988 localhost kernel: device-mapper: uevent: version 1.0.3
Apr 17 19:45:31.943998 localhost kernel: device-mapper: ioctl: 4.48.1-ioctl (2025-04-28) initialised: dm-devel@lists.linux.dev
Apr 17 19:45:31.973926 localhost systemd[1]: Finished dracut pre-udev hook.
Apr 17 19:45:31.994216 localhost systemd[1]: Starting Rule-based Manager for Device Events and Files...
Apr 17 19:45:32.011176 localhost systemd-udevd[551]: Using default interface naming scheme 'rhel-9.0'.
Apr 17 19:45:32.021284 localhost systemd[1]: Started Rule-based Manager for Device Events and Files.
Apr 17 19:45:32.030021 localhost systemd[1]: Starting dracut pre-trigger hook...
Apr 17 19:45:32.041940 localhost dracut-pre-trigger[574]: rd.md=0: removing MD RAID activation
Apr 17 19:45:32.062959 localhost systemd[1]: Finished dracut pre-trigger hook.
Apr 17 19:45:32.082144 localhost systemd[1]: Starting Coldplug All udev Devices...
Apr 17 19:45:32.114869 localhost systemd[1]: sys-module-fuse.device: Failed to enqueue SYSTEMD_WANTS= job, ignoring: Unit sys-fs-fuse-connections.mount not found.
Apr 17 19:45:32.116345 localhost systemd[1]: Finished Coldplug All udev Devices.
Apr 17 19:45:32.137054 localhost systemd[1]: Starting Wait for udev To Complete Device Initialization...
Apr 17 19:45:32.147526 localhost udevadm[614]: systemd-udev-settle.service is deprecated. Please fix multipathd-configure.service not to pull it in.
Apr 17 19:45:32.174908 localhost systemd-journald[328]: Missed 12 kernel messages
Apr 17 19:45:32.174908 localhost kernel: hv_vmbus: Vmbus version:5.3
Apr 17 19:45:32.179913 localhost kernel: hv_vmbus: registering driver hid_hyperv
Apr 17 19:45:32.182909 localhost kernel: input: Microsoft Vmbus HID-compliant Mouse as /devices/0006:045E:0621.0001/input/input0
Apr 17 19:45:32.182939 localhost kernel: hid-hyperv 0006:045E:0621.0001: input: VIRTUAL HID v0.01 Mouse [Microsoft Vmbus HID-compliant Mouse] on 
Apr 17 19:45:32.195354 localhost kernel: hv_utils: Registering HyperV Utility Driver
Apr 17 19:45:32.195398 localhost kernel: hv_vmbus: registering driver hv_utils
Apr 17 19:45:32.197197 localhost kernel: hv_utils: Heartbeat IC version 3.0
Apr 17 19:45:32.197229 localhost kernel: hv_utils: Shutdown IC version 3.2
Apr 17 19:45:32.197236 localhost kernel: hv_utils: TimeSync IC version 4.0
Apr 17 19:45:32.996132 localhost kernel: hv_vmbus: registering driver hyperv_keyboard
Apr 17 19:45:32.996169 localhost kernel: hv_vmbus: registering driver hv_netvsc
Apr 17 19:45:32.997128 localhost kernel: input: AT Translated Set 2 keyboard as /devices/LNXSYSTM:00/LNXSYBUS:00/ACPI0004:00/MSFT1000:00/d34b2567-b9b6-42b9-8778-0a4ec0b955bf/serio0/input/input1
Apr 17 19:45:33.016136 localhost kernel: hv_vmbus: registering driver hv_storvsc
Apr 17 19:45:33.018131 localhost kernel: scsi host1: storvsc_host_t
Apr 17 19:45:33.022134 localhost kernel: scsi host0: storvsc_host_t
Apr 17 19:45:33.023131 localhost kernel: scsi 0:0:0:0: Direct-Access     Msft     Virtual Disk     1.0  PQ: 0 ANSI: 5
Apr 17 19:45:33.029139 localhost kernel: scsi 0:0:0:2: CD-ROM            Msft     Virtual DVD-ROM  1.0  PQ: 0 ANSI: 5
Apr 17 19:45:33.041141 localhost kernel: scsi 0:0:0:0: Attached scsi generic sg0 type 0
Apr 17 19:45:33.041292 localhost kernel: scsi 0:0:0:2: Attached scsi generic sg1 type 5
Apr 17 19:45:33.053145 localhost kernel: sd 0:0:0:0: [sda] 268435456 512-byte logical blocks: (137 GB/128 GiB)
Apr 17 19:45:33.079465 localhost kernel: sd 0:0:0:0: [sda] 4096-byte physical blocks
Apr 17 19:45:33.079586 localhost kernel: sd 0:0:0:0: [sda] Write Protect is off
Apr 17 19:45:33.079676 localhost kernel: sd 0:0:0:0: [sda] Mode Sense: 0f 00 10 00
Apr 17 19:45:33.079766 localhost kernel: sd 0:0:0:0: [sda] Write cache: enabled, read cache: enabled, supports DPO and FUA
Apr 17 19:45:33.079854 localhost kernel: GPT:Primary header thinks Alt. header is not at the end of the disk.
Apr 17 19:45:33.079863 localhost kernel: GPT:6602751 != 268435455
Apr 17 19:45:33.079870 localhost kernel: GPT:Alternate GPT header not at the end of the disk.
Apr 17 19:45:33.079886 localhost kernel: GPT:6602751 != 268435455
Apr 17 19:45:33.079893 localhost kernel: GPT: Use GNU Parted to correct GPT errors.
Apr 17 19:45:33.079902 localhost kernel:  sda: sda1 sda2 sda3 sda4
Apr 17 19:45:33.079910 localhost kernel: sd 0:0:0:0: [sda] Attached SCSI disk
Apr 17 19:45:33.085145 localhost kernel: sr 0:0:0:2: [sr0] scsi-1 drive
Apr 17 19:45:33.102579 localhost kernel: cdrom: Uniform CD-ROM driver Revision: 3.20
Apr 17 19:45:33.102595 localhost kernel: sr 0:0:0:2: Attached scsi CD-ROM sr0
Apr 17 19:45:33.127764 localhost kernel: hv_storvsc f8b3781a-1e82-4818-a1c3-63d806ec15bb: tag#277 cmd 0x85 status: scsi 0x2 srb 0x6 hv 0xc0000001
Apr 17 19:45:33.169756 localhost kernel: hv_storvsc f8b3781a-1e82-4818-a1c3-63d806ec15bb: tag#294 cmd 0x85 status: scsi 0x2 srb 0x6 hv 0xc0000001
Apr 17 19:45:33.209474 localhost systemd[1]: Finished Wait for udev To Complete Device Initialization.
Apr 17 19:45:33.220926 localhost systemd[1]: Found device Virtual_Disk boot.
Apr 17 19:45:33.234703 localhost systemd[1]: Found device Virtual_Disk root.
Apr 17 19:45:33.252347 localhost systemd[1]: Starting CoreOS Ignition User Config Setup...
Apr 17 19:45:33.255635 localhost systemd[1]: Starting CoreOS Ensure Unique Boot Filesystem Label...
Apr 17 19:45:33.264295 localhost systemd[1]: Device-Mapper Multipath Default Configuration was skipped because of an unmet condition check (ConditionKernelCommandLine=rd.multipath=default).
Apr 17 19:45:33.265153 localhost systemd[1]: Starting Device-Mapper Multipath Device Controller...
Apr 17 19:45:33.285662 localhost multipathd[816]: --------start up--------
Apr 17 19:45:33.286518 localhost multipathd[816]: read /etc/multipath.conf
Apr 17 19:45:33.286518 localhost multipathd[816]: /etc/multipath.conf does not exist, blacklisting all devices.
Apr 17 19:45:33.286518 localhost multipathd[816]: You can run "/sbin/mpathconf --enable" to create
Apr 17 19:45:33.286518 localhost multipathd[816]: /etc/multipath.conf. See man mpathconf(8) for more details
Apr 17 19:45:33.288992 localhost multipathd[816]: path checkers start up
Apr 17 19:45:33.288992 localhost multipathd[816]: /etc/multipath.conf does not exist, blacklisting all devices.
Apr 17 19:45:33.288992 localhost multipathd[816]: You can run "/sbin/mpathconf --enable" to create
Apr 17 19:45:33.288992 localhost multipathd[816]: /etc/multipath.conf. See man mpathconf(8) for more details
Apr 17 19:45:33.290092 localhost systemd[1]: Started Device-Mapper Multipath Device Controller.
Apr 17 19:45:33.322419 localhost systemd[1]: Reached target Preparation for Local File Systems.
Apr 17 19:45:33.332658 localhost systemd[1]: Reached target Local File Systems.
Apr 17 19:45:33.337976 localhost systemd[1]: Reached target System Initialization.
Apr 17 19:45:33.342878 localhost systemd[1]: Reached target Basic System.
Apr 17 19:45:33.347399 localhost systemd[1]: Persist Osmet Files (ISO) was skipped because of an unmet condition check (ConditionKernelCommandLine=coreos.liveiso).
Apr 17 19:45:33.367262 localhost systemd[1]: Finished CoreOS Ensure Unique Boot Filesystem Label.
Apr 17 19:45:33.431966 localhost coreos-ignition-setup-user[808]: File /mnt/boot_partition/ignition/config.ign does not exist.. Skipping copy
Apr 17 19:45:33.432388 localhost systemd-journald[328]: Missed 23 kernel messages
Apr 17 19:45:33.432388 localhost kernel: EXT4-fs (sda3): mounted filesystem 96d15588-3596-4b3c-adca-a2ff7279ea63 ro with ordered data mode. Quota mode: none.
Apr 17 19:45:33.437017 localhost systemd[1]: Finished CoreOS Ignition User Config Setup.
Apr 17 19:45:33.437423 localhost systemd-journald[328]: Missed 1 kernel messages
Apr 17 19:45:33.437423 localhost kernel: EXT4-fs (sda3): unmounting filesystem 96d15588-3596-4b3c-adca-a2ff7279ea63.
Apr 17 19:45:33.466421 localhost systemd[1]: Starting Ignition (fetch-offline)...
Apr 17 19:45:33.479976 localhost ignition[830]: Ignition 2.21.0
Apr 17 19:45:33.479987 localhost ignition[830]: Stage: fetch-offline
Apr 17 19:45:33.480099 localhost ignition[830]: reading system config file "/usr/lib/ignition/base.d/00-core.ign"
Apr 17 19:45:33.480131 localhost ignition[830]: parsing config with SHA512: ff6a5153be363997e4d5d3ea8cc4048373a457c48c4a5b134a08a30aacd167c1e0f099f0bdf1e24c99ad180628cd02b767b863b5fe3a8fce3fe1886847eb8e2e
Apr 17 19:45:33.483694 localhost ignition[830]: no config dir at "/usr/lib/ignition/base.platform.d/azure"
Apr 17 19:45:33.483979 localhost ignition[830]: parsed url from cmdline: ""
Apr 17 19:45:33.483985 localhost ignition[830]: no config URL provided
Apr 17 19:45:33.483999 localhost ignition[830]: reading system config file "/usr/lib/ignition/user.ign"
Apr 17 19:45:33.484017 localhost ignition[830]: no config at "/usr/lib/ignition/user.ign"
Apr 17 19:45:33.485795 localhost systemd[1]: Finished Ignition (fetch-offline).
Apr 17 19:45:33.484028 localhost ignition[830]: failed to fetch config: resource requires networking
Apr 17 19:45:33.484306 localhost ignition[830]: Ignition finished successfully
Apr 17 19:45:33.525428 localhost systemd[1]: Starting CoreOS Enable Network...
Apr 17 19:45:33.594687 localhost systemd[1]: Finished CoreOS Enable Network.
Apr 17 19:45:33.608344 localhost systemd[1]: Starting Copy CoreOS Firstboot Networking Config...
Apr 17 19:45:33.627154 localhost systemd-journald[328]: Missed 15 kernel messages
Apr 17 19:45:33.627154 localhost kernel: EXT4-fs (sda3): mounted filesystem 96d15588-3596-4b3c-adca-a2ff7279ea63 ro with ordered data mode. Quota mode: none.
Apr 17 19:45:33.632832 localhost coreos-copy-firstboot-network[864]: info: no files to copy from /mnt/boot_partition/coreos-firstboot-network; skipping
Apr 17 19:45:33.635132 localhost kernel: EXT4-fs (sda3): unmounting filesystem 96d15588-3596-4b3c-adca-a2ff7279ea63.
Apr 17 19:45:33.635094 localhost systemd[1]: Finished Copy CoreOS Firstboot Networking Config.
Apr 17 19:45:33.660410 localhost systemd[1]: Starting Generate New UUID For Boot Disk GPT...
Apr 17 19:45:33.663678 localhost systemd[1]: Starting nm-initrd.service...
Apr 17 19:45:33.671209 localhost coreos-gpt-setup[872]: Randomizing disk GUID
Apr 17 19:45:33.687139 localhost systemd-journald[328]: Missed 5 kernel messages
Apr 17 19:45:33.687139 localhost kernel: GPT:Primary header thinks Alt. header is not at the end of the disk.
Apr 17 19:45:33.687213 localhost kernel: GPT:6602751 != 268435455
Apr 17 19:45:33.687230 localhost kernel: GPT:Alternate GPT header not at the end of the disk.
Apr 17 19:45:33.687238 localhost kernel: GPT:6602751 != 268435455
Apr 17 19:45:33.687246 localhost kernel: GPT: Use GNU Parted to correct GPT errors.
Apr 17 19:45:33.687254 localhost kernel:  sda: sda1 sda2 sda3 sda4
Apr 17 19:45:33.733013 localhost NetworkManager[875]: <info>  [1776455133.7329] NetworkManager (version 1.52.0-7.el9_6) is starting... (boot:c5af595d-0a9f-462d-bc1c-b4a28a4e9af9)
Apr 17 19:45:33.733030 localhost NetworkManager[875]: <info>  [1776455133.7330] Read config: /etc/NetworkManager/NetworkManager.conf, /usr/lib/NetworkManager/conf.d/initrd-no-auto-default.conf, /run/NetworkManager/conf.d/15-carrier-timeout.conf
Apr 17 19:45:33.754481 localhost systemd[1]: Starting D-Bus System Message Bus...
Apr 17 19:45:33.766721 localhost dbus-broker-launch[917]: Looking up NSS user entry for 'dbus'...
Apr 17 19:45:33.768019 localhost dbus-broker-launch[917]: NSS returned NAME 'dbus' and UID '81'
Apr 17 19:45:33.769041 localhost systemd[1]: Started D-Bus System Message Bus.
Apr 17 19:45:33.780127 localhost dbus-broker-lau[917]: Ready
Apr 17 19:45:33.783325 localhost NetworkManager[875]: <info>  [1776455133.7832] manager[0x56001332c090]: monitoring kernel firmware directory '/lib/firmware'.
Apr 17 19:45:33.785376 localhost NetworkManager[875]: <info>  [1776455133.7853] hostname: hostname: couldn't get property from hostnamed
Apr 17 19:45:33.785677 localhost.localdomain NetworkManager[875]: <info>  [1776455133.7856] dns-mgr: init: dns=default,systemd-resolved rc-manager=symlink (auto)
Apr 17 19:45:33.785714 localhost.localdomain NetworkManager[875]: <info>  [1776455133.7857] policy: set-hostname: set hostname to 'localhost.localdomain' (no hostname found)
Apr 17 19:45:33.809491 localhost.localdomain NetworkManager[875]: <info>  [1776455133.8094] manager[0x56001332c090]: rfkill: Wi-Fi hardware radio set enabled
Apr 17 19:45:33.809510 localhost.localdomain NetworkManager[875]: <info>  [1776455133.8095] manager[0x56001332c090]: rfkill: WWAN hardware radio set enabled
Apr 17 19:45:33.811716 localhost.localdomain NetworkManager[875]: <info>  [1776455133.8116] Loaded device plugin: NMTeamFactory (/usr/lib64/NetworkManager/1.52.0-7.el9_6/libnm-device-plugin-team.so)
Apr 17 19:45:33.811737 localhost.localdomain NetworkManager[875]: <info>  [1776455133.8117] manager: rfkill: Wi-Fi enabled by radio killswitch; enabled by state file
Apr 17 19:45:33.811783 localhost.localdomain NetworkManager[875]: <info>  [1776455133.8117] manager: rfkill: WWAN enabled by radio killswitch; enabled by state file
Apr 17 19:45:33.811814 localhost.localdomain NetworkManager[875]: <info>  [1776455133.8118] manager: Networking is enabled by state file
Apr 17 19:45:33.811935 localhost.localdomain NetworkManager[875]: <info>  [1776455133.8119] settings: Loaded settings plugin: keyfile (internal)
Apr 17 19:45:33.812258 localhost.localdomain NetworkManager[875]: <info>  [1776455133.8122] settings: Loaded settings plugin: ifcfg-rh ("/usr/lib64/NetworkManager/1.52.0-7.el9_6/libnm-settings-plugin-ifcfg-rh.so")
Apr 17 19:45:33.813486 localhost.localdomain NetworkManager[875]: <info>  [1776455133.8134] dhcp: init: Using DHCP client 'internal'
Apr 17 19:45:33.813689 localhost.localdomain NetworkManager[875]: <info>  [1776455133.8136] manager: (lo): new Loopback device (/org/freedesktop/NetworkManager/Devices/1)
Apr 17 19:45:33.814584 localhost.localdomain NetworkManager[875]: <info>  [1776455133.8145] device (lo): state change: unmanaged -> unavailable (reason 'connection-assumed', managed-type: 'external')
Apr 17 19:45:33.814881 localhost.localdomain NetworkManager[875]: <info>  [1776455133.8148] device (lo): state change: unavailable -> disconnected (reason 'connection-assumed', managed-type: 'external')
Apr 17 19:45:33.815394 localhost.localdomain NetworkManager[875]: <info>  [1776455133.8153] device (lo): Activation: starting connection 'lo' (bf46e8c0-76fe-40b4-aa15-a85b4ec8bee8)
Apr 17 19:45:33.815976 localhost.localdomain NetworkManager[875]: <info>  [1776455133.8159] manager: (eth0): new Ethernet device (/org/freedesktop/NetworkManager/Devices/2)
Apr 17 19:45:33.816173 localhost.localdomain NetworkManager[875]: <info>  [1776455133.8161] device (eth0): state change: unmanaged -> unavailable (reason 'managed', managed-type: 'external')
Apr 17 19:45:33.818321 localhost.localdomain NetworkManager[875]: <info>  [1776455133.8183] bus-manager: acquired D-Bus service "org.freedesktop.NetworkManager"
Apr 17 19:45:33.818554 localhost.localdomain systemd[1]: Started nm-initrd.service.
Apr 17 19:45:33.818732 localhost.localdomain NetworkManager[875]: <info>  [1776455133.8187] device (lo): state change: disconnected -> prepare (reason 'none', managed-type: 'external')
Apr 17 19:45:33.818885 localhost.localdomain NetworkManager[875]: <info>  [1776455133.8188] device (lo): state change: prepare -> config (reason 'none', managed-type: 'external')
Apr 17 19:45:33.818992 localhost.localdomain NetworkManager[875]: <info>  [1776455133.8189] device (lo): state change: config -> ip-config (reason 'none', managed-type: 'external')
Apr 17 19:45:33.819101 localhost.localdomain NetworkManager[875]: <info>  [1776455133.8190] device (eth0): carrier: link connected
Apr 17 19:45:33.819254 localhost.localdomain NetworkManager[875]: <info>  [1776455133.8192] device (lo): state change: ip-config -> ip-check (reason 'none', managed-type: 'external')
Apr 17 19:45:33.819604 localhost.localdomain NetworkManager[875]: <info>  [1776455133.8195] device (eth0): state change: unavailable -> disconnected (reason 'carrier-changed', managed-type: 'full')
Apr 17 19:45:33.820316 localhost.localdomain NetworkManager[875]: <warn>  [1776455133.8202] ifcfg-rh: dbus: couldn't acquire D-Bus service: GDBus.Error:org.freedesktop.DBus.Error.AccessDenied: Request to own name refused by policy
Apr 17 19:45:33.820398 localhost.localdomain NetworkManager[875]: <info>  [1776455133.8203] policy: auto-activating connection 'Wired Connection' (d4f223c4-d058-4fde-9664-3040b2270d5c)
Apr 17 19:45:33.820740 localhost.localdomain NetworkManager[875]: <info>  [1776455133.8207] device (eth0): Activation: starting connection 'Wired Connection' (d4f223c4-d058-4fde-9664-3040b2270d5c)
Apr 17 19:45:33.820804 localhost.localdomain NetworkManager[875]: <info>  [1776455133.8207] device (eth0): state change: disconnected -> prepare (reason 'none', managed-type: 'full')
Apr 17 19:45:33.821062 localhost.localdomain NetworkManager[875]: <info>  [1776455133.8210] manager: NetworkManager state is now CONNECTING
Apr 17 19:45:33.821223 localhost.localdomain NetworkManager[875]: <info>  [1776455133.8212] device (eth0): state change: prepare -> config (reason 'none', managed-type: 'full')
Apr 17 19:45:33.821615 localhost.localdomain NetworkManager[875]: <info>  [1776455133.8216] device (eth0): state change: config -> ip-config (reason 'none', managed-type: 'full')
Apr 17 19:45:33.821925 localhost.localdomain NetworkManager[875]: <info>  [1776455133.8219] dhcp4 (eth0): activation: beginning transaction (timeout in 90 seconds)
Apr 17 19:45:33.848733 localhost.localdomain systemd[1]: Reached target Network.
Apr 17 19:45:33.867886 localhost.localdomain NetworkManager[875]: <info>  [1776455133.8678] device (lo): state change: ip-check -> secondaries (reason 'none', managed-type: 'external')
Apr 17 19:45:33.868081 localhost.localdomain NetworkManager[875]: <info>  [1776455133.8680] device (lo): state change: secondaries -> activated (reason 'none', managed-type: 'external')
Apr 17 19:45:33.868588 localhost.localdomain NetworkManager[875]: <info>  [1776455133.8685] device (lo): Activation: successful, device activated.
Apr 17 19:45:33.925545 localhost.localdomain systemd[1]: Starting Ignition (fetch)...
Apr 17 19:45:33.939241 localhost.localdomain ignition[958]: Ignition 2.21.0
Apr 17 19:45:33.939254 localhost.localdomain ignition[958]: Stage: fetch
Apr 17 19:45:33.939540 localhost.localdomain ignition[958]: reading system config file "/usr/lib/ignition/base.d/00-core.ign"
Apr 17 19:45:33.939558 localhost.localdomain ignition[958]: parsing config with SHA512: ff6a5153be363997e4d5d3ea8cc4048373a457c48c4a5b134a08a30aacd167c1e0f099f0bdf1e24c99ad180628cd02b767b863b5fe3a8fce3fe1886847eb8e2e
Apr 17 19:45:33.945484 localhost.localdomain ignition[958]: no config dir at "/usr/lib/ignition/base.platform.d/azure"
Apr 17 19:45:33.945590 localhost.localdomain ignition[958]: parsed url from cmdline: ""
Apr 17 19:45:33.945593 localhost.localdomain ignition[958]: no config URL provided
Apr 17 19:45:33.945599 localhost.localdomain ignition[958]: reading system config file "/usr/lib/ignition/user.ign"
Apr 17 19:45:33.945607 localhost.localdomain ignition[958]: no config at "/usr/lib/ignition/user.ign"
Apr 17 19:45:33.945631 localhost.localdomain ignition[958]: GET http://169.254.169.254/metadata/instance/compute/userData?api-version=2021-01-01&format=text: attempt #1
Apr 17 19:45:33.945764 localhost.localdomain ignition[958]: GET error: Get "http://169.254.169.254/metadata/instance/compute/userData?api-version=2021-01-01&format=text": dial tcp 169.254.169.254:80: connect: network is unreachable
Apr 17 19:45:34.005669 localhost.localdomain systemd[1]: Starting nm-wait-online-initrd.service...
Apr 17 19:45:34.146176 localhost.localdomain ignition[958]: GET http://169.254.169.254/metadata/instance/compute/userData?api-version=2021-01-01&format=text: attempt #2
Apr 17 19:45:34.146374 localhost.localdomain ignition[958]: GET error: Get "http://169.254.169.254/metadata/instance/compute/userData?api-version=2021-01-01&format=text": dial tcp 169.254.169.254:80: connect: network is unreachable
Apr 17 19:45:34.547380 localhost.localdomain ignition[958]: GET http://169.254.169.254/metadata/instance/compute/userData?api-version=2021-01-01&format=text: attempt #3
Apr 17 19:45:34.547529 localhost.localdomain ignition[958]: GET error: Get "http://169.254.169.254/metadata/instance/compute/userData?api-version=2021-01-01&format=text": dial tcp 169.254.169.254:80: connect: network is unreachable
Apr 17 19:45:34.703029 localhost.localdomain coreos-gpt-setup[877]: The operation has completed successfully.
Apr 17 19:45:34.704138 localhost.localdomain systemd-journald[328]: Missed 61 kernel messages
Apr 17 19:45:34.704138 localhost.localdomain kernel:  sda: sda1 sda2 sda3 sda4
Apr 17 19:45:34.785891 localhost.localdomain systemd[1]: Finished Generate New UUID For Boot Disk GPT.
Apr 17 19:45:34.805537 localhost.localdomain systemd[1]: Starting Ignition OSTree: Regenerate Filesystem UUID (boot)...
Apr 17 19:45:34.823597 localhost.localdomain ignition-ostree-firstboot-uuid[1046]: tune2fs 1.46.5 (30-Dec-2021)
Apr 17 19:45:34.848255 localhost.localdomain ignition-ostree-firstboot-uuid[1044]: Regenerated UUID for /dev/disk/by-label/boot
Apr 17 19:45:34.848578 localhost.localdomain systemd[1]: Finished Ignition OSTree: Regenerate Filesystem UUID (boot).
Apr 17 19:45:35.347995 localhost.localdomain ignition[958]: GET http://169.254.169.254/metadata/instance/compute/userData?api-version=2021-01-01&format=text: attempt #4
Apr 17 19:45:35.348193 localhost.localdomain ignition[958]: GET error: Get "http://169.254.169.254/metadata/instance/compute/userData?api-version=2021-01-01&format=text": dial tcp 169.254.169.254:80: connect: network is unreachable
Apr 17 19:45:36.949805 localhost.localdomain ignition[958]: GET http://169.254.169.254/metadata/instance/compute/userData?api-version=2021-01-01&format=text: attempt #5
Apr 17 19:45:36.949953 localhost.localdomain ignition[958]: GET error: Get "http://169.254.169.254/metadata/instance/compute/userData?api-version=2021-01-01&format=text": dial tcp 169.254.169.254:80: connect: network is unreachable
Apr 17 19:45:40.152281 localhost.localdomain ignition[958]: GET http://169.254.169.254/metadata/instance/compute/userData?api-version=2021-01-01&format=text: attempt #6
Apr 17 19:45:40.152436 localhost.localdomain ignition[958]: GET error: Get "http://169.254.169.254/metadata/instance/compute/userData?api-version=2021-01-01&format=text": dial tcp 169.254.169.254:80: connect: network is unreachable
Apr 17 19:45:40.225258 localhost.localdomain NetworkManager[875]: <info>  [1776455140.2252] device (eth0): carrier: link connected
Apr 17 19:45:40.967277 localhost.localdomain NetworkManager[875]: <info>  [1776455140.9672] dhcp4 (eth0): state changed new lease, address=10.0.128.8
Apr 17 19:45:40.967898 localhost.localdomain NetworkManager[875]: <info>  [1776455140.9678] policy: set 'Wired Connection' (eth0) as default for IPv4 routing and DNS
Apr 17 19:45:40.970846 localhost.localdomain NetworkManager[875]: <info>  [1776455140.9708] device (eth0): state change: ip-config -> ip-check (reason 'none', managed-type: 'full')
Apr 17 19:45:40.972486 localhost.localdomain NetworkManager[875]: <info>  [1776455140.9724] device (eth0): state change: ip-check -> secondaries (reason 'none', managed-type: 'full')
Apr 17 19:45:40.972594 localhost.localdomain NetworkManager[875]: <info>  [1776455140.9725] device (eth0): state change: secondaries -> activated (reason 'none', managed-type: 'full')
Apr 17 19:45:40.972813 localhost.localdomain NetworkManager[875]: <info>  [1776455140.9728] manager: NetworkManager state is now CONNECTED_SITE
Apr 17 19:45:40.972980 localhost.localdomain NetworkManager[875]: <info>  [1776455140.9729] device (eth0): Activation: successful, device activated.
Apr 17 19:45:40.973371 localhost.localdomain NetworkManager[875]: <info>  [1776455140.9733] manager: NetworkManager state is now CONNECTED_GLOBAL
Apr 17 19:45:40.973525 localhost.localdomain NetworkManager[875]: <info>  [1776455140.9735] manager: startup complete
Apr 17 19:45:40.990770 localhost.localdomain systemd[1]: Finished nm-wait-online-initrd.service.
Apr 17 19:45:41.043555 localhost.localdomain systemd[1]: Starting dracut initqueue hook...
Apr 17 19:45:41.079717 localhost.localdomain systemd-journald[328]: Missed 24 kernel messages
Apr 17 19:45:41.079717 localhost.localdomain kernel: Key type psk registered
Apr 17 19:45:41.122109 localhost.localdomain systemd[1]: Finished dracut initqueue hook.
Apr 17 19:45:41.127634 localhost.localdomain systemd[1]: Reached target Preparation for Remote File Systems.
Apr 17 19:45:41.134395 localhost.localdomain systemd[1]: Reached target Remote Encrypted Volumes.
Apr 17 19:45:41.140201 localhost.localdomain systemd[1]: Reached target Remote File Systems.
Apr 17 19:45:41.145680 localhost.localdomain systemd[1]: Acquire Live PXE rootfs Image was skipped because of an unmet condition check (ConditionPathExists=/run/ostree-live).
Apr 17 19:45:41.145788 localhost.localdomain systemd[1]: Persist Osmet Files (PXE) was skipped because of an unmet condition check (ConditionPathExists=/run/ostree-live).
Apr 17 19:45:41.165558 localhost.localdomain systemd[1]: Starting dracut pre-mount hook...
Apr 17 19:45:41.174143 localhost.localdomain systemd[1]: Finished dracut pre-mount hook.
Apr 17 19:45:41.702069 localhost.localdomain systemd-journald[328]: Missed 8 kernel messages
Apr 17 19:45:41.702069 localhost.localdomain kernel: hv_netvsc 6045bdaf-638d-6045-bdaf-638d6045bdaf eth0: VF slot 1 added
Apr 17 19:45:41.710138 localhost.localdomain kernel: hv_vmbus: registering driver hv_pci
Apr 17 19:45:41.711130 localhost.localdomain kernel: hv_pci 16570370-0731-4169-aa27-abad247c9532: PCI VMBus probing: Using version 0x10004
Apr 17 19:45:41.732527 localhost.localdomain kernel: hv_pci 16570370-0731-4169-aa27-abad247c9532: PCI host bridge to bus 0731:00
Apr 17 19:45:41.732661 localhost.localdomain kernel: pci_bus 0731:00: root bus resource [mem 0xfc0000000-0xfc00fffff window]
Apr 17 19:45:41.732824 localhost.localdomain kernel: pci_bus 0731:00: No busn resource found for root bus, will use [bus 00-ff]
Apr 17 19:45:41.732922 localhost.localdomain kernel: pci 0731:00:02.0: [15b3:1018] type 00 class 0x020000 PCIe Endpoint
Apr 17 19:45:41.733038 localhost.localdomain kernel: pci 0731:00:02.0: BAR 0 [mem 0xfc0000000-0xfc00fffff 64bit pref]
Apr 17 19:45:41.733165 localhost.localdomain kernel: pci 0731:00:02.0: enabling Extended Tags
Apr 17 19:45:41.733245 localhost.localdomain kernel: pci 0731:00:02.0: 0.000 Gb/s available PCIe bandwidth, limited by Unknown x0 link at 0731:00:02.0 (capable of 126.016 Gb/s with 8.0 GT/s PCIe x16 link)
Apr 17 19:45:41.733313 localhost.localdomain kernel: pci_bus 0731:00: busn_res: [bus 00-ff] end is updated to 00
Apr 17 19:45:41.733376 localhost.localdomain kernel: pci 0731:00:02.0: BAR 0 [mem 0xfc0000000-0xfc00fffff 64bit pref]: assigned
Apr 17 19:45:42.002697 localhost.localdomain kernel: mlx5_core 0731:00:02.0: enabling device (0000 -> 0002)
Apr 17 19:45:42.208218 localhost.localdomain kernel: mlx5_core 0731:00:02.0: PTM is not supported by PCIe
Apr 17 19:45:42.208377 localhost.localdomain kernel: mlx5_core 0731:00:02.0: firmware version: 16.30.5026
Apr 17 19:45:42.208495 localhost.localdomain kernel: hv_netvsc 6045bdaf-638d-6045-bdaf-638d6045bdaf eth0: VF registering: eth1
Apr 17 19:45:42.208598 localhost.localdomain kernel: mlx5_core 0731:00:02.0 eth1: joined to eth0
Apr 17 19:45:42.208701 localhost.localdomain kernel: mlx5_core 0731:00:02.0: MLX5E: StrdRq(1) RqSz(8) StrdSz(256) RxCqeCmprss(0 basic)
Apr 17 19:45:42.206418 localhost.localdomain NetworkManager[875]: <info>  [1776455142.2063] manager: (eth1): new Ethernet device (/org/freedesktop/NetworkManager/Devices/3)
Apr 17 19:45:42.221150 localhost.localdomain systemd-journald[328]: Missed 1 kernel messages
Apr 17 19:45:42.221150 localhost.localdomain kernel: mlx5_core 0731:00:02.0 enP1841s1: renamed from eth1
Apr 17 19:45:42.225161 localhost.localdomain kernel: MACsec IEEE 802.1AE
Apr 17 19:45:42.229886 localhost.localdomain NetworkManager[875]: <info>  [1776455142.2298] device (eth1): interface index 3 renamed iface from 'eth1' to 'enP1841s1'
Apr 17 19:45:42.271435 localhost.localdomain systemd-journald[328]: Missed 1 kernel messages
Apr 17 19:45:42.271435 localhost.localdomain kernel: ib_srpt MAD registration failed for mlx5_0-1.
Apr 17 19:45:42.271498 localhost.localdomain kernel: ib_srpt srpt_add_one(mlx5_0) failed.
Apr 17 19:45:42.285844 localhost.localdomain systemd[1]: Reached target RDMA Hardware.
Apr 17 19:45:42.360144 localhost.localdomain systemd-journald[328]: Missed 1 kernel messages
Apr 17 19:45:42.360144 localhost.localdomain kernel: mlx5_core 0731:00:02.0 enP1841s1: Link up
Apr 17 19:45:42.398161 localhost.localdomain kernel: hv_netvsc 6045bdaf-638d-6045-bdaf-638d6045bdaf eth0: Data path switched to VF: enP1841s1
Apr 17 19:45:42.398335 localhost.localdomain NetworkManager[875]: <info>  [1776455142.3982] device (enP1841s1): carrier: link connected
Apr 17 19:45:45.156596 localhost.localdomain ignition[958]: GET http://169.254.169.254/metadata/instance/compute/userData?api-version=2021-01-01&format=text: attempt #7
Apr 17 19:45:45.219667 localhost.localdomain ignition[958]: GET result: OK
Apr 17 19:45:45.219689 localhost.localdomain ignition[958]: failed to retrieve userdata from IMDS, falling back to custom data: not a config (empty)
Apr 17 19:45:45.243990 localhost.localdomain ignition[958]: opening config device: "/dev/sr0"
Apr 17 19:45:45.244253 localhost.localdomain ignition[958]: getting drive status for "/dev/sr0"
Apr 17 19:45:45.244295 localhost.localdomain ignition[958]: drive status: OK
Apr 17 19:45:45.244331 localhost.localdomain ignition[958]: mounting config device
Apr 17 19:45:45.244342 localhost.localdomain ignition[958]: op(1): [started]  mounting "/dev/sr0" at "/tmp/ignition-azure3248586717"
Apr 17 19:45:45.262728 localhost.localdomain ignition[958]: op(1): [finished] mounting "/dev/sr0" at "/tmp/ignition-azure3248586717"
Apr 17 19:45:45.263151 localhost.localdomain systemd-journald[328]: Missed 5 kernel messages
Apr 17 19:45:45.263151 localhost.localdomain kernel: UDF-fs: INFO Mounting volume 'UDF Volume', timestamp 2026/04/18 00:00 (1000)
Apr 17 19:45:45.262740 localhost.localdomain ignition[958]: checking for config drive
Apr 17 19:45:45.262985 localhost.localdomain ignition[958]: reading config
Apr 17 19:45:45.263231 localhost.localdomain ignition[958]: op(2): [started]  unmounting "/dev/sr0" at "/tmp/ignition-azure3248586717"
Apr 17 19:45:45.263931 localhost.localdomain systemd[1]: tmp-ignition\x2dazure3248586717.mount: Deactivated successfully.
Apr 17 19:45:45.267601 localhost.localdomain ignition[958]: op(2): [finished] unmounting "/dev/sr0" at "/tmp/ignition-azure3248586717"
Apr 17 19:45:45.267633 localhost.localdomain ignition[958]: config has been read from custom data
Apr 17 19:45:45.267668 localhost.localdomain ignition[958]: parsing config with SHA512: 800a3186214008b89c2f231d2ae4c9a6d60d46df4aa51850a70a9e7615639f9b8d97dde9704a39ec7b0a12289f81b491e045922b9abe176f173deb0eb7f87831
Apr 17 19:45:45.276101 localhost.localdomain ignition[958]: Adding "root-ca" to list of CAs
Apr 17 19:45:45.276157 localhost.localdomain ignition[958]: GET https://api-int.ci-ln-rm0x8pk-1d09d.ci2.azure.devcluster.openshift.com:22623/config/worker: attempt #1
Apr 17 19:45:45.458568 localhost.localdomain ignition[958]: GET result: OK
Apr 17 19:45:45.462001 localhost.localdomain ignition[958]: fetched referenced config at https://api-int.ci-ln-rm0x8pk-1d09d.ci2.azure.devcluster.openshift.com:22623/config/worker with SHA512: 9e988b6b73513aa23e5e7e2a96b593c80a645a8ecacedae7ca737ba039d26c4e7c3000c8830931a860354a459ffa27a27a9d05186aa42b35e47b5d57cd86c94c
Apr 17 19:45:45.482783 localhost.localdomain ignition[958]: Adding "root-ca" to list of CAs
Apr 17 19:45:45.484463 localhost.localdomain ignition[958]: Adding "root-ca" to list of CAs
Apr 17 19:45:45.493269 localhost.localdomain ignition[958]: fetched base config from "system"
Apr 17 19:45:45.493291 localhost.localdomain ignition[958]: fetched base config from "system"
Apr 17 19:45:45.493299 localhost.localdomain ignition[958]: fetched user config from "azure"
Apr 17 19:45:45.493320 localhost.localdomain ignition[958]: fetched referenced user config from "/config/worker"
Apr 17 19:45:45.495886 localhost.localdomain ignition[958]: fetch: fetch complete
Apr 17 19:45:45.495894 localhost.localdomain ignition[958]: fetch: fetch passed
Apr 17 19:45:45.495958 localhost.localdomain ignition[958]: Ignition finished successfully
Apr 17 19:45:45.497671 localhost.localdomain systemd[1]: Finished Ignition (fetch).
Apr 17 19:45:45.533486 localhost.localdomain systemd[1]: Starting Ignition (kargs)...
Apr 17 19:45:45.539259 localhost.localdomain systemd[1]: Starting Ignition OSTree: Detect Partition Transposition...
Apr 17 19:45:45.547439 localhost.localdomain systemd[1]: Starting RHCOS Check For Legacy LUKS Configuration...
Apr 17 19:45:45.557302 localhost.localdomain ignition[1145]: Ignition 2.21.0
Apr 17 19:45:45.557317 localhost.localdomain ignition[1145]: Stage: kargs
Apr 17 19:45:45.557548 localhost.localdomain ignition[1145]: reading system config file "/usr/lib/ignition/base.d/00-core.ign"
Apr 17 19:45:45.557566 localhost.localdomain ignition[1145]: parsing config with SHA512: ff6a5153be363997e4d5d3ea8cc4048373a457c48c4a5b134a08a30aacd167c1e0f099f0bdf1e24c99ad180628cd02b767b863b5fe3a8fce3fe1886847eb8e2e
Apr 17 19:45:45.562827 localhost.localdomain ignition[1145]: no config dir at "/usr/lib/ignition/base.platform.d/azure"
Apr 17 19:45:45.564242 localhost.localdomain systemd[1]: Finished RHCOS Check For Legacy LUKS Configuration.
Apr 17 19:45:45.576826 localhost.localdomain ignition[1145]: Adding "root-ca" to list of CAs
Apr 17 19:45:45.579953 localhost.localdomain ignition[1145]: kargs: kargs passed
Apr 17 19:45:45.580442 localhost.localdomain ignition[1145]: Ignition finished successfully
Apr 17 19:45:45.587615 localhost.localdomain systemd[1]: Finished Ignition (kargs).
Apr 17 19:45:45.605483 localhost.localdomain systemd[1]: Starting Check for FIPS mode...
Apr 17 19:45:45.610810 localhost.localdomain systemd[1]: Finished Ignition OSTree: Detect Partition Transposition.
Apr 17 19:45:45.618284 localhost.localdomain systemd[1]: Ignition OSTree: Save Partitions was skipped because of an unmet condition check (ConditionPathIsDirectory=/run/ignition-ostree-transposefs).
Apr 17 19:45:45.659441 localhost.localdomain rhcos-fips[1164]: Found /etc/ignition-machine-config-encapsulated.json in Ignition config
Apr 17 19:45:45.661805 localhost.localdomain rhcos-fips[1164]: FIPS mode not requested
Apr 17 19:45:45.666369 localhost.localdomain systemd[1]: Finished Check for FIPS mode.
Apr 17 19:45:45.674227 localhost.localdomain systemd[1]: CoreOS Kernel Arguments Reboot was skipped because of an unmet condition check (ConditionPathExists=/run/coreos-kargs-reboot).
Apr 17 19:45:45.688551 localhost.localdomain systemd[1]: Starting Ignition (disks)...
Apr 17 19:45:45.702365 localhost.localdomain ignition[1187]: Ignition 2.21.0
Apr 17 19:45:45.702378 localhost.localdomain ignition[1187]: Stage: disks
Apr 17 19:45:45.702605 localhost.localdomain ignition[1187]: reading system config file "/usr/lib/ignition/base.d/00-core.ign"
Apr 17 19:45:45.702624 localhost.localdomain ignition[1187]: parsing config with SHA512: ff6a5153be363997e4d5d3ea8cc4048373a457c48c4a5b134a08a30aacd167c1e0f099f0bdf1e24c99ad180628cd02b767b863b5fe3a8fce3fe1886847eb8e2e
Apr 17 19:45:45.705566 localhost.localdomain ignition[1187]: no config dir at "/usr/lib/ignition/base.platform.d/azure"
Apr 17 19:45:45.713387 localhost.localdomain ignition[1187]: Adding "root-ca" to list of CAs
Apr 17 19:45:45.715783 localhost.localdomain ignition[1187]: disks: disks passed
Apr 17 19:45:45.716669 localhost.localdomain ignition[1187]: Ignition finished successfully
Apr 17 19:45:45.718764 localhost.localdomain systemd[1]: Finished Ignition (disks).
Apr 17 19:45:45.731383 localhost.localdomain systemd[1]: Reached target Initrd Root Device.
Apr 17 19:45:45.752471 localhost.localdomain systemd[1]: Starting CoreOS Ignition Ensure Unique Boot Filesystem...
Apr 17 19:45:45.774134 localhost.localdomain systemd-journald[328]: Missed 49 kernel messages
Apr 17 19:45:45.774134 localhost.localdomain kernel:  sda: sda1 sda2 sda3 sda4
Apr 17 19:45:46.026090 localhost.localdomain systemd[1]: Finished CoreOS Ignition Ensure Unique Boot Filesystem.
Apr 17 19:45:46.042532 localhost.localdomain systemd[1]: Starting Ignition OSTree: Regenerate Filesystem UUID (root)...
Apr 17 19:45:46.050831 localhost.localdomain systemd[1]: Starting Afterburn (Check In - from the initramfs)...
Apr 17 19:45:46.064876 localhost.localdomain afterburn[1275]: Apr 17 19:45:46.064 INFO Fetching http://168.63.129.16/?comp=versions: Attempt #1
Apr 17 19:45:46.067160 localhost.localdomain afterburn[1275]: Apr 17 19:45:46.067 INFO Fetch successful
Apr 17 19:45:46.067467 localhost.localdomain afterburn[1275]: Apr 17 19:45:46.067 INFO Fetching http://168.63.129.16/machine/?comp=goalstate: Attempt #1
Apr 17 19:45:46.070831 localhost.localdomain afterburn[1275]: Apr 17 19:45:46.070 INFO Fetch successful
Apr 17 19:45:46.078237 localhost.localdomain afterburn[1275]: Apr 17 19:45:46.078 INFO Posting http://168.63.129.16/machine/?comp=health: Attempt #1
Apr 17 19:45:46.108220 localhost.localdomain systemd[1]: Finished Afterburn (Check In - from the initramfs).
Apr 17 19:45:46.548372 localhost.localdomain ignition-ostree-firstboot-uuid[1284]: Clearing log and setting UUID
Apr 17 19:45:46.548372 localhost.localdomain ignition-ostree-firstboot-uuid[1284]: writing all SBs
Apr 17 19:45:46.548372 localhost.localdomain ignition-ostree-firstboot-uuid[1284]: new UUID = 16fa14a4-1228-416f-85d5-ede1a739351b
Apr 17 19:45:46.568908 localhost.localdomain ignition-ostree-firstboot-uuid[1273]: Regenerated UUID for /dev/disk/by-label/root
Apr 17 19:45:46.570974 localhost.localdomain systemd[1]: Finished Ignition OSTree: Regenerate Filesystem UUID (root).
Apr 17 19:45:46.593509 localhost.localdomain systemd[1]: Starting Ignition OSTree: Grow Root Filesystem...
Apr 17 19:45:46.862160 localhost.localdomain systemd-journald[328]: Missed 15 kernel messages
Apr 17 19:45:46.862160 localhost.localdomain kernel: SGI XFS with ACLs, security attributes, scrub, quota, no debug enabled
Apr 17 19:45:46.868136 localhost.localdomain kernel: XFS (sda4): Mounting V5 Filesystem 16fa14a4-1228-416f-85d5-ede1a739351b
Apr 17 19:45:46.916151 localhost.localdomain kernel: XFS (sda4): Ending clean mount
Apr 17 19:45:47.252793 localhost.localdomain ignition-ostree-growfs[1320]: CHANGED: partition=4 start=1050624 old: size=5550080 end=6600703 new: size=267384799 end=268435422
Apr 17 19:45:47.662619 localhost.localdomain ignition-ostree-growfs[1500]: Disk /dev/sda: 128 GiB, 137438953472 bytes, 268435456 sectors
Apr 17 19:45:47.662619 localhost.localdomain ignition-ostree-growfs[1500]: Disk model: Virtual Disk
Apr 17 19:45:47.662619 localhost.localdomain ignition-ostree-growfs[1500]: Units: sectors of 1 * 512 = 512 bytes
Apr 17 19:45:47.662619 localhost.localdomain ignition-ostree-growfs[1500]: Sector size (logical/physical): 512 bytes / 4096 bytes
Apr 17 19:45:47.662619 localhost.localdomain ignition-ostree-growfs[1500]: I/O size (minimum/optimal): 4096 bytes / 4096 bytes
Apr 17 19:45:47.662619 localhost.localdomain ignition-ostree-growfs[1500]: Disklabel type: gpt
Apr 17 19:45:47.662619 localhost.localdomain ignition-ostree-growfs[1500]: Disk identifier: 5EB753CB-AC95-483B-A25A-1B78E9BB3010
Apr 17 19:45:47.662619 localhost.localdomain ignition-ostree-growfs[1500]: Old situation:
Apr 17 19:45:47.662619 localhost.localdomain ignition-ostree-growfs[1500]: Device       Start       End   Sectors   Size Type
Apr 17 19:45:47.662619 localhost.localdomain ignition-ostree-growfs[1500]: /dev/sda1     2048      4095      2048     1M BIOS boot
Apr 17 19:45:47.662619 localhost.localdomain ignition-ostree-growfs[1500]: /dev/sda2     4096    264191    260096   127M EFI System
Apr 17 19:45:47.662619 localhost.localdomain ignition-ostree-growfs[1500]: /dev/sda3   264192   1050623    786432   384M Linux filesystem
Apr 17 19:45:47.662619 localhost.localdomain ignition-ostree-growfs[1500]: /dev/sda4  1050624 268435422 267384799 127.5G Linux filesystem
Apr 17 19:45:47.662619 localhost.localdomain ignition-ostree-growfs[1500]: /dev/sda4:
Apr 17 19:45:47.662619 localhost.localdomain ignition-ostree-growfs[1500]: New situation:
Apr 17 19:45:47.662619 localhost.localdomain ignition-ostree-growfs[1500]: Disklabel type: gpt
Apr 17 19:45:47.662619 localhost.localdomain ignition-ostree-growfs[1500]: Disk identifier: 5EB753CB-AC95-483B-A25A-1B78E9BB3010
Apr 17 19:45:47.662619 localhost.localdomain ignition-ostree-growfs[1500]: Device       Start       End   Sectors   Size Type
Apr 17 19:45:47.662619 localhost.localdomain ignition-ostree-growfs[1500]: /dev/sda1     2048      4095      2048     1M BIOS boot
Apr 17 19:45:47.662619 localhost.localdomain ignition-ostree-growfs[1500]: /dev/sda2     4096    264191    260096   127M EFI System
Apr 17 19:45:47.662619 localhost.localdomain ignition-ostree-growfs[1500]: /dev/sda3   264192   1050623    786432   384M Linux filesystem
Apr 17 19:45:47.662619 localhost.localdomain ignition-ostree-growfs[1500]: /dev/sda4  1050624 268435415 267384792 127.5G Linux filesystem
Apr 17 19:45:47.662619 localhost.localdomain ignition-ostree-growfs[1500]: The partition table has been altered.
Apr 17 19:45:47.662619 localhost.localdomain ignition-ostree-growfs[1500]: Calling ioctl() to re-read partition table.
Apr 17 19:45:47.662619 localhost.localdomain ignition-ostree-growfs[1500]: Re-reading the partition table failed.: Device or resource busy
Apr 17 19:45:47.676758 localhost.localdomain ignition-ostree-growfs[1500]: The kernel still uses the old table. The new table will be used at the next reboot or after you run partprobe(8) or partx(8).
Apr 17 19:45:47.676758 localhost.localdomain ignition-ostree-growfs[1500]: Syncing disks.
Apr 17 19:45:48.032090 localhost.localdomain ignition-ostree-growfs[1507]: meta-data=/dev/sda4              isize=512    agcount=4, agsize=173440 blks
Apr 17 19:45:48.032090 localhost.localdomain ignition-ostree-growfs[1507]:          =                       sectsz=512   attr=2, projid32bit=1
Apr 17 19:45:48.032090 localhost.localdomain ignition-ostree-growfs[1507]:          =                       crc=1        finobt=1, sparse=1, rmapbt=0
Apr 17 19:45:48.032090 localhost.localdomain ignition-ostree-growfs[1507]:          =                       reflink=1    bigtime=1 inobtcount=1 nrext64=0
Apr 17 19:45:48.032090 localhost.localdomain ignition-ostree-growfs[1507]: data     =                       bsize=4096   blocks=693760, imaxpct=25
Apr 17 19:45:48.032090 localhost.localdomain ignition-ostree-growfs[1507]:          =                       sunit=0      swidth=0 blks
Apr 17 19:45:48.032090 localhost.localdomain ignition-ostree-growfs[1507]: naming   =version 2              bsize=4096   ascii-ci=0, ftype=1
Apr 17 19:45:48.032090 localhost.localdomain ignition-ostree-growfs[1507]: log      =internal log           bsize=4096   blocks=16384, version=2
Apr 17 19:45:48.032090 localhost.localdomain ignition-ostree-growfs[1507]:          =                       sectsz=512   sunit=0 blks, lazy-count=1
Apr 17 19:45:48.032090 localhost.localdomain ignition-ostree-growfs[1507]: realtime =none                   extsz=4096   blocks=0, rtextents=0
Apr 17 19:45:48.032090 localhost.localdomain ignition-ostree-growfs[1507]: data blocks changed from 693760 to 33423099
Apr 17 19:45:48.039128 localhost.localdomain systemd-journald[328]: Missed 39 kernel messages
Apr 17 19:45:48.039128 localhost.localdomain kernel: XFS (sda4): Unmounting Filesystem 16fa14a4-1228-416f-85d5-ede1a739351b
Apr 17 19:45:48.060404 localhost.localdomain systemd[1]: Finished Ignition OSTree: Grow Root Filesystem.
Apr 17 19:45:48.097590 localhost.localdomain systemd[1]: Starting Ignition OSTree: Autosave XFS Rootfs Partition...
Apr 17 19:45:48.136008 localhost.localdomain ignition-ostree-transposefs[1590]: autosave-xfs: /dev/disk/by-label/root agcount=193 is lower than threshold=400
Apr 17 19:45:48.136643 localhost.localdomain systemd[1]: Finished Ignition OSTree: Autosave XFS Rootfs Partition.
Apr 17 19:45:48.147310 localhost.localdomain systemd[1]: Ignition OSTree: Restore Partitions was skipped because of an unmet condition check (ConditionPathIsDirectory=/run/ignition-ostree-transposefs).
Apr 17 19:45:48.162424 localhost.localdomain systemd[1]: Starting Determine root FS mount option flags...
Apr 17 19:45:48.177520 localhost.localdomain systemd[1]: Finished Determine root FS mount option flags.
Apr 17 19:45:48.194450 localhost.localdomain systemd[1]: Mounting /sysroot...
Apr 17 19:45:48.201135 localhost.localdomain systemd-journald[328]: Missed 8 kernel messages
Apr 17 19:45:48.201135 localhost.localdomain kernel: XFS (sda4): Mounting V5 Filesystem 16fa14a4-1228-416f-85d5-ede1a739351b
Apr 17 19:45:48.256138 localhost.localdomain kernel: XFS (sda4): Ending clean mount
Apr 17 19:45:48.258132 localhost.localdomain kernel: XFS (sda4): Quotacheck needed: Please wait.
Apr 17 19:45:48.300134 localhost.localdomain kernel: XFS (sda4): Quotacheck: Done.
Apr 17 19:45:48.326020 localhost.localdomain systemd[1]: Mounted /sysroot.
Apr 17 19:45:48.330795 localhost.localdomain systemd[1]: Remount /sysroot read-write for Ignition was skipped because of an unmet condition check (ConditionPathIsReadWrite=!/sysroot).
Apr 17 19:45:48.343471 localhost.localdomain systemd[1]: Starting OSTree Prepare OS/...
Apr 17 19:45:48.348377 localhost.localdomain ostree-prepare-root[1776]: Resolved OSTree target to: /sysroot/ostree/deploy/rhcos/deploy/74119738e06ca1bd5981a843bff697b4dcecfe64adc64d2e6a06e1c05e1baeb3.0
Apr 17 19:45:48.349853 localhost.localdomain ostree-prepare-root[1776]: sysroot.readonly configuration value: 1 (fs writable: 1)
Apr 17 19:45:48.367149 localhost.localdomain systemd-journald[328]: Missed 5 kernel messages
Apr 17 19:45:48.367149 localhost.localdomain kernel: loop: module loaded
Apr 17 19:45:48.369136 localhost.localdomain kernel: loop0: detected capacity change from 0 to 11696
Apr 17 19:45:48.373133 localhost.localdomain kernel: erofs: (device loop0): mounted with root inode @ nid 36.
Apr 17 19:45:48.386140 localhost.localdomain kernel: overlayfs: using the lowest 1 of 2 lowerdirs as data layers
Apr 17 19:45:48.386682 localhost.localdomain systemd[1]: run-ostree-.private-cfsroot\x2dlower.mount: Deactivated successfully.
Apr 17 19:45:48.389845 localhost.localdomain ostree-prepare-root[1776]: composefs: mounted successfully (verity=false)
Apr 17 19:45:48.392025 localhost.localdomain systemd[1]: sysroot.tmp.mount: Deactivated successfully.
Apr 17 19:45:48.393455 localhost.localdomain systemd[1]: Finished OSTree Prepare OS/.
Apr 17 19:45:48.404962 localhost.localdomain systemd[1]: Reached target Initrd Root File System.
Apr 17 19:45:48.424553 localhost.localdomain systemd[1]: Starting Afterburn Hostname...
Apr 17 19:45:48.430575 localhost.localdomain systemd[1]: Starting Ignition OSTree: Check Root Filesystem Size...
Apr 17 19:45:48.438302 localhost.localdomain systemd[1]: Starting Mount OSTree /var...
Apr 17 19:45:48.440774 localhost.localdomain afterburn[1809]: Apr 17 19:45:48.440 INFO Fetching http://168.63.129.16/?comp=versions: Attempt #1
Apr 17 19:45:48.440996 localhost.localdomain systemd[1]: Finished Ignition OSTree: Check Root Filesystem Size.
Apr 17 19:45:48.454501 localhost.localdomain afterburn[1809]: Apr 17 19:45:48.454 INFO Fetch successful
Apr 17 19:45:48.454501 localhost.localdomain afterburn[1809]: Apr 17 19:45:48.454 INFO Fetching http://169.254.169.254/metadata/instance/compute/name?api-version=2017-08-01&format=text: Attempt #1
Apr 17 19:45:48.466624 localhost.localdomain ignition-ostree-mount-var[1822]: Mounting /sysroot/sysroot/ostree/deploy/rhcos/var
Apr 17 19:45:48.469717 localhost.localdomain systemd[1]: Finished Mount OSTree /var.
Apr 17 19:45:48.474445 localhost.localdomain afterburn[1809]: Apr 17 19:45:48.472 INFO Fetch successful
Apr 17 19:45:48.480248 localhost.localdomain afterburn[1809]: Apr 17 19:45:48.480 INFO wrote hostname ci-ln-rm0x8pk-1d09d-vkpbd-worker-eastus21-v5-75rk2 to /sysroot/etc/hostname
Apr 17 19:45:48.493584 localhost.localdomain systemd[1]: Starting Ignition (mount)...
Apr 17 19:45:48.502616 localhost.localdomain systemd[1]: Finished Afterburn Hostname.
Apr 17 19:45:48.511076 localhost.localdomain ignition[1829]: Ignition 2.21.0
Apr 17 19:45:48.511089 localhost.localdomain ignition[1829]: Stage: mount
Apr 17 19:45:48.511431 localhost.localdomain ignition[1829]: reading system config file "/usr/lib/ignition/base.d/00-core.ign"
Apr 17 19:45:48.511459 localhost.localdomain ignition[1829]: parsing config with SHA512: ff6a5153be363997e4d5d3ea8cc4048373a457c48c4a5b134a08a30aacd167c1e0f099f0bdf1e24c99ad180628cd02b767b863b5fe3a8fce3fe1886847eb8e2e
Apr 17 19:45:48.515011 localhost.localdomain ignition[1829]: no config dir at "/usr/lib/ignition/base.platform.d/azure"
Apr 17 19:45:48.524342 localhost.localdomain ignition[1829]: Adding "root-ca" to list of CAs
Apr 17 19:45:48.525904 localhost.localdomain ignition[1829]: mount: mount passed
Apr 17 19:45:48.525995 localhost.localdomain ignition[1829]: Ignition finished successfully
Apr 17 19:45:48.527876 localhost.localdomain systemd[1]: Finished Ignition (mount).
Apr 17 19:45:48.536052 localhost.localdomain systemd[1]: Clear SSSD NSS Cache in Persistent /var was skipped because of an unmet condition check (ConditionPathExists=/sysroot/var/lib/sss/mc).
Apr 17 19:45:48.549560 localhost.localdomain systemd[1]: Starting Populate OSTree /var...
Apr 17 19:45:48.559037 localhost.localdomain ignition-ostree-populate-var[1841]: Relabeled /sysroot//var/log from <no context> to system_u:object_r:var_log_t:s0
Apr 17 19:45:48.598389 localhost.localdomain ignition-ostree-populate-var[1844]: Relabeled /sysroot//var/home from <no context> to system_u:object_r:home_root_t:s0
Apr 17 19:45:48.616077 localhost.localdomain ignition-ostree-populate-var[1847]: Relabeled /sysroot//var/roothome from <no context> to system_u:object_r:admin_home_t:s0
Apr 17 19:45:48.616077 localhost.localdomain ignition-ostree-populate-var[1847]: Relabeled /sysroot//var/roothome/.ssh from <no context> to system_u:object_r:ssh_home_t:s0
Apr 17 19:45:48.616077 localhost.localdomain ignition-ostree-populate-var[1847]: Relabeled /sysroot//var/roothome/.bashrc from <no context> to system_u:object_r:admin_home_t:s0
Apr 17 19:45:48.616077 localhost.localdomain ignition-ostree-populate-var[1847]: Relabeled /sysroot//var/roothome/.bash_profile from <no context> to system_u:object_r:admin_home_t:s0
Apr 17 19:45:48.616077 localhost.localdomain ignition-ostree-populate-var[1847]: Relabeled /sysroot//var/roothome/.bash_logout from <no context> to system_u:object_r:admin_home_t:s0
Apr 17 19:45:48.635801 localhost.localdomain ignition-ostree-populate-var[1850]: Relabeled /sysroot//var/opt from <no context> to system_u:object_r:var_t:s0
Apr 17 19:45:48.653628 localhost.localdomain ignition-ostree-populate-var[1853]: Relabeled /sysroot//var/srv from <no context> to system_u:object_r:var_t:s0
Apr 17 19:45:48.670669 localhost.localdomain ignition-ostree-populate-var[1856]: Relabeled /sysroot//var/usrlocal from <no context> to system_u:object_r:usr_t:s0
Apr 17 19:45:48.687139 localhost.localdomain ignition-ostree-populate-var[1859]: Relabeled /sysroot//var/mnt from <no context> to system_u:object_r:mnt_t:s0
Apr 17 19:45:48.700772 localhost.localdomain systemd[1]: Finished Populate OSTree /var.
Apr 17 19:45:48.719503 localhost.localdomain systemd[1]: Starting Ignition OSTree Mount State Overlays...
Apr 17 19:45:48.726865 localhost.localdomain systemd[1]: Finished Ignition OSTree Mount State Overlays.
Apr 17 19:45:48.734177 localhost.localdomain systemd[1]: Starting Ignition (files)...
Apr 17 19:45:48.747205 localhost.localdomain ignition[1865]: Ignition 2.21.0
Apr 17 19:45:48.747216 localhost.localdomain ignition[1865]: Stage: files
Apr 17 19:45:48.747392 localhost.localdomain ignition[1865]: reading system config file "/usr/lib/ignition/base.d/00-core.ign"
Apr 17 19:45:48.747405 localhost.localdomain ignition[1865]: parsing config with SHA512: ff6a5153be363997e4d5d3ea8cc4048373a457c48c4a5b134a08a30aacd167c1e0f099f0bdf1e24c99ad180628cd02b767b863b5fe3a8fce3fe1886847eb8e2e
