Apr 18 02:27:31 localhost kernel: Linux version 5.14.0-570.74.1.el9_6.x86_64 (mockbuild@x86-64-03.build.eng.rdu2.redhat.com) (gcc (GCC) 11.5.0 20240719 (Red Hat 11.5.0-5), GNU ld version 2.35.2-63.el9_6.1) #1 SMP PREEMPT_DYNAMIC Thu Dec 11 01:07:47 EST 2025
Apr 18 02:27:31 localhost kernel: The list of certified hardware and cloud instances for Red Hat Enterprise Linux 9 can be viewed at the Red Hat Ecosystem Catalog, https://catalog.redhat.com.
Apr 18 02:27:31 localhost kernel: Command line: BOOT_IMAGE=(hd0,gpt3)/boot/ostree/rhcos-51c77ffa2c1c0968abd5b430b98d71f3df0ec76d1bd99613c484f15bfac5a4ad/vmlinuz-5.14.0-570.74.1.el9_6.x86_64 rw ignition.firstboot ostree=/ostree/boot.1/rhcos/51c77ffa2c1c0968abd5b430b98d71f3df0ec76d1bd99613c484f15bfac5a4ad/0 ignition.platform.id=aws console=tty0 console=ttyS0,115200n8
Apr 18 02:27:31 localhost kernel: BIOS-provided physical RAM map:
Apr 18 02:27:31 localhost kernel: BIOS-e820: [mem 0x0000000000000000-0x000000000009fbff] usable
Apr 18 02:27:31 localhost kernel: BIOS-e820: [mem 0x000000000009fc00-0x000000000009ffff] reserved
Apr 18 02:27:31 localhost kernel: BIOS-e820: [mem 0x00000000000f0000-0x00000000000fffff] reserved
Apr 18 02:27:31 localhost kernel: BIOS-e820: [mem 0x0000000000100000-0x00000000bffe8fff] usable
Apr 18 02:27:31 localhost kernel: BIOS-e820: [mem 0x00000000bffe9000-0x00000000bfffffff] reserved
Apr 18 02:27:31 localhost kernel: BIOS-e820: [mem 0x00000000e0000000-0x00000000e03fffff] reserved
Apr 18 02:27:31 localhost kernel: BIOS-e820: [mem 0x00000000fffc0000-0x00000000ffffffff] reserved
Apr 18 02:27:31 localhost kernel: BIOS-e820: [mem 0x0000000100000000-0x00000004299fffff] usable
Apr 18 02:27:31 localhost kernel: BIOS-e820: [mem 0x0000000429a00000-0x000000043fffffff] reserved
Apr 18 02:27:31 localhost kernel: NX (Execute Disable) protection: active
Apr 18 02:27:31 localhost kernel: APIC: Static calls initialized
Apr 18 02:27:31 localhost kernel: SMBIOS 2.7 present.
Apr 18 02:27:31 localhost kernel: DMI: Amazon EC2 m6a.xlarge/, BIOS 1.0 10/16/2017
Apr 18 02:27:31 localhost kernel: Hypervisor detected: KVM
Apr 18 02:27:31 localhost kernel: kvm-clock: Using msrs 4b564d01 and 4b564d00
Apr 18 02:27:31 localhost kernel: kvm-clock: using sched offset of 15306052054 cycles
Apr 18 02:27:31 localhost kernel: clocksource: kvm-clock: mask: 0xffffffffffffffff max_cycles: 0x1cd42e4dffb, max_idle_ns: 881590591483 ns
Apr 18 02:27:31 localhost kernel: tsc: Detected 2649.988 MHz processor
Apr 18 02:27:31 localhost kernel: e820: update [mem 0x00000000-0x00000fff] usable ==> reserved
Apr 18 02:27:31 localhost kernel: e820: remove [mem 0x000a0000-0x000fffff] usable
Apr 18 02:27:31 localhost kernel: last_pfn = 0x429a00 max_arch_pfn = 0x400000000
Apr 18 02:27:31 localhost kernel: MTRR map: 4 entries (3 fixed + 1 variable; max 19), built from 8 variable MTRRs
Apr 18 02:27:31 localhost kernel: x86/PAT: Configuration [0-7]: WB  WC  UC- UC  WB  WP  UC- WT  
Apr 18 02:27:31 localhost kernel: last_pfn = 0xbffe9 max_arch_pfn = 0x400000000
Apr 18 02:27:31 localhost kernel: Using GB pages for direct mapping
Apr 18 02:27:31 localhost kernel: RAMDISK: [mem 0x2b3f4000-0x319f1fff]
Apr 18 02:27:31 localhost kernel: ACPI: Early table checksum verification disabled
Apr 18 02:27:31 localhost kernel: ACPI: RSDP 0x00000000000F8F00 000014 (v00 AMAZON)
Apr 18 02:27:31 localhost kernel: ACPI: RSDT 0x00000000BFFEE100 000044 (v01 AMAZON AMZNRSDT 00000001 AMZN 00000001)
Apr 18 02:27:31 localhost kernel: ACPI: WAET 0x00000000BFFEFFC0 000028 (v01 AMAZON AMZNWAET 00000001 AMZN 00000001)
Apr 18 02:27:31 localhost kernel: ACPI: SLIT 0x00000000BFFEFF40 00006C (v01 AMAZON AMZNSLIT 00000001 AMZN 00000001)
Apr 18 02:27:31 localhost kernel: ACPI: APIC 0x00000000BFFEFE80 000086 (v01 AMAZON AMZNAPIC 00000001 AMZN 00000001)
Apr 18 02:27:31 localhost kernel: ACPI: SRAT 0x00000000BFFEFDC0 0000C0 (v01 AMAZON AMZNSRAT 00000001 AMZN 00000001)
Apr 18 02:27:31 localhost kernel: ACPI: FACP 0x00000000BFFEFC80 000114 (v01 AMAZON AMZNFACP 00000001 AMZN 00000001)
Apr 18 02:27:31 localhost kernel: ACPI: DSDT 0x00000000BFFEEAC0 00115A (v01 AMAZON AMZNDSDT 00000001 AMZN 00000001)
Apr 18 02:27:31 localhost kernel: ACPI: FACS 0x00000000000F8EC0 000040
Apr 18 02:27:31 localhost kernel: ACPI: HPET 0x00000000BFFEFC40 000038 (v01 AMAZON AMZNHPET 00000001 AMZN 00000001)
Apr 18 02:27:31 localhost kernel: ACPI: SSDT 0x00000000BFFEE280 00081F (v01 AMAZON AMZNSSDT 00000001 AMZN 00000001)
Apr 18 02:27:31 localhost kernel: ACPI: SSDT 0x00000000BFFEE180 0000D1 (v01 AMAZON AMZNSSDT 00000001 AMZN 00000001)
Apr 18 02:27:31 localhost kernel: ACPI: Reserving WAET table memory at [mem 0xbffeffc0-0xbffeffe7]
Apr 18 02:27:31 localhost kernel: ACPI: Reserving SLIT table memory at [mem 0xbffeff40-0xbffeffab]
Apr 18 02:27:31 localhost kernel: ACPI: Reserving APIC table memory at [mem 0xbffefe80-0xbffeff05]
Apr 18 02:27:31 localhost kernel: ACPI: Reserving SRAT table memory at [mem 0xbffefdc0-0xbffefe7f]
Apr 18 02:27:31 localhost kernel: ACPI: Reserving FACP table memory at [mem 0xbffefc80-0xbffefd93]
Apr 18 02:27:31 localhost kernel: ACPI: Reserving DSDT table memory at [mem 0xbffeeac0-0xbffefc19]
Apr 18 02:27:31 localhost kernel: ACPI: Reserving FACS table memory at [mem 0xf8ec0-0xf8eff]
Apr 18 02:27:31 localhost kernel: ACPI: Reserving HPET table memory at [mem 0xbffefc40-0xbffefc77]
Apr 18 02:27:31 localhost kernel: ACPI: Reserving SSDT table memory at [mem 0xbffee280-0xbffeea9e]
Apr 18 02:27:31 localhost kernel: ACPI: Reserving SSDT table memory at [mem 0xbffee180-0xbffee250]
Apr 18 02:27:31 localhost kernel: SRAT: PXM 0 -> APIC 0x00 -> Node 0
Apr 18 02:27:31 localhost kernel: SRAT: PXM 0 -> APIC 0x01 -> Node 0
Apr 18 02:27:31 localhost kernel: SRAT: PXM 0 -> APIC 0x02 -> Node 0
Apr 18 02:27:31 localhost kernel: SRAT: PXM 0 -> APIC 0x03 -> Node 0
Apr 18 02:27:31 localhost kernel: ACPI: SRAT: Node 0 PXM 0 [mem 0x00000000-0xbfffffff]
Apr 18 02:27:31 localhost kernel: ACPI: SRAT: Node 0 PXM 0 [mem 0x100000000-0x43fffffff]
Apr 18 02:27:31 localhost kernel: NUMA: Initialized distance table, cnt=1
Apr 18 02:27:31 localhost kernel: NUMA: Node 0 [mem 0x00000000-0xbfffffff] + [mem 0x100000000-0x4299fffff] -> [mem 0x00000000-0x4299fffff]
Apr 18 02:27:31 localhost kernel: NODE_DATA(0) allocated [mem 0x4299d4000-0x4299fefff]
Apr 18 02:27:31 localhost kernel: Zone ranges:
Apr 18 02:27:31 localhost kernel:   DMA      [mem 0x0000000000001000-0x0000000000ffffff]
Apr 18 02:27:31 localhost kernel:   DMA32    [mem 0x0000000001000000-0x00000000ffffffff]
Apr 18 02:27:31 localhost kernel:   Normal   [mem 0x0000000100000000-0x00000004299fffff]
Apr 18 02:27:31 localhost kernel:   Device   empty
Apr 18 02:27:31 localhost kernel: Movable zone start for each node
Apr 18 02:27:31 localhost kernel: Early memory node ranges
Apr 18 02:27:31 localhost kernel:   node   0: [mem 0x0000000000001000-0x000000000009efff]
Apr 18 02:27:31 localhost kernel:   node   0: [mem 0x0000000000100000-0x00000000bffe8fff]
Apr 18 02:27:31 localhost kernel:   node   0: [mem 0x0000000100000000-0x00000004299fffff]
Apr 18 02:27:31 localhost kernel: Initmem setup node 0 [mem 0x0000000000001000-0x00000004299fffff]
Apr 18 02:27:31 localhost kernel: On node 0, zone DMA: 1 pages in unavailable ranges
Apr 18 02:27:31 localhost kernel: On node 0, zone DMA: 97 pages in unavailable ranges
Apr 18 02:27:31 localhost kernel: On node 0, zone Normal: 23 pages in unavailable ranges
Apr 18 02:27:31 localhost kernel: On node 0, zone Normal: 26112 pages in unavailable ranges
Apr 18 02:27:31 localhost kernel: ACPI: PM-Timer IO Port: 0xb008
Apr 18 02:27:31 localhost kernel: ACPI: LAPIC_NMI (acpi_id[0xff] dfl dfl lint[0x1])
Apr 18 02:27:31 localhost kernel: IOAPIC[0]: apic_id 0, version 32, address 0xfec00000, GSI 0-23
Apr 18 02:27:31 localhost kernel: ACPI: INT_SRC_OVR (bus 0 bus_irq 5 global_irq 5 high level)
Apr 18 02:27:31 localhost kernel: ACPI: INT_SRC_OVR (bus 0 bus_irq 9 global_irq 9 high level)
Apr 18 02:27:31 localhost kernel: ACPI: INT_SRC_OVR (bus 0 bus_irq 10 global_irq 10 high level)
Apr 18 02:27:31 localhost kernel: ACPI: INT_SRC_OVR (bus 0 bus_irq 11 global_irq 11 high level)
Apr 18 02:27:31 localhost kernel: ACPI: Using ACPI (MADT) for SMP configuration information
Apr 18 02:27:31 localhost kernel: ACPI: HPET id: 0x8086a201 base: 0xfed00000
Apr 18 02:27:31 localhost kernel: CPU topo: Max. logical packages:   1
Apr 18 02:27:31 localhost kernel: CPU topo: Max. logical dies:       1
Apr 18 02:27:31 localhost kernel: CPU topo: Max. dies per package:   1
Apr 18 02:27:31 localhost kernel: CPU topo: Max. threads per core:   2
Apr 18 02:27:31 localhost kernel: CPU topo: Num. cores per package:     2
Apr 18 02:27:31 localhost kernel: CPU topo: Num. threads per package:   4
Apr 18 02:27:31 localhost kernel: CPU topo: Allowing 4 present CPUs plus 0 hotplug CPUs
Apr 18 02:27:31 localhost kernel: kvm-guest: APIC: eoi() replaced with kvm_guest_apic_eoi_write()
Apr 18 02:27:31 localhost kernel: PM: hibernation: Registered nosave memory: [mem 0x00000000-0x00000fff]
Apr 18 02:27:31 localhost kernel: PM: hibernation: Registered nosave memory: [mem 0x0009f000-0x0009ffff]
Apr 18 02:27:31 localhost kernel: PM: hibernation: Registered nosave memory: [mem 0x000a0000-0x000effff]
Apr 18 02:27:31 localhost kernel: PM: hibernation: Registered nosave memory: [mem 0x000f0000-0x000fffff]
Apr 18 02:27:31 localhost kernel: PM: hibernation: Registered nosave memory: [mem 0xbffe9000-0xbfffffff]
Apr 18 02:27:31 localhost kernel: PM: hibernation: Registered nosave memory: [mem 0xc0000000-0xdfffffff]
Apr 18 02:27:31 localhost kernel: PM: hibernation: Registered nosave memory: [mem 0xe0000000-0xe03fffff]
Apr 18 02:27:31 localhost kernel: PM: hibernation: Registered nosave memory: [mem 0xe0400000-0xfffbffff]
Apr 18 02:27:31 localhost kernel: PM: hibernation: Registered nosave memory: [mem 0xfffc0000-0xffffffff]
Apr 18 02:27:31 localhost kernel: [mem 0xc0000000-0xdfffffff] available for PCI devices
Apr 18 02:27:31 localhost kernel: Booting paravirtualized kernel on KVM
Apr 18 02:27:31 localhost kernel: clocksource: refined-jiffies: mask: 0xffffffff max_cycles: 0xffffffff, max_idle_ns: 1910969940391419 ns
Apr 18 02:27:31 localhost kernel: setup_percpu: NR_CPUS:8192 nr_cpumask_bits:4 nr_cpu_ids:4 nr_node_ids:1
Apr 18 02:27:31 localhost kernel: percpu: Embedded 64 pages/cpu s225280 r8192 d28672 u524288
Apr 18 02:27:31 localhost kernel: pcpu-alloc: s225280 r8192 d28672 u524288 alloc=1*2097152
Apr 18 02:27:31 localhost kernel: pcpu-alloc: [0] 0 1 2 3 
Apr 18 02:27:31 localhost kernel: kvm-guest: PV spinlocks disabled, no host support
Apr 18 02:27:31 localhost kernel: Kernel command line: BOOT_IMAGE=(hd0,gpt3)/boot/ostree/rhcos-51c77ffa2c1c0968abd5b430b98d71f3df0ec76d1bd99613c484f15bfac5a4ad/vmlinuz-5.14.0-570.74.1.el9_6.x86_64 rw ignition.firstboot ostree=/ostree/boot.1/rhcos/51c77ffa2c1c0968abd5b430b98d71f3df0ec76d1bd99613c484f15bfac5a4ad/0 ignition.platform.id=aws console=tty0 console=ttyS0,115200n8
Apr 18 02:27:31 localhost kernel: Unknown kernel command line parameters "BOOT_IMAGE=(hd0,gpt3)/boot/ostree/rhcos-51c77ffa2c1c0968abd5b430b98d71f3df0ec76d1bd99613c484f15bfac5a4ad/vmlinuz-5.14.0-570.74.1.el9_6.x86_64 ostree=/ostree/boot.1/rhcos/51c77ffa2c1c0968abd5b430b98d71f3df0ec76d1bd99613c484f15bfac5a4ad/0", will be passed to user space.
Apr 18 02:27:31 localhost kernel: random: crng init done
Apr 18 02:27:31 localhost kernel: Dentry cache hash table entries: 2097152 (order: 12, 16777216 bytes, linear)
Apr 18 02:27:31 localhost kernel: Inode-cache hash table entries: 1048576 (order: 11, 8388608 bytes, linear)
Apr 18 02:27:31 localhost kernel: Fallback order for Node 0: 0 
Apr 18 02:27:31 localhost kernel: Built 1 zonelists, mobility grouping on.  Total pages: 4038273
Apr 18 02:27:31 localhost kernel: Policy zone: Normal
Apr 18 02:27:31 localhost kernel: mem auto-init: stack:off, heap alloc:off, heap free:off
Apr 18 02:27:31 localhost kernel: software IO TLB: area num 4.
Apr 18 02:27:31 localhost kernel: Memory: 3105448K/16410140K available (16384K kernel code, 5760K rwdata, 13660K rodata, 4052K init, 7372K bss, 510952K reserved, 0K cma-reserved)
Apr 18 02:27:31 localhost kernel: SLUB: HWalign=64, Order=0-3, MinObjects=0, CPUs=4, Nodes=1
Apr 18 02:27:31 localhost kernel: ftrace: allocating 49188 entries in 193 pages
Apr 18 02:27:31 localhost kernel: ftrace: allocated 193 pages with 3 groups
Apr 18 02:27:31 localhost kernel: Dynamic Preempt: voluntary
Apr 18 02:27:31 localhost kernel: rcu: Preemptible hierarchical RCU implementation.
Apr 18 02:27:31 localhost kernel: rcu:         RCU event tracing is enabled.
Apr 18 02:27:31 localhost kernel: rcu:         RCU restricting CPUs from NR_CPUS=8192 to nr_cpu_ids=4.
Apr 18 02:27:31 localhost kernel:         Trampoline variant of Tasks RCU enabled.
Apr 18 02:27:31 localhost kernel:         Rude variant of Tasks RCU enabled.
Apr 18 02:27:31 localhost kernel:         Tracing variant of Tasks RCU enabled.
Apr 18 02:27:31 localhost kernel: rcu: RCU calculated value of scheduler-enlistment delay is 100 jiffies.
Apr 18 02:27:31 localhost kernel: rcu: Adjusting geometry for rcu_fanout_leaf=16, nr_cpu_ids=4
Apr 18 02:27:31 localhost kernel: RCU Tasks: Setting shift to 2 and lim to 1 rcu_task_cb_adjust=1.
Apr 18 02:27:31 localhost kernel: RCU Tasks Rude: Setting shift to 2 and lim to 1 rcu_task_cb_adjust=1.
Apr 18 02:27:31 localhost kernel: RCU Tasks Trace: Setting shift to 2 and lim to 1 rcu_task_cb_adjust=1.
Apr 18 02:27:31 localhost kernel: NR_IRQS: 524544, nr_irqs: 456, preallocated irqs: 16
Apr 18 02:27:31 localhost kernel: rcu: srcu_init: Setting srcu_struct sizes based on contention.
Apr 18 02:27:31 localhost kernel: kfence: initialized - using 2097152 bytes for 255 objects at 0x(____ptrval____)-0x(____ptrval____)
Apr 18 02:27:31 localhost kernel: Console: colour VGA+ 80x25
Apr 18 02:27:31 localhost kernel: printk: legacy console [tty0] enabled
Apr 18 02:27:31 localhost kernel: printk: console [ttyS0] enabled
Apr 18 02:27:31 localhost kernel: ACPI: Core revision 20230331
Apr 18 02:27:31 localhost kernel: clocksource: hpet: mask: 0xffffffff max_cycles: 0xffffffff, max_idle_ns: 30580167144 ns
Apr 18 02:27:31 localhost kernel: APIC: Switch to symmetric I/O mode setup
Apr 18 02:27:31 localhost kernel: x2apic enabled
Apr 18 02:27:31 localhost kernel: APIC: Switched APIC routing to: physical x2apic
Apr 18 02:27:31 localhost kernel: ..TIMER: vector=0x30 apic1=0 pin1=0 apic2=-1 pin2=-1
Apr 18 02:27:31 localhost kernel: clocksource: tsc-early: mask: 0xffffffffffffffff max_cycles: 0x2632b1f2a2c, max_idle_ns: 440795334623 ns
Apr 18 02:27:31 localhost kernel: Calibrating delay loop (skipped) preset value.. 5299.97 BogoMIPS (lpj=2649988)
Apr 18 02:27:31 localhost kernel: Last level iTLB entries: 4KB 512, 2MB 512, 4MB 256
Apr 18 02:27:31 localhost kernel: Last level dTLB entries: 4KB 2048, 2MB 2048, 4MB 1024, 1GB 0
Apr 18 02:27:31 localhost kernel: Spectre V1 : Mitigation: usercopy/swapgs barriers and __user pointer sanitization
Apr 18 02:27:31 localhost kernel: Spectre V2 : Mitigation: Retpolines
Apr 18 02:27:31 localhost kernel: Spectre V2 : Spectre v2 / SpectreRSB mitigation: Filling RSB on context switch
Apr 18 02:27:31 localhost kernel: Spectre V2 : Spectre v2 / SpectreRSB : Filling RSB on VMEXIT
Apr 18 02:27:31 localhost kernel: Spectre V2 : Enabling Restricted Speculation for firmware calls
Apr 18 02:27:31 localhost kernel: Spectre V2 : mitigation: Enabling conditional Indirect Branch Prediction Barrier
Apr 18 02:27:31 localhost kernel: Spectre V2 : User space: Mitigation: STIBP always-on protection
Apr 18 02:27:31 localhost kernel: Speculative Store Bypass: Mitigation: Speculative Store Bypass disabled via prctl
Apr 18 02:27:31 localhost kernel: Speculative Return Stack Overflow: Mitigation: Safe RET
Apr 18 02:27:31 localhost kernel: Transient Scheduler Attacks: Mitigation: Clear CPU buffers
Apr 18 02:27:31 localhost kernel: x86/fpu: Supporting XSAVE feature 0x001: 'x87 floating point registers'
Apr 18 02:27:31 localhost kernel: x86/fpu: Supporting XSAVE feature 0x002: 'SSE registers'
Apr 18 02:27:31 localhost kernel: x86/fpu: Supporting XSAVE feature 0x004: 'AVX registers'
Apr 18 02:27:31 localhost kernel: x86/fpu: xstate_offset[2]:  576, xstate_sizes[2]:  256
Apr 18 02:27:31 localhost kernel: x86/fpu: Enabled xstate features 0x7, context size is 832 bytes, using 'compacted' format.
Apr 18 02:27:31 localhost kernel: Freeing SMP alternatives memory: 40K
Apr 18 02:27:31 localhost kernel: pid_max: default: 32768 minimum: 301
Apr 18 02:27:31 localhost kernel: LSM: initializing lsm=lockdown,capability,landlock,yama,integrity,selinux,bpf
Apr 18 02:27:31 localhost kernel: landlock: Up and running.
Apr 18 02:27:31 localhost kernel: Yama: becoming mindful.
Apr 18 02:27:31 localhost kernel: SELinux:  Initializing.
Apr 18 02:27:31 localhost kernel: LSM support for eBPF active
Apr 18 02:27:31 localhost kernel: Mount-cache hash table entries: 32768 (order: 6, 262144 bytes, linear)
Apr 18 02:27:31 localhost kernel: Mountpoint-cache hash table entries: 32768 (order: 6, 262144 bytes, linear)
Apr 18 02:27:31 localhost kernel: smpboot: CPU0: AMD EPYC 7R13 Processor (family: 0x19, model: 0x1, stepping: 0x1)
Apr 18 02:27:31 localhost kernel: Performance Events: PMU not available due to virtualization, using software events only.
Apr 18 02:27:31 localhost kernel: signal: max sigframe size: 1776
Apr 18 02:27:31 localhost kernel: rcu: Hierarchical SRCU implementation.
Apr 18 02:27:31 localhost kernel: rcu:         Max phase no-delay instances is 400.
Apr 18 02:27:31 localhost kernel: NMI watchdog: Perf NMI watchdog permanently disabled
Apr 18 02:27:31 localhost kernel: smp: Bringing up secondary CPUs ...
Apr 18 02:27:31 localhost kernel: smpboot: x86: Booting SMP configuration:
Apr 18 02:27:31 localhost kernel: .... node  #0, CPUs:      #1 #2 #3
Apr 18 02:27:31 localhost kernel: Spectre V2 : Update user space SMT mitigation: STIBP always-on
Apr 18 02:27:31 localhost kernel: smp: Brought up 1 node, 4 CPUs
Apr 18 02:27:31 localhost kernel: smpboot: Total of 4 processors activated (21199.90 BogoMIPS)
Apr 18 02:27:31 localhost kernel: node 0 deferred pages initialised in 32ms
Apr 18 02:27:31 localhost kernel: devtmpfs: initialized
Apr 18 02:27:31 localhost kernel: x86/mm: Memory block size: 128MB
Apr 18 02:27:31 localhost kernel: clocksource: jiffies: mask: 0xffffffff max_cycles: 0xffffffff, max_idle_ns: 1911260446275000 ns
Apr 18 02:27:31 localhost kernel: futex hash table entries: 1024 (order: 4, 65536 bytes, linear)
Apr 18 02:27:31 localhost kernel: pinctrl core: initialized pinctrl subsystem
Apr 18 02:27:31 localhost kernel: NET: Registered PF_NETLINK/PF_ROUTE protocol family
Apr 18 02:27:31 localhost kernel: DMA: preallocated 2048 KiB GFP_KERNEL pool for atomic allocations
Apr 18 02:27:31 localhost kernel: DMA: preallocated 2048 KiB GFP_KERNEL|GFP_DMA pool for atomic allocations
Apr 18 02:27:31 localhost kernel: DMA: preallocated 2048 KiB GFP_KERNEL|GFP_DMA32 pool for atomic allocations
Apr 18 02:27:31 localhost kernel: audit: initializing netlink subsys (disabled)
Apr 18 02:27:31 localhost kernel: audit: type=2000 audit(1776479248.743:1): state=initialized audit_enabled=0 res=1
Apr 18 02:27:31 localhost kernel: thermal_sys: Registered thermal governor 'fair_share'
Apr 18 02:27:31 localhost kernel: thermal_sys: Registered thermal governor 'step_wise'
Apr 18 02:27:31 localhost kernel: thermal_sys: Registered thermal governor 'user_space'
Apr 18 02:27:31 localhost kernel: cpuidle: using governor menu
Apr 18 02:27:31 localhost kernel: acpiphp: ACPI Hot Plug PCI Controller Driver version: 0.5
Apr 18 02:27:31 localhost kernel: PCI: Using configuration type 1 for base access
Apr 18 02:27:31 localhost kernel: PCI: Using configuration type 1 for extended access
Apr 18 02:27:31 localhost kernel: kprobes: kprobe jump-optimization is enabled. All kprobes are optimized if possible.
Apr 18 02:27:31 localhost kernel: HugeTLB: registered 1.00 GiB page size, pre-allocated 0 pages
Apr 18 02:27:31 localhost kernel: HugeTLB: 16380 KiB vmemmap can be freed for a 1.00 GiB page
Apr 18 02:27:31 localhost kernel: HugeTLB: registered 2.00 MiB page size, pre-allocated 0 pages
Apr 18 02:27:31 localhost kernel: HugeTLB: 28 KiB vmemmap can be freed for a 2.00 MiB page
Apr 18 02:27:31 localhost kernel: Demotion targets for Node 0: null
Apr 18 02:27:31 localhost kernel: cryptd: max_cpu_qlen set to 1000
Apr 18 02:27:31 localhost kernel: ACPI: Added _OSI(Module Device)
Apr 18 02:27:31 localhost kernel: ACPI: Added _OSI(Processor Device)
Apr 18 02:27:31 localhost kernel: ACPI: Added _OSI(3.0 _SCP Extensions)
Apr 18 02:27:31 localhost kernel: ACPI: Added _OSI(Processor Aggregator Device)
Apr 18 02:27:31 localhost kernel: ACPI: 3 ACPI AML tables successfully acquired and loaded
Apr 18 02:27:31 localhost kernel: ACPI: _OSC evaluation for CPUs failed, trying _PDC
Apr 18 02:27:31 localhost kernel: ACPI: Interpreter enabled
Apr 18 02:27:31 localhost kernel: ACPI: PM: (supports S0 S4 S5)
Apr 18 02:27:31 localhost kernel: ACPI: Using IOAPIC for interrupt routing
Apr 18 02:27:31 localhost kernel: PCI: Using host bridge windows from ACPI; if necessary, use "pci=nocrs" and report a bug
Apr 18 02:27:31 localhost kernel: PCI: Using E820 reservations for host bridge windows
Apr 18 02:27:31 localhost kernel: ACPI: Enabled 2 GPEs in block 00 to 0F
Apr 18 02:27:31 localhost kernel: ACPI: PCI Root Bridge [PCI0] (domain 0000 [bus 00-ff])
Apr 18 02:27:31 localhost kernel: acpi PNP0A03:00: _OSC: OS supports [ExtendedConfig ASPM ClockPM Segments MSI EDR HPX-Type3]
Apr 18 02:27:31 localhost kernel: acpiphp: Slot [3] registered
Apr 18 02:27:31 localhost kernel: acpiphp: Slot [4] registered
Apr 18 02:27:31 localhost kernel: acpiphp: Slot [5] registered
Apr 18 02:27:31 localhost kernel: acpiphp: Slot [6] registered
Apr 18 02:27:31 localhost kernel: acpiphp: Slot [7] registered
Apr 18 02:27:31 localhost kernel: acpiphp: Slot [8] registered
Apr 18 02:27:31 localhost kernel: acpiphp: Slot [9] registered
Apr 18 02:27:31 localhost kernel: acpiphp: Slot [10] registered
Apr 18 02:27:31 localhost kernel: acpiphp: Slot [11] registered
Apr 18 02:27:31 localhost kernel: acpiphp: Slot [12] registered
Apr 18 02:27:31 localhost kernel: acpiphp: Slot [13] registered
Apr 18 02:27:31 localhost kernel: acpiphp: Slot [14] registered
Apr 18 02:27:31 localhost kernel: acpiphp: Slot [15] registered
Apr 18 02:27:31 localhost kernel: acpiphp: Slot [16] registered
Apr 18 02:27:31 localhost kernel: acpiphp: Slot [17] registered
Apr 18 02:27:31 localhost kernel: acpiphp: Slot [18] registered
Apr 18 02:27:31 localhost kernel: acpiphp: Slot [19] registered
Apr 18 02:27:31 localhost kernel: acpiphp: Slot [20] registered
Apr 18 02:27:31 localhost kernel: acpiphp: Slot [21] registered
Apr 18 02:27:31 localhost kernel: acpiphp: Slot [22] registered
Apr 18 02:27:31 localhost kernel: acpiphp: Slot [23] registered
Apr 18 02:27:31 localhost kernel: acpiphp: Slot [24] registered
Apr 18 02:27:31 localhost kernel: acpiphp: Slot [25] registered
Apr 18 02:27:31 localhost kernel: acpiphp: Slot [26] registered
Apr 18 02:27:31 localhost kernel: acpiphp: Slot [27] registered
Apr 18 02:27:31 localhost kernel: acpiphp: Slot [28] registered
Apr 18 02:27:31 localhost kernel: acpiphp: Slot [29] registered
Apr 18 02:27:31 localhost kernel: acpiphp: Slot [30] registered
Apr 18 02:27:31 localhost kernel: acpiphp: Slot [31] registered
Apr 18 02:27:31 localhost kernel: PCI host bridge to bus 0000:00
Apr 18 02:27:31 localhost kernel: pci_bus 0000:00: root bus resource [io  0x0000-0x0cf7 window]
Apr 18 02:27:31 localhost kernel: pci_bus 0000:00: root bus resource [io  0x0d00-0xffff window]
Apr 18 02:27:31 localhost kernel: pci_bus 0000:00: root bus resource [mem 0x000a0000-0x000bffff window]
Apr 18 02:27:31 localhost kernel: pci_bus 0000:00: root bus resource [mem 0xc0000000-0xfebfffff window]
Apr 18 02:27:31 localhost kernel: pci_bus 0000:00: root bus resource [mem 0x440000000-0x20043fffffff window]
Apr 18 02:27:31 localhost kernel: pci_bus 0000:00: root bus resource [bus 00-ff]
Apr 18 02:27:31 localhost kernel: pci 0000:00:00.0: [8086:1237] type 00 class 0x060000 conventional PCI endpoint
Apr 18 02:27:31 localhost kernel: pci 0000:00:01.0: [8086:7000] type 00 class 0x060100 conventional PCI endpoint
Apr 18 02:27:31 localhost kernel: pci 0000:00:01.3: [8086:7113] type 00 class 0x000000 conventional PCI endpoint
Apr 18 02:27:31 localhost kernel: pci 0000:00:01.3: quirk: [io  0xb000-0xb03f] claimed by PIIX4 ACPI
Apr 18 02:27:31 localhost kernel: pci 0000:00:01.3: quirk: [io  0xb100-0xb10f] claimed by PIIX4 SMB
Apr 18 02:27:31 localhost kernel: pci 0000:00:01.3: PIIX4 devres E PIO at fff0-ffff
Apr 18 02:27:31 localhost kernel: pci 0000:00:01.3: PIIX4 devres F MMIO at ffc00000-ffffffff
Apr 18 02:27:31 localhost kernel: pci 0000:00:01.3: PIIX4 devres G PIO at fff0-ffff
Apr 18 02:27:31 localhost kernel: pci 0000:00:01.3: PIIX4 devres H MMIO at ffc00000-ffffffff
Apr 18 02:27:31 localhost kernel: pci 0000:00:01.3: PIIX4 devres I PIO at fff0-ffff
Apr 18 02:27:31 localhost kernel: pci 0000:00:01.3: PIIX4 devres J PIO at fff0-ffff
Apr 18 02:27:31 localhost kernel: pci 0000:00:01.3: quirk_piix4_acpi+0x0/0x170 took 26367 usecs
Apr 18 02:27:31 localhost kernel: pci 0000:00:03.0: [1d0f:1111] type 00 class 0x030000 conventional PCI endpoint
Apr 18 02:27:31 localhost kernel: pci 0000:00:03.0: BAR 0 [mem 0xfe400000-0xfe7fffff pref]
Apr 18 02:27:31 localhost kernel: pci 0000:00:03.0: ROM [mem 0xfebe0000-0xfebeffff pref]
Apr 18 02:27:31 localhost kernel: pci 0000:00:03.0: Video device with shadowed ROM at [mem 0x000c0000-0x000dffff]
Apr 18 02:27:31 localhost kernel: pci 0000:00:04.0: [1d0f:8061] type 00 class 0x010802 PCIe Endpoint
Apr 18 02:27:31 localhost kernel: pci 0000:00:04.0: BAR 0 [mem 0xfebf0000-0xfebf3fff]
Apr 18 02:27:31 localhost kernel: pci 0000:00:04.0: enabling Extended Tags
Apr 18 02:27:31 localhost kernel: pci 0000:00:05.0: [1d0f:ec20] type 00 class 0x020000 PCIe Endpoint
Apr 18 02:27:31 localhost kernel: pci 0000:00:05.0: BAR 0 [mem 0xfebf4000-0xfebf5fff]
Apr 18 02:27:31 localhost kernel: pci 0000:00:05.0: BAR 1 [mem 0xfebf6000-0xfebf7fff]
Apr 18 02:27:31 localhost kernel: pci 0000:00:05.0: BAR 2 [mem 0xfe800000-0xfe87ffff pref]
Apr 18 02:27:31 localhost kernel: pci 0000:00:05.0: enabling Extended Tags
Apr 18 02:27:31 localhost kernel: ACPI: PCI: Interrupt link LNKA configured for IRQ 10
Apr 18 02:27:31 localhost kernel: ACPI: PCI: Interrupt link LNKB configured for IRQ 10
Apr 18 02:27:31 localhost kernel: ACPI: PCI: Interrupt link LNKC configured for IRQ 11
Apr 18 02:27:31 localhost kernel: ACPI: PCI: Interrupt link LNKD configured for IRQ 11
Apr 18 02:27:31 localhost kernel: ACPI: PCI: Interrupt link LNKS configured for IRQ 9
Apr 18 02:27:31 localhost kernel: iommu: Default domain type: Translated
Apr 18 02:27:31 localhost kernel: iommu: DMA domain TLB invalidation policy: lazy mode
Apr 18 02:27:31 localhost kernel: SCSI subsystem initialized
Apr 18 02:27:31 localhost kernel: ACPI: bus type USB registered
Apr 18 02:27:31 localhost kernel: usbcore: registered new interface driver usbfs
Apr 18 02:27:31 localhost kernel: usbcore: registered new interface driver hub
Apr 18 02:27:31 localhost kernel: usbcore: registered new device driver usb
Apr 18 02:27:31 localhost kernel: pps_core: LinuxPPS API ver. 1 registered
Apr 18 02:27:31 localhost kernel: pps_core: Software ver. 5.3.6 - Copyright 2005-2007 Rodolfo Giometti <giometti@linux.it>
Apr 18 02:27:31 localhost kernel: PTP clock support registered
Apr 18 02:27:31 localhost kernel: EDAC MC: Ver: 3.0.0
Apr 18 02:27:31 localhost kernel: NetLabel: Initializing
Apr 18 02:27:31 localhost kernel: NetLabel:  domain hash size = 128
Apr 18 02:27:31 localhost kernel: NetLabel:  protocols = UNLABELED CIPSOv4 CALIPSO
Apr 18 02:27:31 localhost kernel: NetLabel:  unlabeled traffic allowed by default
Apr 18 02:27:31 localhost kernel: PCI: Using ACPI for IRQ routing
Apr 18 02:27:31 localhost kernel: PCI: pci_cache_line_size set to 64 bytes
Apr 18 02:27:31 localhost kernel: e820: reserve RAM buffer [mem 0x0009fc00-0x0009ffff]
Apr 18 02:27:31 localhost kernel: e820: reserve RAM buffer [mem 0xbffe9000-0xbfffffff]
Apr 18 02:27:31 localhost kernel: e820: reserve RAM buffer [mem 0x429a00000-0x42bffffff]
Apr 18 02:27:31 localhost kernel: pci 0000:00:03.0: vgaarb: setting as boot VGA device
Apr 18 02:27:31 localhost kernel: pci 0000:00:03.0: vgaarb: bridge control possible
Apr 18 02:27:31 localhost kernel: pci 0000:00:03.0: vgaarb: VGA device added: decodes=io+mem,owns=io+mem,locks=none
Apr 18 02:27:31 localhost kernel: vgaarb: loaded
Apr 18 02:27:31 localhost kernel: hpet0: at MMIO 0xfed00000, IRQs 2, 8, 0, 0, 0, 0, 0, 0
Apr 18 02:27:31 localhost kernel: hpet0: 8 comparators, 32-bit 62.500000 MHz counter
Apr 18 02:27:31 localhost kernel: clocksource: Switched to clocksource kvm-clock
Apr 18 02:27:31 localhost kernel: VFS: Disk quotas dquot_6.6.0
Apr 18 02:27:31 localhost kernel: VFS: Dquot-cache hash table entries: 512 (order 0, 4096 bytes)
Apr 18 02:27:31 localhost kernel: pnp: PnP ACPI init
Apr 18 02:27:31 localhost kernel: pnp: PnP ACPI: found 5 devices
Apr 18 02:27:31 localhost kernel: clocksource: acpi_pm: mask: 0xffffff max_cycles: 0xffffff, max_idle_ns: 2085701024 ns
Apr 18 02:27:31 localhost kernel: NET: Registered PF_INET protocol family
Apr 18 02:27:31 localhost kernel: IP idents hash table entries: 262144 (order: 9, 2097152 bytes, linear)
Apr 18 02:27:31 localhost kernel: tcp_listen_portaddr_hash hash table entries: 8192 (order: 5, 131072 bytes, linear)
Apr 18 02:27:31 localhost kernel: Table-perturb hash table entries: 65536 (order: 6, 262144 bytes, linear)
Apr 18 02:27:31 localhost kernel: TCP established hash table entries: 131072 (order: 8, 1048576 bytes, linear)
Apr 18 02:27:31 localhost kernel: TCP bind hash table entries: 65536 (order: 8, 1048576 bytes, linear)
Apr 18 02:27:31 localhost kernel: TCP: Hash tables configured (established 131072 bind 65536)
Apr 18 02:27:31 localhost kernel: MPTCP token hash table entries: 16384 (order: 6, 393216 bytes, linear)
Apr 18 02:27:31 localhost kernel: UDP hash table entries: 8192 (order: 6, 262144 bytes, linear)
Apr 18 02:27:31 localhost kernel: UDP-Lite hash table entries: 8192 (order: 6, 262144 bytes, linear)
Apr 18 02:27:31 localhost kernel: NET: Registered PF_UNIX/PF_LOCAL protocol family
Apr 18 02:27:31 localhost kernel: NET: Registered PF_XDP protocol family
Apr 18 02:27:31 localhost kernel: pci_bus 0000:00: resource 4 [io  0x0000-0x0cf7 window]
Apr 18 02:27:31 localhost kernel: pci_bus 0000:00: resource 5 [io  0x0d00-0xffff window]
Apr 18 02:27:31 localhost kernel: pci_bus 0000:00: resource 6 [mem 0x000a0000-0x000bffff window]
Apr 18 02:27:31 localhost kernel: pci_bus 0000:00: resource 7 [mem 0xc0000000-0xfebfffff window]
Apr 18 02:27:31 localhost kernel: pci_bus 0000:00: resource 8 [mem 0x440000000-0x20043fffffff window]
Apr 18 02:27:31 localhost kernel: pci 0000:00:00.0: Limiting direct PCI/PCI transfers
Apr 18 02:27:31 localhost kernel: PCI: CLS 0 bytes, default 64
Apr 18 02:27:31 localhost kernel: PCI-DMA: Using software bounce buffering for IO (SWIOTLB)
Apr 18 02:27:31 localhost kernel: Trying to unpack rootfs image as initramfs...
Apr 18 02:27:31 localhost kernel: software IO TLB: mapped [mem 0x00000000bbfe9000-0x00000000bffe9000] (64MB)
Apr 18 02:27:31 localhost kernel: ACPI: bus type thunderbolt registered
Apr 18 02:27:31 localhost kernel: clocksource: tsc: mask: 0xffffffffffffffff max_cycles: 0x2632b1f2a2c, max_idle_ns: 440795334623 ns
Apr 18 02:27:31 localhost kernel: clocksource: Switched to clocksource tsc
Apr 18 02:27:31 localhost kernel: Initialise system trusted keyrings
Apr 18 02:27:31 localhost kernel: Key type blacklist registered
Apr 18 02:27:31 localhost kernel: workingset: timestamp_bits=36 max_order=22 bucket_order=0
Apr 18 02:27:31 localhost kernel: zbud: loaded
Apr 18 02:27:31 localhost kernel: integrity: Platform Keyring initialized
Apr 18 02:27:31 localhost kernel: integrity: Machine keyring initialized
Apr 18 02:27:31 localhost kernel: NET: Registered PF_ALG protocol family
Apr 18 02:27:31 localhost kernel: xor: automatically using best checksumming function   avx       
Apr 18 02:27:31 localhost kernel: Key type asymmetric registered
Apr 18 02:27:31 localhost kernel: Asymmetric key parser 'x509' registered
Apr 18 02:27:31 localhost kernel: Block layer SCSI generic (bsg) driver version 0.4 loaded (major 246)
Apr 18 02:27:31 localhost kernel: io scheduler mq-deadline registered
Apr 18 02:27:31 localhost kernel: io scheduler kyber registered
Apr 18 02:27:31 localhost kernel: io scheduler bfq registered
Apr 18 02:27:31 localhost kernel: atomic64_test: passed for x86-64 platform with CX8 and with SSE
Apr 18 02:27:31 localhost kernel: shpchp: Standard Hot Plug PCI Controller Driver version: 0.4
Apr 18 02:27:31 localhost kernel: input: Power Button as /devices/LNXSYSTM:00/LNXPWRBN:00/input/input0
Apr 18 02:27:31 localhost kernel: ACPI: button: Power Button [PWRF]
Apr 18 02:27:31 localhost kernel: input: Sleep Button as /devices/LNXSYSTM:00/LNXSLPBN:00/input/input1
Apr 18 02:27:31 localhost kernel: ACPI: button: Sleep Button [SLPF]
Apr 18 02:27:31 localhost kernel: Serial: 8250/16550 driver, 4 ports, IRQ sharing enabled
Apr 18 02:27:31 localhost kernel: 00:04: ttyS0 at I/O 0x3f8 (irq = 4, base_baud = 115200) is a 16550A
Apr 18 02:27:31 localhost kernel: Non-volatile memory driver v1.3
Apr 18 02:27:31 localhost kernel: rdac: device handler registered
Apr 18 02:27:31 localhost kernel: hp_sw: device handler registered
Apr 18 02:27:31 localhost kernel: emc: device handler registered
Apr 18 02:27:31 localhost kernel: alua: device handler registered
Apr 18 02:27:31 localhost kernel: usbcore: registered new interface driver usbserial_generic
Apr 18 02:27:31 localhost kernel: usbserial: USB Serial support registered for generic
Apr 18 02:27:31 localhost kernel: i8042: PNP: PS/2 Controller [PNP0303:KBD,PNP0f13:MOU] at 0x60,0x64 irq 1,12
Apr 18 02:27:31 localhost kernel: i8042: Warning: Keylock active
Apr 18 02:27:31 localhost kernel: serio: i8042 KBD port at 0x60,0x64 irq 1
Apr 18 02:27:31 localhost kernel: serio: i8042 AUX port at 0x60,0x64 irq 12
Apr 18 02:27:31 localhost kernel: mousedev: PS/2 mouse device common for all mice
Apr 18 02:27:31 localhost kernel: rtc_cmos 00:00: RTC can wake from S4
Apr 18 02:27:31 localhost kernel: rtc_cmos 00:00: registered as rtc0
Apr 18 02:27:31 localhost kernel: rtc_cmos 00:00: setting system clock to 2026-04-18T02:27:30 UTC (1776479250)
Apr 18 02:27:31 localhost kernel: rtc_cmos 00:00: alarms up to one day, 114 bytes nvram
Apr 18 02:27:31 localhost kernel: amd_pstate: the _CPC object is not present in SBIOS or ACPI disabled
Apr 18 02:27:31 localhost kernel: hid: raw HID events driver (C) Jiri Kosina
Apr 18 02:27:31 localhost kernel: usbcore: registered new interface driver usbhid
Apr 18 02:27:31 localhost kernel: usbhid: USB HID core driver
Apr 18 02:27:31 localhost kernel: drop_monitor: Initializing network drop monitor service
Apr 18 02:27:31 localhost kernel: Initializing XFRM netlink socket
Apr 18 02:27:31 localhost kernel: NET: Registered PF_INET6 protocol family
Apr 18 02:27:31 localhost kernel: Freeing initrd memory: 104440K
Apr 18 02:27:31 localhost kernel: Segment Routing with IPv6
Apr 18 02:27:31 localhost kernel: NET: Registered PF_PACKET protocol family
Apr 18 02:27:31 localhost kernel: mpls_gso: MPLS GSO support
Apr 18 02:27:31 localhost kernel: IPI shorthand broadcast: enabled
Apr 18 02:27:31 localhost kernel: AVX2 version of gcm_enc/dec engaged.
Apr 18 02:27:31 localhost kernel: AES CTR mode by8 optimization enabled
Apr 18 02:27:31 localhost kernel: sched_clock: Marking stable (1319644017, 778644718)->(2293774420, -195485685)
Apr 18 02:27:31 localhost kernel: registered taskstats version 1
Apr 18 02:27:31 localhost kernel: Loading compiled-in X.509 certificates
Apr 18 02:27:31 localhost kernel: Loaded X.509 cert 'Red Hat Enterprise Linux kernel signing key: 3ba64897409f8d4ee6ff650f676f1862b65cae9b'
Apr 18 02:27:31 localhost kernel: Loaded X.509 cert 'Red Hat Enterprise Linux Driver Update Program (key 3): bf57f3e87362bc7229d9f465321773dfd1f77a80'
Apr 18 02:27:31 localhost kernel: Loaded X.509 cert 'Red Hat Enterprise Linux kpatch signing key: 4d38fd864ebe18c5f0b72e3852e2014c3a676fc8'
Apr 18 02:27:31 localhost kernel: Loaded X.509 cert 'RH-IMA-CA: Red Hat IMA CA: fb31825dd0e073685b264e3038963673f753959a'
Apr 18 02:27:31 localhost kernel: Loaded X.509 cert 'Nvidia GPU OOT signing 001: 55e1cef88193e60419f0b0ec379c49f77545acf0'
Apr 18 02:27:31 localhost kernel: Demotion targets for Node 0: null
Apr 18 02:27:31 localhost kernel: page_owner is disabled
Apr 18 02:27:31 localhost kernel: Key type .fscrypt registered
Apr 18 02:27:31 localhost kernel: Key type fscrypt-provisioning registered
Apr 18 02:27:31 localhost kernel: Key type big_key registered
Apr 18 02:27:31 localhost kernel: Key type encrypted registered
Apr 18 02:27:31 localhost kernel: ima: No TPM chip found, activating TPM-bypass!
Apr 18 02:27:31 localhost kernel: Loading compiled-in module X.509 certificates
Apr 18 02:27:31 localhost kernel: Loaded X.509 cert 'Red Hat Enterprise Linux kernel signing key: 3ba64897409f8d4ee6ff650f676f1862b65cae9b'
Apr 18 02:27:31 localhost kernel: ima: Allocated hash algorithm: sha256
Apr 18 02:27:31 localhost kernel: ima: No architecture policies found
Apr 18 02:27:31 localhost kernel: evm: Initialising EVM extended attributes:
Apr 18 02:27:31 localhost kernel: evm: security.selinux
Apr 18 02:27:31 localhost kernel: evm: security.SMACK64 (disabled)
Apr 18 02:27:31 localhost kernel: evm: security.SMACK64EXEC (disabled)
Apr 18 02:27:31 localhost kernel: evm: security.SMACK64TRANSMUTE (disabled)
Apr 18 02:27:31 localhost kernel: evm: security.SMACK64MMAP (disabled)
Apr 18 02:27:31 localhost kernel: evm: security.apparmor (disabled)
Apr 18 02:27:31 localhost kernel: evm: security.ima
Apr 18 02:27:31 localhost kernel: evm: security.capability
Apr 18 02:27:31 localhost kernel: evm: HMAC attrs: 0x1
Apr 18 02:27:31 localhost kernel: input: AT Translated Set 2 keyboard as /devices/platform/i8042/serio0/input/input2
Apr 18 02:27:31 localhost kernel: Running certificate verification RSA selftest
Apr 18 02:27:31 localhost kernel: Loaded X.509 cert 'Certificate verification self-testing key: f58703bb33ce1b73ee02eccdee5b8817518fe3db'
Apr 18 02:27:31 localhost kernel: Running certificate verification ECDSA selftest
Apr 18 02:27:31 localhost kernel: Loaded X.509 cert 'Certificate verification ECDSA self-testing key: 2900bcea1deb7bc8479a84a23d758efdfdd2b2d3'
Apr 18 02:27:31 localhost kernel: clk: Disabling unused clocks
Apr 18 02:27:31 localhost kernel: Freeing unused decrypted memory: 2028K
Apr 18 02:27:31 localhost kernel: Freeing unused kernel image (initmem) memory: 4052K
Apr 18 02:27:31 localhost kernel: Write protecting the kernel read-only data: 30720k
Apr 18 02:27:31 localhost kernel: Freeing unused kernel image (rodata/data gap) memory: 676K
Apr 18 02:27:31 localhost kernel: x86/mm: Checked W+X mappings: passed, no W+X pages found.
Apr 18 02:27:31 localhost kernel: Run /init as init process
Apr 18 02:27:31 localhost kernel:   with arguments:
Apr 18 02:27:31 localhost kernel:     /init
Apr 18 02:27:31 localhost kernel:   with environment:
Apr 18 02:27:31 localhost kernel:     HOME=/
Apr 18 02:27:31 localhost kernel:     TERM=linux
Apr 18 02:27:31 localhost kernel:     BOOT_IMAGE=(hd0,gpt3)/boot/ostree/rhcos-51c77ffa2c1c0968abd5b430b98d71f3df0ec76d1bd99613c484f15bfac5a4ad/vmlinuz-5.14.0-570.74.1.el9_6.x86_64
Apr 18 02:27:31 localhost kernel:     ostree=/ostree/boot.1/rhcos/51c77ffa2c1c0968abd5b430b98d71f3df0ec76d1bd99613c484f15bfac5a4ad/0
Apr 18 02:27:31 localhost systemd-journald[331]: Journal started
Apr 18 02:27:31 localhost systemd-journald[331]: Runtime Journal (/run/log/journal/ec237f55eafd4a55ea55a816e50a0a97) is 8.0M, max 312.7M, 304.7M free.
Apr 18 02:27:31 localhost systemd-journald[331]: Missed 37 kernel messages
Apr 18 02:27:31 localhost kernel: fuse: init (API version 7.37)
Apr 18 02:27:31 localhost systemd-modules-load[332]: Inserted module 'fuse'
Apr 18 02:27:31 localhost systemd-modules-load[332]: Module 'msr' is built in
Apr 18 02:27:31 localhost systemd[1]: Finished Afterburn Initrd Setup Network Kernel Arguments.
Apr 18 02:27:31 localhost systemd-modules-load[328]: Inserted module 'ib_ipoib'
Apr 18 02:27:31 localhost systemd-modules-load[328]: Inserted module 'ib_umad'
Apr 18 02:27:31 localhost systemd-journald[331]: Missed 7 kernel messages
Apr 18 02:27:31 localhost kernel: Loading iSCSI transport class v2.0-870.
Apr 18 02:27:31 localhost systemd-modules-load[329]: Inserted module 'ib_iser'
Apr 18 02:27:31 localhost kernel: iscsi: registered transport (iser)
Apr 18 02:27:31 localhost systemd-journald[331]: Missed 1 kernel messages
Apr 18 02:27:31 localhost kernel: Rounding down aligned max_sectors from 4294967295 to 4294967288
Apr 18 02:27:31 localhost kernel: db_root: cannot open: /etc/target
Apr 18 02:27:31 localhost systemd-modules-load[329]: Inserted module 'ib_isert'
Apr 18 02:27:31 localhost systemd-modules-load[329]: Inserted module 'ib_srpt'
Apr 18 02:27:31 localhost systemd-modules-load[329]: Inserted module 'ib_uverbs'
Apr 18 02:27:31 localhost systemd[1]: Finished CoreOS: Touch /run/agetty.reload.
Apr 18 02:27:31 localhost systemd[1]: Finished Create List of Static Device Nodes.
Apr 18 02:27:31 localhost systemd-modules-load[329]: Inserted module 'rdma_ucm'
Apr 18 02:27:31 localhost systemd[1]: Finished Load RDMA modules from /etc/rdma/modules/infiniband.conf.
Apr 18 02:27:31 localhost systemd[1]: Finished Load RDMA modules from /etc/rdma/modules/roce.conf.
Apr 18 02:27:31 localhost systemd-journald[331]: Missed 8 kernel messages
Apr 18 02:27:31 localhost kernel: input: ImPS/2 Generic Wheel Mouse as /devices/platform/i8042/serio1/input/input4
Apr 18 02:27:31 localhost systemd[1]: Finished Load Kernel Modules.
Apr 18 02:27:31 localhost systemd[1]: Finished Setup Virtual Console.
Apr 18 02:27:31 localhost systemd[1]: Starting dracut ask for additional cmdline parameters...
Apr 18 02:27:31 localhost systemd[1]: Starting Apply Kernel Variables...
Apr 18 02:27:31 localhost systemd[1]: Finished Apply Kernel Variables.
Apr 18 02:27:31 localhost systemd-sysusers[337]: Creating group 'root' with GID 991.
Apr 18 02:27:31 localhost systemd[1]: Finished Create System Users.
Apr 18 02:27:31 localhost systemd-journald[331]: Missed 6 kernel messages
Apr 18 02:27:31 localhost kernel: RPC: Registered named UNIX socket transport module.
Apr 18 02:27:31 localhost systemd-journald[331]: Missed 1 kernel messages
Apr 18 02:27:31 localhost kernel: RPC: Registered udp transport module.
Apr 18 02:27:31 localhost kernel: RPC: Registered tcp transport module.
Apr 18 02:27:31 localhost kernel: RPC: Registered tcp-with-tls transport module.
Apr 18 02:27:31 localhost kernel: RPC: Registered tcp NFSv4.1 backchannel transport module.
Apr 18 02:27:31 localhost systemd[1]: Finished dracut ask for additional cmdline parameters.
Apr 18 02:27:31 localhost systemd[1]: Starting dracut cmdline hook...
Apr 18 02:27:31 localhost systemd[1]: Starting Create Static Device Nodes in /dev...
Apr 18 02:27:31 localhost systemd[1]: Starting Create Volatile Files and Directories...
Apr 18 02:27:31 localhost systemd-journald[331]: Missed 4 kernel messages
Apr 18 02:27:31 localhost kernel: RPC: Registered rdma transport module.
Apr 18 02:27:31 localhost kernel: RPC: Registered rdma backchannel transport module.
Apr 18 02:27:31 localhost dracut-cmdline[365]: dracut-9.6.20251212-1 (Plow) dracut-057-89.git20250311.el9_6
Apr 18 02:27:31 localhost systemd-modules-load[329]: Inserted module 'rpcrdma'
Apr 18 02:27:31 localhost dracut-cmdline[365]: Using kernel command line parameters:  ip=auto   BOOT_IMAGE=(hd0,gpt3)/boot/ostree/rhcos-51c77ffa2c1c0968abd5b430b98d71f3df0ec76d1bd99613c484f15bfac5a4ad/vmlinuz-5.14.0-570.74.1.el9_6.x86_64 rw ignition.firstboot ostree=/ostree/boot.1/rhcos/51c77ffa2c1c0968abd5b430b98d71f3df0ec76d1bd99613c484f15bfac5a4ad/0 ignition.platform.id=aws console=tty0 console=ttyS0,115200n8
Apr 18 02:27:31 localhost systemd[1]: Finished Load RDMA modules from /etc/rdma/modules/rdma.conf.
Apr 18 02:27:31 localhost systemd[1]: Reached target Preparation for Network.
Apr 18 02:27:31 localhost systemd[1]: Finished Create Static Device Nodes in /dev.
Apr 18 02:27:31 localhost systemd[1]: Finished Create Volatile Files and Directories.
Apr 18 02:27:31 localhost systemd-journald[331]: Missed 7 kernel messages
Apr 18 02:27:31 localhost kernel: iscsi: registered transport (tcp)
Apr 18 02:27:31 localhost kernel: Warning: Deprecated Driver is detected: qla4xxx will not be maintained in a future major release and may be disabled
Apr 18 02:27:31 localhost kernel: iscsi: registered transport (qla4xxx)
Apr 18 02:27:31 localhost kernel: QLogic iSCSI HBA Driver
Apr 18 02:27:31 localhost kernel: libcxgbi:libcxgbi_init_module: Chelsio iSCSI driver library libcxgbi v0.9.1-ko (Apr. 2015)
Apr 18 02:27:31 localhost kernel: Chelsio T4-T6 iSCSI Driver cxgb4i v0.9.5-ko (Apr. 2015)
Apr 18 02:27:31 localhost kernel: iscsi: registered transport (cxgb4i)
Apr 18 02:27:31 localhost kernel: Warning: Deprecated Driver is detected: cnic will not be maintained in a future major release and may be disabled
Apr 18 02:27:32 localhost kernel: cnic: QLogic cnicDriver v2.5.22 (July 20, 2015)
Apr 18 02:27:32 localhost kernel: Warning: Deprecated Driver is detected: bnx2i will not be maintained in a future major release and may be disabled
Apr 18 02:27:32 localhost kernel: QLogic NetXtreme II iSCSI Driver bnx2i v2.7.10.1 (Jul 16, 2014)
Apr 18 02:27:32 localhost kernel: iscsi: registered transport (bnx2i)
Apr 18 02:27:32 localhost kernel: iscsi: registered transport (be2iscsi)
Apr 18 02:27:32 localhost kernel: In beiscsi_module_init, tt=00000000d468c4b0
Apr 18 02:27:32 localhost systemd[1]: Finished dracut cmdline hook.
Apr 18 02:27:32 localhost systemd[1]: Starting dracut pre-udev hook...
Apr 18 02:27:32 localhost systemd-journald[331]: Missed 2 kernel messages
Apr 18 02:27:32 localhost kernel: device-mapper: core: CONFIG_IMA_DISABLE_HTABLE is disabled. Duplicate IMA measurements will not be recorded in the IMA log.
Apr 18 02:27:32 localhost kernel: device-mapper: uevent: version 1.0.3
Apr 18 02:27:32 localhost kernel: device-mapper: ioctl: 4.48.1-ioctl (2025-04-28) initialised: dm-devel@lists.linux.dev
Apr 18 02:27:32 localhost systemd[1]: Finished dracut pre-udev hook.
Apr 18 02:27:32 localhost systemd[1]: Starting Rule-based Manager for Device Events and Files...
Apr 18 02:27:32 localhost systemd-udevd[553]: Using default interface naming scheme 'rhel-9.0'.
Apr 18 02:27:32 localhost systemd[1]: Started Rule-based Manager for Device Events and Files.
Apr 18 02:27:32 localhost systemd[1]: Starting dracut pre-trigger hook...
Apr 18 02:27:32 localhost dracut-pre-trigger[561]: rd.md=0: removing MD RAID activation
Apr 18 02:27:32 localhost systemd[1]: Finished dracut pre-trigger hook.
Apr 18 02:27:32 localhost systemd[1]: Starting Coldplug All udev Devices...
Apr 18 02:27:32 localhost systemd[1]: sys-module-fuse.device: Failed to enqueue SYSTEMD_WANTS= job, ignoring: Unit sys-fs-fuse-connections.mount not found.
Apr 18 02:27:32 localhost systemd[1]: Finished Coldplug All udev Devices.
Apr 18 02:27:32 localhost systemd[1]: Starting Wait for udev To Complete Device Initialization...
Apr 18 02:27:32 localhost udevadm[603]: systemd-udev-settle.service is deprecated. Please fix multipathd-configure.service, multipathd.service not to pull it in.
Apr 18 02:27:32 localhost systemd-journald[331]: Missed 12 kernel messages
Apr 18 02:27:32 localhost kernel: ena 0000:00:05.0: ENA device version: 0.10
Apr 18 02:27:32 localhost kernel: ena 0000:00:05.0: ENA controller version: 0.0.1 implementation version 1
Apr 18 02:27:32 localhost kernel: nvme nvme0: pci function 0000:00:04.0
Apr 18 02:27:32 localhost kernel: ACPI: \_SB_.LNKD: Enabled at IRQ 11
Apr 18 02:27:32 localhost kernel: ena 0000:00:05.0: Elastic Network Adapter (ENA) found at mem febf4000, mac addr 06:ca:d7:1e:39:ff
Apr 18 02:27:32 localhost kernel: nvme nvme0: 2/0/0 default/read/poll queues
Apr 18 02:27:32 localhost kernel: GPT:Primary header thinks Alt. header is not at the end of the disk.
Apr 18 02:27:32 localhost kernel: GPT:6791167 != 251658239
Apr 18 02:27:32 localhost kernel: GPT:Alternate GPT header not at the end of the disk.
Apr 18 02:27:32 localhost kernel: GPT:6791167 != 251658239
Apr 18 02:27:32 localhost kernel: GPT: Use GNU Parted to correct GPT errors.
Apr 18 02:27:32 localhost kernel:  nvme0n1: p1 p2 p3 p4
Apr 18 02:27:32 localhost kernel: ena 0000:00:05.0 ens5: renamed from eth0
Apr 18 02:27:32 localhost systemd[1]: Found device Amazon Elastic Block Store boot.
Apr 18 02:27:32 localhost systemd[1]: Found device Amazon Elastic Block Store root.
Apr 18 02:27:32 localhost systemd[1]: Starting CoreOS Ignition User Config Setup...
Apr 18 02:27:32 localhost systemd[1]: Starting CoreOS Ensure Unique Boot Filesystem Label...
Apr 18 02:27:32 localhost systemd[1]: Finished Wait for udev To Complete Device Initialization.
Apr 18 02:27:32 localhost systemd[1]: Device-Mapper Multipath Default Configuration was skipped because of an unmet condition check (ConditionKernelCommandLine=rd.multipath=default).
Apr 18 02:27:32 localhost systemd[1]: Device-Mapper Multipath Device Controller was skipped because of an unmet condition check (ConditionPathExists=/etc/multipath.conf).
Apr 18 02:27:32 localhost systemd[1]: Reached target Preparation for Local File Systems.
Apr 18 02:27:32 localhost systemd[1]: Reached target Local File Systems.
Apr 18 02:27:32 localhost systemd[1]: Reached target System Initialization.
Apr 18 02:27:32 localhost systemd[1]: Reached target Basic System.
Apr 18 02:27:32 localhost systemd[1]: Persist Osmet Files (ISO) was skipped because of an unmet condition check (ConditionKernelCommandLine=coreos.liveiso).
Apr 18 02:27:32 localhost systemd[1]: Finished CoreOS Ensure Unique Boot Filesystem Label.
Apr 18 02:27:32 localhost systemd-journald[331]: Missed 13 kernel messages
Apr 18 02:27:32 localhost kernel: EXT4-fs (nvme0n1p3): mounted filesystem 96d15588-3596-4b3c-adca-a2ff7279ea63 ro with ordered data mode. Quota mode: none.
Apr 18 02:27:32 localhost coreos-ignition-setup-user[642]: File /mnt/boot_partition/ignition/config.ign does not exist.. Skipping copy
Apr 18 02:27:32 localhost systemd-journald[331]: Missed 1 kernel messages
Apr 18 02:27:32 localhost kernel: EXT4-fs (nvme0n1p3): unmounting filesystem 96d15588-3596-4b3c-adca-a2ff7279ea63.
Apr 18 02:27:32 localhost systemd[1]: Finished CoreOS Ignition User Config Setup.
Apr 18 02:27:32 localhost systemd[1]: Starting Ignition (fetch-offline)...
Apr 18 02:27:32 localhost ignition[653]: Ignition 2.21.0
Apr 18 02:27:32 localhost systemd[1]: Finished Ignition (fetch-offline).
Apr 18 02:27:32 localhost ignition[653]: Stage: fetch-offline
Apr 18 02:27:32 localhost ignition[653]: reading system config file "/usr/lib/ignition/base.d/00-core.ign"
Apr 18 02:27:32 localhost ignition[653]: parsing config with SHA512: ff6a5153be363997e4d5d3ea8cc4048373a457c48c4a5b134a08a30aacd167c1e0f099f0bdf1e24c99ad180628cd02b767b863b5fe3a8fce3fe1886847eb8e2e
Apr 18 02:27:32 localhost ignition[653]: no config dir at "/usr/lib/ignition/base.platform.d/aws"
Apr 18 02:27:32 localhost ignition[653]: Ignition finished successfully
Apr 18 02:27:33 localhost systemd[1]: Starting CoreOS Enable Network...
Apr 18 02:27:33 localhost systemd[1]: Finished CoreOS Enable Network.
Apr 18 02:27:33 localhost systemd[1]: Starting Copy CoreOS Firstboot Networking Config...
Apr 18 02:27:33 localhost systemd-journald[331]: Missed 11 kernel messages
Apr 18 02:27:33 localhost kernel: EXT4-fs (nvme0n1p3): mounted filesystem 96d15588-3596-4b3c-adca-a2ff7279ea63 ro with ordered data mode. Quota mode: none.
Apr 18 02:27:33 localhost coreos-copy-firstboot-network[686]: info: no files to copy from /mnt/boot_partition/coreos-firstboot-network; skipping
Apr 18 02:27:33 localhost kernel: EXT4-fs (nvme0n1p3): unmounting filesystem 96d15588-3596-4b3c-adca-a2ff7279ea63.
Apr 18 02:27:33 localhost systemd[1]: Finished Copy CoreOS Firstboot Networking Config.
Apr 18 02:27:33 localhost systemd[1]: Starting Generate New UUID For Boot Disk GPT...
Apr 18 02:27:33 localhost systemd[1]: Starting nm-initrd.service...
Apr 18 02:27:33 localhost coreos-gpt-setup[694]: Randomizing disk GUID
Apr 18 02:27:33 localhost systemd-journald[331]: Missed 5 kernel messages
Apr 18 02:27:33 localhost kernel: GPT:Primary header thinks Alt. header is not at the end of the disk.
Apr 18 02:27:33 localhost kernel: GPT:6791167 != 251658239
Apr 18 02:27:33 localhost kernel: GPT:Alternate GPT header not at the end of the disk.
Apr 18 02:27:33 localhost kernel: GPT:6791167 != 251658239
Apr 18 02:27:33 localhost kernel: GPT: Use GNU Parted to correct GPT errors.
Apr 18 02:27:33 localhost kernel:  nvme0n1: p1 p2 p3 p4
Apr 18 02:27:33 localhost kernel:  nvme0n1: p1 p2 p3 p4
Apr 18 02:27:33 localhost NetworkManager[697]: <info>  [1776479253.3033] NetworkManager (version 1.52.0-9.el9_6) is starting... (boot:4d8fb85e-4b6e-4944-86bb-8f7e9fb4eb4d)
Apr 18 02:27:33 localhost NetworkManager[697]: <info>  [1776479253.3034] Read config: /etc/NetworkManager/NetworkManager.conf, /usr/lib/NetworkManager/conf.d/initrd-no-auto-default.conf, /run/NetworkManager/conf.d/15-carrier-timeout.conf
Apr 18 02:27:33 localhost systemd[1]: Starting D-Bus System Message Bus...
Apr 18 02:27:33 localhost dbus-broker-launch[706]: Looking up NSS user entry for 'dbus'...
Apr 18 02:27:33 localhost dbus-broker-launch[706]: NSS returned NAME 'dbus' and UID '81'
Apr 18 02:27:33 localhost systemd[1]: Started D-Bus System Message Bus.
Apr 18 02:27:33 localhost dbus-broker-lau[706]: Ready
Apr 18 02:27:33 localhost.localdomain NetworkManager[697]: <info>  [1776479253.3457] manager[0x557f3c182090]: monitoring kernel firmware directory '/lib/firmware'.
Apr 18 02:27:33 localhost.localdomain NetworkManager[697]: <info>  [1776479253.3491] hostname: hostname: couldn't get property from hostnamed
Apr 18 02:27:33 localhost.localdomain NetworkManager[697]: <info>  [1776479253.3495] dns-mgr: init: dns=default,systemd-resolved rc-manager=symlink (auto)
Apr 18 02:27:33 localhost.localdomain NetworkManager[697]: <info>  [1776479253.3496] policy: set-hostname: set hostname to 'localhost.localdomain' (no hostname found)
Apr 18 02:27:33 localhost.localdomain NetworkManager[697]: <info>  [1776479253.3721] manager[0x557f3c182090]: rfkill: Wi-Fi hardware radio set enabled
Apr 18 02:27:33 localhost.localdomain NetworkManager[697]: <info>  [1776479253.3722] manager[0x557f3c182090]: rfkill: WWAN hardware radio set enabled
Apr 18 02:27:33 localhost.localdomain NetworkManager[697]: <info>  [1776479253.3741] Loaded device plugin: NMTeamFactory (/usr/lib64/NetworkManager/1.52.0-9.el9_6/libnm-device-plugin-team.so)
Apr 18 02:27:33 localhost.localdomain NetworkManager[697]: <info>  [1776479253.3741] manager: rfkill: Wi-Fi enabled by radio killswitch; enabled by state file
Apr 18 02:27:33 ip-10-0-49-168 NetworkManager[697]: <info>  [1776479253.3741] manager: rfkill: WWAN enabled by radio killswitch; enabled by state file
Apr 18 02:27:33 ip-10-0-49-168 NetworkManager[697]: <info>  [1776479253.3742] manager: Networking is enabled by state file
Apr 18 02:27:33 ip-10-0-49-168 NetworkManager[697]: <info>  [1776479253.3743] settings: Loaded settings plugin: keyfile (internal)
Apr 18 02:27:33 ip-10-0-49-168 NetworkManager[697]: <info>  [1776479253.3746] settings: Loaded settings plugin: ifcfg-rh ("/usr/lib64/NetworkManager/1.52.0-9.el9_6/libnm-settings-plugin-ifcfg-rh.so")
Apr 18 02:27:33 ip-10-0-49-168 NetworkManager[697]: <info>  [1776479253.3759] dhcp: init: Using DHCP client 'internal'
Apr 18 02:27:33 ip-10-0-49-168 NetworkManager[697]: <info>  [1776479253.3761] manager: (lo): new Loopback device (/org/freedesktop/NetworkManager/Devices/1)
Apr 18 02:27:33 ip-10-0-49-168 NetworkManager[697]: <info>  [1776479253.3770] device (lo): state change: unmanaged -> unavailable (reason 'connection-assumed', managed-type: 'external')
Apr 18 02:27:33 ip-10-0-49-168 NetworkManager[697]: <info>  [1776479253.3774] device (lo): state change: unavailable -> disconnected (reason 'connection-assumed', managed-type: 'external')
Apr 18 02:27:33 ip-10-0-49-168 NetworkManager[697]: <info>  [1776479253.3779] device (lo): Activation: starting connection 'lo' (f3245eb2-25cc-46e6-82a2-15c0bcddf3e2)
Apr 18 02:27:33 ip-10-0-49-168 NetworkManager[697]: <info>  [1776479253.3786] manager: (ens5): new Ethernet device (/org/freedesktop/NetworkManager/Devices/2)
Apr 18 02:27:33 ip-10-0-49-168 NetworkManager[697]: <info>  [1776479253.3788] device (ens5): state change: unmanaged -> unavailable (reason 'managed', managed-type: 'external')
Apr 18 02:27:33 ip-10-0-49-168 systemd[1]: Started nm-initrd.service.
Apr 18 02:27:33 ip-10-0-49-168 NetworkManager[697]: <info>  [1776479253.3915] bus-manager: acquired D-Bus service "org.freedesktop.NetworkManager"
Apr 18 02:27:33 ip-10-0-49-168 NetworkManager[697]: <info>  [1776479253.3918] device (lo): state change: disconnected -> prepare (reason 'none', managed-type: 'external')
Apr 18 02:27:33 ip-10-0-49-168 NetworkManager[697]: <info>  [1776479253.3920] device (lo): state change: prepare -> config (reason 'none', managed-type: 'external')
Apr 18 02:27:33 ip-10-0-49-168 NetworkManager[697]: <info>  [1776479253.3921] device (lo): state change: config -> ip-config (reason 'none', managed-type: 'external')
Apr 18 02:27:33 ip-10-0-49-168 NetworkManager[697]: <info>  [1776479253.3923] device (ens5): carrier: link connected
Apr 18 02:27:33 ip-10-0-49-168 NetworkManager[697]: <warn>  [1776479253.3924] ifcfg-rh: dbus: couldn't acquire D-Bus service: GDBus.Error:org.freedesktop.DBus.Error.AccessDenied: Request to own name refused by policy
Apr 18 02:27:33 ip-10-0-49-168 NetworkManager[697]: <info>  [1776479253.3925] device (lo): state change: ip-config -> ip-check (reason 'none', managed-type: 'external')
Apr 18 02:27:33 ip-10-0-49-168 NetworkManager[697]: <info>  [1776479253.3929] device (ens5): state change: unavailable -> disconnected (reason 'carrier-changed', managed-type: 'full')
Apr 18 02:27:33 ip-10-0-49-168 NetworkManager[697]: <info>  [1776479253.3933] policy: auto-activating connection 'Wired Connection' (5d9cd1dc-1eb9-45f3-a33c-0f5f288aed6c)
Apr 18 02:27:33 ip-10-0-49-168 NetworkManager[697]: <info>  [1776479253.3935] device (lo): state change: ip-check -> secondaries (reason 'none', managed-type: 'external')
Apr 18 02:27:33 ip-10-0-49-168 NetworkManager[697]: <info>  [1776479253.3937] device (ens5): Activation: starting connection 'Wired Connection' (5d9cd1dc-1eb9-45f3-a33c-0f5f288aed6c)
Apr 18 02:27:33 ip-10-0-49-168 NetworkManager[697]: <info>  [1776479253.3938] device (lo): state change: secondaries -> activated (reason 'none', managed-type: 'external')
Apr 18 02:27:33 ip-10-0-49-168 NetworkManager[697]: <info>  [1776479253.3941] device (lo): Activation: successful, device activated.
Apr 18 02:27:33 ip-10-0-49-168 NetworkManager[697]: <info>  [1776479253.3945] device (ens5): state change: disconnected -> prepare (reason 'none', managed-type: 'full')
Apr 18 02:27:33 ip-10-0-49-168 NetworkManager[697]: <info>  [1776479253.3947] manager: NetworkManager state is now CONNECTING
Apr 18 02:27:33 ip-10-0-49-168 ignition[716]: Ignition 2.21.0
Apr 18 02:27:33 ip-10-0-49-168 NetworkManager[697]: <info>  [1776479253.3948] device (ens5): state change: prepare -> config (reason 'none', managed-type: 'full')
Apr 18 02:27:33 ip-10-0-49-168 ignition[716]: Stage: fetch
Apr 18 02:27:33 ip-10-0-49-168 NetworkManager[697]: <info>  [1776479253.3952] device (ens5): state change: config -> ip-config (reason 'none', managed-type: 'full')
Apr 18 02:27:33 ip-10-0-49-168 ignition[716]: reading system config file "/usr/lib/ignition/base.d/00-core.ign"
Apr 18 02:27:33 ip-10-0-49-168 NetworkManager[697]: <info>  [1776479253.3955] dhcp4 (ens5): activation: beginning transaction (timeout in 90 seconds)
Apr 18 02:27:33 ip-10-0-49-168 ignition[716]: parsing config with SHA512: ff6a5153be363997e4d5d3ea8cc4048373a457c48c4a5b134a08a30aacd167c1e0f099f0bdf1e24c99ad180628cd02b767b863b5fe3a8fce3fe1886847eb8e2e
Apr 18 02:27:33 ip-10-0-49-168 NetworkManager[697]: <info>  [1776479253.4022] dhcp4 (ens5): state changed new lease, address=10.0.49.168
Apr 18 02:27:33 ip-10-0-49-168 ignition[716]: no config dir at "/usr/lib/ignition/base.platform.d/aws"
Apr 18 02:27:33 ip-10-0-49-168 systemd[1]: Reached target Network.
Apr 18 02:27:33 ip-10-0-49-168 ignition[716]: PUT http://169.254.169.254/latest/api/token: attempt #1
Apr 18 02:27:33 ip-10-0-49-168 NetworkManager[697]: <info>  [1776479253.4065] policy: set 'Wired Connection' (ens5) as default for IPv4 routing and DNS
Apr 18 02:27:33 ip-10-0-49-168 ignition[716]: PUT result: OK
Apr 18 02:27:33 ip-10-0-49-168 NetworkManager[697]: <info>  [1776479253.4066] policy: set-hostname: set hostname to 'ip-10-0-49-168' (from DHCPv4)
Apr 18 02:27:33 ip-10-0-49-168 ignition[716]: parsed url from cmdline: ""
Apr 18 02:27:33 ip-10-0-49-168 NetworkManager[697]: <info>  [1776479253.4077] device (ens5): state change: ip-config -> ip-check (reason 'none', managed-type: 'full')
Apr 18 02:27:33 ip-10-0-49-168 ignition[716]: no config URL provided
Apr 18 02:27:33 ip-10-0-49-168 NetworkManager[697]: <info>  [1776479253.4083] device (ens5): state change: ip-check -> secondaries (reason 'none', managed-type: 'full')
Apr 18 02:27:33 ip-10-0-49-168 ignition[716]: reading system config file "/usr/lib/ignition/user.ign"
Apr 18 02:27:33 ip-10-0-49-168 NetworkManager[697]: <info>  [1776479253.4085] device (ens5): state change: secondaries -> activated (reason 'none', managed-type: 'full')
Apr 18 02:27:33 ip-10-0-49-168 ignition[716]: no config at "/usr/lib/ignition/user.ign"
Apr 18 02:27:33 ip-10-0-49-168 NetworkManager[697]: <info>  [1776479253.4087] manager: NetworkManager state is now CONNECTED_SITE
Apr 18 02:27:33 ip-10-0-49-168 ignition[716]: PUT http://169.254.169.254/latest/api/token: attempt #1
Apr 18 02:27:33 ip-10-0-49-168 systemd-journald[331]: Missed 62 kernel messages
Apr 18 02:27:33 ip-10-0-49-168 kernel: Key type psk registered
Apr 18 02:27:33 ip-10-0-49-168 NetworkManager[697]: <info>  [1776479253.4089] device (ens5): Activation: successful, device activated.
Apr 18 02:27:33 ip-10-0-49-168 ignition[716]: PUT result: OK
Apr 18 02:27:33 ip-10-0-49-168 NetworkManager[697]: <info>  [1776479253.4092] manager: NetworkManager state is now CONNECTED_GLOBAL
Apr 18 02:27:33 ip-10-0-49-168 ignition[716]: GET http://169.254.169.254/2019-10-01/user-data: attempt #1
Apr 18 02:27:33 ip-10-0-49-168 NetworkManager[697]: <info>  [1776479253.4094] manager: startup complete
Apr 18 02:27:33 ip-10-0-49-168 ignition[716]: GET result: OK
Apr 18 02:27:33 ip-10-0-49-168 systemd[1]: Starting Ignition (fetch)...
Apr 18 02:27:33 ip-10-0-49-168 ignition[716]: parsing config with SHA512: 51f9f2c9a9f781f4e3d87e777b6aa36c2fbc1d009d3e1c6ec131345199263630cd5ac420de64bf655c8a96c184945649d7e24f6a914fe199f1527b61f14e1ec7
Apr 18 02:27:33 ip-10-0-49-168 systemd[1]: Starting nm-wait-online-initrd.service...
Apr 18 02:27:33 ip-10-0-49-168 ignition[716]: Adding "root-ca" to list of CAs
Apr 18 02:27:33 ip-10-0-49-168 systemd[1]: Finished nm-wait-online-initrd.service.
Apr 18 02:27:33 ip-10-0-49-168 ignition[716]: GET https://api-int.ci-ln-0mi9cpt-76ef8.aws-4.ci.openshift.org:22623/config/worker: attempt #1
Apr 18 02:27:33 ip-10-0-49-168 systemd[1]: Starting dracut initqueue hook...
Apr 18 02:27:33 ip-10-0-49-168 ignition[716]: GET result: OK
Apr 18 02:27:33 ip-10-0-49-168 ignition[716]: fetched referenced config at https://api-int.ci-ln-0mi9cpt-76ef8.aws-4.ci.openshift.org:22623/config/worker with SHA512: 1e3c8b41408f8cdef2a526f362c0264e2e8cbcb8fc09c11d37a9e21e43045ca75e03faf61e569977481cd098b3c492ea9c1491d8905134a8cdb6c36d0bd399c4
Apr 18 02:27:33 ip-10-0-49-168 ignition[716]: Adding "root-ca" to list of CAs
Apr 18 02:27:33 ip-10-0-49-168 ignition[716]: Adding "root-ca" to list of CAs
Apr 18 02:27:33 ip-10-0-49-168 ignition[716]: fetched base config from "system"
Apr 18 02:27:33 ip-10-0-49-168 ignition[716]: fetched base config from "system"
Apr 18 02:27:33 ip-10-0-49-168 ignition[716]: fetch: fetch complete
Apr 18 02:27:33 ip-10-0-49-168 ignition[716]: fetched user config from "aws"
Apr 18 02:27:33 ip-10-0-49-168 ignition[716]: fetch: fetch passed
Apr 18 02:27:33 ip-10-0-49-168 ignition[716]: fetched referenced user config from "/config/worker"
Apr 18 02:27:33 ip-10-0-49-168 ignition[716]: Ignition finished successfully
Apr 18 02:27:33 ip-10-0-49-168 systemd[1]: Finished Ignition (fetch).
Apr 18 02:27:33 ip-10-0-49-168 systemd[1]: Starting Ignition OSTree: Detect Partition Transposition...
Apr 18 02:27:33 ip-10-0-49-168 systemd[1]: Starting RHCOS Check For Legacy LUKS Configuration...
Apr 18 02:27:33 ip-10-0-49-168 systemd[1]: Finished dracut initqueue hook.
Apr 18 02:27:33 ip-10-0-49-168 systemd[1]: Finished Ignition OSTree: Detect Partition Transposition.
Apr 18 02:27:33 ip-10-0-49-168 systemd[1]: Finished RHCOS Check For Legacy LUKS Configuration.
Apr 18 02:27:33 ip-10-0-49-168 systemd[1]: Reached target Preparation for Remote File Systems.
Apr 18 02:27:33 ip-10-0-49-168 systemd[1]: Reached target Remote Encrypted Volumes.
Apr 18 02:27:33 ip-10-0-49-168 systemd[1]: Reached target Remote File Systems.
Apr 18 02:27:33 ip-10-0-49-168 systemd[1]: Acquire Live PXE rootfs Image was skipped because of an unmet condition check (ConditionPathExists=/run/ostree-live).
Apr 18 02:27:33 ip-10-0-49-168 systemd[1]: Persist Osmet Files (PXE) was skipped because of an unmet condition check (ConditionPathExists=/run/ostree-live).
Apr 18 02:27:33 ip-10-0-49-168 systemd[1]: Starting dracut pre-mount hook...
Apr 18 02:27:33 ip-10-0-49-168 systemd[1]: Finished dracut pre-mount hook.
Apr 18 02:27:34 ip-10-0-49-168 coreos-gpt-setup[699]: The operation has completed successfully.
Apr 18 02:27:34 ip-10-0-49-168 systemd-journald[331]: Missed 36 kernel messages
Apr 18 02:27:34 ip-10-0-49-168 kernel:  nvme0n1: p1 p2 p3 p4
Apr 18 02:27:34 ip-10-0-49-168 systemd[1]: Finished Generate New UUID For Boot Disk GPT.
Apr 18 02:27:34 ip-10-0-49-168 systemd[1]: Ignition OSTree: Save Partitions was skipped because of an unmet condition check (ConditionPathIsDirectory=/run/ignition-ostree-transposefs).
Apr 18 02:27:34 ip-10-0-49-168 systemd[1]: Starting Ignition OSTree: Regenerate Filesystem UUID (boot)...
Apr 18 02:27:34 ip-10-0-49-168 ignition-ostree-firstboot-uuid[811]: tune2fs 1.46.5 (30-Dec-2021)
Apr 18 02:27:34 ip-10-0-49-168 ignition-ostree-firstboot-uuid[809]: Regenerated UUID for /dev/disk/by-label/boot
Apr 18 02:27:34 ip-10-0-49-168 systemd[1]: Finished Ignition OSTree: Regenerate Filesystem UUID (boot).
Apr 18 02:27:34 ip-10-0-49-168 systemd[1]: Starting Ignition (kargs)...
Apr 18 02:27:34 ip-10-0-49-168 ignition[813]: Ignition 2.21.0
Apr 18 02:27:34 ip-10-0-49-168 ignition[813]: Stage: kargs
Apr 18 02:27:34 ip-10-0-49-168 ignition[813]: reading system config file "/usr/lib/ignition/base.d/00-core.ign"
Apr 18 02:27:34 ip-10-0-49-168 ignition[813]: parsing config with SHA512: ff6a5153be363997e4d5d3ea8cc4048373a457c48c4a5b134a08a30aacd167c1e0f099f0bdf1e24c99ad180628cd02b767b863b5fe3a8fce3fe1886847eb8e2e
Apr 18 02:27:34 ip-10-0-49-168 ignition[813]: no config dir at "/usr/lib/ignition/base.platform.d/aws"
Apr 18 02:27:34 ip-10-0-49-168 ignition[813]: PUT http://169.254.169.254/latest/api/token: attempt #1
Apr 18 02:27:34 ip-10-0-49-168 ignition[813]: PUT result: OK
Apr 18 02:27:34 ip-10-0-49-168 systemd[1]: Finished Ignition (kargs).
Apr 18 02:27:34 ip-10-0-49-168 ignition[813]: Adding "root-ca" to list of CAs
Apr 18 02:27:34 ip-10-0-49-168 ignition[813]: kargs: kargs passed
Apr 18 02:27:34 ip-10-0-49-168 ignition[813]: Ignition finished successfully
Apr 18 02:27:34 ip-10-0-49-168 systemd[1]: Starting Check for FIPS mode...
Apr 18 02:27:34 ip-10-0-49-168 rhcos-fips[821]: Found /etc/ignition-machine-config-encapsulated.json in Ignition config
Apr 18 02:27:34 ip-10-0-49-168 rhcos-fips[821]: FIPS mode not requested
Apr 18 02:27:34 ip-10-0-49-168 systemd[1]: Finished Check for FIPS mode.
Apr 18 02:27:34 ip-10-0-49-168 systemd[1]: CoreOS Kernel Arguments Reboot was skipped because of an unmet condition check (ConditionPathExists=/run/coreos-kargs-reboot).
Apr 18 02:27:34 ip-10-0-49-168 systemd[1]: Starting Ignition (disks)...
Apr 18 02:27:34 ip-10-0-49-168 ignition[844]: Ignition 2.21.0
Apr 18 02:27:34 ip-10-0-49-168 ignition[844]: Stage: disks
Apr 18 02:27:34 ip-10-0-49-168 ignition[844]: reading system config file "/usr/lib/ignition/base.d/00-core.ign"
Apr 18 02:27:34 ip-10-0-49-168 ignition[844]: parsing config with SHA512: ff6a5153be363997e4d5d3ea8cc4048373a457c48c4a5b134a08a30aacd167c1e0f099f0bdf1e24c99ad180628cd02b767b863b5fe3a8fce3fe1886847eb8e2e
Apr 18 02:27:34 ip-10-0-49-168 ignition[844]: no config dir at "/usr/lib/ignition/base.platform.d/aws"
Apr 18 02:27:34 ip-10-0-49-168 ignition[844]: PUT http://169.254.169.254/latest/api/token: attempt #1
Apr 18 02:27:34 ip-10-0-49-168 ignition[844]: PUT result: OK
Apr 18 02:27:34 ip-10-0-49-168 ignition[844]: Adding "root-ca" to list of CAs
Apr 18 02:27:34 ip-10-0-49-168 ignition[844]: disks: disks passed
Apr 18 02:27:34 ip-10-0-49-168 ignition[844]: Ignition finished successfully
Apr 18 02:27:34 ip-10-0-49-168 systemd[1]: Finished Ignition (disks).
Apr 18 02:27:34 ip-10-0-49-168 systemd[1]: Reached target Initrd Root Device.
Apr 18 02:27:34 ip-10-0-49-168 systemd[1]: Starting CoreOS Ignition Ensure Unique Boot Filesystem...
Apr 18 02:27:34 ip-10-0-49-168 systemd-journald[331]: Missed 37 kernel messages
Apr 18 02:27:34 ip-10-0-49-168 kernel:  nvme0n1: p1 p2 p3 p4
Apr 18 02:27:35 ip-10-0-49-168 systemd[1]: Finished CoreOS Ignition Ensure Unique Boot Filesystem.
Apr 18 02:27:35 ip-10-0-49-168 systemd[1]: Starting Ignition OSTree: Regenerate Filesystem UUID (root)...
Apr 18 02:27:35 ip-10-0-49-168 systemd[1]: Afterburn (Check In - from the initramfs) was skipped because of an unmet condition check (ConditionKernelCommandLine=ignition.platform.id=azure).
Apr 18 02:27:35 ip-10-0-49-168 ignition-ostree-firstboot-uuid[867]: Clearing log and setting UUID
Apr 18 02:27:35 ip-10-0-49-168 ignition-ostree-firstboot-uuid[867]: writing all SBs
Apr 18 02:27:35 ip-10-0-49-168 ignition-ostree-firstboot-uuid[867]: new UUID = 4d278a8c-e5fa-4b33-94ff-f42c9f6f0ea4
Apr 18 02:27:35 ip-10-0-49-168 ignition-ostree-firstboot-uuid[862]: Regenerated UUID for /dev/disk/by-label/root
Apr 18 02:27:35 ip-10-0-49-168 systemd[1]: Finished Ignition OSTree: Regenerate Filesystem UUID (root).
Apr 18 02:27:35 ip-10-0-49-168 systemd[1]: Starting Ignition OSTree: Grow Root Filesystem...
Apr 18 02:27:36 ip-10-0-49-168 systemd-journald[331]: Missed 9 kernel messages
Apr 18 02:27:36 ip-10-0-49-168 kernel: SGI XFS with ACLs, security attributes, scrub, quota, no debug enabled
Apr 18 02:27:36 ip-10-0-49-168 kernel: XFS (nvme0n1p4): Mounting V5 Filesystem 4d278a8c-e5fa-4b33-94ff-f42c9f6f0ea4
Apr 18 02:27:36 ip-10-0-49-168 kernel: XFS (nvme0n1p4): Ending clean mount
Apr 18 02:27:37 ip-10-0-49-168 ignition-ostree-growfs[895]: CHANGED: partition=4 start=1050624 old: size=5738496 end=6789119 new: size=250607583 end=251658206
Apr 18 02:27:37 ip-10-0-49-168 ignition-ostree-growfs[937]: Disk /dev/nvme0n1: 120 GiB, 128849018880 bytes, 251658240 sectors
Apr 18 02:27:37 ip-10-0-49-168 ignition-ostree-growfs[937]: Disk model: Amazon Elastic Block Store
Apr 18 02:27:37 ip-10-0-49-168 ignition-ostree-growfs[937]: Units: sectors of 1 * 512 = 512 bytes
Apr 18 02:27:37 ip-10-0-49-168 ignition-ostree-growfs[937]: Sector size (logical/physical): 512 bytes / 4096 bytes
Apr 18 02:27:37 ip-10-0-49-168 ignition-ostree-growfs[937]: I/O size (minimum/optimal): 4096 bytes / 4096 bytes
Apr 18 02:27:37 ip-10-0-49-168 ignition-ostree-growfs[937]: Disklabel type: gpt
Apr 18 02:27:37 ip-10-0-49-168 ignition-ostree-growfs[937]: Disk identifier: 2236E8FD-A2C8-4D52-AB2B-E6B6567A1AEB
Apr 18 02:27:37 ip-10-0-49-168 ignition-ostree-growfs[937]: Old situation:
Apr 18 02:27:37 ip-10-0-49-168 ignition-ostree-growfs[937]: Device           Start       End   Sectors   Size Type
Apr 18 02:27:37 ip-10-0-49-168 ignition-ostree-growfs[937]: /dev/nvme0n1p1    2048      4095      2048     1M BIOS boot
Apr 18 02:27:37 ip-10-0-49-168 ignition-ostree-growfs[937]: /dev/nvme0n1p2    4096    264191    260096   127M EFI System
Apr 18 02:27:37 ip-10-0-49-168 ignition-ostree-growfs[937]: /dev/nvme0n1p3  264192   1050623    786432   384M Linux filesystem
Apr 18 02:27:37 ip-10-0-49-168 ignition-ostree-growfs[937]: /dev/nvme0n1p4 1050624 251658206 250607583 119.5G Linux filesystem
Apr 18 02:27:37 ip-10-0-49-168 ignition-ostree-growfs[937]: /dev/nvme0n1p4:
Apr 18 02:27:37 ip-10-0-49-168 ignition-ostree-growfs[937]: New situation:
Apr 18 02:27:37 ip-10-0-49-168 ignition-ostree-growfs[937]: Disklabel type: gpt
Apr 18 02:27:37 ip-10-0-49-168 ignition-ostree-growfs[937]: Disk identifier: 2236E8FD-A2C8-4D52-AB2B-E6B6567A1AEB
Apr 18 02:27:37 ip-10-0-49-168 ignition-ostree-growfs[937]: Device           Start       End   Sectors   Size Type
Apr 18 02:27:37 ip-10-0-49-168 ignition-ostree-growfs[937]: /dev/nvme0n1p1    2048      4095      2048     1M BIOS boot
Apr 18 02:27:37 ip-10-0-49-168 ignition-ostree-growfs[937]: /dev/nvme0n1p2    4096    264191    260096   127M EFI System
Apr 18 02:27:37 ip-10-0-49-168 ignition-ostree-growfs[937]: /dev/nvme0n1p3  264192   1050623    786432   384M Linux filesystem
Apr 18 02:27:37 ip-10-0-49-168 ignition-ostree-growfs[937]: /dev/nvme0n1p4 1050624 251658199 250607576 119.5G Linux filesystem
Apr 18 02:27:37 ip-10-0-49-168 ignition-ostree-growfs[937]: The partition table has been altered.
Apr 18 02:27:37 ip-10-0-49-168 ignition-ostree-growfs[937]: Calling ioctl() to re-read partition table.
Apr 18 02:27:37 ip-10-0-49-168 ignition-ostree-growfs[937]: Re-reading the partition table failed.: Device or resource busy
Apr 18 02:27:37 ip-10-0-49-168 ignition-ostree-growfs[937]: The kernel still uses the old table. The new table will be used at the next reboot or after you run partprobe(8) or partx(8).
Apr 18 02:27:37 ip-10-0-49-168 ignition-ostree-growfs[937]: Syncing disks.
Apr 18 02:27:38 ip-10-0-49-168 ignition-ostree-growfs[945]: meta-data=/dev/nvme0n1p4         isize=512    agcount=2, agsize=358656 blks
Apr 18 02:27:38 ip-10-0-49-168 ignition-ostree-growfs[945]:          =                       sectsz=512   attr=2, projid32bit=1
Apr 18 02:27:38 ip-10-0-49-168 ignition-ostree-growfs[945]:          =                       crc=1        finobt=1, sparse=1, rmapbt=0
Apr 18 02:27:38 ip-10-0-49-168 ignition-ostree-growfs[945]:          =                       reflink=1    bigtime=1 inobtcount=1 nrext64=0
Apr 18 02:27:38 ip-10-0-49-168 ignition-ostree-growfs[945]: data     =                       bsize=4096   blocks=717312, imaxpct=25
Apr 18 02:27:38 ip-10-0-49-168 ignition-ostree-growfs[945]:          =                       sunit=0      swidth=0 blks
Apr 18 02:27:38 ip-10-0-49-168 ignition-ostree-growfs[945]: naming   =version 2              bsize=4096   ascii-ci=0, ftype=1
Apr 18 02:27:38 ip-10-0-49-168 ignition-ostree-growfs[945]: log      =internal log           bsize=4096   blocks=16384, version=2
Apr 18 02:27:38 ip-10-0-49-168 ignition-ostree-growfs[945]:          =                       sectsz=512   sunit=0 blks, lazy-count=1
Apr 18 02:27:38 ip-10-0-49-168 ignition-ostree-growfs[945]: realtime =none                   extsz=4096   blocks=0, rtextents=0
Apr 18 02:27:38 ip-10-0-49-168 ignition-ostree-growfs[945]: data blocks changed from 717312 to 31325947
Apr 18 02:27:38 ip-10-0-49-168 systemd-journald[331]: Missed 30 kernel messages
Apr 18 02:27:38 ip-10-0-49-168 kernel: XFS (nvme0n1p4): Unmounting Filesystem 4d278a8c-e5fa-4b33-94ff-f42c9f6f0ea4
Apr 18 02:27:38 ip-10-0-49-168 systemd[1]: Finished Ignition OSTree: Grow Root Filesystem.
Apr 18 02:27:38 ip-10-0-49-168 systemd[1]: Starting Ignition OSTree: Autosave XFS Rootfs Partition...
Apr 18 02:27:38 ip-10-0-49-168 ignition-ostree-transposefs[951]: autosave-xfs: /dev/disk/by-label/root agcount=88 is lower than threshold=400
Apr 18 02:27:38 ip-10-0-49-168 systemd[1]: Finished Ignition OSTree: Autosave XFS Rootfs Partition.
Apr 18 02:27:38 ip-10-0-49-168 systemd[1]: Ignition OSTree: Restore Partitions was skipped because of an unmet condition check (ConditionPathIsDirectory=/run/ignition-ostree-transposefs).
Apr 18 02:27:38 ip-10-0-49-168 systemd[1]: Starting Determine root FS mount option flags...
Apr 18 02:27:38 ip-10-0-49-168 systemd[1]: Finished Determine root FS mount option flags.
Apr 18 02:27:38 ip-10-0-49-168 systemd[1]: Mounting /sysroot...
Apr 18 02:27:38 ip-10-0-49-168 systemd-journald[331]: Missed 17 kernel messages
Apr 18 02:27:38 ip-10-0-49-168 kernel: XFS (nvme0n1p4): Mounting V5 Filesystem 4d278a8c-e5fa-4b33-94ff-f42c9f6f0ea4
Apr 18 02:27:38 ip-10-0-49-168 kernel: XFS (nvme0n1p4): Ending clean mount
Apr 18 02:27:38 ip-10-0-49-168 kernel: XFS (nvme0n1p4): Quotacheck needed: Please wait.
Apr 18 02:27:38 ip-10-0-49-168 kernel: XFS (nvme0n1p4): Quotacheck: Done.
Apr 18 02:27:38 ip-10-0-49-168 systemd[1]: Mounted /sysroot.
Apr 18 02:27:38 ip-10-0-49-168 systemd[1]: Remount /sysroot read-write for Ignition was skipped because of an unmet condition check (ConditionPathIsReadWrite=!/sysroot).
Apr 18 02:27:38 ip-10-0-49-168 systemd[1]: Starting OSTree Prepare OS/...
Apr 18 02:27:39 ip-10-0-49-168 ostree-prepare-root[1022]: Resolved OSTree target to: /sysroot/ostree/deploy/rhcos/deploy/6087f963079d07a3cd7e86c0d1f0e4273194a7eb3d5d1b7badfe90c36648d3d3.0
Apr 18 02:27:39 ip-10-0-49-168 ostree-prepare-root[1022]: sysroot.readonly configuration value: 1 (fs writable: 1)
Apr 18 02:27:39 ip-10-0-49-168 systemd-journald[331]: Missed 5 kernel messages
Apr 18 02:27:39 ip-10-0-49-168 kernel: loop: module loaded
Apr 18 02:27:39 ip-10-0-49-168 kernel: loop0: detected capacity change from 0 to 11776
Apr 18 02:27:39 ip-10-0-49-168 kernel: erofs: (device loop0): mounted with root inode @ nid 36.
Apr 18 02:27:39 ip-10-0-49-168 ostree-prepare-root[1022]: composefs: mounted successfully (verity=false)
Apr 18 02:27:39 ip-10-0-49-168 kernel: overlayfs: using the lowest 1 of 2 lowerdirs as data layers
Apr 18 02:27:39 ip-10-0-49-168 systemd[1]: run-ostree-.private-cfsroot\x2dlower.mount: Deactivated successfully.
Apr 18 02:27:39 ip-10-0-49-168 systemd[1]: sysroot-ostree-deploy-rhcos-var.mount: Deactivated successfully.
Apr 18 02:27:39 ip-10-0-49-168 systemd[1]: sysroot.tmp-etc.mount: Deactivated successfully.
Apr 18 02:27:39 ip-10-0-49-168 systemd[1]: sysroot.tmp.mount: Deactivated successfully.
Apr 18 02:27:39 ip-10-0-49-168 systemd[1]: Finished OSTree Prepare OS/.
Apr 18 02:27:39 ip-10-0-49-168 systemd[1]: Reached target Initrd Root File System.
Apr 18 02:27:39 ip-10-0-49-168 systemd[1]: Afterburn Hostname was skipped because no trigger condition checks were met.
Apr 18 02:27:39 ip-10-0-49-168 systemd[1]: Starting Ignition OSTree: Check Root Filesystem Size...
Apr 18 02:27:39 ip-10-0-49-168 systemd[1]: Starting Mount OSTree /var...
Apr 18 02:27:39 ip-10-0-49-168 ignition-ostree-mount-var[1035]: Mounting /sysroot/sysroot/ostree/deploy/rhcos/var
Apr 18 02:27:39 ip-10-0-49-168 systemd[1]: Finished Ignition OSTree: Check Root Filesystem Size.
Apr 18 02:27:39 ip-10-0-49-168 systemd[1]: Finished Mount OSTree /var.
Apr 18 02:27:39 ip-10-0-49-168 systemd[1]: Starting Ignition (mount)...
Apr 18 02:27:39 ip-10-0-49-168 ignition[1045]: Ignition 2.21.0
Apr 18 02:27:39 ip-10-0-49-168 ignition[1045]: Stage: mount
Apr 18 02:27:39 ip-10-0-49-168 ignition[1045]: reading system config file "/usr/lib/ignition/base.d/00-core.ign"
Apr 18 02:27:39 ip-10-0-49-168 ignition[1045]: parsing config with SHA512: ff6a5153be363997e4d5d3ea8cc4048373a457c48c4a5b134a08a30aacd167c1e0f099f0bdf1e24c99ad180628cd02b767b863b5fe3a8fce3fe1886847eb8e2e
Apr 18 02:27:39 ip-10-0-49-168 ignition[1045]: no config dir at "/usr/lib/ignition/base.platform.d/aws"
Apr 18 02:27:39 ip-10-0-49-168 ignition[1045]: PUT http://169.254.169.254/latest/api/token: attempt #1
Apr 18 02:27:39 ip-10-0-49-168 ignition[1045]: PUT result: OK
Apr 18 02:27:39 ip-10-0-49-168 ignition[1045]: Adding "root-ca" to list of CAs
Apr 18 02:27:39 ip-10-0-49-168 systemd[1]: Finished Ignition (mount).
Apr 18 02:27:39 ip-10-0-49-168 ignition[1045]: mount: mount passed
Apr 18 02:27:39 ip-10-0-49-168 systemd[1]: Clear SSSD NSS Cache in Persistent /var was skipped because of an unmet condition check (ConditionPathExists=/sysroot/var/lib/sss/mc).
Apr 18 02:27:39 ip-10-0-49-168 ignition[1045]: Ignition finished successfully
Apr 18 02:27:39 ip-10-0-49-168 systemd[1]: Starting Populate OSTree /var...
Apr 18 02:27:39 ip-10-0-49-168 ignition-ostree-populate-var[1055]: Relabeled /sysroot//var/log from <no context> to system_u:object_r:var_log_t:s0
Apr 18 02:27:40 ip-10-0-49-168 ignition-ostree-populate-var[1058]: Relabeled /sysroot//var/home from <no context> to system_u:object_r:home_root_t:s0
Apr 18 02:27:41 ip-10-0-49-168 ignition-ostree-populate-var[1061]: Relabeled /sysroot//var/roothome from <no context> to system_u:object_r:admin_home_t:s0
Apr 18 02:27:41 ip-10-0-49-168 ignition-ostree-populate-var[1061]: Relabeled /sysroot//var/roothome/.ssh from <no context> to system_u:object_r:ssh_home_t:s0
Apr 18 02:27:41 ip-10-0-49-168 ignition-ostree-populate-var[1061]: Relabeled /sysroot//var/roothome/.bashrc from <no context> to system_u:object_r:admin_home_t:s0
Apr 18 02:27:41 ip-10-0-49-168 ignition-ostree-populate-var[1061]: Relabeled /sysroot//var/roothome/.bash_profile from <no context> to system_u:object_r:admin_home_t:s0
Apr 18 02:27:41 ip-10-0-49-168 ignition-ostree-populate-var[1061]: Relabeled /sysroot//var/roothome/.bash_logout from <no context> to system_u:object_r:admin_home_t:s0
Apr 18 02:27:41 ip-10-0-49-168 ignition-ostree-populate-var[1064]: Relabeled /sysroot//var/opt from <no context> to system_u:object_r:var_t:s0
Apr 18 02:27:41 ip-10-0-49-168 ignition-ostree-populate-var[1067]: Relabeled /sysroot//var/srv from <no context> to system_u:object_r:var_t:s0
Apr 18 02:27:41 ip-10-0-49-168 ignition-ostree-populate-var[1070]: Relabeled /sysroot//var/usrlocal from <no context> to system_u:object_r:usr_t:s0
Apr 18 02:27:41 ip-10-0-49-168 ignition-ostree-populate-var[1073]: Relabeled /sysroot//var/mnt from <no context> to system_u:object_r:mnt_t:s0
Apr 18 02:27:41 ip-10-0-49-168 systemd[1]: Finished Populate OSTree /var.
Apr 18 02:27:41 ip-10-0-49-168 systemd[1]: Starting Ignition OSTree Mount State Overlays...
Apr 18 02:27:41 ip-10-0-49-168 systemd[1]: Finished Ignition OSTree Mount State Overlays.
Apr 18 02:27:41 ip-10-0-49-168 systemd[1]: Starting Ignition (files)...
Apr 18 02:27:41 ip-10-0-49-168 ignition[1079]: Ignition 2.21.0
Apr 18 02:27:41 ip-10-0-49-168 ignition[1079]: Stage: files
Apr 18 02:27:41 ip-10-0-49-168 ignition[1079]: reading system config file "/usr/lib/ignition/base.d/00-core.ign"
Apr 18 02:27:41 ip-10-0-49-168 ignition[1079]: parsing config with SHA512: ff6a5153be363997e4d5d3ea8cc4048373a457c48c4a5b134a08a30aacd167c1e0f099f0bdf1e24c99ad180628cd02b767b863b5fe3a8fce3fe1886847eb8e2e
Apr 18 02:27:41 ip-10-0-49-168 ignition[1079]: no config dir at "/usr/lib/ignition/base.platform.d/aws"
Apr 18 02:27:41 ip-10-0-49-168 ignition[1079]: PUT http://169.254.169.254/latest/api/token: attempt #1
Apr 18 02:27:41 ip-10-0-49-168 ignition[1079]: PUT result: OK
Apr 18 02:27:41 ip-10-0-49-168 ignition[1079]: Adding "root-ca" to list of CAs
Apr 18 02:27:42 ip-10-0-49-168 ignition[1079]: files: ensureUsers: op(1): [started]  creating or modifying user "core"
Apr 18 02:27:42 ip-10-0-49-168 ignition[1079]: files: ensureUsers: op(1): executing: "useradd" "--root" "/sysroot" "--create-home" "--password" "*" "--comment" "CoreOS Admin" "--groups" "adm,sudo,systemd-journal,wheel" "core"
Apr 18 02:27:42 ip-10-0-49-168 ignition[1079]: files: ensureUsers: op(1): [finished] creating or modifying user "core"
Apr 18 02:27:42 ip-10-0-49-168 ignition[1079]: files: ensureUsers: op(2): [started]  adding ssh keys to user "core"
Apr 18 02:27:42 ip-10-0-49-168 ignition[1079]: wrote ssh authorized keys file for user: core
Apr 18 02:27:42 ip-10-0-49-168 ignition[1079]: files: ensureUsers: op(2): [finished] adding ssh keys to user "core"
Apr 18 02:27:42 ip-10-0-49-168 ignition[1079]: files: createFilesystemsFiles: createFiles: op(3): [started]  writing file "/sysroot/etc/node-sizing-enabled.env"
Apr 18 02:27:42 ip-10-0-49-168 ignition[1079]: files: createFilesystemsFiles: createFiles: op(3): [finished] writing file "/sysroot/etc/node-sizing-enabled.env"
Apr 18 02:27:42 ip-10-0-49-168 ignition[1079]: files: createFilesystemsFiles: createFiles: op(4): [started]  writing file "/sysroot/etc/ignition-machine-config-encapsulated.json"
Apr 18 02:27:42 ip-10-0-49-168 ignition[1079]: files: createFilesystemsFiles: createFiles: op(4): [finished] writing file "/sysroot/etc/ignition-machine-config-encapsulated.json"
Apr 18 02:27:42 ip-10-0-49-168 ignition[1079]: files: createFilesystemsFiles: createFiles: op(5): [started]  writing file "/sysroot/etc/mcs-machine-config-content.json"
Apr 18 02:27:42 ip-10-0-49-168 ignition[1079]: files: createFilesystemsFiles: createFiles: op(5): [finished] writing file "/sysroot/etc/mcs-machine-config-content.json"
Apr 18 02:27:42 ip-10-0-49-168 ignition[1079]: files: createFilesystemsFiles: createFiles: op(6): [started]  writing file "/sysroot/etc/mco/proxy.env"
Apr 18 02:27:42 ip-10-0-49-168 ignition[1079]: files: createFilesystemsFiles: createFiles: op(6): [finished] writing file "/sysroot/etc/mco/proxy.env"
Apr 18 02:27:42 ip-10-0-49-168 ignition[1079]: files: createFilesystemsFiles: createFiles: op(7): [started]  writing file "/sysroot/etc/machine-config-daemon/policy-for-old-podman.json"
Apr 18 02:27:42 ip-10-0-49-168 ignition[1079]: files: createFilesystemsFiles: createFiles: op(7): [finished] writing file "/sysroot/etc/machine-config-daemon/policy-for-old-podman.json"
Apr 18 02:27:42 ip-10-0-49-168 ignition[1079]: files: createFilesystemsFiles: createFiles: op(8): [started]  writing file "/sysroot/etc/machine-config-daemon/node-annotations.json"
Apr 18 02:27:42 ip-10-0-49-168 ignition[1079]: files: createFilesystemsFiles: createFiles: op(8): [finished] writing file "/sysroot/etc/machine-config-daemon/node-annotations.json"
Apr 18 02:27:42 ip-10-0-49-168 ignition[1079]: files: createFilesystemsFiles: createFiles: op(9): [started]  writing file "/sysroot/etc/kubernetes/kubelet-ca.crt"
Apr 18 02:27:42 ip-10-0-49-168 ignition[1079]: files: createFilesystemsFiles: createFiles: op(9): [finished] writing file "/sysroot/etc/kubernetes/kubelet-ca.crt"
Apr 18 02:27:42 ip-10-0-49-168 ignition[1079]: files: createFilesystemsFiles: createFiles: op(a): [started]  writing file "/sysroot/etc/tmpfiles.d/cleanup-cni.conf"
Apr 18 02:27:42 ip-10-0-49-168 ignition[1079]: files: createFilesystemsFiles: createFiles: op(a): [finished] writing file "/sysroot/etc/tmpfiles.d/cleanup-cni.conf"
Apr 18 02:27:42 ip-10-0-49-168 ignition[1079]: files: createFilesystemsFiles: createFiles: op(b): [started]  writing file "/sysroot/etc/kubernetes/kubelet.conf"
Apr 18 02:27:42 ip-10-0-49-168 ignition[1079]: files: createFilesystemsFiles: createFiles: op(b): [finished] writing file "/sysroot/etc/kubernetes/kubelet.conf"
Apr 18 02:27:42 ip-10-0-49-168 ignition[1079]: files: createFilesystemsFiles: createFiles: op(c): [started]  writing file "/sysroot/etc/containers/storage.conf"
Apr 18 02:27:42 ip-10-0-49-168 systemd[1]: Finished Ignition (files).
Apr 18 02:27:42 ip-10-0-49-168 ignition[1079]: files: createFilesystemsFiles: createFiles: op(c): [finished] writing file "/sysroot/etc/containers/storage.conf"
Apr 18 02:27:42 ip-10-0-49-168 ignition[1079]: files: createFilesystemsFiles: createFiles: op(d): [started]  writing file "/sysroot/etc/kubernetes/crio-metrics-proxy.cfg"
Apr 18 02:27:42 ip-10-0-49-168 ignition[1079]: files: createFilesystemsFiles: createFiles: op(d): [finished] writing file "/sysroot/etc/kubernetes/crio-metrics-proxy.cfg"
Apr 18 02:27:42 ip-10-0-49-168 ignition[1079]: files: createFilesystemsFiles: createFiles: op(e): [started]  writing file "/sysroot/etc/kubernetes/cloud.conf"
Apr 18 02:27:42 ip-10-0-49-168 ignition[1079]: files: createFilesystemsFiles: createFiles: op(e): [finished] writing file "/sysroot/etc/kubernetes/cloud.conf"
Apr 18 02:27:42 ip-10-0-49-168 ignition[1079]: files: createFilesystemsFiles: createFiles: op(f): [started]  writing file "/sysroot/etc/machine-config-daemon/generate_podman_policy_args.sh"
Apr 18 02:27:42 ip-10-0-49-168 ignition[1079]: files: createFilesystemsFiles: createFiles: op(f): [finished] writing file "/sysroot/etc/machine-config-daemon/generate_podman_policy_args.sh"
Apr 18 02:27:42 ip-10-0-49-168 ignition[1079]: files: createFilesystemsFiles: createFiles: op(10): [started]  writing file "/sysroot/etc/containers/policy.json"
Apr 18 02:27:42 ip-10-0-49-168 ignition[1079]: files: createFilesystemsFiles: createFiles: op(10): [finished] writing file "/sysroot/etc/containers/policy.json"
Apr 18 02:27:42 ip-10-0-49-168 ignition[1079]: files: createFilesystemsFiles: createFiles: op(11): [started]  writing file "/sysroot/etc/kubernetes/apiserver-url.env"
Apr 18 02:27:42 ip-10-0-49-168 ignition[1079]: files: createFilesystemsFiles: createFiles: op(11): [finished] writing file "/sysroot/etc/kubernetes/apiserver-url.env"
Apr 18 02:27:42 ip-10-0-49-168 ignition[1079]: files: createFilesystemsFiles: createFiles: op(12): [started]  writing file "/sysroot/etc/containers/registries.conf"
Apr 18 02:27:42 ip-10-0-49-168 ignition[1079]: files: createFilesystemsFiles: createFiles: op(12): [finished] writing file "/sysroot/etc/containers/registries.conf"
Apr 18 02:27:42 ip-10-0-49-168 ignition[1079]: files: createFilesystemsFiles: createFiles: op(13): [started]  writing file "/sysroot/etc/modules-load.d/iptables.conf"
Apr 18 02:27:42 ip-10-0-49-168 ignition[1079]: files: createFilesystemsFiles: createFiles: op(13): [finished] writing file "/sysroot/etc/modules-load.d/iptables.conf"
Apr 18 02:27:42 ip-10-0-49-168 ignition[1079]: files: createFilesystemsFiles: createFiles: op(14): [started]  writing file "/sysroot/etc/kubernetes/kubeconfig"
Apr 18 02:27:42 ip-10-0-49-168 ignition[1079]: files: createFilesystemsFiles: createFiles: op(14): [finished] writing file "/sysroot/etc/kubernetes/kubeconfig"
Apr 18 02:27:42 ip-10-0-49-168 ignition[1079]: files: createFilesystemsFiles: createFiles: op(15): [started]  writing file "/sysroot/etc/sysctl.d/vm-max-map.conf"
Apr 18 02:27:42 ip-10-0-49-168 ignition[1079]: files: createFilesystemsFiles: createFiles: op(15): [finished] writing file "/sysroot/etc/sysctl.d/vm-max-map.conf"
Apr 18 02:27:42 ip-10-0-49-168 ignition[1079]: files: createFilesystemsFiles: createFiles: op(16): [started]  writing file "/sysroot/etc/sysctl.d/enable-userfaultfd.conf"
Apr 18 02:27:42 ip-10-0-49-168 ignition[1079]: files: createFilesystemsFiles: createFiles: op(16): [finished] writing file "/sysroot/etc/sysctl.d/enable-userfaultfd.conf"
Apr 18 02:27:42 ip-10-0-49-168 ignition[1079]: files: createFilesystemsFiles: createFiles: op(17): [started]  writing file "/sysroot/etc/sysctl.d/inotify.conf"
Apr 18 02:27:42 ip-10-0-49-168 ignition[1079]: files: createFilesystemsFiles: createFiles: op(17): [finished] writing file "/sysroot/etc/sysctl.d/inotify.conf"
Apr 18 02:27:42 ip-10-0-49-168 ignition[1079]: files: createFilesystemsFiles: createFiles: op(18): [started]  writing file "/sysroot/etc/sysctl.d/gc-thresh.conf"
Apr 18 02:27:42 ip-10-0-49-168 systemd[1]: Starting CoreOS Boot Edit...
Apr 18 02:27:42 ip-10-0-49-168 ignition[1079]: files: createFilesystemsFiles: createFiles: op(18): [finished] writing file "/sysroot/etc/sysctl.d/gc-thresh.conf"
Apr 18 02:27:42 ip-10-0-49-168 ignition[1079]: files: createFilesystemsFiles: createFiles: op(19): [started]  writing file "/sysroot/etc/sysctl.d/arp.conf"
Apr 18 02:27:42 ip-10-0-49-168 systemd[1]: Starting CoreOS Post Ignition Checks...
Apr 18 02:27:42 ip-10-0-49-168 ignition[1079]: files: createFilesystemsFiles: createFiles: op(19): [finished] writing file "/sysroot/etc/sysctl.d/arp.conf"
Apr 18 02:27:42 ip-10-0-49-168 systemd[1]: CoreOS Propagate Multipath Configuration was skipped because of an unmet condition check (ConditionKernelCommandLine=rd.multipath=default).
Apr 18 02:27:42 ip-10-0-49-168 ignition[1079]: files: createFilesystemsFiles: createFiles: op(1a): [started]  writing file "/sysroot/etc/nmstate/nmstate.conf"
Apr 18 02:27:42 ip-10-0-49-168 systemd[1]: Finish FIPS mode setup was skipped because of an unmet condition check (ConditionKernelCommandLine=fips=1).
Apr 18 02:27:42 ip-10-0-49-168 ignition[1079]: files: createFilesystemsFiles: createFiles: op(1a): [finished] writing file "/sysroot/etc/nmstate/nmstate.conf"
Apr 18 02:27:42 ip-10-0-49-168 systemd[1]: Finished CoreOS Post Ignition Checks.
Apr 18 02:27:42 ip-10-0-49-168 ignition[1079]: files: createFilesystemsFiles: createFiles: op(1b): [started]  writing file "/sysroot/etc/systemd/system.conf.d/10-default-env-godebug.conf"
Apr 18 02:27:42 ip-10-0-49-168 ignition[1079]: files: createFilesystemsFiles: createFiles: op(1b): [finished] writing file "/sysroot/etc/systemd/system.conf.d/10-default-env-godebug.conf"
Apr 18 02:27:42 ip-10-0-49-168 systemd-journald[331]: Missed 109 kernel messages
Apr 18 02:27:42 ip-10-0-49-168 kernel: EXT4-fs (nvme0n1p3): mounted filesystem 8a4194fd-73ce-48e1-b481-e9f83ea6871b r/w with ordered data mode. Quota mode: none.
Apr 18 02:27:42 ip-10-0-49-168 ignition[1079]: files: createFilesystemsFiles: createFiles: op(1c): [started]  writing file "/sysroot/etc/NetworkManager/dispatcher.d/99-gcp-disable-idpf-tx-checksum-off"
Apr 18 02:27:42 ip-10-0-49-168 ignition[1079]: files: createFilesystemsFiles: createFiles: op(1c): [finished] writing file "/sysroot/etc/NetworkManager/dispatcher.d/99-gcp-disable-idpf-tx-checksum-off"
Apr 18 02:27:42 ip-10-0-49-168 ignition[1079]: files: createFilesystemsFiles: createFiles: op(1d): [started]  writing file "/sysroot/var/lib/kubelet/config.json"
Apr 18 02:27:42 ip-10-0-49-168 ignition[1079]: files: createFilesystemsFiles: createFiles: op(1d): [finished] writing file "/sysroot/var/lib/kubelet/config.json"
Apr 18 02:27:42 ip-10-0-49-168 ignition[1079]: files: createFilesystemsFiles: createFiles: op(1e): [started]  writing file "/sysroot/var/usrlocal/bin/nmstate-configuration.sh"
Apr 18 02:27:42 ip-10-0-49-168 ignition[1079]: files: createFilesystemsFiles: createFiles: op(1e): [finished] writing file "/sysroot/var/usrlocal/bin/nmstate-configuration.sh"
Apr 18 02:27:42 ip-10-0-49-168 ignition[1079]: files: createFilesystemsFiles: createFiles: op(1f): [started]  writing file "/sysroot/etc/NetworkManager/conf.d/sdn.conf"
Apr 18 02:27:42 ip-10-0-49-168 ignition[1079]: files: createFilesystemsFiles: createFiles: op(1f): [finished] writing file "/sysroot/etc/NetworkManager/conf.d/sdn.conf"
Apr 18 02:27:42 ip-10-0-49-168 ignition[1079]: files: createFilesystemsFiles: createFiles: op(20): [started]  writing file "/sysroot/etc/NetworkManager/conf.d/01-ipv6.conf"
Apr 18 02:27:42 ip-10-0-49-168 ignition[1079]: files: createFilesystemsFiles: createFiles: op(20): [finished] writing file "/sysroot/etc/NetworkManager/conf.d/01-ipv6.conf"
Apr 18 02:27:42 ip-10-0-49-168 ignition[1079]: files: createFilesystemsFiles: createFiles: op(21): [started]  writing file "/sysroot/etc/systemd/system.conf.d/kubelet-cgroups.conf"
Apr 18 02:27:42 ip-10-0-49-168 coreos-boot-edit[1115]: Injected kernel arguments into BLS: root=UUID=4d278a8c-e5fa-4b33-94ff-f42c9f6f0ea4 rw rootflags=prjquota
Apr 18 02:27:42 ip-10-0-49-168 ignition[1079]: files: createFilesystemsFiles: createFiles: op(21): [finished] writing file "/sysroot/etc/systemd/system.conf.d/kubelet-cgroups.conf"
Apr 18 02:27:43 ip-10-0-49-168 coreos-boot-edit[1105]: Prepared rootmap
Apr 18 02:27:42 ip-10-0-49-168 ignition[1079]: files: createFilesystemsFiles: createFiles: op(22): [started]  writing file "/sysroot/var/usrlocal/sbin/dynamic-system-reserved-calc.sh"
Apr 18 02:27:42 ip-10-0-49-168 ignition[1079]: files: createFilesystemsFiles: createFiles: op(22): [finished] writing file "/sysroot/var/usrlocal/sbin/dynamic-system-reserved-calc.sh"
Apr 18 02:27:42 ip-10-0-49-168 ignition[1079]: files: createFilesystemsFiles: createFiles: op(23): [started]  writing file "/sysroot/var/usrlocal/bin/aws-kubelet-nodename"
Apr 18 02:27:42 ip-10-0-49-168 ignition[1079]: files: createFilesystemsFiles: createFiles: op(23): [finished] writing file "/sysroot/var/usrlocal/bin/aws-kubelet-nodename"
Apr 18 02:27:42 ip-10-0-49-168 ignition[1079]: files: createFilesystemsFiles: createFiles: op(24): [started]  writing file "/sysroot/var/usrlocal/bin/aws-kubelet-providerid"
Apr 18 02:27:42 ip-10-0-49-168 ignition[1079]: files: createFilesystemsFiles: createFiles: op(24): [finished] writing file "/sysroot/var/usrlocal/bin/aws-kubelet-providerid"
Apr 18 02:27:42 ip-10-0-49-168 ignition[1079]: files: createFilesystemsFiles: createFiles: op(25): [started]  writing file "/sysroot/var/usrlocal/bin/mco-hostname"
Apr 18 02:27:42 ip-10-0-49-168 ignition[1079]: files: createFilesystemsFiles: createFiles: op(25): [finished] writing file "/sysroot/var/usrlocal/bin/mco-hostname"
Apr 18 02:27:42 ip-10-0-49-168 ignition[1079]: files: createFilesystemsFiles: createFiles: op(26): [started]  writing file "/sysroot/etc/NetworkManager/conf.d/20-keyfiles.conf"
Apr 18 02:27:42 ip-10-0-49-168 ignition[1079]: files: createFilesystemsFiles: createFiles: op(26): [finished] writing file "/sysroot/etc/NetworkManager/conf.d/20-keyfiles.conf"
Apr 18 02:27:42 ip-10-0-49-168 ignition[1079]: files: createFilesystemsFiles: createFiles: op(27): [started]  writing file "/sysroot/etc/NetworkManager/dispatcher.d/99-vsphere-disable-tx-udp-tnl"
Apr 18 02:27:42 ip-10-0-49-168 ignition[1079]: files: createFilesystemsFiles: createFiles: op(27): [finished] writing file "/sysroot/etc/NetworkManager/dispatcher.d/99-vsphere-disable-tx-udp-tnl"
Apr 18 02:27:42 ip-10-0-49-168 ignition[1079]: files: createFilesystemsFiles: createFiles: op(28): [started]  writing file "/sysroot/var/usrlocal/bin/ipsec-connect-wait.sh"
Apr 18 02:27:42 ip-10-0-49-168 ignition[1079]: files: createFilesystemsFiles: createFiles: op(28): [finished] writing file "/sysroot/var/usrlocal/bin/ipsec-connect-wait.sh"
Apr 18 02:27:42 ip-10-0-49-168 ignition[1079]: files: createFilesystemsFiles: createFiles: op(29): [started]  writing file "/sysroot/var/usrlocal/bin/wait-for-primary-ip.sh"
Apr 18 02:27:42 ip-10-0-49-168 ignition[1079]: files: createFilesystemsFiles: createFiles: op(29): [finished] writing file "/sysroot/var/usrlocal/bin/wait-for-primary-ip.sh"
Apr 18 02:27:42 ip-10-0-49-168 ignition[1079]: files: createFilesystemsFiles: createFiles: op(2a): [started]  writing file "/sysroot/etc/audit/rules.d/mco-audit-quiet-containers.rules"
Apr 18 02:27:42 ip-10-0-49-168 ignition[1079]: files: createFilesystemsFiles: createFiles: op(2a): [finished] writing file "/sysroot/etc/audit/rules.d/mco-audit-quiet-containers.rules"
Apr 18 02:27:42 ip-10-0-49-168 ignition[1079]: files: createFilesystemsFiles: createFiles: op(2b): [started]  writing file "/sysroot/etc/crio/crio.conf.d/00-default"
Apr 18 02:27:42 ip-10-0-49-168 ignition[1079]: files: createFilesystemsFiles: createFiles: op(2b): [finished] writing file "/sysroot/etc/crio/crio.conf.d/00-default"
Apr 18 02:27:42 ip-10-0-49-168 ignition[1079]: files: createFilesystemsFiles: createFiles: op(2c): [started]  writing file "/sysroot/etc/systemd/system.conf.d/10-default-timeout-stop.conf"
