Apr 17 19:35:11.160742 localhost kernel: Linux version 5.14.0-570.55.1.el9_6.x86_64 (mockbuild@x86-64-04.build.eng.rdu2.redhat.com) (gcc (GCC) 11.5.0 20240719 (Red Hat 11.5.0-5), GNU ld version 2.35.2-63.el9) #1 SMP PREEMPT_DYNAMIC Tue Oct 14 01:03:55 EDT 2025
Apr 17 19:35:11.160791 localhost kernel: The list of certified hardware and cloud instances for Red Hat Enterprise Linux 9 can be viewed at the Red Hat Ecosystem Catalog, https://catalog.redhat.com.
Apr 17 19:35:11.160812 localhost kernel: Command line: BOOT_IMAGE=(hd0,gpt3)/boot/ostree/rhcos-617b0e78715ed36bc2244f65434be3f79c4e5cc41b856cce9de411575dfca7bd/vmlinuz-5.14.0-570.55.1.el9_6.x86_64 rw ignition.firstboot ostree=/ostree/boot.1/rhcos/617b0e78715ed36bc2244f65434be3f79c4e5cc41b856cce9de411575dfca7bd/0 ignition.platform.id=azure console=tty0 console=ttyS0,115200n8
Apr 17 19:35:11.160827 localhost kernel: BIOS-provided physical RAM map:
Apr 17 19:35:11.160840 localhost kernel: BIOS-e820: [mem 0x0000000000000000-0x000000000009ffff] usable
Apr 17 19:35:11.160852 localhost kernel: BIOS-e820: [mem 0x00000000000c0000-0x00000000000fffff] reserved
Apr 17 19:35:11.160866 localhost kernel: BIOS-e820: [mem 0x0000000000100000-0x000000000437dfff] usable
Apr 17 19:35:11.160881 localhost kernel: BIOS-e820: [mem 0x000000000437e000-0x000000000477dfff] reserved
Apr 17 19:35:11.160895 localhost kernel: BIOS-e820: [mem 0x000000000477e000-0x000000003ff1efff] usable
Apr 17 19:35:11.160908 localhost kernel: BIOS-e820: [mem 0x000000003ff1f000-0x000000003ffc8fff] reserved
Apr 17 19:35:11.160922 localhost kernel: BIOS-e820: [mem 0x000000003ffc9000-0x000000003fffafff] ACPI data
Apr 17 19:35:11.160936 localhost kernel: BIOS-e820: [mem 0x000000003fffb000-0x000000003fffefff] ACPI NVS
Apr 17 19:35:11.160957 localhost kernel: BIOS-e820: [mem 0x000000003ffff000-0x000000003fffffff] usable
Apr 17 19:35:11.160975 localhost kernel: BIOS-e820: [mem 0x0000000100000000-0x00000004bfffffff] usable
Apr 17 19:35:11.160990 localhost kernel: NX (Execute Disable) protection: active
Apr 17 19:35:11.161003 localhost kernel: APIC: Static calls initialized
Apr 17 19:35:11.161017 localhost kernel: efi: EFI v2.7 by Microsoft
Apr 17 19:35:11.161111 localhost kernel: efi: ACPI=0x3fffa000 ACPI 2.0=0x3fffa014 SMBIOS=0x3ff88000 SMBIOS 3.0=0x3ff86000 MEMATTR=0x3f41e298 MOKvar=0x3ff83000 RNG=0x3ffd2018 
Apr 17 19:35:11.161128 localhost kernel: secureboot: Secure boot disabled
Apr 17 19:35:11.161141 localhost kernel: SMBIOS 3.1.0 present.
Apr 17 19:35:11.161155 localhost kernel: DMI: Microsoft Corporation Virtual Machine/Virtual Machine, BIOS Hyper-V UEFI Release v4.1 01/08/2026
Apr 17 19:35:11.161168 localhost kernel: Hypervisor detected: Microsoft Hyper-V
Apr 17 19:35:11.161180 localhost kernel: Hyper-V: privilege flags low 0x2e7f, high 0x3b8030, hints 0x66c2c, misc 0xed7b2
Apr 17 19:35:11.161191 localhost kernel: Hyper-V: Nested features: 0xe0101
Apr 17 19:35:11.161221 localhost kernel: Hyper-V: LAPIC Timer Frequency: 0x30d40
Apr 17 19:35:11.161232 localhost kernel: Hyper-V: Using hypercall for remote TLB flush
Apr 17 19:35:11.161244 localhost kernel: clocksource: hyperv_clocksource_tsc_page: mask: 0xffffffffffffffff max_cycles: 0x24e6a1710, max_idle_ns: 440795202120 ns
Apr 17 19:35:11.161332 localhost kernel: clocksource: hyperv_clocksource_msr: mask: 0xffffffffffffffff max_cycles: 0x24e6a1710, max_idle_ns: 440795202120 ns
Apr 17 19:35:11.161345 localhost kernel: tsc: Marking TSC unstable due to running on Hyper-V
Apr 17 19:35:11.161356 localhost kernel: tsc: Detected 2294.685 MHz processor
Apr 17 19:35:11.161367 localhost kernel: e820: update [mem 0x00000000-0x00000fff] usable ==> reserved
Apr 17 19:35:11.161378 localhost kernel: e820: remove [mem 0x000a0000-0x000fffff] usable
Apr 17 19:35:11.161390 localhost kernel: last_pfn = 0x4c0000 max_arch_pfn = 0x400000000
Apr 17 19:35:11.161494 localhost kernel: MTRR map: 4 entries (2 fixed + 2 variable; max 18), built from 8 variable MTRRs
Apr 17 19:35:11.161505 localhost kernel: x86/PAT: Configuration [0-7]: WB  WC  UC- UC  WB  WP  UC- WT  
Apr 17 19:35:11.161517 localhost kernel: e820: update [mem 0x40000000-0xffffffff] usable ==> reserved
Apr 17 19:35:11.161542 localhost kernel: last_pfn = 0x40000 max_arch_pfn = 0x400000000
Apr 17 19:35:11.161553 localhost kernel: Using GB pages for direct mapping
Apr 17 19:35:11.161564 localhost kernel: secureboot: Secure boot disabled
Apr 17 19:35:11.161575 localhost kernel: RAMDISK: [mem 0x31a0b000-0x37fc5fff]
Apr 17 19:35:11.161588 localhost kernel: ACPI: Early table checksum verification disabled
Apr 17 19:35:11.161603 localhost kernel: ACPI: RSDP 0x000000003FFFA014 000024 (v02 VRTUAL)
Apr 17 19:35:11.161614 localhost kernel: ACPI: XSDT 0x000000003FFF90E8 00005C (v01 VRTUAL MICROSFT 00000001 MSFT 00000001)
Apr 17 19:35:11.161625 localhost kernel: ACPI: FACP 0x000000003FFF8000 000114 (v06 VRTUAL MICROSFT 00000001 MSFT 00000001)
Apr 17 19:35:11.161636 localhost kernel: ACPI: DSDT 0x000000003FFD6000 01E22B (v02 MSFTVM DSDT01   00000001 INTL 20230628)
Apr 17 19:35:11.161647 localhost kernel: ACPI: FACS 0x000000003FFFE000 000040
Apr 17 19:35:11.161658 localhost kernel: ACPI: OEM0 0x000000003FFF7000 000064 (v01 VRTUAL MICROSFT 00000001 MSFT 00000001)
Apr 17 19:35:11.161669 localhost kernel: ACPI: SPCR 0x000000003FFF6000 000050 (v02 VRTUAL MICROSFT 00000001 MSFT 00000001)
Apr 17 19:35:11.161680 localhost kernel: ACPI: WAET 0x000000003FFF5000 000028 (v01 VRTUAL MICROSFT 00000001 MSFT 00000001)
Apr 17 19:35:11.161690 localhost kernel: ACPI: APIC 0x000000003FFD5000 000068 (v04 VRTUAL MICROSFT 00000001 MSFT 00000001)
Apr 17 19:35:11.161701 localhost kernel: ACPI: SRAT 0x000000003FFD4000 0001B0 (v02 VRTUAL MICROSFT 00000001 MSFT 00000001)
Apr 17 19:35:11.161715 localhost kernel: ACPI: BGRT 0x000000003FFD3000 000038 (v01 VRTUAL MICROSFT 00000001 MSFT 00000001)
Apr 17 19:35:11.161726 localhost kernel: ACPI: Reserving FACP table memory at [mem 0x3fff8000-0x3fff8113]
Apr 17 19:35:11.161737 localhost kernel: ACPI: Reserving DSDT table memory at [mem 0x3ffd6000-0x3fff422a]
Apr 17 19:35:11.161748 localhost kernel: ACPI: Reserving FACS table memory at [mem 0x3fffe000-0x3fffe03f]
Apr 17 19:35:11.161758 localhost kernel: ACPI: Reserving OEM0 table memory at [mem 0x3fff7000-0x3fff7063]
Apr 17 19:35:11.161825 localhost kernel: ACPI: Reserving SPCR table memory at [mem 0x3fff6000-0x3fff604f]
Apr 17 19:35:11.161840 localhost kernel: ACPI: Reserving WAET table memory at [mem 0x3fff5000-0x3fff5027]
Apr 17 19:35:11.161851 localhost kernel: ACPI: Reserving APIC table memory at [mem 0x3ffd5000-0x3ffd5067]
Apr 17 19:35:11.161862 localhost kernel: ACPI: Reserving SRAT table memory at [mem 0x3ffd4000-0x3ffd41af]
Apr 17 19:35:11.161873 localhost kernel: ACPI: Reserving BGRT table memory at [mem 0x3ffd3000-0x3ffd3037]
Apr 17 19:35:11.161884 localhost kernel: SRAT: PXM 0 -> APIC 0x00 -> Node 0
Apr 17 19:35:11.161901 localhost kernel: SRAT: PXM 0 -> APIC 0x01 -> Node 0
Apr 17 19:35:11.161912 localhost kernel: SRAT: PXM 0 -> APIC 0x02 -> Node 0
Apr 17 19:35:11.161923 localhost kernel: SRAT: PXM 0 -> APIC 0x03 -> Node 0
Apr 17 19:35:11.161934 localhost kernel: ACPI: SRAT: Node 0 PXM 0 [mem 0x00000000-0x3fffffff] hotplug
Apr 17 19:35:11.161945 localhost kernel: ACPI: SRAT: Node 0 PXM 0 [mem 0x100000000-0x4bfffffff] hotplug
Apr 17 19:35:11.161955 localhost kernel: ACPI: SRAT: Node 0 PXM 0 [mem 0x4c0200000-0xfdfffffff] hotplug
Apr 17 19:35:11.161967 localhost kernel: ACPI: SRAT: Node 0 PXM 0 [mem 0x1000000000-0xffffffffff] hotplug
Apr 17 19:35:11.161978 localhost kernel: ACPI: SRAT: Node 0 PXM 0 [mem 0x10000200000-0x1ffffffffff] hotplug
Apr 17 19:35:11.161989 localhost kernel: ACPI: SRAT: Node 0 PXM 0 [mem 0x20000200000-0x3ffffffffff] hotplug
Apr 17 19:35:11.162000 localhost kernel: ACPI: SRAT: Node 0 PXM 0 [mem 0x40000200000-0x7ffffffffff] hotplug
Apr 17 19:35:11.162011 localhost kernel: ACPI: SRAT: Node 0 PXM 0 [mem 0x80000200000-0xfffffffffff] hotplug
Apr 17 19:35:11.162022 localhost kernel: NUMA: Node 0 [mem 0x00000000-0x3fffffff] + [mem 0x100000000-0x4bfffffff] -> [mem 0x00000000-0x4bfffffff]
Apr 17 19:35:11.162036 localhost kernel: NODE_DATA(0) allocated [mem 0x4bffd5000-0x4bfffffff]
Apr 17 19:35:11.162047 localhost kernel: Zone ranges:
Apr 17 19:35:11.162058 localhost kernel:   DMA      [mem 0x0000000000001000-0x0000000000ffffff]
Apr 17 19:35:11.162069 localhost kernel:   DMA32    [mem 0x0000000001000000-0x00000000ffffffff]
Apr 17 19:35:11.162080 localhost kernel:   Normal   [mem 0x0000000100000000-0x00000004bfffffff]
Apr 17 19:35:11.162091 localhost kernel:   Device   empty
Apr 17 19:35:11.162101 localhost kernel: Movable zone start for each node
Apr 17 19:35:11.162112 localhost kernel: Early memory node ranges
Apr 17 19:35:11.162123 localhost kernel:   node   0: [mem 0x0000000000001000-0x000000000009ffff]
Apr 17 19:35:11.162134 localhost kernel:   node   0: [mem 0x0000000000100000-0x000000000437dfff]
Apr 17 19:35:11.162144 localhost kernel:   node   0: [mem 0x000000000477e000-0x000000003ff1efff]
Apr 17 19:35:11.162155 localhost kernel:   node   0: [mem 0x000000003ffff000-0x000000003fffffff]
Apr 17 19:35:11.162169 localhost kernel:   node   0: [mem 0x0000000100000000-0x00000004bfffffff]
Apr 17 19:35:11.162240 localhost kernel: Initmem setup node 0 [mem 0x0000000000001000-0x00000004bfffffff]
Apr 17 19:35:11.162252 localhost kernel: On node 0, zone DMA: 1 pages in unavailable ranges
Apr 17 19:35:11.162263 localhost kernel: On node 0, zone DMA: 96 pages in unavailable ranges
Apr 17 19:35:11.162273 localhost kernel: On node 0, zone DMA32: 1024 pages in unavailable ranges
Apr 17 19:35:11.162284 localhost kernel: On node 0, zone DMA32: 224 pages in unavailable ranges
Apr 17 19:35:11.162295 localhost kernel: ACPI: PM-Timer IO Port: 0x408
Apr 17 19:35:11.162306 localhost kernel: ACPI: LAPIC_NMI (acpi_id[0x01] dfl dfl lint[0x1])
Apr 17 19:35:11.162316 localhost kernel: IOAPIC[0]: apic_id 4, version 17, address 0xfec00000, GSI 0-23
Apr 17 19:35:11.162327 localhost kernel: ACPI: INT_SRC_OVR (bus 0 bus_irq 9 global_irq 9 high level)
Apr 17 19:35:11.162338 localhost kernel: ACPI: Using ACPI (MADT) for SMP configuration information
Apr 17 19:35:11.162355 localhost kernel: e820: update [mem 0x3ef89000-0x3ef8ffff] usable ==> reserved
Apr 17 19:35:11.162366 localhost kernel: ACPI: SPCR: console: uart,io,0x3f8,115200
Apr 17 19:35:11.162377 localhost kernel: CPU topo: Max. logical packages:   1
Apr 17 19:35:11.162388 localhost kernel: CPU topo: Max. logical dies:       1
Apr 17 19:35:11.162399 localhost kernel: CPU topo: Max. dies per package:   1
Apr 17 19:35:11.162409 localhost kernel: CPU topo: Max. threads per core:   2
Apr 17 19:35:11.162420 localhost kernel: CPU topo: Num. cores per package:     2
Apr 17 19:35:11.162430 localhost kernel: CPU topo: Num. threads per package:   4
Apr 17 19:35:11.162441 localhost kernel: CPU topo: Allowing 4 present CPUs plus 0 hotplug CPUs
Apr 17 19:35:11.162469 localhost kernel: PM: hibernation: Registered nosave memory: [mem 0x00000000-0x00000fff]
Apr 17 19:35:11.162481 localhost kernel: PM: hibernation: Registered nosave memory: [mem 0x000a0000-0x000bffff]
Apr 17 19:35:11.162492 localhost kernel: PM: hibernation: Registered nosave memory: [mem 0x000c0000-0x000fffff]
Apr 17 19:35:11.162508 localhost kernel: PM: hibernation: Registered nosave memory: [mem 0x0437e000-0x0477dfff]
Apr 17 19:35:11.162671 localhost kernel: PM: hibernation: Registered nosave memory: [mem 0x3ef89000-0x3ef8ffff]
Apr 17 19:35:11.162683 localhost kernel: PM: hibernation: Registered nosave memory: [mem 0x3ff1f000-0x3ffc8fff]
Apr 17 19:35:11.162694 localhost kernel: PM: hibernation: Registered nosave memory: [mem 0x3ffc9000-0x3fffafff]
Apr 17 19:35:11.162705 localhost kernel: PM: hibernation: Registered nosave memory: [mem 0x3fffb000-0x3fffefff]
Apr 17 19:35:11.162715 localhost kernel: PM: hibernation: Registered nosave memory: [mem 0x40000000-0xffffffff]
Apr 17 19:35:11.162726 localhost kernel: [mem 0x40000000-0xffffffff] available for PCI devices
Apr 17 19:35:11.162737 localhost kernel: Booting paravirtualized kernel on Hyper-V
Apr 17 19:35:11.162749 localhost kernel: clocksource: refined-jiffies: mask: 0xffffffff max_cycles: 0xffffffff, max_idle_ns: 1910969940391419 ns
Apr 17 19:35:11.162772 localhost kernel: setup_percpu: NR_CPUS:8192 nr_cpumask_bits:4 nr_cpu_ids:4 nr_node_ids:1
Apr 17 19:35:11.162783 localhost kernel: percpu: Embedded 64 pages/cpu s225280 r8192 d28672 u524288
Apr 17 19:35:11.162793 localhost kernel: pcpu-alloc: s225280 r8192 d28672 u524288 alloc=1*2097152
Apr 17 19:35:11.162804 localhost kernel: pcpu-alloc: [0] 0 1 2 3 
Apr 17 19:35:11.162819 localhost kernel: Hyper-V: PV spinlocks enabled
Apr 17 19:35:11.162830 localhost kernel: PV qspinlock hash table entries: 256 (order: 0, 4096 bytes, linear)
Apr 17 19:35:11.162842 localhost kernel: Kernel command line: BOOT_IMAGE=(hd0,gpt3)/boot/ostree/rhcos-617b0e78715ed36bc2244f65434be3f79c4e5cc41b856cce9de411575dfca7bd/vmlinuz-5.14.0-570.55.1.el9_6.x86_64 rw ignition.firstboot ostree=/ostree/boot.1/rhcos/617b0e78715ed36bc2244f65434be3f79c4e5cc41b856cce9de411575dfca7bd/0 ignition.platform.id=azure console=tty0 console=ttyS0,115200n8
Apr 17 19:35:11.162856 localhost kernel: Unknown kernel command line parameters "BOOT_IMAGE=(hd0,gpt3)/boot/ostree/rhcos-617b0e78715ed36bc2244f65434be3f79c4e5cc41b856cce9de411575dfca7bd/vmlinuz-5.14.0-570.55.1.el9_6.x86_64 ostree=/ostree/boot.1/rhcos/617b0e78715ed36bc2244f65434be3f79c4e5cc41b856cce9de411575dfca7bd/0", will be passed to user space.
Apr 17 19:35:11.166265 localhost kernel: random: crng init done
Apr 17 19:35:11.166284 localhost kernel: Dentry cache hash table entries: 2097152 (order: 12, 16777216 bytes, linear)
Apr 17 19:35:11.166299 localhost kernel: Inode-cache hash table entries: 1048576 (order: 11, 8388608 bytes, linear)
Apr 17 19:35:11.166315 localhost kernel: Fallback order for Node 0: 0 
Apr 17 19:35:11.166338 localhost kernel: Built 1 zonelists, mobility grouping on.  Total pages: 4125705
Apr 17 19:35:11.166352 localhost kernel: Policy zone: Normal
Apr 17 19:35:11.166367 localhost kernel: mem auto-init: stack:off, heap alloc:off, heap free:off
Apr 17 19:35:11.166381 localhost kernel: software IO TLB: area num 4.
Apr 17 19:35:11.166396 localhost kernel: Memory: 985680K/16771836K available (16384K kernel code, 5766K rwdata, 13628K rodata, 4044K init, 7384K bss, 532780K reserved, 0K cma-reserved)
Apr 17 19:35:11.166411 localhost kernel: SLUB: HWalign=64, Order=0-3, MinObjects=0, CPUs=4, Nodes=1
Apr 17 19:35:11.166425 localhost kernel: Kernel/User page tables isolation: enabled
Apr 17 19:35:11.166439 localhost kernel: ftrace: allocating 49069 entries in 192 pages
Apr 17 19:35:11.166471 localhost kernel: ftrace: allocated 192 pages with 2 groups
Apr 17 19:35:11.166486 localhost kernel: Dynamic Preempt: voluntary
Apr 17 19:35:11.166500 localhost kernel: rcu: Preemptible hierarchical RCU implementation.
Apr 17 19:35:11.166521 localhost kernel: rcu:         RCU event tracing is enabled.
Apr 17 19:35:11.166536 localhost kernel: rcu:         RCU restricting CPUs from NR_CPUS=8192 to nr_cpu_ids=4.
Apr 17 19:35:11.166551 localhost kernel:         Trampoline variant of Tasks RCU enabled.
Apr 17 19:35:11.166565 localhost kernel:         Rude variant of Tasks RCU enabled.
Apr 17 19:35:11.166579 localhost kernel:         Tracing variant of Tasks RCU enabled.
Apr 17 19:35:11.166594 localhost kernel: rcu: RCU calculated value of scheduler-enlistment delay is 100 jiffies.
Apr 17 19:35:11.166608 localhost kernel: rcu: Adjusting geometry for rcu_fanout_leaf=16, nr_cpu_ids=4
Apr 17 19:35:11.166623 localhost kernel: RCU Tasks: Setting shift to 2 and lim to 1 rcu_task_cb_adjust=1.
Apr 17 19:35:11.166637 localhost kernel: RCU Tasks Rude: Setting shift to 2 and lim to 1 rcu_task_cb_adjust=1.
Apr 17 19:35:11.166652 localhost kernel: RCU Tasks Trace: Setting shift to 2 and lim to 1 rcu_task_cb_adjust=1.
Apr 17 19:35:11.166666 localhost kernel: Using NULL legacy PIC
Apr 17 19:35:11.166680 localhost kernel: NR_IRQS: 524544, nr_irqs: 456, preallocated irqs: 0
Apr 17 19:35:11.166699 localhost kernel: rcu: srcu_init: Setting srcu_struct sizes based on contention.
Apr 17 19:35:11.166713 localhost kernel: kfence: initialized - using 2097152 bytes for 255 objects at 0x(____ptrval____)-0x(____ptrval____)
Apr 17 19:35:11.166728 localhost kernel: Console: colour dummy device 80x25
Apr 17 19:35:11.166742 localhost kernel: printk: legacy console [tty0] enabled
Apr 17 19:35:11.166756 localhost kernel: printk: console [ttyS0] enabled
Apr 17 19:35:11.166771 localhost kernel: ACPI: Core revision 20230331
Apr 17 19:35:11.166784 localhost kernel: Failed to register legacy timer interrupt
Apr 17 19:35:11.166797 localhost kernel: APIC: Switch to symmetric I/O mode setup
Apr 17 19:35:11.166812 localhost kernel: Hyper-V: Host Build 10.0.26102.1277-1-0
Apr 17 19:35:11.166826 localhost kernel: Hyper-V: enabling crash_kexec_post_notifiers
Apr 17 19:35:11.166840 localhost kernel: Hyper-V: Using IPI hypercalls
Apr 17 19:35:11.166854 localhost kernel: APIC: send_IPI() replaced with hv_send_ipi()
Apr 17 19:35:11.166873 localhost kernel: APIC: send_IPI_mask() replaced with hv_send_ipi_mask()
Apr 17 19:35:11.166888 localhost kernel: APIC: send_IPI_mask_allbutself() replaced with hv_send_ipi_mask_allbutself()
Apr 17 19:35:11.166902 localhost kernel: APIC: send_IPI_allbutself() replaced with hv_send_ipi_allbutself()
Apr 17 19:35:11.166917 localhost kernel: APIC: send_IPI_all() replaced with hv_send_ipi_all()
Apr 17 19:35:11.166931 localhost kernel: APIC: send_IPI_self() replaced with hv_send_ipi_self()
Apr 17 19:35:11.166945 localhost kernel: Hyper-V: Using enlightened APIC (xapic mode)
Apr 17 19:35:11.166959 localhost kernel: APIC: eoi() replaced with hv_apic_eoi_write()
Apr 17 19:35:11.166974 localhost kernel: APIC: read() replaced with hv_apic_read()
Apr 17 19:35:11.166988 localhost kernel: APIC: write() replaced with hv_apic_write()
Apr 17 19:35:11.167002 localhost kernel: APIC: icr_write() replaced with hv_apic_icr_write()
Apr 17 19:35:11.167016 localhost kernel: APIC: icr_read() replaced with hv_apic_icr_read()
Apr 17 19:35:11.167031 localhost kernel: Calibrating delay loop (skipped), value calculated using timer frequency.. 4589.37 BogoMIPS (lpj=2294685)
Apr 17 19:35:11.167049 localhost kernel: Last level iTLB entries: 4KB 64, 2MB 8, 4MB 8
Apr 17 19:35:11.167063 localhost kernel: Last level dTLB entries: 4KB 64, 2MB 0, 4MB 0, 1GB 4
Apr 17 19:35:11.167078 localhost kernel: Spectre V1 : Mitigation: usercopy/swapgs barriers and __user pointer sanitization
Apr 17 19:35:11.167092 localhost kernel: Spectre V2 : Mitigation: Retpolines
Apr 17 19:35:11.167105 localhost kernel: Spectre V2 : Spectre v2 / SpectreRSB mitigation: Filling RSB on context switch
Apr 17 19:35:11.167119 localhost kernel: Spectre V2 : Spectre v2 / SpectreRSB : Filling RSB on VMEXIT
Apr 17 19:35:11.167134 localhost kernel: Speculative Store Bypass: Vulnerable
Apr 17 19:35:11.167147 localhost kernel: MDS: Mitigation: Clear CPU buffers
Apr 17 19:35:11.167161 localhost kernel: TAA: Mitigation: Clear CPU buffers
Apr 17 19:35:11.167175 localhost kernel: MMIO Stale Data: Vulnerable: Clear CPU buffers attempted, no microcode
Apr 17 19:35:11.167188 localhost kernel: ITS: Mitigation: Aligned branch/return thunks
Apr 17 19:35:11.167202 localhost kernel: x86/fpu: Supporting XSAVE feature 0x001: 'x87 floating point registers'
Apr 17 19:35:11.167214 localhost kernel: x86/fpu: Supporting XSAVE feature 0x002: 'SSE registers'
Apr 17 19:35:11.167228 localhost kernel: x86/fpu: Supporting XSAVE feature 0x004: 'AVX registers'
Apr 17 19:35:11.167243 localhost kernel: x86/fpu: xstate_offset[2]:  576, xstate_sizes[2]:  256
Apr 17 19:35:11.167269 localhost kernel: x86/fpu: Enabled xstate features 0x7, context size is 832 bytes, using 'standard' format.
Apr 17 19:35:11.167283 localhost kernel: Freeing SMP alternatives memory: 40K
Apr 17 19:35:11.167297 localhost kernel: pid_max: default: 32768 minimum: 301
Apr 17 19:35:11.167311 localhost kernel: LSM: initializing lsm=lockdown,capability,landlock,yama,integrity,selinux,bpf
Apr 17 19:35:11.167325 localhost kernel: landlock: Up and running.
Apr 17 19:35:11.167339 localhost kernel: Yama: becoming mindful.
Apr 17 19:35:11.167352 localhost kernel: SELinux:  Initializing.
Apr 17 19:35:11.167365 localhost kernel: LSM support for eBPF active
Apr 17 19:35:11.167381 localhost kernel: Mount-cache hash table entries: 32768 (order: 6, 262144 bytes, linear)
Apr 17 19:35:11.167395 localhost kernel: Mountpoint-cache hash table entries: 32768 (order: 6, 262144 bytes, linear)
Apr 17 19:35:11.167409 localhost kernel: smpboot: CPU0: Intel(R) Xeon(R) CPU E5-2673 v4 @ 2.30GHz (family: 0x6, model: 0x4f, stepping: 0x1)
Apr 17 19:35:11.167423 localhost kernel: Performance Events: unsupported p6 CPU model 79 no PMU driver, software events only.
Apr 17 19:35:11.167437 localhost kernel: signal: max sigframe size: 1776
Apr 17 19:35:11.167465 localhost kernel: rcu: Hierarchical SRCU implementation.
Apr 17 19:35:11.167483 localhost kernel: rcu:         Max phase no-delay instances is 400.
Apr 17 19:35:11.167503 localhost kernel: NMI watchdog: Perf NMI watchdog permanently disabled
Apr 17 19:35:11.167518 localhost kernel: smp: Bringing up secondary CPUs ...
Apr 17 19:35:11.167532 localhost kernel: smpboot: x86: Booting SMP configuration:
Apr 17 19:35:11.167547 localhost kernel: .... node  #0, CPUs:      #2 #1 #3
Apr 17 19:35:11.167562 localhost kernel: MDS CPU bug present and SMT on, data leak possible. See https://www.kernel.org/doc/html/latest/admin-guide/hw-vuln/mds.html for more details.
Apr 17 19:35:11.167578 localhost kernel: TAA CPU bug present and SMT on, data leak possible. See https://www.kernel.org/doc/html/latest/admin-guide/hw-vuln/tsx_async_abort.html for more details.
Apr 17 19:35:11.167594 localhost kernel: MMIO Stale Data CPU bug present and SMT on, data leak possible. See https://www.kernel.org/doc/html/latest/admin-guide/hw-vuln/processor_mmio_stale_data.html for more details.
Apr 17 19:35:11.167609 localhost kernel: smp: Brought up 1 node, 4 CPUs
Apr 17 19:35:11.167623 localhost kernel: smpboot: Total of 4 processors activated (18357.48 BogoMIPS)
Apr 17 19:35:11.167638 localhost kernel: node 0 deferred pages initialised in 37ms
Apr 17 19:35:11.167652 localhost kernel: devtmpfs: initialized
Apr 17 19:35:11.167671 localhost kernel: x86/mm: Memory block size: 128MB
Apr 17 19:35:11.167685 localhost kernel: ACPI: PM: Registering ACPI NVS region [mem 0x3fffb000-0x3fffefff] (16384 bytes)
Apr 17 19:35:11.167699 localhost kernel: clocksource: jiffies: mask: 0xffffffff max_cycles: 0xffffffff, max_idle_ns: 1911260446275000 ns
Apr 17 19:35:11.167713 localhost kernel: futex hash table entries: 1024 (order: 4, 65536 bytes, linear)
Apr 17 19:35:11.167727 localhost kernel: pinctrl core: initialized pinctrl subsystem
Apr 17 19:35:11.167740 localhost kernel: NET: Registered PF_NETLINK/PF_ROUTE protocol family
Apr 17 19:35:11.167755 localhost kernel: DMA: preallocated 2048 KiB GFP_KERNEL pool for atomic allocations
Apr 17 19:35:11.167769 localhost kernel: DMA: preallocated 2048 KiB GFP_KERNEL|GFP_DMA pool for atomic allocations
Apr 17 19:35:11.167784 localhost kernel: DMA: preallocated 2048 KiB GFP_KERNEL|GFP_DMA32 pool for atomic allocations
Apr 17 19:35:11.167797 localhost kernel: audit: initializing netlink subsys (disabled)
Apr 17 19:35:11.167811 localhost kernel: audit: type=2000 audit(1776454506.066:1): state=initialized audit_enabled=0 res=1
Apr 17 19:35:11.167826 localhost kernel: thermal_sys: Registered thermal governor 'fair_share'
Apr 17 19:35:11.167840 localhost kernel: thermal_sys: Registered thermal governor 'step_wise'
Apr 17 19:35:11.167854 localhost kernel: thermal_sys: Registered thermal governor 'user_space'
Apr 17 19:35:11.167872 localhost kernel: cpuidle: using governor menu
Apr 17 19:35:11.167886 localhost kernel: acpiphp: ACPI Hot Plug PCI Controller Driver version: 0.5
Apr 17 19:35:11.167901 localhost kernel: e820: reserve RAM buffer [mem 0x0437e000-0x07ffffff]
Apr 17 19:35:11.167915 localhost kernel: e820: reserve RAM buffer [mem 0x3ef89000-0x3fffffff]
Apr 17 19:35:11.167929 localhost kernel: e820: reserve RAM buffer [mem 0x3ff1f000-0x3fffffff]
Apr 17 19:35:11.167943 localhost kernel: kprobes: kprobe jump-optimization is enabled. All kprobes are optimized if possible.
Apr 17 19:35:11.167958 localhost kernel: HugeTLB: registered 1.00 GiB page size, pre-allocated 0 pages
Apr 17 19:35:11.167972 localhost kernel: HugeTLB: 16380 KiB vmemmap can be freed for a 1.00 GiB page
Apr 17 19:35:11.167986 localhost kernel: HugeTLB: registered 2.00 MiB page size, pre-allocated 0 pages
Apr 17 19:35:11.168000 localhost kernel: HugeTLB: 28 KiB vmemmap can be freed for a 2.00 MiB page
Apr 17 19:35:11.168014 localhost kernel: Demotion targets for Node 0: null
Apr 17 19:35:11.168028 localhost kernel: cryptd: max_cpu_qlen set to 1000
Apr 17 19:35:11.168053 localhost kernel: ACPI: Added _OSI(Module Device)
Apr 17 19:35:11.168079 localhost kernel: ACPI: Added _OSI(Processor Device)
Apr 17 19:35:11.168094 localhost kernel: ACPI: Added _OSI(3.0 _SCP Extensions)
Apr 17 19:35:11.168108 localhost kernel: ACPI: Added _OSI(Processor Aggregator Device)
Apr 17 19:35:11.168122 localhost kernel: ACPI: 1 ACPI AML tables successfully acquired and loaded
Apr 17 19:35:11.168136 localhost kernel: ACPI: _OSC evaluation for CPUs failed, trying _PDC
Apr 17 19:35:11.168150 localhost kernel: ACPI: Interpreter enabled
Apr 17 19:35:11.168165 localhost kernel: ACPI: PM: (supports S0 S5)
Apr 17 19:35:11.168179 localhost kernel: ACPI: Using IOAPIC for interrupt routing
Apr 17 19:35:11.168193 localhost kernel: PCI: Using host bridge windows from ACPI; if necessary, use "pci=nocrs" and report a bug
Apr 17 19:35:11.168208 localhost kernel: PCI: Ignoring E820 reservations for host bridge windows
Apr 17 19:35:11.168223 localhost kernel: ACPI: Enabled 1 GPEs in block 00 to 0F
Apr 17 19:35:11.168237 localhost kernel: iommu: Default domain type: Translated
Apr 17 19:35:11.168255 localhost kernel: iommu: DMA domain TLB invalidation policy: lazy mode
Apr 17 19:35:11.168269 localhost kernel: SCSI subsystem initialized
Apr 17 19:35:11.168290 localhost kernel: ACPI: bus type USB registered
Apr 17 19:35:11.168309 localhost kernel: usbcore: registered new interface driver usbfs
Apr 17 19:35:11.168324 localhost kernel: usbcore: registered new interface driver hub
Apr 17 19:35:11.168338 localhost kernel: usbcore: registered new device driver usb
Apr 17 19:35:11.168352 localhost kernel: pps_core: LinuxPPS API ver. 1 registered
Apr 17 19:35:11.168366 localhost kernel: pps_core: Software ver. 5.3.6 - Copyright 2005-2007 Rodolfo Giometti <giometti@linux.it>
Apr 17 19:35:11.168381 localhost kernel: PTP clock support registered
Apr 17 19:35:11.168395 localhost kernel: EDAC MC: Ver: 3.0.0
Apr 17 19:35:11.168409 localhost kernel: Registered efivars operations
Apr 17 19:35:11.168423 localhost kernel: NetLabel: Initializing
Apr 17 19:35:11.168442 localhost kernel: NetLabel:  domain hash size = 128
Apr 17 19:35:11.168481 localhost kernel: NetLabel:  protocols = UNLABELED CIPSOv4 CALIPSO
Apr 17 19:35:11.168496 localhost kernel: NetLabel:  unlabeled traffic allowed by default
Apr 17 19:35:11.168510 localhost kernel: PCI: Using ACPI for IRQ routing
Apr 17 19:35:11.168525 localhost kernel: PCI: System does not support PCI
Apr 17 19:35:11.168539 localhost kernel: vgaarb: loaded
Apr 17 19:35:11.168553 localhost kernel: clocksource: Switched to clocksource hyperv_clocksource_tsc_page
Apr 17 19:35:11.168569 localhost kernel: VFS: Disk quotas dquot_6.6.0
Apr 17 19:35:11.168583 localhost kernel: VFS: Dquot-cache hash table entries: 512 (order 0, 4096 bytes)
Apr 17 19:35:11.168596 localhost kernel: pnp: PnP ACPI init
Apr 17 19:35:11.168611 localhost kernel: pnp: PnP ACPI: found 3 devices
Apr 17 19:35:11.168626 localhost kernel: clocksource: acpi_pm: mask: 0xffffff max_cycles: 0xffffff, max_idle_ns: 2085701024 ns
Apr 17 19:35:11.168645 localhost kernel: NET: Registered PF_INET protocol family
Apr 17 19:35:11.168660 localhost kernel: IP idents hash table entries: 262144 (order: 9, 2097152 bytes, linear)
Apr 17 19:35:11.168675 localhost kernel: tcp_listen_portaddr_hash hash table entries: 8192 (order: 5, 131072 bytes, linear)
Apr 17 19:35:11.168689 localhost kernel: Table-perturb hash table entries: 65536 (order: 6, 262144 bytes, linear)
Apr 17 19:35:11.168703 localhost kernel: TCP established hash table entries: 131072 (order: 8, 1048576 bytes, linear)
Apr 17 19:35:11.168718 localhost kernel: TCP bind hash table entries: 65536 (order: 8, 1048576 bytes, linear)
Apr 17 19:35:11.168732 localhost kernel: TCP: Hash tables configured (established 131072 bind 65536)
Apr 17 19:35:11.168747 localhost kernel: MPTCP token hash table entries: 16384 (order: 6, 393216 bytes, linear)
Apr 17 19:35:11.168759 localhost kernel: UDP hash table entries: 8192 (order: 6, 262144 bytes, linear)
Apr 17 19:35:11.168773 localhost kernel: UDP-Lite hash table entries: 8192 (order: 6, 262144 bytes, linear)
Apr 17 19:35:11.168788 localhost kernel: NET: Registered PF_UNIX/PF_LOCAL protocol family
Apr 17 19:35:11.168808 localhost kernel: NET: Registered PF_XDP protocol family
Apr 17 19:35:11.168827 localhost kernel: PCI: CLS 0 bytes, default 64
Apr 17 19:35:11.168841 localhost kernel: PCI-DMA: Using software bounce buffering for IO (SWIOTLB)
Apr 17 19:35:11.168856 localhost kernel: software IO TLB: mapped [mem 0x000000003a878000-0x000000003e878000] (64MB)
Apr 17 19:35:11.168870 localhost kernel: ACPI: bus type thunderbolt registered
Apr 17 19:35:11.168885 localhost kernel: Trying to unpack rootfs image as initramfs...
Apr 17 19:35:11.168899 localhost kernel: Initialise system trusted keyrings
Apr 17 19:35:11.168913 localhost kernel: Key type blacklist registered
Apr 17 19:35:11.168927 localhost kernel: workingset: timestamp_bits=36 max_order=22 bucket_order=0
Apr 17 19:35:11.168940 localhost kernel: zbud: loaded
Apr 17 19:35:11.168954 localhost kernel: integrity: Platform Keyring initialized
Apr 17 19:35:11.168969 localhost kernel: integrity: Machine keyring initialized
Apr 17 19:35:11.168983 localhost kernel: NET: Registered PF_ALG protocol family
Apr 17 19:35:11.169002 localhost kernel: xor: automatically using best checksumming function   avx       
Apr 17 19:35:11.169016 localhost kernel: Key type asymmetric registered
Apr 17 19:35:11.169031 localhost kernel: Asymmetric key parser 'x509' registered
Apr 17 19:35:11.169046 localhost kernel: Block layer SCSI generic (bsg) driver version 0.4 loaded (major 246)
Apr 17 19:35:11.169061 localhost kernel: io scheduler mq-deadline registered
Apr 17 19:35:11.169075 localhost kernel: io scheduler kyber registered
Apr 17 19:35:11.169090 localhost kernel: io scheduler bfq registered
Apr 17 19:35:11.169103 localhost kernel: atomic64_test: passed for x86-64 platform with CX8 and with SSE
Apr 17 19:35:11.169118 localhost kernel: shpchp: Standard Hot Plug PCI Controller Driver version: 0.4
Apr 17 19:35:11.169133 localhost kernel: Serial: 8250/16550 driver, 4 ports, IRQ sharing enabled
Apr 17 19:35:11.169147 localhost kernel: 00:00: ttyS0 at I/O 0x3f8 (irq = 4, base_baud = 115200) is a 16550A
Apr 17 19:35:11.169166 localhost kernel: 00:01: ttyS1 at I/O 0x2f8 (irq = 3, base_baud = 115200) is a 16550A
Apr 17 19:35:11.169180 localhost kernel: Non-volatile memory driver v1.3
Apr 17 19:35:11.169195 localhost kernel: rdac: device handler registered
Apr 17 19:35:11.169209 localhost kernel: hp_sw: device handler registered
Apr 17 19:35:11.169230 localhost kernel: emc: device handler registered
Apr 17 19:35:11.169244 localhost kernel: alua: device handler registered
Apr 17 19:35:11.169258 localhost kernel: usbcore: registered new interface driver usbserial_generic
Apr 17 19:35:11.169272 localhost kernel: usbserial: USB Serial support registered for generic
Apr 17 19:35:11.169286 localhost kernel: i8042: PNP: No PS/2 controller found.
Apr 17 19:35:11.169300 localhost kernel: mousedev: PS/2 mouse device common for all mice
Apr 17 19:35:11.169611 localhost kernel: rtc_cmos 00:02: registered as rtc0
Apr 17 19:35:11.169804 localhost kernel: rtc_cmos 00:02: setting system clock to 2026-04-17T19:35:08 UTC (1776454508)
Apr 17 19:35:11.169978 localhost kernel: rtc_cmos 00:02: alarms up to one month, 114 bytes nvram
Apr 17 19:35:11.170000 localhost kernel: intel_pstate: CPU model not supported
Apr 17 19:35:11.170015 localhost kernel: efifb: probing for efifb
Apr 17 19:35:11.170030 localhost kernel: efifb: framebuffer at 0x40000000, using 3072k, total 3072k
Apr 17 19:35:11.170044 localhost kernel: efifb: mode is 1024x768x32, linelength=4096, pages=1
Apr 17 19:35:11.170058 localhost kernel: efifb: scrolling: redraw
Apr 17 19:35:11.170073 localhost kernel: efifb: Truecolor: size=8:8:8:8, shift=24:16:8:0
Apr 17 19:35:11.170087 localhost kernel: Console: switching to colour frame buffer device 128x48
Apr 17 19:35:11.170101 localhost kernel: fb0: EFI VGA frame buffer device
Apr 17 19:35:11.170116 localhost kernel: EFI Variables Facility v0.08 2004-May-17
Apr 17 19:35:11.170136 localhost kernel: hid: raw HID events driver (C) Jiri Kosina
Apr 17 19:35:11.170151 localhost kernel: usbcore: registered new interface driver usbhid
Apr 17 19:35:11.170165 localhost kernel: usbhid: USB HID core driver
Apr 17 19:35:11.170179 localhost kernel: drop_monitor: Initializing network drop monitor service
Apr 17 19:35:11.170193 localhost kernel: Initializing XFRM netlink socket
Apr 17 19:35:11.170286 localhost kernel: NET: Registered PF_INET6 protocol family
Apr 17 19:35:11.170305 localhost kernel: Freeing initrd memory: 104172K
Apr 17 19:35:11.170321 localhost kernel: Segment Routing with IPv6
Apr 17 19:35:11.170336 localhost kernel: NET: Registered PF_PACKET protocol family
Apr 17 19:35:11.170350 localhost kernel: mpls_gso: MPLS GSO support
Apr 17 19:35:11.170365 localhost kernel: resctrl: No MBM correction factor available
Apr 17 19:35:11.170380 localhost kernel: IPI shorthand broadcast: enabled
Apr 17 19:35:11.170402 localhost kernel: AVX2 version of gcm_enc/dec engaged.
Apr 17 19:35:11.170417 localhost kernel: AES CTR mode by8 optimization enabled
Apr 17 19:35:11.170471 localhost kernel: sched_clock: Marking stable (1393009900, 1277767100)->(3087934500, -417157500)
Apr 17 19:35:11.170487 localhost kernel: registered taskstats version 1
Apr 17 19:35:11.170502 localhost kernel: Loading compiled-in X.509 certificates
Apr 17 19:35:11.170517 localhost kernel: Loaded X.509 cert 'Red Hat Enterprise Linux kernel signing key: 300cbdfacc279a7dbb14021e37e33aa77fe6a2a1'
Apr 17 19:35:11.170538 localhost kernel: Loaded X.509 cert 'Red Hat Enterprise Linux Driver Update Program (key 3): bf57f3e87362bc7229d9f465321773dfd1f77a80'
Apr 17 19:35:11.170553 localhost kernel: Loaded X.509 cert 'Red Hat Enterprise Linux kpatch signing key: 4d38fd864ebe18c5f0b72e3852e2014c3a676fc8'
Apr 17 19:35:11.170568 localhost kernel: Loaded X.509 cert 'RH-IMA-CA: Red Hat IMA CA: fb31825dd0e073685b264e3038963673f753959a'
Apr 17 19:35:11.170582 localhost kernel: Loaded X.509 cert 'Nvidia GPU OOT signing 001: 55e1cef88193e60419f0b0ec379c49f77545acf0'
Apr 17 19:35:11.170597 localhost kernel: Demotion targets for Node 0: null
Apr 17 19:35:11.170611 localhost kernel: page_owner is disabled
Apr 17 19:35:11.170626 localhost kernel: Key type .fscrypt registered
Apr 17 19:35:11.170640 localhost kernel: Key type fscrypt-provisioning registered
Apr 17 19:35:11.170654 localhost kernel: Key type big_key registered
Apr 17 19:35:11.170668 localhost kernel: Key type encrypted registered
Apr 17 19:35:11.170683 localhost kernel: integrity: Loading X.509 certificate: UEFI:db
Apr 17 19:35:11.170698 localhost kernel: integrity: Loaded X.509 cert 'Microsoft Windows Production PCA 2011: a92902398e16c49778cd90f99e4f9ae17c55af53'
Apr 17 19:35:11.170717 localhost kernel: integrity: Loading X.509 certificate: UEFI:db
Apr 17 19:35:11.170732 localhost kernel: integrity: Loaded X.509 cert 'Microsoft Corporation: Windows UEFI CA 2023: aefc5fbbbe055d8f8daa585473499417ab5a5272'
Apr 17 19:35:11.170747 localhost kernel: integrity: Loading X.509 certificate: UEFI:MokListRT (MOKvar table)
Apr 17 19:35:11.170761 localhost kernel: integrity: Loading X.509 certificate: UEFI:MokListRT (MOKvar table)
Apr 17 19:35:11.170776 localhost kernel: integrity: Loaded X.509 cert 'Red Hat Secure Boot CA 5: cc6fa5e72868ba494e939bbd680b9144769a9f8f'
Apr 17 19:35:11.170791 localhost kernel: integrity: Loading X.509 certificate: UEFI:MokListRT (MOKvar table)
Apr 17 19:35:11.170805 localhost kernel: integrity: Loading X.509 certificate: UEFI:MokListRT (MOKvar table)
Apr 17 19:35:11.170819 localhost kernel: integrity: Loaded X.509 cert 'Red Hat Secure Boot CA 8: e1c6c580aa1e21d585aad9bf20f3929e5ec1f08b'
Apr 17 19:35:11.170832 localhost kernel: ima: No TPM chip found, activating TPM-bypass!
Apr 17 19:35:11.170847 localhost kernel: Loading compiled-in module X.509 certificates
Apr 17 19:35:11.170862 localhost kernel: Loaded X.509 cert 'Red Hat Enterprise Linux kernel signing key: 300cbdfacc279a7dbb14021e37e33aa77fe6a2a1'
Apr 17 19:35:11.170877 localhost kernel: ima: Allocated hash algorithm: sha256
Apr 17 19:35:11.170896 localhost kernel: ima: No architecture policies found
Apr 17 19:35:11.170910 localhost kernel: evm: Initialising EVM extended attributes:
Apr 17 19:35:11.170925 localhost kernel: evm: security.selinux
Apr 17 19:35:11.170939 localhost kernel: evm: security.SMACK64 (disabled)
Apr 17 19:35:11.170954 localhost kernel: evm: security.SMACK64EXEC (disabled)
Apr 17 19:35:11.170969 localhost kernel: evm: security.SMACK64TRANSMUTE (disabled)
Apr 17 19:35:11.170983 localhost kernel: evm: security.SMACK64MMAP (disabled)
Apr 17 19:35:11.170997 localhost kernel: evm: security.apparmor (disabled)
Apr 17 19:35:11.171011 localhost kernel: evm: security.ima
Apr 17 19:35:11.171026 localhost kernel: evm: security.capability
Apr 17 19:35:11.171040 localhost kernel: evm: HMAC attrs: 0x1
Apr 17 19:35:11.171055 localhost kernel: Running certificate verification RSA selftest
Apr 17 19:35:11.171070 localhost kernel: Loaded X.509 cert 'Certificate verification self-testing key: f58703bb33ce1b73ee02eccdee5b8817518fe3db'
Apr 17 19:35:11.171089 localhost kernel: Running certificate verification ECDSA selftest
Apr 17 19:35:11.171104 localhost kernel: Loaded X.509 cert 'Certificate verification ECDSA self-testing key: 2900bcea1deb7bc8479a84a23d758efdfdd2b2d3'
Apr 17 19:35:11.171118 localhost kernel: clk: Disabling unused clocks
Apr 17 19:35:11.171133 localhost kernel: Freeing unused decrypted memory: 2028K
Apr 17 19:35:11.171148 localhost kernel: Freeing unused kernel image (initmem) memory: 4044K
Apr 17 19:35:11.171163 localhost kernel: Write protecting the kernel read-only data: 30720k
Apr 17 19:35:11.171177 localhost kernel: Freeing unused kernel image (rodata/data gap) memory: 708K
Apr 17 19:35:11.171196 localhost kernel: x86/mm: Checked W+X mappings: passed, no W+X pages found.
Apr 17 19:35:11.171211 localhost kernel: x86/mm: Checking user space page tables
Apr 17 19:35:11.171225 localhost kernel: x86/mm: Checked W+X mappings: passed, no W+X pages found.
Apr 17 19:35:11.171240 localhost kernel: Run /init as init process
Apr 17 19:35:11.171254 localhost kernel:   with arguments:
Apr 17 19:35:11.171268 localhost kernel:     /init
Apr 17 19:35:11.171282 localhost kernel:   with environment:
Apr 17 19:35:11.171297 localhost kernel:     HOME=/
Apr 17 19:35:11.171315 localhost kernel:     TERM=linux
Apr 17 19:35:11.171331 localhost kernel:     BOOT_IMAGE=(hd0,gpt3)/boot/ostree/rhcos-617b0e78715ed36bc2244f65434be3f79c4e5cc41b856cce9de411575dfca7bd/vmlinuz-5.14.0-570.55.1.el9_6.x86_64
Apr 17 19:35:11.171346 localhost kernel:     ostree=/ostree/boot.1/rhcos/617b0e78715ed36bc2244f65434be3f79c4e5cc41b856cce9de411575dfca7bd/0
Apr 17 19:35:11.171450 localhost systemd-journald[325]: Journal started
Apr 17 19:35:11.171572 localhost systemd-journald[325]: Runtime Journal (/run/log/journal/00e413cfd3e24ab5a7254841f9a7e3b3) is 8.0M, max 319.6M, 311.6M free.
Apr 17 19:35:11.213003 localhost systemd[1]: Finished Afterburn Initrd Setup Network Kernel Arguments.
Apr 17 19:35:11.215046 localhost systemd-journald[325]: Missed 39 kernel messages
Apr 17 19:35:11.215046 localhost kernel: fuse: init (API version 7.37)
Apr 17 19:35:11.220110 localhost systemd-modules-load[326]: Inserted module 'fuse'
Apr 17 19:35:11.220300 localhost systemd-modules-load[326]: Module 'msr' is built in
Apr 17 19:35:11.262426 localhost systemd[1]: Finished CoreOS: Touch /run/agetty.reload.
Apr 17 19:35:11.280632 localhost systemd[1]: Finished Create List of Static Device Nodes.
Apr 17 19:35:11.290598 localhost systemd-modules-load[322]: Inserted module 'ib_ipoib'
Apr 17 19:35:11.308563 localhost systemd[1]: Finished Load RDMA modules from /etc/rdma/modules/roce.conf.
Apr 17 19:35:11.330156 localhost systemd[1]: Finished Load Kernel Modules.
Apr 17 19:35:11.330162 localhost systemd-modules-load[322]: Inserted module 'ib_umad'
Apr 17 19:35:11.344416 localhost systemd[1]: Finished Load RDMA modules from /etc/rdma/modules/infiniband.conf.
Apr 17 19:35:11.383883 localhost systemd[1]: Finished Setup Virtual Console.
Apr 17 19:35:11.408675 localhost systemd-journald[325]: Missed 11 kernel messages
Apr 17 19:35:11.408675 localhost kernel: Loading iSCSI transport class v2.0-870.
Apr 17 19:35:11.415894 localhost systemd[1]: Starting dracut ask for additional cmdline parameters...
Apr 17 19:35:11.433225 localhost systemd[1]: Starting Apply Kernel Variables...
Apr 17 19:35:11.465584 localhost systemd-sysusers[327]: Creating group 'root' with GID 991.
Apr 17 19:35:11.467675 localhost systemd-journald[325]: Missed 2 kernel messages
Apr 17 19:35:11.467675 localhost kernel: iscsi: registered transport (iser)
Apr 17 19:35:11.472945 localhost systemd-modules-load[323]: Inserted module 'ib_iser'
Apr 17 19:35:11.476881 localhost systemd[1]: Finished Create System Users.
Apr 17 19:35:11.513531 localhost systemd[1]: Finished Apply Kernel Variables.
Apr 17 19:35:11.529865 localhost systemd[1]: Finished dracut ask for additional cmdline parameters.
Apr 17 19:35:11.553491 localhost systemd-journald[325]: Missed 5 kernel messages
Apr 17 19:35:11.553491 localhost kernel: Rounding down aligned max_sectors from 4294967295 to 4294967288
Apr 17 19:35:11.553604 localhost kernel: db_root: cannot open: /etc/target
Apr 17 19:35:11.574941 localhost systemd[1]: Starting dracut cmdline hook...
Apr 17 19:35:11.590756 localhost systemd[1]: Starting Create Static Device Nodes in /dev...
Apr 17 19:35:11.616094 localhost dracut-cmdline[356]: dracut-9.6.20251015-1 (Plow) dracut-057-88.git20250311.el9_6
Apr 17 19:35:11.616094 localhost dracut-cmdline[356]: Using kernel command line parameters:  ip=auto   BOOT_IMAGE=(hd0,gpt3)/boot/ostree/rhcos-617b0e78715ed36bc2244f65434be3f79c4e5cc41b856cce9de411575dfca7bd/vmlinuz-5.14.0-570.55.1.el9_6.x86_64 rw ignition.firstboot ostree=/ostree/boot.1/rhcos/617b0e78715ed36bc2244f65434be3f79c4e5cc41b856cce9de411575dfca7bd/0 ignition.platform.id=azure console=tty0 console=ttyS0,115200n8
Apr 17 19:35:11.705474 localhost systemd[1]: Starting Create Volatile Files and Directories...
Apr 17 19:35:11.729296 localhost systemd-modules-load[323]: Inserted module 'ib_isert'
Apr 17 19:35:11.746068 localhost systemd-modules-load[323]: Inserted module 'ib_srpt'
Apr 17 19:35:11.759849 localhost systemd[1]: Finished Create Static Device Nodes in /dev.
Apr 17 19:35:11.796890 localhost systemd-modules-load[323]: Inserted module 'ib_uverbs'
Apr 17 19:35:11.812799 localhost systemd-modules-load[323]: Inserted module 'rdma_ucm'
Apr 17 19:35:11.842835 localhost systemd[1]: Finished Create Volatile Files and Directories.
Apr 17 19:35:11.950017 localhost systemd-journald[325]: Missed 11 kernel messages
Apr 17 19:35:11.950017 localhost kernel: iscsi: registered transport (tcp)
Apr 17 19:35:11.951520 localhost kernel: RPC: Registered named UNIX socket transport module.
Apr 17 19:35:11.951537 localhost kernel: RPC: Registered udp transport module.
Apr 17 19:35:11.951548 localhost kernel: RPC: Registered tcp transport module.
Apr 17 19:35:11.951558 localhost kernel: RPC: Registered tcp-with-tls transport module.
Apr 17 19:35:11.951568 localhost kernel: RPC: Registered tcp NFSv4.1 backchannel transport module.
Apr 17 19:35:12.047516 localhost kernel: RPC: Registered rdma transport module.
Apr 17 19:35:12.047611 localhost kernel: Warning: Deprecated Driver is detected: qla4xxx will not be maintained in a future major release and may be disabled
Apr 17 19:35:12.047637 localhost kernel: RPC: Registered rdma backchannel transport module.
Apr 17 19:35:12.077033 localhost systemd-modules-load[323]: Inserted module 'rpcrdma'
Apr 17 19:35:12.082951 localhost systemd[1]: Finished Load RDMA modules from /etc/rdma/modules/rdma.conf.
Apr 17 19:35:12.109379 localhost systemd[1]: Reached target Preparation for Network.
Apr 17 19:35:12.131873 localhost systemd-journald[325]: Missed 3 kernel messages
Apr 17 19:35:12.131873 localhost kernel: iscsi: registered transport (qla4xxx)
Apr 17 19:35:12.132042 localhost kernel: QLogic iSCSI HBA Driver
Apr 17 19:35:12.163636 localhost kernel: libcxgbi:libcxgbi_init_module: Chelsio iSCSI driver library libcxgbi v0.9.1-ko (Apr. 2015)
Apr 17 19:35:12.251741 localhost kernel: Chelsio T4-T6 iSCSI Driver cxgb4i v0.9.5-ko (Apr. 2015)
Apr 17 19:35:12.251822 localhost kernel: iscsi: registered transport (cxgb4i)
Apr 17 19:35:12.286675 localhost kernel: Warning: Deprecated Driver is detected: cnic will not be maintained in a future major release and may be disabled
Apr 17 19:35:12.300665 localhost kernel: cnic: QLogic cnicDriver v2.5.22 (July 20, 2015)
Apr 17 19:35:12.328689 localhost kernel: Warning: Deprecated Driver is detected: bnx2i will not be maintained in a future major release and may be disabled
Apr 17 19:35:12.343547 localhost kernel: QLogic NetXtreme II iSCSI Driver bnx2i v2.7.10.1 (Jul 16, 2014)
Apr 17 19:35:12.343626 localhost kernel: iscsi: registered transport (bnx2i)
Apr 17 19:35:12.383790 localhost kernel: iscsi: registered transport (be2iscsi)
Apr 17 19:35:12.383862 localhost kernel: In beiscsi_module_init, tt=00000000143025cc
Apr 17 19:35:12.676060 localhost systemd[1]: Finished dracut cmdline hook.
Apr 17 19:35:12.698777 localhost systemd[1]: Starting dracut pre-udev hook...
Apr 17 19:35:12.763520 localhost systemd-journald[325]: Missed 2 kernel messages
Apr 17 19:35:12.763520 localhost kernel: device-mapper: core: CONFIG_IMA_DISABLE_HTABLE is disabled. Duplicate IMA measurements will not be recorded in the IMA log.
Apr 17 19:35:12.763616 localhost kernel: device-mapper: uevent: version 1.0.3
Apr 17 19:35:12.763639 localhost kernel: device-mapper: ioctl: 4.48.1-ioctl (2025-04-28) initialised: dm-devel@lists.linux.dev
Apr 17 19:35:12.818242 localhost systemd[1]: Finished dracut pre-udev hook.
Apr 17 19:35:12.845945 localhost systemd[1]: Starting Rule-based Manager for Device Events and Files...
Apr 17 19:35:12.890192 localhost systemd-udevd[549]: Using default interface naming scheme 'rhel-9.0'.
Apr 17 19:35:12.925358 localhost systemd[1]: Started Rule-based Manager for Device Events and Files.
Apr 17 19:35:12.964820 localhost systemd[1]: Starting dracut pre-trigger hook...
Apr 17 19:35:12.989921 localhost dracut-pre-trigger[564]: rd.md=0: removing MD RAID activation
Apr 17 19:35:13.033422 localhost systemd[1]: Finished dracut pre-trigger hook.
Apr 17 19:35:13.064859 localhost systemd[1]: Starting Coldplug All udev Devices...
Apr 17 19:35:13.164118 localhost systemd[1]: Finished Coldplug All udev Devices.
Apr 17 19:35:13.186277 localhost systemd[1]: sys-module-fuse.device: Failed to enqueue SYSTEMD_WANTS= job, ignoring: Unit sys-fs-fuse-connections.mount not found.
Apr 17 19:35:13.218896 localhost systemd[1]: Starting Wait for udev To Complete Device Initialization...
Apr 17 19:35:13.263940 localhost udevadm[618]: systemd-udev-settle.service is deprecated. Please fix multipathd-configure.service not to pull it in.
Apr 17 19:35:13.322913 localhost systemd-journald[325]: Missed 12 kernel messages
Apr 17 19:35:13.322913 localhost kernel: hv_vmbus: Vmbus version:4.0
Apr 17 19:35:13.353752 localhost kernel: hv_utils: Registering HyperV Utility Driver
Apr 17 19:35:13.353821 localhost kernel: hv_vmbus: registering driver hv_utils
Apr 17 19:35:13.361137 localhost kernel: hv_utils: Heartbeat IC version 3.0
Apr 17 19:35:13.361182 localhost kernel: hv_utils: Shutdown IC version 3.2
Apr 17 19:35:13.361203 localhost kernel: hv_utils: TimeSync IC version 4.0
Apr 17 19:35:14.096040 localhost kernel: hv_vmbus: registering driver hid_hyperv
Apr 17 19:35:14.097036 localhost kernel: hv_vmbus: registering driver hyperv_keyboard
Apr 17 19:35:14.108172 localhost kernel: input: Microsoft Vmbus HID-compliant Mouse as /devices/0006:045E:0621.0001/input/input0
Apr 17 19:35:14.108225 localhost kernel: input: AT Translated Set 2 keyboard as /devices/LNXSYSTM:00/LNXSYBUS:00/ACPI0004:00/MSFT1000:00/d34b2567-b9b6-42b9-8778-0a4ec0b955bf/serio0/input/input1
Apr 17 19:35:14.110038 localhost kernel: hid-hyperv 0006:045E:0621.0001: input: VIRTUAL HID v0.01 Mouse [Microsoft Vmbus HID-compliant Mouse] on 
Apr 17 19:35:14.181109 localhost kernel: hv_vmbus: registering driver hv_netvsc
Apr 17 19:35:14.189468 localhost kernel: hv_vmbus: registering driver hv_storvsc
Apr 17 19:35:14.197126 localhost kernel: scsi host0: storvsc_host_t
Apr 17 19:35:14.198888 localhost kernel: scsi host1: storvsc_host_t
Apr 17 19:35:14.205044 localhost kernel: scsi 0:0:0:0: Direct-Access     Msft     Virtual Disk     1.0  PQ: 0 ANSI: 5
Apr 17 19:35:14.227073 localhost kernel: scsi 0:0:0:1: Direct-Access     Msft     Virtual Disk     1.0  PQ: 0 ANSI: 5
Apr 17 19:35:14.229049 localhost kernel: scsi 0:0:0:2: CD-ROM            Msft     Virtual DVD-ROM  1.0  PQ: 0 ANSI: 5
Apr 17 19:35:14.263445 localhost kernel: scsi 0:0:0:0: Attached scsi generic sg0 type 0
Apr 17 19:35:14.263807 localhost kernel: scsi 0:0:0:1: Attached scsi generic sg1 type 0
Apr 17 19:35:14.264401 localhost kernel: scsi 0:0:0:2: Attached scsi generic sg2 type 5
Apr 17 19:35:14.283050 localhost kernel: hv_netvsc 7c1e52f3-ec6f-7c1e-52f3-ec6f7c1e52f3 eth0: VF slot 1 added
Apr 17 19:35:14.313590 localhost kernel: sd 0:0:0:1: [sdb] 67108864 512-byte logical blocks: (34.4 GB/32.0 GiB)
Apr 17 19:35:14.380186 localhost kernel: sd 0:0:0:1: [sdb] 4096-byte physical blocks
Apr 17 19:35:14.380404 localhost kernel: sd 0:0:0:0: [sda] 268435456 512-byte logical blocks: (137 GB/128 GiB)
Apr 17 19:35:14.385982 localhost kernel: sd 0:0:0:0: [sda] 4096-byte physical blocks
Apr 17 19:35:14.386200 localhost kernel: sd 0:0:0:1: [sdb] Write Protect is off
Apr 17 19:35:14.386482 localhost kernel: sd 0:0:0:1: [sdb] Mode Sense: 0f 00 10 00
Apr 17 19:35:14.386667 localhost kernel: sd 0:0:0:0: [sda] Write Protect is off
Apr 17 19:35:14.386824 localhost kernel: sd 0:0:0:0: [sda] Mode Sense: 0f 00 10 00
Apr 17 19:35:14.389082 localhost kernel: sd 0:0:0:1: [sdb] Write cache: disabled, read cache: enabled, supports DPO and FUA
Apr 17 19:35:14.389269 localhost kernel: sd 0:0:0:0: [sda] Write cache: enabled, read cache: enabled, supports DPO and FUA
Apr 17 19:35:14.389461 localhost kernel: hv_vmbus: registering driver hv_pci
Apr 17 19:35:14.389475 localhost kernel: hv_pci 40d690ed-d5a4-423e-acf3-20bc49d4e5c2: PCI VMBus probing: Using version 0x10004
Apr 17 19:35:14.389635 localhost kernel: hv_pci 40d690ed-d5a4-423e-acf3-20bc49d4e5c2: PCI host bridge to bus d5a4:00
Apr 17 19:35:14.389771 localhost kernel: pci_bus d5a4:00: root bus resource [mem 0xfe0000000-0xfe07fffff window]
Apr 17 19:35:14.389952 localhost kernel: pci_bus d5a4:00: No busn resource found for root bus, will use [bus 00-ff]
Apr 17 19:35:14.390117 localhost kernel: pci d5a4:00:02.0: [15b3:1004] type 00 class 0x020000 PCIe Endpoint
Apr 17 19:35:14.390298 localhost kernel: pci d5a4:00:02.0: BAR 2 [mem 0xfe0000000-0xfe07fffff 64bit pref]
Apr 17 19:35:14.390457 localhost kernel:  sdb: sdb1
Apr 17 19:35:14.390470 localhost kernel: pci_bus d5a4:00: busn_res: [bus 00-ff] end is updated to 00
Apr 17 19:35:14.390611 localhost kernel: pci d5a4:00:02.0: BAR 2 [mem 0xfe0000000-0xfe07fffff 64bit pref]: assigned
Apr 17 19:35:14.390759 localhost kernel: sd 0:0:0:1: [sdb] Attached SCSI disk
Apr 17 19:35:14.390923 localhost kernel: GPT:Primary header thinks Alt. header is not at the end of the disk.
Apr 17 19:35:14.390935 localhost kernel: GPT:6602751 != 268435455
Apr 17 19:35:14.390945 localhost kernel: GPT:Alternate GPT header not at the end of the disk.
Apr 17 19:35:14.390955 localhost kernel: GPT:6602751 != 268435455
Apr 17 19:35:14.390965 localhost kernel: GPT: Use GNU Parted to correct GPT errors.
Apr 17 19:35:14.390975 localhost kernel:  sda: sda1 sda2 sda3 sda4
Apr 17 19:35:14.390985 localhost kernel: sd 0:0:0:0: [sda] Attached SCSI disk
Apr 17 19:35:14.493046 localhost kernel: sr 0:0:0:2: [sr0] scsi-1 drive
Apr 17 19:35:14.493902 localhost kernel: cdrom: Uniform CD-ROM driver Revision: 3.20
Apr 17 19:35:14.493919 localhost kernel: sr 0:0:0:2: Attached scsi CD-ROM sr0
Apr 17 19:35:14.671048 localhost kernel: hv_storvsc f8b3781a-1e82-4818-a1c3-63d806ec15bb: tag#35 cmd 0x85 status: scsi 0x2 srb 0x6 hv 0xc0000001
Apr 17 19:35:14.671479 localhost kernel: Warning: Unmaintained Hardware is detected: mlx4_core:15B3:1004 @ d5a4:00:02.0
Apr 17 19:35:14.671510 localhost kernel: mlx4_core: Mellanox ConnectX core driver v4.0-0
Apr 17 19:35:14.673290 localhost kernel: mlx4_core: Initializing d5a4:00:02.0
Apr 17 19:35:14.673330 localhost kernel: mlx4_core d5a4:00:02.0: enabling device (0000 -> 0002)
Apr 17 19:35:14.735531 localhost kernel: mlx4_core d5a4:00:02.0: Detected virtual function - running in slave mode
Apr 17 19:35:14.735934 localhost kernel: mlx4_core d5a4:00:02.0: Sending reset
Apr 17 19:35:14.736331 localhost kernel: mlx4_core d5a4:00:02.0: Sending vhcr0
Apr 17 19:35:14.736632 localhost kernel: mlx4_core d5a4:00:02.0: HCA minimum page size:512
Apr 17 19:35:14.736895 localhost kernel: mlx4_core d5a4:00:02.0: Timestamping is not supported in slave mode
Apr 17 19:35:14.835136 localhost systemd[1]: Found device Virtual_Disk boot.
Apr 17 19:35:14.870046 localhost systemd-journald[325]: Missed 1 kernel messages
Apr 17 19:35:14.870046 localhost kernel: mlx4_en: Mellanox ConnectX HCA Ethernet driver v4.0-0
Apr 17 19:35:14.896185 localhost kernel: mlx4_en d5a4:00:02.0: Activating port:1
Apr 17 19:35:14.882943 localhost systemd[1]: Found device Virtual_Disk root.
Apr 17 19:35:14.925412 localhost systemd-journald[325]: Missed 1 kernel messages
Apr 17 19:35:14.925412 localhost kernel: mlx4_en: d5a4:00:02.0: Port 1: Using 4 TX rings
Apr 17 19:35:14.927482 localhost kernel: mlx4_en: d5a4:00:02.0: Port 1: Using 4 RX rings
Apr 17 19:35:14.928427 localhost kernel: mlx4_en: d5a4:00:02.0: Port 1: Initializing port
Apr 17 19:35:14.928941 localhost kernel: hv_netvsc 7c1e52f3-ec6f-7c1e-52f3-ec6f7c1e52f3 eth0: VF registering: eth1
Apr 17 19:35:14.935031 localhost kernel: mlx4_core d5a4:00:02.0 eth1: joined to eth0
Apr 17 19:35:14.954037 localhost kernel: hv_storvsc f8b3781a-1e82-4818-a1c3-63d806ec15bb: tag#210 cmd 0x85 status: scsi 0x2 srb 0x6 hv 0xc0000001
Apr 17 19:35:15.003572 localhost systemd[1]: Starting CoreOS Ignition User Config Setup...
Apr 17 19:35:15.024936 localhost systemd[1]: Starting CoreOS Ensure Unique Boot Filesystem Label...
Apr 17 19:35:15.058070 localhost systemd-journald[325]: Missed 2 kernel messages
Apr 17 19:35:15.058070 localhost kernel: mlx4_core d5a4:00:02.0 enP54692s1: renamed from eth1
Apr 17 19:35:15.121708 localhost systemd[1]: Finished Wait for udev To Complete Device Initialization.
Apr 17 19:35:15.152588 localhost systemd[1]: Device-Mapper Multipath Default Configuration was skipped because of an unmet condition check (ConditionKernelCommandLine=rd.multipath=default).
Apr 17 19:35:15.216590 localhost systemd[1]: Starting Device-Mapper Multipath Device Controller...
Apr 17 19:35:15.238123 localhost systemd[1]: Finished CoreOS Ensure Unique Boot Filesystem Label.
Apr 17 19:35:15.316218 localhost systemd-journald[325]: Missed 4 kernel messages
Apr 17 19:35:15.316218 localhost kernel: EXT4-fs (sda3): mounted filesystem 96d15588-3596-4b3c-adca-a2ff7279ea63 ro with ordered data mode. Quota mode: none.
Apr 17 19:35:15.322031 localhost coreos-ignition-setup-user[820]: File /mnt/boot_partition/ignition/config.ign does not exist.. Skipping copy
Apr 17 19:35:15.322980 localhost multipathd[873]: --------start up--------
Apr 17 19:35:15.322980 localhost multipathd[873]: read /etc/multipath.conf
Apr 17 19:35:15.322980 localhost multipathd[873]: /etc/multipath.conf does not exist, blacklisting all devices.
Apr 17 19:35:15.322980 localhost multipathd[873]: You can run "/sbin/mpathconf --enable" to create
Apr 17 19:35:15.322980 localhost multipathd[873]: /etc/multipath.conf. See man mpathconf(8) for more details
Apr 17 19:35:15.335036 localhost systemd-journald[325]: Missed 6 kernel messages
Apr 17 19:35:15.335036 localhost kernel: EXT4-fs (sda3): unmounting filesystem 96d15588-3596-4b3c-adca-a2ff7279ea63.
Apr 17 19:35:15.335818 localhost multipathd[873]: path checkers start up
Apr 17 19:35:15.336866 localhost multipathd[873]: /etc/multipath.conf does not exist, blacklisting all devices.
Apr 17 19:35:15.336866 localhost multipathd[873]: You can run "/sbin/mpathconf --enable" to create
Apr 17 19:35:15.336866 localhost multipathd[873]: /etc/multipath.conf. See man mpathconf(8) for more details
Apr 17 19:35:15.348991 localhost systemd[1]: Started Device-Mapper Multipath Device Controller.
Apr 17 19:35:15.463139 localhost systemd[1]: Finished CoreOS Ignition User Config Setup.
Apr 17 19:35:15.493256 localhost systemd[1]: Reached target Preparation for Local File Systems.
Apr 17 19:35:15.519458 localhost systemd[1]: Reached target Local File Systems.
Apr 17 19:35:15.533422 localhost systemd[1]: Reached target System Initialization.
Apr 17 19:35:15.551625 localhost systemd[1]: Reached target Basic System.
Apr 17 19:35:15.567697 localhost systemd[1]: Persist Osmet Files (ISO) was skipped because of an unmet condition check (ConditionKernelCommandLine=coreos.liveiso).
Apr 17 19:35:15.590417 localhost systemd[1]: Starting Ignition (fetch-offline)...
Apr 17 19:35:15.624171 localhost ignition[883]: Ignition 2.21.0
Apr 17 19:35:15.624197 localhost ignition[883]: Stage: fetch-offline
Apr 17 19:35:15.624393 localhost ignition[883]: reading system config file "/usr/lib/ignition/base.d/00-core.ign"
Apr 17 19:35:15.624444 localhost ignition[883]: parsing config with SHA512: ff6a5153be363997e4d5d3ea8cc4048373a457c48c4a5b134a08a30aacd167c1e0f099f0bdf1e24c99ad180628cd02b767b863b5fe3a8fce3fe1886847eb8e2e
Apr 17 19:35:15.629335 localhost ignition[883]: no config dir at "/usr/lib/ignition/base.platform.d/azure"
Apr 17 19:35:15.629609 localhost ignition[883]: parsed url from cmdline: ""
Apr 17 19:35:15.629618 localhost ignition[883]: no config URL provided
Apr 17 19:35:15.629630 localhost ignition[883]: reading system config file "/usr/lib/ignition/user.ign"
Apr 17 19:35:15.629650 localhost ignition[883]: no config at "/usr/lib/ignition/user.ign"
Apr 17 19:35:15.629718 localhost ignition[883]: failed to fetch config: resource requires networking
Apr 17 19:35:15.630101 localhost ignition[883]: Ignition finished successfully
Apr 17 19:35:15.638341 localhost systemd[1]: Finished Ignition (fetch-offline).
Apr 17 19:35:15.753516 localhost systemd[1]: Starting CoreOS Enable Network...
Apr 17 19:35:15.978862 localhost systemd[1]: Finished CoreOS Enable Network.
Apr 17 19:35:16.003507 localhost systemd[1]: Starting Copy CoreOS Firstboot Networking Config...
Apr 17 19:35:16.055082 localhost systemd-journald[325]: Missed 25 kernel messages
Apr 17 19:35:16.055082 localhost kernel: EXT4-fs (sda3): mounted filesystem 96d15588-3596-4b3c-adca-a2ff7279ea63 ro with ordered data mode. Quota mode: none.
Apr 17 19:35:16.069878 localhost coreos-copy-firstboot-network[915]: info: no files to copy from /mnt/boot_partition/coreos-firstboot-network; skipping
Apr 17 19:35:16.072026 localhost kernel: EXT4-fs (sda3): unmounting filesystem 96d15588-3596-4b3c-adca-a2ff7279ea63.
Apr 17 19:35:16.082003 localhost systemd[1]: Finished Copy CoreOS Firstboot Networking Config.
Apr 17 19:35:16.124553 localhost systemd[1]: Starting Generate New UUID For Boot Disk GPT...
Apr 17 19:35:16.148865 localhost systemd[1]: Starting nm-initrd.service...
Apr 17 19:35:16.160278 localhost coreos-gpt-setup[923]: Randomizing disk GUID
Apr 17 19:35:16.186681 localhost systemd-journald[325]: Missed 5 kernel messages
Apr 17 19:35:16.186681 localhost kernel: GPT:Primary header thinks Alt. header is not at the end of the disk.
Apr 17 19:35:16.186965 localhost kernel: GPT:6602751 != 268435455
Apr 17 19:35:16.186991 localhost kernel: GPT:Alternate GPT header not at the end of the disk.
Apr 17 19:35:16.187470 localhost kernel: GPT:6602751 != 268435455
Apr 17 19:35:16.188398 localhost kernel: GPT: Use GNU Parted to correct GPT errors.
Apr 17 19:35:16.189347 localhost kernel:  sda: sda1 sda2 sda3 sda4
Apr 17 19:35:16.434601 localhost NetworkManager[927]: <info>  [1776454516.4345] NetworkManager (version 1.52.0-7.el9_6) is starting... (boot:f39b2ea6-8195-4313-a423-214ca516c47e)
Apr 17 19:35:16.434651 localhost NetworkManager[927]: <info>  [1776454516.4346] Read config: /etc/NetworkManager/NetworkManager.conf, /usr/lib/NetworkManager/conf.d/initrd-no-auto-default.conf, /run/NetworkManager/conf.d/15-carrier-timeout.conf
Apr 17 19:35:16.496843 localhost systemd[1]: Starting D-Bus System Message Bus...
Apr 17 19:35:16.518538 localhost dbus-broker-launch[1004]: Looking up NSS user entry for 'dbus'...
Apr 17 19:35:16.525502 localhost dbus-broker-launch[1004]: NSS returned NAME 'dbus' and UID '81'
Apr 17 19:35:16.529215 localhost systemd[1]: Started D-Bus System Message Bus.
Apr 17 19:35:16.534357 localhost dbus-broker-lau[1004]: Ready
Apr 17 19:35:16.550046 localhost NetworkManager[927]: <info>  [1776454516.5499] manager[0x558035f97090]: monitoring kernel firmware directory '/lib/firmware'.
Apr 17 19:35:16.552602 localhost NetworkManager[927]: <info>  [1776454516.5525] hostname: hostname: couldn't get property from hostnamed
Apr 17 19:35:16.555492 localhost.localdomain NetworkManager[927]: <info>  [1776454516.5554] dns-mgr: init: dns=default,systemd-resolved rc-manager=symlink (auto)
Apr 17 19:35:16.555573 localhost.localdomain NetworkManager[927]: <info>  [1776454516.5555] policy: set-hostname: set hostname to 'localhost.localdomain' (no hostname found)
Apr 17 19:35:16.650512 localhost.localdomain NetworkManager[927]: <info>  [1776454516.6504] manager[0x558035f97090]: rfkill: Wi-Fi hardware radio set enabled
Apr 17 19:35:16.650555 localhost.localdomain NetworkManager[927]: <info>  [1776454516.6505] manager[0x558035f97090]: rfkill: WWAN hardware radio set enabled
Apr 17 19:35:16.661821 localhost.localdomain NetworkManager[927]: <info>  [1776454516.6617] Loaded device plugin: NMTeamFactory (/usr/lib64/NetworkManager/1.52.0-7.el9_6/libnm-device-plugin-team.so)
Apr 17 19:35:16.661870 localhost.localdomain NetworkManager[927]: <info>  [1776454516.6618] manager: rfkill: Wi-Fi enabled by radio killswitch; enabled by state file
Apr 17 19:35:16.662174 localhost.localdomain NetworkManager[927]: <info>  [1776454516.6621] manager: rfkill: WWAN enabled by radio killswitch; enabled by state file
Apr 17 19:35:16.662333 localhost.localdomain NetworkManager[927]: <info>  [1776454516.6623] manager: Networking is enabled by state file
Apr 17 19:35:16.662949 localhost.localdomain NetworkManager[927]: <info>  [1776454516.6628] settings: Loaded settings plugin: keyfile (internal)
Apr 17 19:35:16.663792 localhost.localdomain NetworkManager[927]: <info>  [1776454516.6637] settings: Loaded settings plugin: ifcfg-rh ("/usr/lib64/NetworkManager/1.52.0-7.el9_6/libnm-settings-plugin-ifcfg-rh.so")
Apr 17 19:35:16.667204 localhost.localdomain NetworkManager[927]: <info>  [1776454516.6671] dhcp: init: Using DHCP client 'internal'
Apr 17 19:35:16.667769 localhost.localdomain NetworkManager[927]: <info>  [1776454516.6676] manager: (lo): new Loopback device (/org/freedesktop/NetworkManager/Devices/1)
Apr 17 19:35:16.670794 localhost.localdomain NetworkManager[927]: <info>  [1776454516.6707] device (lo): state change: unmanaged -> unavailable (reason 'connection-assumed', managed-type: 'external')
Apr 17 19:35:16.672909 localhost.localdomain NetworkManager[927]: <info>  [1776454516.6728] device (lo): state change: unavailable -> disconnected (reason 'connection-assumed', managed-type: 'external')
Apr 17 19:35:16.674721 localhost.localdomain NetworkManager[927]: <info>  [1776454516.6746] device (lo): Activation: starting connection 'lo' (fb2429d6-1535-46b2-a504-648e94e5f2ea)
Apr 17 19:35:16.697053 localhost.localdomain systemd-journald[325]: Missed 24 kernel messages
Apr 17 19:35:16.697053 localhost.localdomain kernel: mlx4_en: enP54692s1: Steering Mode 2
Apr 17 19:35:16.677124 localhost.localdomain NetworkManager[927]: <info>  [1776454516.6770] manager: (eth0): new Ethernet device (/org/freedesktop/NetworkManager/Devices/2)
Apr 17 19:35:16.677901 localhost.localdomain NetworkManager[927]: <info>  [1776454516.6778] device (eth0): state change: unmanaged -> unavailable (reason 'managed', managed-type: 'external')
Apr 17 19:35:16.757350 localhost.localdomain systemd-journald[325]: Missed 2 kernel messages
Apr 17 19:35:16.757350 localhost.localdomain kernel: mlx4_en: enP54692s1: Link Up
Apr 17 19:35:16.777079 localhost.localdomain kernel: hv_netvsc 7c1e52f3-ec6f-7c1e-52f3-ec6f7c1e52f3 eth0: Data path switched to VF: enP54692s1
Apr 17 19:35:16.779560 localhost.localdomain NetworkManager[927]: <info>  [1776454516.7795] device (enP54692s1): carrier: link connected
Apr 17 19:35:16.782538 localhost.localdomain NetworkManager[927]: <info>  [1776454516.7824] manager: (enP54692s1): new Ethernet device (/org/freedesktop/NetworkManager/Devices/3)
Apr 17 19:35:16.783630 localhost.localdomain systemd[1]: Started nm-initrd.service.
Apr 17 19:35:16.783805 localhost.localdomain NetworkManager[927]: <info>  [1776454516.7837] bus-manager: acquired D-Bus service "org.freedesktop.NetworkManager"
Apr 17 19:35:16.787367 localhost.localdomain NetworkManager[927]: <warn>  [1776454516.7873] ifcfg-rh: dbus: couldn't acquire D-Bus service: GDBus.Error:org.freedesktop.DBus.Error.AccessDenied: Request to own name refused by policy
Apr 17 19:35:16.787659 localhost.localdomain NetworkManager[927]: <info>  [1776454516.7876] device (lo): state change: disconnected -> prepare (reason 'none', managed-type: 'external')
Apr 17 19:35:16.787990 localhost.localdomain NetworkManager[927]: <info>  [1776454516.7879] device (lo): state change: prepare -> config (reason 'none', managed-type: 'external')
Apr 17 19:35:16.788253 localhost.localdomain NetworkManager[927]: <info>  [1776454516.7882] device (lo): state change: config -> ip-config (reason 'none', managed-type: 'external')
Apr 17 19:35:16.788535 localhost.localdomain NetworkManager[927]: <info>  [1776454516.7885] device (eth0): carrier: link connected
Apr 17 19:35:16.829888 localhost.localdomain NetworkManager[927]: <info>  [1776454516.8297] device (lo): state change: ip-config -> ip-check (reason 'none', managed-type: 'external')
Apr 17 19:35:16.831052 localhost.localdomain NetworkManager[927]: <info>  [1776454516.8309] device (eth0): state change: unavailable -> disconnected (reason 'carrier-changed', managed-type: 'full')
Apr 17 19:35:16.831863 localhost.localdomain NetworkManager[927]: <info>  [1776454516.8318] policy: auto-activating connection 'Wired Connection' (dc101531-92a2-4fad-99a8-5bddfed9f778)
Apr 17 19:35:16.832430 localhost.localdomain NetworkManager[927]: <info>  [1776454516.8323] device (eth0): Activation: starting connection 'Wired Connection' (dc101531-92a2-4fad-99a8-5bddfed9f778)
Apr 17 19:35:16.832546 localhost.localdomain NetworkManager[927]: <info>  [1776454516.8325] device (eth0): state change: disconnected -> prepare (reason 'none', managed-type: 'full')
Apr 17 19:35:16.832810 localhost.localdomain NetworkManager[927]: <info>  [1776454516.8327] manager: NetworkManager state is now CONNECTING
Apr 17 19:35:16.832979 localhost.localdomain NetworkManager[927]: <info>  [1776454516.8329] device (eth0): state change: prepare -> config (reason 'none', managed-type: 'full')
Apr 17 19:35:16.833809 localhost.localdomain NetworkManager[927]: <info>  [1776454516.8337] device (eth0): state change: config -> ip-config (reason 'none', managed-type: 'full')
Apr 17 19:35:16.834351 localhost.localdomain NetworkManager[927]: <info>  [1776454516.8343] dhcp4 (eth0): activation: beginning transaction (timeout in 90 seconds)
Apr 17 19:35:16.835233 localhost.localdomain NetworkManager[927]: <info>  [1776454516.8351] device (lo): state change: ip-check -> secondaries (reason 'none', managed-type: 'external')
Apr 17 19:35:16.835638 localhost.localdomain NetworkManager[927]: <info>  [1776454516.8356] device (lo): state change: secondaries -> activated (reason 'none', managed-type: 'external')
Apr 17 19:35:16.849138 localhost.localdomain NetworkManager[927]: <info>  [1776454516.8490] device (lo): Activation: successful, device activated.
Apr 17 19:35:16.873161 localhost.localdomain NetworkManager[927]: <info>  [1776454516.8731] dhcp4 (eth0): state changed new lease, address=10.0.128.7
Apr 17 19:35:16.874468 localhost.localdomain NetworkManager[927]: <info>  [1776454516.8744] policy: set 'Wired Connection' (eth0) as default for IPv4 routing and DNS
Apr 17 19:35:16.894850 localhost.localdomain NetworkManager[927]: <info>  [1776454516.8948] device (eth0): state change: ip-config -> ip-check (reason 'none', managed-type: 'full')
Apr 17 19:35:16.908157 localhost.localdomain NetworkManager[927]: <info>  [1776454516.9080] device (eth0): state change: ip-check -> secondaries (reason 'none', managed-type: 'full')
Apr 17 19:35:16.909501 localhost.localdomain NetworkManager[927]: <info>  [1776454516.9094] device (eth0): state change: secondaries -> activated (reason 'none', managed-type: 'full')
Apr 17 19:35:16.910208 localhost.localdomain NetworkManager[927]: <info>  [1776454516.9101] manager: NetworkManager state is now CONNECTED_SITE
Apr 17 19:35:16.910871 localhost.localdomain NetworkManager[927]: <info>  [1776454516.9108] device (eth0): Activation: successful, device activated.
Apr 17 19:35:16.911684 localhost.localdomain NetworkManager[927]: <info>  [1776454516.9116] manager: NetworkManager state is now CONNECTED_GLOBAL
Apr 17 19:35:16.912377 localhost.localdomain NetworkManager[927]: <info>  [1776454516.9123] manager: startup complete
Apr 17 19:35:16.967525 localhost.localdomain systemd[1]: Reached target Network.
Apr 17 19:35:17.179001 localhost.localdomain systemd[1]: Starting Ignition (fetch)...
Apr 17 19:35:17.222873 localhost.localdomain ignition[1010]: Ignition 2.21.0
Apr 17 19:35:17.222895 localhost.localdomain ignition[1010]: Stage: fetch
Apr 17 19:35:17.223282 localhost.localdomain ignition[1010]: reading system config file "/usr/lib/ignition/base.d/00-core.ign"
Apr 17 19:35:17.223667 localhost.localdomain ignition[1010]: parsing config with SHA512: ff6a5153be363997e4d5d3ea8cc4048373a457c48c4a5b134a08a30aacd167c1e0f099f0bdf1e24c99ad180628cd02b767b863b5fe3a8fce3fe1886847eb8e2e
Apr 17 19:35:17.226200 localhost.localdomain ignition[1010]: no config dir at "/usr/lib/ignition/base.platform.d/azure"
Apr 17 19:35:17.226665 localhost.localdomain ignition[1010]: parsed url from cmdline: ""
Apr 17 19:35:17.226680 localhost.localdomain ignition[1010]: no config URL provided
Apr 17 19:35:17.226690 localhost.localdomain ignition[1010]: reading system config file "/usr/lib/ignition/user.ign"
Apr 17 19:35:17.226707 localhost.localdomain ignition[1010]: no config at "/usr/lib/ignition/user.ign"
Apr 17 19:35:17.226761 localhost.localdomain ignition[1010]: GET http://169.254.169.254/metadata/instance/compute/userData?api-version=2021-01-01&format=text: attempt #1
Apr 17 19:35:17.361448 localhost.localdomain systemd[1]: Starting nm-wait-online-initrd.service...
Apr 17 19:35:17.514888 localhost.localdomain ignition[1010]: GET result: OK
Apr 17 19:35:17.514926 localhost.localdomain ignition[1010]: failed to retrieve userdata from IMDS, falling back to custom data: not a config (empty)
Apr 17 19:35:17.756642 localhost.localdomain systemd[1]: Finished nm-wait-online-initrd.service.
Apr 17 19:35:17.923763 localhost.localdomain systemd[1]: Starting dracut initqueue hook...
Apr 17 19:35:18.027676 localhost.localdomain ignition[1010]: opening config device: "/dev/sr0"
Apr 17 19:35:18.028474 localhost.localdomain ignition[1010]: getting drive status for "/dev/sr0"
Apr 17 19:35:18.028545 localhost.localdomain ignition[1010]: drive status: OK
Apr 17 19:35:18.028616 localhost.localdomain ignition[1010]: mounting config device
Apr 17 19:35:18.028630 localhost.localdomain ignition[1010]: op(1): [started]  mounting "/dev/sr0" at "/tmp/ignition-azure3605724570"
Apr 17 19:35:18.065060 localhost.localdomain systemd-journald[325]: Missed 46 kernel messages
Apr 17 19:35:18.065060 localhost.localdomain kernel: Key type psk registered
Apr 17 19:35:18.075891 localhost.localdomain kernel: UDF-fs: INFO Mounting volume 'UDF Volume', timestamp 2026/04/18 00:00 (1000)
Apr 17 19:35:18.075041 localhost.localdomain systemd[1]: tmp-ignition\x2dazure3605724570.mount: Deactivated successfully.
Apr 17 19:35:18.072599 localhost.localdomain ignition[1010]: op(1): [finished] mounting "/dev/sr0" at "/tmp/ignition-azure3605724570"
Apr 17 19:35:18.072616 localhost.localdomain ignition[1010]: checking for config drive
Apr 17 19:35:18.073183 localhost.localdomain ignition[1010]: reading config
Apr 17 19:35:18.074087 localhost.localdomain ignition[1010]: op(2): [started]  unmounting "/dev/sr0" at "/tmp/ignition-azure3605724570"
Apr 17 19:35:18.088222 localhost.localdomain ignition[1010]: op(2): [finished] unmounting "/dev/sr0" at "/tmp/ignition-azure3605724570"
Apr 17 19:35:18.088275 localhost.localdomain ignition[1010]: config has been read from custom data
Apr 17 19:35:18.088310 localhost.localdomain ignition[1010]: parsing config with SHA512: 800a3186214008b89c2f231d2ae4c9a6d60d46df4aa51850a70a9e7615639f9b8d97dde9704a39ec7b0a12289f81b491e045922b9abe176f173deb0eb7f87831
Apr 17 19:35:18.136603 localhost.localdomain ignition[1010]: Adding "root-ca" to list of CAs
Apr 17 19:35:18.136661 localhost.localdomain ignition[1010]: GET https://api-int.ci-ln-rm0x8pk-1d09d.ci2.azure.devcluster.openshift.com:22623/config/worker: attempt #1
Apr 17 19:35:18.262886 localhost.localdomain systemd[1]: Finished dracut initqueue hook.
Apr 17 19:35:18.278888 localhost.localdomain systemd[1]: Reached target Preparation for Remote File Systems.
Apr 17 19:35:18.298971 localhost.localdomain systemd[1]: Reached target Remote Encrypted Volumes.
Apr 17 19:35:18.317619 localhost.localdomain systemd[1]: Reached target Remote File Systems.
Apr 17 19:35:18.334602 localhost.localdomain systemd[1]: Acquire Live PXE rootfs Image was skipped because of an unmet condition check (ConditionPathExists=/run/ostree-live).
Apr 17 19:35:18.334815 localhost.localdomain systemd[1]: Persist Osmet Files (PXE) was skipped because of an unmet condition check (ConditionPathExists=/run/ostree-live).
Apr 17 19:35:18.357389 localhost.localdomain ignition[1010]: GET result: OK
Apr 17 19:35:18.364584 localhost.localdomain ignition[1010]: fetched referenced config at https://api-int.ci-ln-rm0x8pk-1d09d.ci2.azure.devcluster.openshift.com:22623/config/worker with SHA512: 9e988b6b73513aa23e5e7e2a96b593c80a645a8ecacedae7ca737ba039d26c4e7c3000c8830931a860354a459ffa27a27a9d05186aa42b35e47b5d57cd86c94c
Apr 17 19:35:18.390698 localhost.localdomain systemd[1]: Starting dracut pre-mount hook...
Apr 17 19:35:18.420392 localhost.localdomain ignition[1010]: Adding "root-ca" to list of CAs
Apr 17 19:35:18.423334 localhost.localdomain ignition[1010]: Adding "root-ca" to list of CAs
Apr 17 19:35:18.434210 localhost.localdomain systemd[1]: Finished dracut pre-mount hook.
Apr 17 19:35:18.456706 localhost.localdomain ignition[1010]: fetched base config from "system"
Apr 17 19:35:18.456723 localhost.localdomain ignition[1010]: fetched base config from "system"
Apr 17 19:35:18.456731 localhost.localdomain ignition[1010]: fetched user config from "azure"
Apr 17 19:35:18.456740 localhost.localdomain ignition[1010]: fetched referenced user config from "/config/worker"
Apr 17 19:35:18.464522 localhost.localdomain ignition[1010]: fetch: fetch complete
Apr 17 19:35:18.464539 localhost.localdomain ignition[1010]: fetch: fetch passed
Apr 17 19:35:18.464636 localhost.localdomain ignition[1010]: Ignition finished successfully
Apr 17 19:35:18.486181 localhost.localdomain systemd[1]: Finished Ignition (fetch).
Apr 17 19:35:18.556781 localhost.localdomain systemd[1]: Starting Ignition OSTree: Detect Partition Transposition...
Apr 17 19:35:18.581551 localhost.localdomain systemd[1]: Starting RHCOS Check For Legacy LUKS Configuration...
Apr 17 19:35:18.606615 localhost.localdomain systemd[1]: Finished RHCOS Check For Legacy LUKS Configuration.
Apr 17 19:35:18.649210 localhost.localdomain systemd-journald[325]: Missed 29 kernel messages
Apr 17 19:35:18.649210 localhost.localdomain kernel:  sda: sda1 sda2 sda3 sda4
Apr 17 19:35:18.651105 localhost.localdomain coreos-gpt-setup[928]: The operation has completed successfully.
Apr 17 19:35:18.665245 localhost.localdomain systemd[1]: Finished Ignition OSTree: Detect Partition Transposition.
Apr 17 19:35:18.846678 localhost.localdomain systemd[1]: Finished Generate New UUID For Boot Disk GPT.
Apr 17 19:35:18.891629 localhost.localdomain systemd[1]: Ignition OSTree: Save Partitions was skipped because of an unmet condition check (ConditionPathIsDirectory=/run/ignition-ostree-transposefs).
Apr 17 19:35:18.920913 localhost.localdomain systemd[1]: Starting Ignition OSTree: Regenerate Filesystem UUID (boot)...
Apr 17 19:35:18.964701 localhost.localdomain ignition-ostree-firstboot-uuid[1183]: tune2fs 1.46.5 (30-Dec-2021)
Apr 17 19:35:19.008311 localhost.localdomain ignition-ostree-firstboot-uuid[1181]: Regenerated UUID for /dev/disk/by-label/boot
Apr 17 19:35:19.020153 localhost.localdomain systemd[1]: Finished Ignition OSTree: Regenerate Filesystem UUID (boot).
Apr 17 19:35:19.052213 localhost.localdomain systemd[1]: Starting Ignition (kargs)...
Apr 17 19:35:19.092506 localhost.localdomain ignition[1192]: Ignition 2.21.0
Apr 17 19:35:19.092539 localhost.localdomain ignition[1192]: Stage: kargs
Apr 17 19:35:19.094441 localhost.localdomain ignition[1192]: reading system config file "/usr/lib/ignition/base.d/00-core.ign"
Apr 17 19:35:19.094593 localhost.localdomain ignition[1192]: parsing config with SHA512: ff6a5153be363997e4d5d3ea8cc4048373a457c48c4a5b134a08a30aacd167c1e0f099f0bdf1e24c99ad180628cd02b767b863b5fe3a8fce3fe1886847eb8e2e
Apr 17 19:35:19.097175 localhost.localdomain ignition[1192]: no config dir at "/usr/lib/ignition/base.platform.d/azure"
Apr 17 19:35:19.112903 localhost.localdomain ignition[1192]: Adding "root-ca" to list of CAs
Apr 17 19:35:19.115797 localhost.localdomain ignition[1192]: kargs: kargs passed
Apr 17 19:35:19.120220 localhost.localdomain ignition[1192]: Ignition finished successfully
Apr 17 19:35:19.129674 localhost.localdomain systemd[1]: Finished Ignition (kargs).
Apr 17 19:35:19.186700 localhost.localdomain systemd[1]: Starting Check for FIPS mode...
Apr 17 19:35:19.295664 localhost.localdomain rhcos-fips[1199]: Found /etc/ignition-machine-config-encapsulated.json in Ignition config
Apr 17 19:35:19.307193 localhost.localdomain rhcos-fips[1199]: FIPS mode not requested
Apr 17 19:35:19.316996 localhost.localdomain systemd[1]: Finished Check for FIPS mode.
Apr 17 19:35:19.345158 localhost.localdomain systemd[1]: CoreOS Kernel Arguments Reboot was skipped because of an unmet condition check (ConditionPathExists=/run/coreos-kargs-reboot).
Apr 17 19:35:19.371777 localhost.localdomain systemd[1]: Starting Ignition (disks)...
Apr 17 19:35:19.412298 localhost.localdomain ignition[1222]: Ignition 2.21.0
Apr 17 19:35:19.412319 localhost.localdomain ignition[1222]: Stage: disks
Apr 17 19:35:19.412626 localhost.localdomain ignition[1222]: reading system config file "/usr/lib/ignition/base.d/00-core.ign"
Apr 17 19:35:19.412658 localhost.localdomain ignition[1222]: parsing config with SHA512: ff6a5153be363997e4d5d3ea8cc4048373a457c48c4a5b134a08a30aacd167c1e0f099f0bdf1e24c99ad180628cd02b767b863b5fe3a8fce3fe1886847eb8e2e
Apr 17 19:35:19.417360 localhost.localdomain ignition[1222]: no config dir at "/usr/lib/ignition/base.platform.d/azure"
Apr 17 19:35:19.440302 localhost.localdomain ignition[1222]: Adding "root-ca" to list of CAs
Apr 17 19:35:19.445089 localhost.localdomain ignition[1222]: disks: disks passed
Apr 17 19:35:19.445214 localhost.localdomain ignition[1222]: Ignition finished successfully
Apr 17 19:35:19.447046 localhost.localdomain systemd[1]: Finished Ignition (disks).
Apr 17 19:35:19.478234 localhost.localdomain systemd[1]: Reached target Initrd Root Device.
Apr 17 19:35:19.520730 localhost.localdomain systemd[1]: Starting CoreOS Ignition Ensure Unique Boot Filesystem...
Apr 17 19:35:19.556103 localhost.localdomain systemd-journald[325]: Missed 34 kernel messages
Apr 17 19:35:19.556103 localhost.localdomain kernel:  sda: sda1 sda2 sda3 sda4
Apr 17 19:35:19.582048 localhost.localdomain kernel:  sdb: sdb1
Apr 17 19:35:19.893937 localhost.localdomain systemd[1]: Finished CoreOS Ignition Ensure Unique Boot Filesystem.
Apr 17 19:35:19.936728 localhost.localdomain systemd[1]: Starting Ignition OSTree: Regenerate Filesystem UUID (root)...
Apr 17 19:35:19.957596 localhost.localdomain systemd[1]: Starting Afterburn (Check In - from the initramfs)...
Apr 17 19:35:20.010828 localhost.localdomain afterburn[1361]: Apr 17 19:35:20.010 INFO Fetching http://168.63.129.16/?comp=versions: Attempt #1
Apr 17 19:35:20.028541 localhost.localdomain afterburn[1361]: Apr 17 19:35:20.028 INFO Fetch successful
Apr 17 19:35:20.029235 localhost.localdomain afterburn[1361]: Apr 17 19:35:20.028 INFO Fetching http://168.63.129.16/machine/?comp=goalstate: Attempt #1
Apr 17 19:35:20.047449 localhost.localdomain afterburn[1361]: Apr 17 19:35:20.047 INFO Fetch successful
Apr 17 19:35:20.071683 localhost.localdomain afterburn[1361]: Apr 17 19:35:20.071 INFO Posting http://168.63.129.16/machine/?comp=health: Attempt #1
Apr 17 19:35:20.193771 localhost.localdomain systemd[1]: Finished Afterburn (Check In - from the initramfs).
Apr 17 19:35:20.668861 localhost.localdomain ignition-ostree-firstboot-uuid[1365]: Clearing log and setting UUID
Apr 17 19:35:20.668861 localhost.localdomain ignition-ostree-firstboot-uuid[1365]: writing all SBs
Apr 17 19:35:20.668861 localhost.localdomain ignition-ostree-firstboot-uuid[1365]: new UUID = 0c7f0168-9c5d-4bfe-8a1c-393c9c48b71b
Apr 17 19:35:20.714419 localhost.localdomain ignition-ostree-firstboot-uuid[1359]: Regenerated UUID for /dev/disk/by-label/root
Apr 17 19:35:20.715545 localhost.localdomain systemd[1]: Finished Ignition OSTree: Regenerate Filesystem UUID (root).
Apr 17 19:35:20.755661 localhost.localdomain systemd[1]: Starting Ignition OSTree: Grow Root Filesystem...
Apr 17 19:35:21.271407 localhost.localdomain systemd-journald[325]: Missed 15 kernel messages
Apr 17 19:35:21.271407 localhost.localdomain kernel: SGI XFS with ACLs, security attributes, scrub, quota, no debug enabled
Apr 17 19:35:21.284757 localhost.localdomain kernel: XFS (sda4): Mounting V5 Filesystem 0c7f0168-9c5d-4bfe-8a1c-393c9c48b71b
Apr 17 19:35:21.402080 localhost.localdomain kernel: XFS (sda4): Ending clean mount
Apr 17 19:35:21.825720 localhost.localdomain ignition-ostree-growfs[1406]: CHANGED: partition=4 start=1050624 old: size=5550080 end=6600703 new: size=267384799 end=268435422
Apr 17 19:35:22.400305 localhost.localdomain ignition-ostree-growfs[1586]: Disk /dev/sda: 128 GiB, 137438953472 bytes, 268435456 sectors
Apr 17 19:35:22.400305 localhost.localdomain ignition-ostree-growfs[1586]: Disk model: Virtual Disk
Apr 17 19:35:22.400305 localhost.localdomain ignition-ostree-growfs[1586]: Units: sectors of 1 * 512 = 512 bytes
Apr 17 19:35:22.400305 localhost.localdomain ignition-ostree-growfs[1586]: Sector size (logical/physical): 512 bytes / 4096 bytes
Apr 17 19:35:22.400305 localhost.localdomain ignition-ostree-growfs[1586]: I/O size (minimum/optimal): 4096 bytes / 4096 bytes
Apr 17 19:35:22.400305 localhost.localdomain ignition-ostree-growfs[1586]: Disklabel type: gpt
Apr 17 19:35:22.400305 localhost.localdomain ignition-ostree-growfs[1586]: Disk identifier: F57CDB5D-1060-46F6-BBA8-6939EB9332B1
Apr 17 19:35:22.400305 localhost.localdomain ignition-ostree-growfs[1586]: Old situation:
Apr 17 19:35:22.400305 localhost.localdomain ignition-ostree-growfs[1586]: Device       Start       End   Sectors   Size Type
Apr 17 19:35:22.400305 localhost.localdomain ignition-ostree-growfs[1586]: /dev/sda1     2048      4095      2048     1M BIOS boot
Apr 17 19:35:22.400305 localhost.localdomain ignition-ostree-growfs[1586]: /dev/sda2     4096    264191    260096   127M EFI System
Apr 17 19:35:22.400305 localhost.localdomain ignition-ostree-growfs[1586]: /dev/sda3   264192   1050623    786432   384M Linux filesystem
Apr 17 19:35:22.400305 localhost.localdomain ignition-ostree-growfs[1586]: /dev/sda4  1050624 268435422 267384799 127.5G Linux filesystem
Apr 17 19:35:22.400305 localhost.localdomain ignition-ostree-growfs[1586]: /dev/sda4:
Apr 17 19:35:22.400305 localhost.localdomain ignition-ostree-growfs[1586]: New situation:
Apr 17 19:35:22.400305 localhost.localdomain ignition-ostree-growfs[1586]: Disklabel type: gpt
Apr 17 19:35:22.400305 localhost.localdomain ignition-ostree-growfs[1586]: Disk identifier: F57CDB5D-1060-46F6-BBA8-6939EB9332B1
Apr 17 19:35:22.400305 localhost.localdomain ignition-ostree-growfs[1586]: Device       Start       End   Sectors   Size Type
Apr 17 19:35:22.400305 localhost.localdomain ignition-ostree-growfs[1586]: /dev/sda1     2048      4095      2048     1M BIOS boot
Apr 17 19:35:22.400305 localhost.localdomain ignition-ostree-growfs[1586]: /dev/sda2     4096    264191    260096   127M EFI System
Apr 17 19:35:22.400305 localhost.localdomain ignition-ostree-growfs[1586]: /dev/sda3   264192   1050623    786432   384M Linux filesystem
Apr 17 19:35:22.400305 localhost.localdomain ignition-ostree-growfs[1586]: /dev/sda4  1050624 268435415 267384792 127.5G Linux filesystem
Apr 17 19:35:22.400305 localhost.localdomain ignition-ostree-growfs[1586]: The partition table has been altered.
Apr 17 19:35:22.400305 localhost.localdomain ignition-ostree-growfs[1586]: Calling ioctl() to re-read partition table.
Apr 17 19:35:22.400305 localhost.localdomain ignition-ostree-growfs[1586]: Re-reading the partition table failed.: Device or resource busy
Apr 17 19:35:22.430220 localhost.localdomain ignition-ostree-growfs[1586]: The kernel still uses the old table. The new table will be used at the next reboot or after you run partprobe(8) or partx(8).
Apr 17 19:35:22.430220 localhost.localdomain ignition-ostree-growfs[1586]: Syncing disks.
Apr 17 19:35:22.893446 localhost.localdomain ignition-ostree-growfs[1597]: meta-data=/dev/sda4              isize=512    agcount=4, agsize=173440 blks
Apr 17 19:35:22.893446 localhost.localdomain ignition-ostree-growfs[1597]:          =                       sectsz=512   attr=2, projid32bit=1
Apr 17 19:35:22.893446 localhost.localdomain ignition-ostree-growfs[1597]:          =                       crc=1        finobt=1, sparse=1, rmapbt=0
Apr 17 19:35:22.893446 localhost.localdomain ignition-ostree-growfs[1597]:          =                       reflink=1    bigtime=1 inobtcount=1 nrext64=0
Apr 17 19:35:22.893446 localhost.localdomain ignition-ostree-growfs[1597]: data     =                       bsize=4096   blocks=693760, imaxpct=25
Apr 17 19:35:22.893446 localhost.localdomain ignition-ostree-growfs[1597]:          =                       sunit=0      swidth=0 blks
Apr 17 19:35:22.893446 localhost.localdomain ignition-ostree-growfs[1597]: naming   =version 2              bsize=4096   ascii-ci=0, ftype=1
Apr 17 19:35:22.893446 localhost.localdomain ignition-ostree-growfs[1597]: log      =internal log           bsize=4096   blocks=16384, version=2
Apr 17 19:35:22.893446 localhost.localdomain ignition-ostree-growfs[1597]:          =                       sectsz=512   sunit=0 blks, lazy-count=1
Apr 17 19:35:22.893446 localhost.localdomain ignition-ostree-growfs[1597]: realtime =none                   extsz=4096   blocks=0, rtextents=0
Apr 17 19:35:22.893446 localhost.localdomain ignition-ostree-growfs[1597]: data blocks changed from 693760 to 33423099
Apr 17 19:35:22.911289 localhost.localdomain systemd-journald[325]: Missed 39 kernel messages
Apr 17 19:35:22.911289 localhost.localdomain kernel: XFS (sda4): Unmounting Filesystem 0c7f0168-9c5d-4bfe-8a1c-393c9c48b71b
Apr 17 19:35:22.956386 localhost.localdomain systemd[1]: Finished Ignition OSTree: Grow Root Filesystem.
Apr 17 19:35:23.137853 localhost.localdomain systemd[1]: Starting Ignition OSTree: Autosave XFS Rootfs Partition...
Apr 17 19:35:23.217591 localhost.localdomain ignition-ostree-transposefs[1676]: autosave-xfs: /dev/disk/by-label/root agcount=193 is lower than threshold=400
Apr 17 19:35:23.221425 localhost.localdomain systemd[1]: Finished Ignition OSTree: Autosave XFS Rootfs Partition.
Apr 17 19:35:23.260283 localhost.localdomain systemd[1]: Ignition OSTree: Restore Partitions was skipped because of an unmet condition check (ConditionPathIsDirectory=/run/ignition-ostree-transposefs).
Apr 17 19:35:23.284821 localhost.localdomain systemd[1]: Starting Determine root FS mount option flags...
Apr 17 19:35:23.318862 localhost.localdomain systemd[1]: Finished Determine root FS mount option flags.
Apr 17 19:35:23.349774 localhost.localdomain systemd[1]: Mounting /sysroot...
Apr 17 19:35:23.383095 localhost.localdomain systemd-journald[325]: Missed 8 kernel messages
Apr 17 19:35:23.383095 localhost.localdomain kernel: XFS (sda4): Mounting V5 Filesystem 0c7f0168-9c5d-4bfe-8a1c-393c9c48b71b
Apr 17 19:35:23.526056 localhost.localdomain kernel: XFS (sda4): Ending clean mount
Apr 17 19:35:23.538059 localhost.localdomain kernel: XFS (sda4): Quotacheck needed: Please wait.
Apr 17 19:35:23.636058 localhost.localdomain kernel: XFS (sda4): Quotacheck: Done.
Apr 17 19:35:23.693712 localhost.localdomain systemd[1]: Mounted /sysroot.
Apr 17 19:35:23.704066 localhost.localdomain systemd[1]: Remount /sysroot read-write for Ignition was skipped because of an unmet condition check (ConditionPathIsReadWrite=!/sysroot).
Apr 17 19:35:23.732810 localhost.localdomain systemd[1]: Starting OSTree Prepare OS/...
Apr 17 19:35:23.743768 localhost.localdomain ostree-prepare-root[1790]: Resolved OSTree target to: /sysroot/ostree/deploy/rhcos/deploy/74119738e06ca1bd5981a843bff697b4dcecfe64adc64d2e6a06e1c05e1baeb3.0
Apr 17 19:35:23.745438 localhost.localdomain ostree-prepare-root[1790]: sysroot.readonly configuration value: 1 (fs writable: 1)
Apr 17 19:35:23.800078 localhost.localdomain systemd-journald[325]: Missed 5 kernel messages
Apr 17 19:35:23.800078 localhost.localdomain kernel: loop: module loaded
Apr 17 19:35:23.804045 localhost.localdomain kernel: loop0: detected capacity change from 0 to 11696
Apr 17 19:35:23.812038 localhost.localdomain kernel: erofs: (device loop0): mounted with root inode @ nid 36.
Apr 17 19:35:23.849584 localhost.localdomain kernel: overlayfs: using the lowest 1 of 2 lowerdirs as data layers
Apr 17 19:35:23.849115 localhost.localdomain systemd[1]: run-ostree-.private-cfsroot\x2dlower.mount: Deactivated successfully.
Apr 17 19:35:23.858935 localhost.localdomain ostree-prepare-root[1790]: composefs: mounted successfully (verity=false)
Apr 17 19:35:23.882209 localhost.localdomain systemd[1]: sysroot-ostree-deploy-rhcos-var.mount: Deactivated successfully.
Apr 17 19:35:23.883502 localhost.localdomain systemd[1]: sysroot.tmp-etc.mount: Deactivated successfully.
Apr 17 19:35:23.883593 localhost.localdomain systemd[1]: sysroot.tmp.mount: Deactivated successfully.
Apr 17 19:35:23.884923 localhost.localdomain systemd[1]: Finished OSTree Prepare OS/.
Apr 17 19:35:23.937704 localhost.localdomain systemd[1]: Reached target Initrd Root File System.
Apr 17 19:35:23.962652 localhost.localdomain systemd[1]: Starting Afterburn Hostname...
Apr 17 19:35:23.978887 localhost.localdomain systemd[1]: Starting Ignition OSTree: Check Root Filesystem Size...
Apr 17 19:35:24.004836 localhost.localdomain systemd[1]: Starting Mount OSTree /var...
Apr 17 19:35:24.013157 localhost.localdomain ignition-ostree-mount-var[1835]: Mounting /sysroot/sysroot/ostree/deploy/rhcos/var
Apr 17 19:35:24.040157 localhost.localdomain systemd[1]: Finished Ignition OSTree: Check Root Filesystem Size.
Apr 17 19:35:24.041924 localhost.localdomain afterburn[1823]: Apr 17 19:35:24.041 INFO Fetching http://168.63.129.16/?comp=versions: Attempt #1
Apr 17 19:35:24.045234 localhost.localdomain afterburn[1823]: Apr 17 19:35:24.045 INFO Fetch successful
Apr 17 19:35:24.045881 localhost.localdomain afterburn[1823]: Apr 17 19:35:24.045 INFO Fetching http://169.254.169.254/metadata/instance/compute/name?api-version=2017-08-01&format=text: Attempt #1
Apr 17 19:35:24.056392 localhost.localdomain afterburn[1823]: Apr 17 19:35:24.056 INFO Fetch successful
Apr 17 19:35:24.140733 localhost.localdomain systemd[1]: Finished Mount OSTree /var.
Apr 17 19:35:24.155830 localhost.localdomain afterburn[1823]: Apr 17 19:35:24.155 INFO wrote hostname ci-ln-rm0x8pk-1d09d-vkpbd-worker-eastus21-jdpdv to /sysroot/etc/hostname
Apr 17 19:35:24.185828 localhost.localdomain systemd[1]: Starting Ignition (mount)...
Apr 17 19:35:24.222399 localhost.localdomain ignition[1843]: Ignition 2.21.0
Apr 17 19:35:24.222426 localhost.localdomain ignition[1843]: Stage: mount
Apr 17 19:35:24.222487 localhost.localdomain systemd[1]: Finished Afterburn Hostname.
Apr 17 19:35:24.229693 localhost.localdomain ignition[1843]: reading system config file "/usr/lib/ignition/base.d/00-core.ign"
Apr 17 19:35:24.229752 localhost.localdomain ignition[1843]: parsing config with SHA512: ff6a5153be363997e4d5d3ea8cc4048373a457c48c4a5b134a08a30aacd167c1e0f099f0bdf1e24c99ad180628cd02b767b863b5fe3a8fce3fe1886847eb8e2e
Apr 17 19:35:24.235287 localhost.localdomain ignition[1843]: no config dir at "/usr/lib/ignition/base.platform.d/azure"
Apr 17 19:35:24.281074 localhost.localdomain ignition[1843]: Adding "root-ca" to list of CAs
Apr 17 19:35:24.283465 localhost.localdomain ignition[1843]: mount: mount passed
Apr 17 19:35:24.283577 localhost.localdomain ignition[1843]: Ignition finished successfully
Apr 17 19:35:24.302262 localhost.localdomain systemd[1]: Finished Ignition (mount).
Apr 17 19:35:24.330637 localhost.localdomain systemd[1]: Clear SSSD NSS Cache in Persistent /var was skipped because of an unmet condition check (ConditionPathExists=/sysroot/var/lib/sss/mc).
Apr 17 19:35:24.353703 localhost.localdomain systemd[1]: Starting Populate OSTree /var...
Apr 17 19:35:24.393957 localhost.localdomain ignition-ostree-populate-var[1855]: Relabeled /sysroot//var/log from <no context> to system_u:object_r:var_log_t:s0
Apr 17 19:35:24.495848 localhost.localdomain ignition-ostree-populate-var[1858]: Relabeled /sysroot//var/home from <no context> to system_u:object_r:home_root_t:s0
Apr 17 19:35:24.538064 localhost.localdomain ignition-ostree-populate-var[1861]: Relabeled /sysroot//var/roothome from <no context> to system_u:object_r:admin_home_t:s0
Apr 17 19:35:24.538064 localhost.localdomain ignition-ostree-populate-var[1861]: Relabeled /sysroot//var/roothome/.ssh from <no context> to system_u:object_r:ssh_home_t:s0
Apr 17 19:35:24.538064 localhost.localdomain ignition-ostree-populate-var[1861]: Relabeled /sysroot//var/roothome/.bashrc from <no context> to system_u:object_r:admin_home_t:s0
Apr 17 19:35:24.538064 localhost.localdomain ignition-ostree-populate-var[1861]: Relabeled /sysroot//var/roothome/.bash_profile from <no context> to system_u:object_r:admin_home_t:s0
Apr 17 19:35:24.538064 localhost.localdomain ignition-ostree-populate-var[1861]: Relabeled /sysroot//var/roothome/.bash_logout from <no context> to system_u:object_r:admin_home_t:s0
Apr 17 19:35:24.598838 localhost.localdomain ignition-ostree-populate-var[1864]: Relabeled /sysroot//var/opt from <no context> to system_u:object_r:var_t:s0
Apr 17 19:35:24.634616 localhost.localdomain ignition-ostree-populate-var[1867]: Relabeled /sysroot//var/srv from <no context> to system_u:object_r:var_t:s0
Apr 17 19:35:24.668004 localhost.localdomain ignition-ostree-populate-var[1870]: Relabeled /sysroot//var/usrlocal from <no context> to system_u:object_r:usr_t:s0
Apr 17 19:35:24.712071 localhost.localdomain ignition-ostree-populate-var[1873]: Relabeled /sysroot//var/mnt from <no context> to system_u:object_r:mnt_t:s0
Apr 17 19:35:24.742439 localhost.localdomain systemd[1]: Finished Populate OSTree /var.
Apr 17 19:35:24.772840 localhost.localdomain systemd[1]: Starting Ignition OSTree Mount State Overlays...
Apr 17 19:35:24.793067 localhost.localdomain systemd[1]: Finished Ignition OSTree Mount State Overlays.
Apr 17 19:35:24.816574 localhost.localdomain systemd[1]: Starting Ignition (files)...
Apr 17 19:35:24.854953 localhost.localdomain ignition[1879]: Ignition 2.21.0
Apr 17 19:35:24.854972 localhost.localdomain ignition[1879]: Stage: files
Apr 17 19:35:24.855364 localhost.localdomain ignition[1879]: reading system config file "/usr/lib/ignition/base.d/00-core.ign"
Apr 17 19:35:24.855696 localhost.localdomain ignition[1879]: parsing config with SHA512: ff6a5153be363997e4d5d3ea8cc4048373a457c48c4a5b134a08a30aacd167c1e0f099f0bdf1e24c99ad180628cd02b767b863b5fe3a8fce3fe1886847eb8e2e
Apr 17 19:35:24.871321 localhost.localdomain ignition[1879]: no config dir at "/usr/lib/ignition/base.platform.d/azure"
Apr 17 19:35:24.888479 localhost.localdomain ignition[1879]: Adding "root-ca" to list of CAs
Apr 17 19:35:24.935673 localhost.localdomain ignition[1879]: files: ensureUsers: op(1): [started]  creating or modifying user "core"
Apr 17 19:35:24.935727 localhost.localdomain ignition[1879]: files: ensureUsers: op(1): executing: "useradd" "--root" "/sysroot" "--create-home" "--password" "*" "--comment" "CoreOS Admin" "--groups" "adm,sudo,systemd-journal,wheel" "core"
Apr 17 19:35:25.077662 localhost.localdomain ignition[1879]: files: ensureUsers: op(1): [finished] creating or modifying user "core"
Apr 17 19:35:25.085909 localhost.localdomain ignition[1879]: wrote ssh authorized keys file for user: core
Apr 17 19:35:25.078067 localhost.localdomain ignition[1879]: files: ensureUsers: op(2): [started]  adding ssh keys to user "core"
Apr 17 19:35:25.085934 localhost.localdomain ignition[1879]: files: ensureUsers: op(2): [finished] adding ssh keys to user "core"
Apr 17 19:35:25.089164 localhost.localdomain ignition[1879]: files: createFilesystemsFiles: createFiles: op(3): [started]  writing file "/sysroot/etc/node-sizing-enabled.env"
Apr 17 19:35:25.089421 localhost.localdomain ignition[1879]: files: createFilesystemsFiles: createFiles: op(3): [finished] writing file "/sysroot/etc/node-sizing-enabled.env"
Apr 17 19:35:25.089473 localhost.localdomain ignition[1879]: files: createFilesystemsFiles: createFiles: op(4): [started]  writing file "/sysroot/etc/ignition-machine-config-encapsulated.json"
Apr 17 19:35:25.089704 localhost.localdomain ignition[1879]: files: createFilesystemsFiles: createFiles: op(4): [finished] writing file "/sysroot/etc/ignition-machine-config-encapsulated.json"
