Apr 17 20:09:20.516485 localhost kernel: Linux version 5.14.0-570.55.1.el9_6.x86_64 (mockbuild@x86-64-04.build.eng.rdu2.redhat.com) (gcc (GCC) 11.5.0 20240719 (Red Hat 11.5.0-5), GNU ld version 2.35.2-63.el9) #1 SMP PREEMPT_DYNAMIC Tue Oct 14 01:03:55 EDT 2025
Apr 17 20:09:20.516560 localhost kernel: The list of certified hardware and cloud instances for Red Hat Enterprise Linux 9 can be viewed at the Red Hat Ecosystem Catalog, https://catalog.redhat.com.
Apr 17 20:09:20.516615 localhost kernel: Command line: BOOT_IMAGE=(hd0,gpt3)/boot/ostree/rhcos-617b0e78715ed36bc2244f65434be3f79c4e5cc41b856cce9de411575dfca7bd/vmlinuz-5.14.0-570.55.1.el9_6.x86_64 rw ignition.firstboot ostree=/ostree/boot.1/rhcos/617b0e78715ed36bc2244f65434be3f79c4e5cc41b856cce9de411575dfca7bd/0 ignition.platform.id=azure console=tty0 console=ttyS0,115200n8
Apr 17 20:09:20.516620 localhost kernel: BIOS-provided physical RAM map:
Apr 17 20:09:20.516717 localhost kernel: BIOS-e820: [mem 0x0000000000000000-0x000000000009ffff] usable
Apr 17 20:09:20.516722 localhost kernel: BIOS-e820: [mem 0x00000000000c0000-0x00000000000fffff] reserved
Apr 17 20:09:20.516728 localhost kernel: BIOS-e820: [mem 0x0000000000100000-0x00000000044fdfff] usable
Apr 17 20:09:20.516732 localhost kernel: BIOS-e820: [mem 0x00000000044fe000-0x00000000048fdfff] reserved
Apr 17 20:09:20.516779 localhost kernel: BIOS-e820: [mem 0x00000000048fe000-0x000000003ff1efff] usable
Apr 17 20:09:20.516784 localhost kernel: BIOS-e820: [mem 0x000000003ff1f000-0x000000003ffc8fff] reserved
Apr 17 20:09:20.516788 localhost kernel: BIOS-e820: [mem 0x000000003ffc9000-0x000000003fffafff] ACPI data
Apr 17 20:09:20.516793 localhost kernel: BIOS-e820: [mem 0x000000003fffb000-0x000000003fffefff] ACPI NVS
Apr 17 20:09:20.516847 localhost kernel: BIOS-e820: [mem 0x000000003ffff000-0x000000003fffffff] usable
Apr 17 20:09:20.516854 localhost kernel: BIOS-e820: [mem 0x0000000100000000-0x00000004bfffffff] usable
Apr 17 20:09:20.516915 localhost kernel: NX (Execute Disable) protection: active
Apr 17 20:09:20.517006 localhost kernel: APIC: Static calls initialized
Apr 17 20:09:20.517011 localhost kernel: efi: EFI v2.7 by Microsoft
Apr 17 20:09:20.517016 localhost kernel: efi: ACPI=0x3fffa000 ACPI 2.0=0x3fffa014 SMBIOS=0x3ff88000 SMBIOS 3.0=0x3ff86000 MEMATTR=0x3eab3798 MOKvar=0x3ff83000 RNG=0x3ffd2018 
Apr 17 20:09:20.517122 localhost kernel: secureboot: Secure boot disabled
Apr 17 20:09:20.517127 localhost kernel: SMBIOS 3.1.0 present.
Apr 17 20:09:20.517132 localhost kernel: DMI: Microsoft Corporation Virtual Machine/Virtual Machine, BIOS Hyper-V UEFI Release v4.1 01/08/2026
Apr 17 20:09:20.517136 localhost kernel: Hypervisor detected: Microsoft Hyper-V
Apr 17 20:09:20.517182 localhost kernel: Hyper-V: privilege flags low 0xae7f, high 0x3b8030, hints 0x9e4e24, misc 0xe0bed7b2
Apr 17 20:09:20.517187 localhost kernel: Hyper-V: Nested features: 0x3e0101
Apr 17 20:09:20.517193 localhost kernel: Hyper-V: LAPIC Timer Frequency: 0x30d40
Apr 17 20:09:20.517240 localhost kernel: Hyper-V: Using hypercall for remote TLB flush
Apr 17 20:09:20.517245 localhost kernel: clocksource: hyperv_clocksource_tsc_page: mask: 0xffffffffffffffff max_cycles: 0x24e6a1710, max_idle_ns: 440795202120 ns
Apr 17 20:09:20.517250 localhost kernel: clocksource: hyperv_clocksource_msr: mask: 0xffffffffffffffff max_cycles: 0x24e6a1710, max_idle_ns: 440795202120 ns
Apr 17 20:09:20.517255 localhost kernel: tsc: Detected 2300.000 MHz processor
Apr 17 20:09:20.517259 localhost kernel: e820: update [mem 0x00000000-0x00000fff] usable ==> reserved
Apr 17 20:09:20.517306 localhost kernel: e820: remove [mem 0x000a0000-0x000fffff] usable
Apr 17 20:09:20.517311 localhost kernel: last_pfn = 0x4c0000 max_arch_pfn = 0x10000000000
Apr 17 20:09:20.517316 localhost kernel: MTRR map: 4 entries (2 fixed + 2 variable; max 18), built from 8 variable MTRRs
Apr 17 20:09:20.517366 localhost kernel: x86/PAT: Configuration [0-7]: WB  WC  UC- UC  WB  WP  UC- WT  
Apr 17 20:09:20.517371 localhost kernel: e820: update [mem 0x48000000-0xffffffff] usable ==> reserved
Apr 17 20:09:20.517375 localhost kernel: last_pfn = 0x40000 max_arch_pfn = 0x10000000000
Apr 17 20:09:20.517428 localhost kernel: Using GB pages for direct mapping
Apr 17 20:09:20.517435 localhost kernel: secureboot: Secure boot disabled
Apr 17 20:09:20.517440 localhost kernel: RAMDISK: [mem 0x319f9000-0x37fb3fff]
Apr 17 20:09:20.517444 localhost kernel: ACPI: Early table checksum verification disabled
Apr 17 20:09:20.517495 localhost kernel: ACPI: RSDP 0x000000003FFFA014 000024 (v02 VRTUAL)
Apr 17 20:09:20.517500 localhost kernel: ACPI: XSDT 0x000000003FFF90E8 00005C (v01 VRTUAL MICROSFT 00000001 MSFT 00000001)
Apr 17 20:09:20.517506 localhost kernel: ACPI: FACP 0x000000003FFF8000 000114 (v06 VRTUAL MICROSFT 00000001 MSFT 00000001)
Apr 17 20:09:20.517555 localhost kernel: ACPI: DSDT 0x000000003FFD6000 01E22B (v02 MSFTVM DSDT01   00000001 INTL 20230628)
Apr 17 20:09:20.517560 localhost kernel: ACPI: FACS 0x000000003FFFE000 000040
Apr 17 20:09:20.517564 localhost kernel: ACPI: OEM0 0x000000003FFF7000 000064 (v01 VRTUAL MICROSFT 00000001 MSFT 00000001)
Apr 17 20:09:20.517619 localhost kernel: ACPI: SPCR 0x000000003FFF6000 000050 (v02 VRTUAL MICROSFT 00000001 MSFT 00000001)
Apr 17 20:09:20.517624 localhost kernel: ACPI: WAET 0x000000003FFF5000 000028 (v01 VRTUAL MICROSFT 00000001 MSFT 00000001)
Apr 17 20:09:20.517629 localhost kernel: ACPI: APIC 0x000000003FFD5000 000068 (v05 HVLITE HVLITETB 00000000 MSHV 00000000)
Apr 17 20:09:20.517633 localhost kernel: ACPI: SRAT 0x000000003FFD4000 0000C0 (v03 HVLITE HVLITETB 00000000 MSHV 00000000)
Apr 17 20:09:20.517680 localhost kernel: ACPI: BGRT 0x000000003FFD3000 000038 (v01 VRTUAL MICROSFT 00000001 MSFT 00000001)
Apr 17 20:09:20.517685 localhost kernel: ACPI: Reserving FACP table memory at [mem 0x3fff8000-0x3fff8113]
Apr 17 20:09:20.517691 localhost kernel: ACPI: Reserving DSDT table memory at [mem 0x3ffd6000-0x3fff422a]
Apr 17 20:09:20.517738 localhost kernel: ACPI: Reserving FACS table memory at [mem 0x3fffe000-0x3fffe03f]
Apr 17 20:09:20.517744 localhost kernel: ACPI: Reserving OEM0 table memory at [mem 0x3fff7000-0x3fff7063]
Apr 17 20:09:20.517748 localhost kernel: ACPI: Reserving SPCR table memory at [mem 0x3fff6000-0x3fff604f]
Apr 17 20:09:20.517753 localhost kernel: ACPI: Reserving WAET table memory at [mem 0x3fff5000-0x3fff5027]
Apr 17 20:09:20.517799 localhost kernel: ACPI: Reserving APIC table memory at [mem 0x3ffd5000-0x3ffd5067]
Apr 17 20:09:20.517804 localhost kernel: ACPI: Reserving SRAT table memory at [mem 0x3ffd4000-0x3ffd40bf]
Apr 17 20:09:20.517808 localhost kernel: ACPI: Reserving BGRT table memory at [mem 0x3ffd3000-0x3ffd3037]
Apr 17 20:09:20.517813 localhost kernel: SRAT: PXM 0 -> APIC 0x00 -> Node 0
Apr 17 20:09:20.517928 localhost kernel: SRAT: PXM 0 -> APIC 0x01 -> Node 0
Apr 17 20:09:20.517933 localhost kernel: SRAT: PXM 0 -> APIC 0x02 -> Node 0
Apr 17 20:09:20.517937 localhost kernel: SRAT: PXM 0 -> APIC 0x03 -> Node 0
Apr 17 20:09:20.517986 localhost kernel: ACPI: SRAT: Node 0 PXM 0 [mem 0x00000000-0x3fffffff]
Apr 17 20:09:20.517992 localhost kernel: ACPI: SRAT: Node 0 PXM 0 [mem 0x100000000-0x4bfffffff]
Apr 17 20:09:20.518047 localhost kernel: NUMA: Node 0 [mem 0x00000000-0x3fffffff] + [mem 0x100000000-0x4bfffffff] -> [mem 0x00000000-0x4bfffffff]
Apr 17 20:09:20.518054 localhost kernel: NODE_DATA(0) allocated [mem 0x4bffd5000-0x4bfffffff]
Apr 17 20:09:20.518073 localhost kernel: Zone ranges:
Apr 17 20:09:20.518079 localhost kernel:   DMA      [mem 0x0000000000001000-0x0000000000ffffff]
Apr 17 20:09:20.518084 localhost kernel:   DMA32    [mem 0x0000000001000000-0x00000000ffffffff]
Apr 17 20:09:20.518090 localhost kernel:   Normal   [mem 0x0000000100000000-0x00000004bfffffff]
Apr 17 20:09:20.518095 localhost kernel:   Device   empty
Apr 17 20:09:20.518100 localhost kernel: Movable zone start for each node
Apr 17 20:09:20.518106 localhost kernel: Early memory node ranges
Apr 17 20:09:20.518111 localhost kernel:   node   0: [mem 0x0000000000001000-0x000000000009ffff]
Apr 17 20:09:20.518117 localhost kernel:   node   0: [mem 0x0000000000100000-0x00000000044fdfff]
Apr 17 20:09:20.518126 localhost kernel:   node   0: [mem 0x00000000048fe000-0x000000003ff1efff]
Apr 17 20:09:20.518132 localhost kernel:   node   0: [mem 0x000000003ffff000-0x000000003fffffff]
Apr 17 20:09:20.518138 localhost kernel:   node   0: [mem 0x0000000100000000-0x00000004bfffffff]
Apr 17 20:09:20.518144 localhost kernel: Initmem setup node 0 [mem 0x0000000000001000-0x00000004bfffffff]
Apr 17 20:09:20.518149 localhost kernel: On node 0, zone DMA: 1 pages in unavailable ranges
Apr 17 20:09:20.518154 localhost kernel: On node 0, zone DMA: 96 pages in unavailable ranges
Apr 17 20:09:20.518159 localhost kernel: On node 0, zone DMA32: 1024 pages in unavailable ranges
Apr 17 20:09:20.518164 localhost kernel: On node 0, zone DMA32: 224 pages in unavailable ranges
Apr 17 20:09:20.518169 localhost kernel: ACPI: PM-Timer IO Port: 0x408
Apr 17 20:09:20.518174 localhost kernel: ACPI: LAPIC_NMI (acpi_id[0x01] dfl dfl lint[0x1])
Apr 17 20:09:20.518180 localhost kernel: IOAPIC[0]: apic_id 0, version 17, address 0xfec00000, GSI 0-23
Apr 17 20:09:20.518185 localhost kernel: ACPI: INT_SRC_OVR (bus 0 bus_irq 9 global_irq 9 high level)
Apr 17 20:09:20.518193 localhost kernel: ACPI: Using ACPI (MADT) for SMP configuration information
Apr 17 20:09:20.518199 localhost kernel: e820: update [mem 0x3eabe000-0x3eac4fff] usable ==> reserved
Apr 17 20:09:20.518205 localhost kernel: ACPI: SPCR: console: uart,io,0x3f8,115200
Apr 17 20:09:20.518211 localhost kernel: TSC deadline timer available
Apr 17 20:09:20.518216 localhost kernel: CPU topo: Max. logical packages:   1
Apr 17 20:09:20.518222 localhost kernel: CPU topo: Max. logical dies:       1
Apr 17 20:09:20.518226 localhost kernel: CPU topo: Max. dies per package:   1
Apr 17 20:09:20.518231 localhost kernel: CPU topo: Max. threads per core:   2
Apr 17 20:09:20.518236 localhost kernel: CPU topo: Num. cores per package:     2
Apr 17 20:09:20.518241 localhost kernel: CPU topo: Num. threads per package:   4
Apr 17 20:09:20.518249 localhost kernel: CPU topo: Allowing 4 present CPUs plus 0 hotplug CPUs
Apr 17 20:09:20.518254 localhost kernel: PM: hibernation: Registered nosave memory: [mem 0x00000000-0x00000fff]
Apr 17 20:09:20.518259 localhost kernel: PM: hibernation: Registered nosave memory: [mem 0x000a0000-0x000bffff]
Apr 17 20:09:20.518266 localhost kernel: PM: hibernation: Registered nosave memory: [mem 0x000c0000-0x000fffff]
Apr 17 20:09:20.518272 localhost kernel: PM: hibernation: Registered nosave memory: [mem 0x044fe000-0x048fdfff]
Apr 17 20:09:20.518278 localhost kernel: PM: hibernation: Registered nosave memory: [mem 0x3eabe000-0x3eac4fff]
Apr 17 20:09:20.518284 localhost kernel: PM: hibernation: Registered nosave memory: [mem 0x3ff1f000-0x3ffc8fff]
Apr 17 20:09:20.518290 localhost kernel: PM: hibernation: Registered nosave memory: [mem 0x3ffc9000-0x3fffafff]
Apr 17 20:09:20.518295 localhost kernel: PM: hibernation: Registered nosave memory: [mem 0x3fffb000-0x3fffefff]
Apr 17 20:09:20.518301 localhost kernel: PM: hibernation: Registered nosave memory: [mem 0x40000000-0xffffffff]
Apr 17 20:09:20.518306 localhost kernel: [mem 0x40000000-0xffffffff] available for PCI devices
Apr 17 20:09:20.518311 localhost kernel: Booting paravirtualized kernel on Hyper-V
Apr 17 20:09:20.518317 localhost kernel: clocksource: refined-jiffies: mask: 0xffffffff max_cycles: 0xffffffff, max_idle_ns: 1910969940391419 ns
Apr 17 20:09:20.518322 localhost kernel: setup_percpu: NR_CPUS:8192 nr_cpumask_bits:4 nr_cpu_ids:4 nr_node_ids:1
Apr 17 20:09:20.518327 localhost kernel: percpu: Embedded 64 pages/cpu s225280 r8192 d28672 u524288
Apr 17 20:09:20.518334 localhost kernel: pcpu-alloc: s225280 r8192 d28672 u524288 alloc=1*2097152
Apr 17 20:09:20.518340 localhost kernel: pcpu-alloc: [0] 0 1 2 3 
Apr 17 20:09:20.518346 localhost kernel: Hyper-V: PV spinlocks enabled
Apr 17 20:09:20.518352 localhost kernel: PV qspinlock hash table entries: 256 (order: 0, 4096 bytes, linear)
Apr 17 20:09:20.518364 localhost kernel: Kernel command line: BOOT_IMAGE=(hd0,gpt3)/boot/ostree/rhcos-617b0e78715ed36bc2244f65434be3f79c4e5cc41b856cce9de411575dfca7bd/vmlinuz-5.14.0-570.55.1.el9_6.x86_64 rw ignition.firstboot ostree=/ostree/boot.1/rhcos/617b0e78715ed36bc2244f65434be3f79c4e5cc41b856cce9de411575dfca7bd/0 ignition.platform.id=azure console=tty0 console=ttyS0,115200n8
Apr 17 20:09:20.518371 localhost kernel: Unknown kernel command line parameters "BOOT_IMAGE=(hd0,gpt3)/boot/ostree/rhcos-617b0e78715ed36bc2244f65434be3f79c4e5cc41b856cce9de411575dfca7bd/vmlinuz-5.14.0-570.55.1.el9_6.x86_64 ostree=/ostree/boot.1/rhcos/617b0e78715ed36bc2244f65434be3f79c4e5cc41b856cce9de411575dfca7bd/0", will be passed to user space.
Apr 17 20:09:20.518376 localhost kernel: random: crng init done
Apr 17 20:09:20.518381 localhost kernel: Dentry cache hash table entries: 2097152 (order: 12, 16777216 bytes, linear)
Apr 17 20:09:20.518386 localhost kernel: Inode-cache hash table entries: 1048576 (order: 11, 8388608 bytes, linear)
Apr 17 20:09:20.518391 localhost kernel: Fallback order for Node 0: 0 
Apr 17 20:09:20.518396 localhost kernel: Built 1 zonelists, mobility grouping on.  Total pages: 4125705
Apr 17 20:09:20.518403 localhost kernel: Policy zone: Normal
Apr 17 20:09:20.518409 localhost kernel: mem auto-init: stack:off, heap alloc:off, heap free:off
Apr 17 20:09:20.518414 localhost kernel: software IO TLB: area num 4.
Apr 17 20:09:20.518419 localhost kernel: Memory: 972584K/16771836K available (16384K kernel code, 5766K rwdata, 13628K rodata, 4044K init, 7384K bss, 547948K reserved, 0K cma-reserved)
Apr 17 20:09:20.518426 localhost kernel: SLUB: HWalign=64, Order=0-3, MinObjects=0, CPUs=4, Nodes=1
Apr 17 20:09:20.518432 localhost kernel: ftrace: allocating 49069 entries in 192 pages
Apr 17 20:09:20.518438 localhost kernel: ftrace: allocated 192 pages with 2 groups
Apr 17 20:09:20.518444 localhost kernel: Dynamic Preempt: voluntary
Apr 17 20:09:20.518449 localhost kernel: rcu: Preemptible hierarchical RCU implementation.
Apr 17 20:09:20.518457 localhost kernel: rcu:         RCU event tracing is enabled.
Apr 17 20:09:20.518462 localhost kernel: rcu:         RCU restricting CPUs from NR_CPUS=8192 to nr_cpu_ids=4.
Apr 17 20:09:20.518467 localhost kernel:         Trampoline variant of Tasks RCU enabled.
Apr 17 20:09:20.518472 localhost kernel:         Rude variant of Tasks RCU enabled.
Apr 17 20:09:20.518477 localhost kernel:         Tracing variant of Tasks RCU enabled.
Apr 17 20:09:20.518482 localhost kernel: rcu: RCU calculated value of scheduler-enlistment delay is 100 jiffies.
Apr 17 20:09:20.518487 localhost kernel: rcu: Adjusting geometry for rcu_fanout_leaf=16, nr_cpu_ids=4
Apr 17 20:09:20.518493 localhost kernel: RCU Tasks: Setting shift to 2 and lim to 1 rcu_task_cb_adjust=1.
Apr 17 20:09:20.518499 localhost kernel: RCU Tasks Rude: Setting shift to 2 and lim to 1 rcu_task_cb_adjust=1.
Apr 17 20:09:20.518505 localhost kernel: RCU Tasks Trace: Setting shift to 2 and lim to 1 rcu_task_cb_adjust=1.
Apr 17 20:09:20.518511 localhost kernel: Using NULL legacy PIC
Apr 17 20:09:20.518517 localhost kernel: NR_IRQS: 524544, nr_irqs: 456, preallocated irqs: 0
Apr 17 20:09:20.518523 localhost kernel: rcu: srcu_init: Setting srcu_struct sizes based on contention.
Apr 17 20:09:20.518529 localhost kernel: kfence: initialized - using 2097152 bytes for 255 objects at 0x(____ptrval____)-0x(____ptrval____)
Apr 17 20:09:20.518535 localhost kernel: Console: colour dummy device 80x25
Apr 17 20:09:20.518540 localhost kernel: printk: legacy console [tty0] enabled
Apr 17 20:09:20.518545 localhost kernel: printk: console [ttyS0] enabled
Apr 17 20:09:20.518550 localhost kernel: ACPI: Core revision 20230331
Apr 17 20:09:20.518556 localhost kernel: Failed to register legacy timer interrupt
Apr 17 20:09:20.518561 localhost kernel: APIC: Switch to symmetric I/O mode setup
Apr 17 20:09:20.518567 localhost kernel: x2apic enabled
Apr 17 20:09:20.518573 localhost kernel: APIC: Switched APIC routing to: physical x2apic
Apr 17 20:09:20.518579 localhost kernel: Hyper-V: Host Build 10.0.26102.1277-1-0
Apr 17 20:09:20.518585 localhost kernel: Hyper-V: enabling crash_kexec_post_notifiers
Apr 17 20:09:20.518591 localhost kernel: Hyper-V: Using IPI hypercalls
Apr 17 20:09:20.518598 localhost kernel: APIC: send_IPI() replaced with hv_send_ipi()
Apr 17 20:09:20.518603 localhost kernel: APIC: send_IPI_mask() replaced with hv_send_ipi_mask()
Apr 17 20:09:20.518609 localhost kernel: APIC: send_IPI_mask_allbutself() replaced with hv_send_ipi_mask_allbutself()
Apr 17 20:09:20.518614 localhost kernel: APIC: send_IPI_allbutself() replaced with hv_send_ipi_allbutself()
Apr 17 20:09:20.518619 localhost kernel: APIC: send_IPI_all() replaced with hv_send_ipi_all()
Apr 17 20:09:20.518625 localhost kernel: APIC: send_IPI_self() replaced with hv_send_ipi_self()
Apr 17 20:09:20.518630 localhost kernel: clocksource: tsc-early: mask: 0xffffffffffffffff max_cycles: 0x212735223b2, max_idle_ns: 440795277976 ns
Apr 17 20:09:20.518635 localhost kernel: Calibrating delay loop (skipped), value calculated using timer frequency.. 4600.00 BogoMIPS (lpj=2300000)
Apr 17 20:09:20.518640 localhost kernel: x86/cpu: User Mode Instruction Prevention (UMIP) activated
Apr 17 20:09:20.518646 localhost kernel: Last level iTLB entries: 4KB 0, 2MB 0, 4MB 0
Apr 17 20:09:20.518651 localhost kernel: Last level dTLB entries: 4KB 0, 2MB 0, 4MB 0, 1GB 0
Apr 17 20:09:20.518656 localhost kernel: Spectre V1 : Mitigation: usercopy/swapgs barriers and __user pointer sanitization
Apr 17 20:09:20.518663 localhost kernel: Spectre V2 : Mitigation: Retpolines
Apr 17 20:09:20.518668 localhost kernel: Spectre V2 : Spectre v2 / SpectreRSB mitigation: Filling RSB on context switch
Apr 17 20:09:20.518674 localhost kernel: Spectre V2 : Spectre v2 / SpectreRSB : Filling RSB on VMEXIT
Apr 17 20:09:20.518679 localhost kernel: RETBleed: WARNING: Spectre v2 mitigation leaves CPU vulnerable to RETBleed attacks, data leaks possible!
Apr 17 20:09:20.518685 localhost kernel: RETBleed: Vulnerable
Apr 17 20:09:20.518690 localhost kernel: Speculative Store Bypass: Vulnerable
Apr 17 20:09:20.518696 localhost kernel: ITS: Mitigation: Aligned branch/return thunks
Apr 17 20:09:20.518701 localhost kernel: x86/fpu: Supporting XSAVE feature 0x001: 'x87 floating point registers'
Apr 17 20:09:20.518706 localhost kernel: x86/fpu: Supporting XSAVE feature 0x002: 'SSE registers'
Apr 17 20:09:20.518711 localhost kernel: x86/fpu: Supporting XSAVE feature 0x004: 'AVX registers'
Apr 17 20:09:20.518716 localhost kernel: x86/fpu: Supporting XSAVE feature 0x020: 'AVX-512 opmask'
Apr 17 20:09:20.518721 localhost kernel: x86/fpu: Supporting XSAVE feature 0x040: 'AVX-512 Hi256'
Apr 17 20:09:20.518726 localhost kernel: x86/fpu: Supporting XSAVE feature 0x080: 'AVX-512 ZMM_Hi256'
Apr 17 20:09:20.518731 localhost kernel: x86/fpu: Supporting XSAVE feature 0x800: 'Control-flow User registers'
Apr 17 20:09:20.518736 localhost kernel: x86/fpu: Supporting XSAVE feature 0x20000: 'AMX Tile config'
Apr 17 20:09:20.518741 localhost kernel: x86/fpu: Supporting XSAVE feature 0x40000: 'AMX Tile data'
Apr 17 20:09:20.518748 localhost kernel: x86/fpu: xstate_offset[2]:  576, xstate_sizes[2]:  256
Apr 17 20:09:20.518753 localhost kernel: x86/fpu: xstate_offset[5]:  832, xstate_sizes[5]:   64
Apr 17 20:09:20.518758 localhost kernel: x86/fpu: xstate_offset[6]:  896, xstate_sizes[6]:  512
Apr 17 20:09:20.518763 localhost kernel: x86/fpu: xstate_offset[7]: 1408, xstate_sizes[7]: 1024
Apr 17 20:09:20.518768 localhost kernel: x86/fpu: xstate_offset[11]: 2432, xstate_sizes[11]:   16
Apr 17 20:09:20.518773 localhost kernel: x86/fpu: xstate_offset[17]: 2496, xstate_sizes[17]:   64
Apr 17 20:09:20.518778 localhost kernel: x86/fpu: xstate_offset[18]: 2560, xstate_sizes[18]: 8192
Apr 17 20:09:20.518783 localhost kernel: x86/fpu: Enabled xstate features 0x608e7, context size is 10752 bytes, using 'compacted' format.
Apr 17 20:09:20.518787 localhost kernel: Freeing SMP alternatives memory: 40K
Apr 17 20:09:20.518792 localhost kernel: pid_max: default: 32768 minimum: 301
Apr 17 20:09:20.518797 localhost kernel: LSM: initializing lsm=lockdown,capability,landlock,yama,integrity,selinux,bpf
Apr 17 20:09:20.518802 localhost kernel: landlock: Up and running.
Apr 17 20:09:20.518807 localhost kernel: Yama: becoming mindful.
Apr 17 20:09:20.518812 localhost kernel: SELinux:  Initializing.
Apr 17 20:09:20.518817 localhost kernel: LSM support for eBPF active
Apr 17 20:09:20.518823 localhost kernel: Mount-cache hash table entries: 32768 (order: 6, 262144 bytes, linear)
Apr 17 20:09:20.518828 localhost kernel: Mountpoint-cache hash table entries: 32768 (order: 6, 262144 bytes, linear)
Apr 17 20:09:20.518835 localhost kernel: smpboot: CPU0: Intel INTEL(R) XEON(R) PLATINUM 8573C (family: 0x6, model: 0xcf, stepping: 0x2)
Apr 17 20:09:20.518854 localhost kernel: Performance Events: unsupported p6 CPU model 207 no PMU driver, software events only.
Apr 17 20:09:20.518860 localhost kernel: signal: max sigframe size: 11952
Apr 17 20:09:20.518865 localhost kernel: rcu: Hierarchical SRCU implementation.
Apr 17 20:09:20.518870 localhost kernel: rcu:         Max phase no-delay instances is 400.
Apr 17 20:09:20.518876 localhost kernel: NMI watchdog: Perf NMI watchdog permanently disabled
Apr 17 20:09:20.518881 localhost kernel: smp: Bringing up secondary CPUs ...
Apr 17 20:09:20.518887 localhost kernel: smpboot: x86: Booting SMP configuration:
Apr 17 20:09:20.518892 localhost kernel: .... node  #0, CPUs:      #2 #1 #3
Apr 17 20:09:20.518897 localhost kernel: smp: Brought up 1 node, 4 CPUs
Apr 17 20:09:20.518903 localhost kernel: smpboot: Total of 4 processors activated (18400.00 BogoMIPS)
Apr 17 20:09:20.518908 localhost kernel: node 0 deferred pages initialised in 20ms
Apr 17 20:09:20.518915 localhost kernel: devtmpfs: initialized
Apr 17 20:09:20.518920 localhost kernel: x86/mm: Memory block size: 128MB
Apr 17 20:09:20.518926 localhost kernel: ACPI: PM: Registering ACPI NVS region [mem 0x3fffb000-0x3fffefff] (16384 bytes)
Apr 17 20:09:20.518931 localhost kernel: clocksource: jiffies: mask: 0xffffffff max_cycles: 0xffffffff, max_idle_ns: 1911260446275000 ns
Apr 17 20:09:20.518937 localhost kernel: futex hash table entries: 1024 (order: 4, 65536 bytes, linear)
Apr 17 20:09:20.518942 localhost kernel: pinctrl core: initialized pinctrl subsystem
Apr 17 20:09:20.518947 localhost kernel: NET: Registered PF_NETLINK/PF_ROUTE protocol family
Apr 17 20:09:20.518953 localhost kernel: DMA: preallocated 2048 KiB GFP_KERNEL pool for atomic allocations
Apr 17 20:09:20.518958 localhost kernel: DMA: preallocated 2048 KiB GFP_KERNEL|GFP_DMA pool for atomic allocations
Apr 17 20:09:20.518963 localhost kernel: DMA: preallocated 2048 KiB GFP_KERNEL|GFP_DMA32 pool for atomic allocations
Apr 17 20:09:20.518969 localhost kernel: audit: initializing netlink subsys (disabled)
Apr 17 20:09:20.518974 localhost kernel: audit: type=2000 audit(1776456558.223:1): state=initialized audit_enabled=0 res=1
Apr 17 20:09:20.518982 localhost kernel: thermal_sys: Registered thermal governor 'fair_share'
Apr 17 20:09:20.518988 localhost kernel: thermal_sys: Registered thermal governor 'step_wise'
Apr 17 20:09:20.518994 localhost kernel: thermal_sys: Registered thermal governor 'user_space'
Apr 17 20:09:20.519000 localhost kernel: cpuidle: using governor menu
Apr 17 20:09:20.519006 localhost kernel: acpiphp: ACPI Hot Plug PCI Controller Driver version: 0.5
Apr 17 20:09:20.519013 localhost kernel: e820: reserve RAM buffer [mem 0x044fe000-0x07ffffff]
Apr 17 20:09:20.519019 localhost kernel: e820: reserve RAM buffer [mem 0x3eabe000-0x3fffffff]
Apr 17 20:09:20.519024 localhost kernel: e820: reserve RAM buffer [mem 0x3ff1f000-0x3fffffff]
Apr 17 20:09:20.519030 localhost kernel: kprobes: kprobe jump-optimization is enabled. All kprobes are optimized if possible.
Apr 17 20:09:20.519036 localhost kernel: HugeTLB: registered 1.00 GiB page size, pre-allocated 0 pages
Apr 17 20:09:20.519042 localhost kernel: HugeTLB: 16380 KiB vmemmap can be freed for a 1.00 GiB page
Apr 17 20:09:20.519048 localhost kernel: HugeTLB: registered 2.00 MiB page size, pre-allocated 0 pages
Apr 17 20:09:20.519055 localhost kernel: HugeTLB: 28 KiB vmemmap can be freed for a 2.00 MiB page
Apr 17 20:09:20.519060 localhost kernel: Demotion targets for Node 0: null
Apr 17 20:09:20.519066 localhost kernel: cryptd: max_cpu_qlen set to 1000
Apr 17 20:09:20.519072 localhost kernel: ACPI: Added _OSI(Module Device)
Apr 17 20:09:20.519077 localhost kernel: ACPI: Added _OSI(Processor Device)
Apr 17 20:09:20.519083 localhost kernel: ACPI: Added _OSI(3.0 _SCP Extensions)
Apr 17 20:09:20.519089 localhost kernel: ACPI: Added _OSI(Processor Aggregator Device)
Apr 17 20:09:20.519094 localhost kernel: ACPI: 1 ACPI AML tables successfully acquired and loaded
Apr 17 20:09:20.519100 localhost kernel: ACPI: _OSC evaluation for CPUs failed, trying _PDC
Apr 17 20:09:20.519106 localhost kernel: ACPI: Interpreter enabled
Apr 17 20:09:20.519112 localhost kernel: ACPI: PM: (supports S0 S5)
Apr 17 20:09:20.519117 localhost kernel: ACPI: Using IOAPIC for interrupt routing
Apr 17 20:09:20.519123 localhost kernel: PCI: Using host bridge windows from ACPI; if necessary, use "pci=nocrs" and report a bug
Apr 17 20:09:20.519130 localhost kernel: PCI: Ignoring E820 reservations for host bridge windows
Apr 17 20:09:20.519136 localhost kernel: ACPI: Enabled 1 GPEs in block 00 to 0F
Apr 17 20:09:20.519141 localhost kernel: iommu: Default domain type: Translated
Apr 17 20:09:20.519147 localhost kernel: iommu: DMA domain TLB invalidation policy: lazy mode
Apr 17 20:09:20.519153 localhost kernel: SCSI subsystem initialized
Apr 17 20:09:20.519158 localhost kernel: ACPI: bus type USB registered
Apr 17 20:09:20.519164 localhost kernel: usbcore: registered new interface driver usbfs
Apr 17 20:09:20.519169 localhost kernel: usbcore: registered new interface driver hub
Apr 17 20:09:20.519175 localhost kernel: usbcore: registered new device driver usb
Apr 17 20:09:20.519181 localhost kernel: pps_core: LinuxPPS API ver. 1 registered
Apr 17 20:09:20.519187 localhost kernel: pps_core: Software ver. 5.3.6 - Copyright 2005-2007 Rodolfo Giometti <giometti@linux.it>
Apr 17 20:09:20.519193 localhost kernel: PTP clock support registered
Apr 17 20:09:20.519200 localhost kernel: EDAC MC: Ver: 3.0.0
Apr 17 20:09:20.519206 localhost kernel: Registered efivars operations
Apr 17 20:09:20.519211 localhost kernel: NetLabel: Initializing
Apr 17 20:09:20.519217 localhost kernel: NetLabel:  domain hash size = 128
Apr 17 20:09:20.519223 localhost kernel: NetLabel:  protocols = UNLABELED CIPSOv4 CALIPSO
Apr 17 20:09:20.519228 localhost kernel: NetLabel:  unlabeled traffic allowed by default
Apr 17 20:09:20.519234 localhost kernel: PCI: Using ACPI for IRQ routing
Apr 17 20:09:20.519239 localhost kernel: PCI: System does not support PCI
Apr 17 20:09:20.519246 localhost kernel: vgaarb: loaded
Apr 17 20:09:20.519252 localhost kernel: clocksource: Switched to clocksource tsc-early
Apr 17 20:09:20.519257 localhost kernel: VFS: Disk quotas dquot_6.6.0
Apr 17 20:09:20.519263 localhost kernel: VFS: Dquot-cache hash table entries: 512 (order 0, 4096 bytes)
Apr 17 20:09:20.519269 localhost kernel: pnp: PnP ACPI init
Apr 17 20:09:20.519275 localhost kernel: pnp: PnP ACPI: found 3 devices
Apr 17 20:09:20.519282 localhost kernel: clocksource: acpi_pm: mask: 0xffffff max_cycles: 0xffffff, max_idle_ns: 2085701024 ns
Apr 17 20:09:20.519287 localhost kernel: NET: Registered PF_INET protocol family
Apr 17 20:09:20.519293 localhost kernel: IP idents hash table entries: 262144 (order: 9, 2097152 bytes, linear)
Apr 17 20:09:20.519299 localhost kernel: tcp_listen_portaddr_hash hash table entries: 8192 (order: 5, 131072 bytes, linear)
Apr 17 20:09:20.519305 localhost kernel: Table-perturb hash table entries: 65536 (order: 6, 262144 bytes, linear)
Apr 17 20:09:20.519311 localhost kernel: TCP established hash table entries: 131072 (order: 8, 1048576 bytes, linear)
Apr 17 20:09:20.519317 localhost kernel: TCP bind hash table entries: 65536 (order: 8, 1048576 bytes, linear)
Apr 17 20:09:20.519323 localhost kernel: TCP: Hash tables configured (established 131072 bind 65536)
Apr 17 20:09:20.519329 localhost kernel: MPTCP token hash table entries: 16384 (order: 6, 393216 bytes, linear)
Apr 17 20:09:20.519335 localhost kernel: UDP hash table entries: 8192 (order: 6, 262144 bytes, linear)
Apr 17 20:09:20.519341 localhost kernel: UDP-Lite hash table entries: 8192 (order: 6, 262144 bytes, linear)
Apr 17 20:09:20.519348 localhost kernel: NET: Registered PF_UNIX/PF_LOCAL protocol family
Apr 17 20:09:20.519354 localhost kernel: NET: Registered PF_XDP protocol family
Apr 17 20:09:20.519360 localhost kernel: PCI: CLS 0 bytes, default 64
Apr 17 20:09:20.519366 localhost kernel: PCI-DMA: Using software bounce buffering for IO (SWIOTLB)
Apr 17 20:09:20.519371 localhost kernel: software IO TLB: mapped [mem 0x000000003809c000-0x000000003c09c000] (64MB)
Apr 17 20:09:20.519377 localhost kernel: ACPI: bus type thunderbolt registered
Apr 17 20:09:20.519383 localhost kernel: Trying to unpack rootfs image as initramfs...
Apr 17 20:09:20.519389 localhost kernel: Initialise system trusted keyrings
Apr 17 20:09:20.519395 localhost kernel: Key type blacklist registered
Apr 17 20:09:20.519400 localhost kernel: workingset: timestamp_bits=36 max_order=22 bucket_order=0
Apr 17 20:09:20.519406 localhost kernel: zbud: loaded
Apr 17 20:09:20.519412 localhost kernel: integrity: Platform Keyring initialized
Apr 17 20:09:20.519419 localhost kernel: integrity: Machine keyring initialized
Apr 17 20:09:20.519424 localhost kernel: NET: Registered PF_ALG protocol family
Apr 17 20:09:20.519430 localhost kernel: xor: automatically using best checksumming function   avx       
Apr 17 20:09:20.519436 localhost kernel: Key type asymmetric registered
Apr 17 20:09:20.519442 localhost kernel: Asymmetric key parser 'x509' registered
Apr 17 20:09:20.519448 localhost kernel: Block layer SCSI generic (bsg) driver version 0.4 loaded (major 246)
Apr 17 20:09:20.519453 localhost kernel: io scheduler mq-deadline registered
Apr 17 20:09:20.519459 localhost kernel: io scheduler kyber registered
Apr 17 20:09:20.519465 localhost kernel: io scheduler bfq registered
Apr 17 20:09:20.519470 localhost kernel: atomic64_test: passed for x86-64 platform with CX8 and with SSE
Apr 17 20:09:20.519476 localhost kernel: shpchp: Standard Hot Plug PCI Controller Driver version: 0.4
Apr 17 20:09:20.519483 localhost kernel: Serial: 8250/16550 driver, 4 ports, IRQ sharing enabled
Apr 17 20:09:20.519489 localhost kernel: 00:00: ttyS0 at I/O 0x3f8 (irq = 4, base_baud = 115200) is a 16550A
Apr 17 20:09:20.519495 localhost kernel: 00:01: ttyS1 at I/O 0x2f8 (irq = 3, base_baud = 115200) is a 16550A
Apr 17 20:09:20.519501 localhost kernel: serial8250: ttyS2 at I/O 0x3e8 (irq = 4, base_baud = 115200) is a 16550A
Apr 17 20:09:20.519507 localhost kernel: Non-volatile memory driver v1.3
Apr 17 20:09:20.519513 localhost kernel: rdac: device handler registered
Apr 17 20:09:20.519518 localhost kernel: hp_sw: device handler registered
Apr 17 20:09:20.519524 localhost kernel: emc: device handler registered
Apr 17 20:09:20.519530 localhost kernel: alua: device handler registered
Apr 17 20:09:20.519536 localhost kernel: usbcore: registered new interface driver usbserial_generic
Apr 17 20:09:20.519542 localhost kernel: usbserial: USB Serial support registered for generic
Apr 17 20:09:20.519548 localhost kernel: i8042: PNP: No PS/2 controller found.
Apr 17 20:09:20.519555 localhost kernel: mousedev: PS/2 mouse device common for all mice
Apr 17 20:09:20.519678 localhost kernel: rtc_cmos 00:02: registered as rtc0
Apr 17 20:09:20.519746 localhost kernel: rtc_cmos 00:02: setting system clock to 2026-04-17T20:09:19 UTC (1776456559)
Apr 17 20:09:20.519809 localhost kernel: rtc_cmos 00:02: alarms up to one month, 114 bytes nvram
Apr 17 20:09:20.519818 localhost kernel: intel_pstate: Intel P-state driver initializing
Apr 17 20:09:20.519823 localhost kernel: efifb: probing for efifb
Apr 17 20:09:20.519829 localhost kernel: efifb: framebuffer at 0x40000000, using 3072k, total 3072k
Apr 17 20:09:20.519835 localhost kernel: efifb: mode is 1024x768x32, linelength=4096, pages=1
Apr 17 20:09:20.519851 localhost kernel: efifb: scrolling: redraw
Apr 17 20:09:20.519856 localhost kernel: efifb: Truecolor: size=8:8:8:8, shift=24:16:8:0
Apr 17 20:09:20.519863 localhost kernel: Console: switching to colour frame buffer device 128x48
Apr 17 20:09:20.519869 localhost kernel: fb0: EFI VGA frame buffer device
Apr 17 20:09:20.519874 localhost kernel: EFI Variables Facility v0.08 2004-May-17
Apr 17 20:09:20.519880 localhost kernel: hid: raw HID events driver (C) Jiri Kosina
Apr 17 20:09:20.519885 localhost kernel: usbcore: registered new interface driver usbhid
Apr 17 20:09:20.519891 localhost kernel: usbhid: USB HID core driver
Apr 17 20:09:20.519896 localhost kernel: drop_monitor: Initializing network drop monitor service
Apr 17 20:09:20.519902 localhost kernel: Initializing XFRM netlink socket
Apr 17 20:09:20.519907 localhost kernel: NET: Registered PF_INET6 protocol family
Apr 17 20:09:20.519913 localhost kernel: Freeing initrd memory: 104172K
Apr 17 20:09:20.519918 localhost kernel: Segment Routing with IPv6
Apr 17 20:09:20.519923 localhost kernel: NET: Registered PF_PACKET protocol family
Apr 17 20:09:20.519930 localhost kernel: mpls_gso: MPLS GSO support
Apr 17 20:09:20.519936 localhost kernel: IPI shorthand broadcast: enabled
Apr 17 20:09:20.519941 localhost kernel: AVX2 version of gcm_enc/dec engaged.
Apr 17 20:09:20.519947 localhost kernel: AES CTR mode by8 optimization enabled
Apr 17 20:09:20.519953 localhost kernel: sched_clock: Marking stable (970004308, 748654463)->(1943476176, -224817405)
Apr 17 20:09:20.519967 localhost kernel: registered taskstats version 1
Apr 17 20:09:20.519974 localhost kernel: Loading compiled-in X.509 certificates
Apr 17 20:09:20.519980 localhost kernel: Loaded X.509 cert 'Red Hat Enterprise Linux kernel signing key: 300cbdfacc279a7dbb14021e37e33aa77fe6a2a1'
Apr 17 20:09:20.519986 localhost kernel: Loaded X.509 cert 'Red Hat Enterprise Linux Driver Update Program (key 3): bf57f3e87362bc7229d9f465321773dfd1f77a80'
Apr 17 20:09:20.519992 localhost kernel: Loaded X.509 cert 'Red Hat Enterprise Linux kpatch signing key: 4d38fd864ebe18c5f0b72e3852e2014c3a676fc8'
Apr 17 20:09:20.519997 localhost kernel: Loaded X.509 cert 'RH-IMA-CA: Red Hat IMA CA: fb31825dd0e073685b264e3038963673f753959a'
Apr 17 20:09:20.520003 localhost kernel: Loaded X.509 cert 'Nvidia GPU OOT signing 001: 55e1cef88193e60419f0b0ec379c49f77545acf0'
Apr 17 20:09:20.520009 localhost kernel: Demotion targets for Node 0: null
Apr 17 20:09:20.520014 localhost kernel: page_owner is disabled
Apr 17 20:09:20.520020 localhost kernel: Key type .fscrypt registered
Apr 17 20:09:20.520026 localhost kernel: Key type fscrypt-provisioning registered
Apr 17 20:09:20.520031 localhost kernel: Key type big_key registered
Apr 17 20:09:20.520036 localhost kernel: Key type encrypted registered
Apr 17 20:09:20.520046 localhost kernel: integrity: Loading X.509 certificate: UEFI:db
Apr 17 20:09:20.520057 localhost kernel: integrity: Loaded X.509 cert 'Microsoft Windows Production PCA 2011: a92902398e16c49778cd90f99e4f9ae17c55af53'
Apr 17 20:09:20.520065 localhost kernel: integrity: Loading X.509 certificate: UEFI:db
Apr 17 20:09:20.520075 localhost kernel: integrity: Loaded X.509 cert 'Microsoft Corporation: Windows UEFI CA 2023: aefc5fbbbe055d8f8daa585473499417ab5a5272'
Apr 17 20:09:20.520080 localhost kernel: integrity: Loading X.509 certificate: UEFI:MokListRT (MOKvar table)
Apr 17 20:09:20.520085 localhost kernel: integrity: Loading X.509 certificate: UEFI:MokListRT (MOKvar table)
Apr 17 20:09:20.520091 localhost kernel: integrity: Loaded X.509 cert 'Red Hat Secure Boot CA 5: cc6fa5e72868ba494e939bbd680b9144769a9f8f'
Apr 17 20:09:20.520096 localhost kernel: integrity: Loading X.509 certificate: UEFI:MokListRT (MOKvar table)
Apr 17 20:09:20.520101 localhost kernel: integrity: Loading X.509 certificate: UEFI:MokListRT (MOKvar table)
Apr 17 20:09:20.520106 localhost kernel: integrity: Loaded X.509 cert 'Red Hat Secure Boot CA 8: e1c6c580aa1e21d585aad9bf20f3929e5ec1f08b'
Apr 17 20:09:20.520112 localhost kernel: ima: No TPM chip found, activating TPM-bypass!
Apr 17 20:09:20.520118 localhost kernel: Loading compiled-in module X.509 certificates
Apr 17 20:09:20.520126 localhost kernel: Loaded X.509 cert 'Red Hat Enterprise Linux kernel signing key: 300cbdfacc279a7dbb14021e37e33aa77fe6a2a1'
Apr 17 20:09:20.520131 localhost kernel: ima: Allocated hash algorithm: sha256
Apr 17 20:09:20.520137 localhost kernel: ima: No architecture policies found
Apr 17 20:09:20.520143 localhost kernel: evm: Initialising EVM extended attributes:
Apr 17 20:09:20.520148 localhost kernel: evm: security.selinux
Apr 17 20:09:20.520153 localhost kernel: evm: security.SMACK64 (disabled)
Apr 17 20:09:20.520159 localhost kernel: evm: security.SMACK64EXEC (disabled)
Apr 17 20:09:20.520165 localhost kernel: evm: security.SMACK64TRANSMUTE (disabled)
Apr 17 20:09:20.520170 localhost kernel: evm: security.SMACK64MMAP (disabled)
Apr 17 20:09:20.520175 localhost kernel: evm: security.apparmor (disabled)
Apr 17 20:09:20.520181 localhost kernel: evm: security.ima
Apr 17 20:09:20.520187 localhost kernel: evm: security.capability
Apr 17 20:09:20.520192 localhost kernel: evm: HMAC attrs: 0x1
Apr 17 20:09:20.520199 localhost kernel: Running certificate verification RSA selftest
Apr 17 20:09:20.520205 localhost kernel: Loaded X.509 cert 'Certificate verification self-testing key: f58703bb33ce1b73ee02eccdee5b8817518fe3db'
Apr 17 20:09:20.520211 localhost kernel: Running certificate verification ECDSA selftest
Apr 17 20:09:20.520216 localhost kernel: Loaded X.509 cert 'Certificate verification ECDSA self-testing key: 2900bcea1deb7bc8479a84a23d758efdfdd2b2d3'
Apr 17 20:09:20.520222 localhost kernel: clk: Disabling unused clocks
Apr 17 20:09:20.520228 localhost kernel: Freeing unused decrypted memory: 2028K
Apr 17 20:09:20.520233 localhost kernel: Freeing unused kernel image (initmem) memory: 4044K
Apr 17 20:09:20.520239 localhost kernel: Write protecting the kernel read-only data: 30720k
Apr 17 20:09:20.520246 localhost kernel: Freeing unused kernel image (rodata/data gap) memory: 708K
Apr 17 20:09:20.520252 localhost kernel: x86/mm: Checked W+X mappings: passed, no W+X pages found.
Apr 17 20:09:20.520257 localhost kernel: Run /init as init process
Apr 17 20:09:20.520263 localhost kernel:   with arguments:
Apr 17 20:09:20.520269 localhost kernel:     /init
Apr 17 20:09:20.520275 localhost kernel:   with environment:
Apr 17 20:09:20.520280 localhost kernel:     HOME=/
Apr 17 20:09:20.520287 localhost kernel:     TERM=linux
Apr 17 20:09:20.520293 localhost kernel:     BOOT_IMAGE=(hd0,gpt3)/boot/ostree/rhcos-617b0e78715ed36bc2244f65434be3f79c4e5cc41b856cce9de411575dfca7bd/vmlinuz-5.14.0-570.55.1.el9_6.x86_64
Apr 17 20:09:20.520299 localhost kernel:     ostree=/ostree/boot.1/rhcos/617b0e78715ed36bc2244f65434be3f79c4e5cc41b856cce9de411575dfca7bd/0
Apr 17 20:09:20.520326 localhost systemd-journald[331]: Missed 18 kernel messages
Apr 17 20:09:20.520344 localhost kernel: tsc: Refined TSC clocksource calibration: 2299.996 MHz
Apr 17 20:09:20.520353 localhost systemd-journald[331]: Missed 1 kernel messages
Apr 17 20:09:20.520364 localhost kernel: clocksource: tsc: mask: 0xffffffffffffffff max_cycles: 0x212731a5301, max_idle_ns: 440795317123 ns
Apr 17 20:09:20.520370 localhost kernel: clocksource: Switched to clocksource tsc
Apr 17 20:09:20.520390 localhost systemd-journald[331]: Journal started
Apr 17 20:09:20.520426 localhost systemd-journald[331]: Runtime Journal (/run/log/journal/e3d888ca62fc44dca45f25ab9190b14c) is 8.0M, max 319.6M, 311.6M free.
Apr 17 20:09:20.524284 localhost systemd-journald[331]: Missed 18 kernel messages
Apr 17 20:09:20.524284 localhost kernel: fuse: init (API version 7.37)
Apr 17 20:09:20.529732 localhost systemd-modules-load[333]: Inserted module 'fuse'
Apr 17 20:09:20.529793 localhost systemd-modules-load[333]: Module 'msr' is built in
Apr 17 20:09:20.529921 localhost systemd-modules-load[327]: Inserted module 'ib_ipoib'
Apr 17 20:09:20.546204 localhost systemd[1]: Finished Afterburn Initrd Setup Network Kernel Arguments.
Apr 17 20:09:20.551792 localhost systemd[1]: Finished CoreOS: Touch /run/agetty.reload.
Apr 17 20:09:20.557176 localhost systemd[1]: Finished Create List of Static Device Nodes.
Apr 17 20:09:20.562447 localhost systemd-modules-load[327]: Inserted module 'ib_umad'
Apr 17 20:09:20.562503 localhost systemd[1]: Finished Load RDMA modules from /etc/rdma/modules/roce.conf.
Apr 17 20:09:20.572957 localhost systemd[1]: Finished Load RDMA modules from /etc/rdma/modules/infiniband.conf.
Apr 17 20:09:20.579950 localhost systemd[1]: Finished Load Kernel Modules.
Apr 17 20:09:20.584850 localhost systemd-journald[331]: Missed 12 kernel messages
Apr 17 20:09:20.584850 localhost kernel: Loading iSCSI transport class v2.0-870.
Apr 17 20:09:20.587717 localhost systemd[1]: Finished Setup Virtual Console.
Apr 17 20:09:20.597858 localhost systemd-journald[331]: Missed 1 kernel messages
Apr 17 20:09:20.597858 localhost kernel: iscsi: registered transport (iser)
Apr 17 20:09:20.599443 localhost systemd-modules-load[328]: Inserted module 'ib_iser'
Apr 17 20:09:20.608024 localhost systemd[1]: Starting dracut ask for additional cmdline parameters...
Apr 17 20:09:20.614923 localhost systemd[1]: Starting Apply Kernel Variables...
Apr 17 20:09:20.622936 localhost systemd-sysusers[337]: Creating group 'root' with GID 991.
Apr 17 20:09:20.624618 localhost systemd[1]: Finished Apply Kernel Variables.
Apr 17 20:09:20.639003 localhost systemd[1]: Finished dracut ask for additional cmdline parameters.
Apr 17 20:09:20.651928 localhost systemd-journald[331]: Missed 6 kernel messages
Apr 17 20:09:20.651928 localhost kernel: Rounding down aligned max_sectors from 4294967295 to 4294967288
Apr 17 20:09:20.652034 localhost kernel: db_root: cannot open: /etc/target
Apr 17 20:09:20.659982 localhost systemd[1]: Starting dracut cmdline hook...
Apr 17 20:09:20.669340 localhost systemd[1]: Finished Create System Users.
Apr 17 20:09:20.674299 localhost systemd[1]: Starting Create Static Device Nodes in /dev...
Apr 17 20:09:20.677798 localhost dracut-cmdline[360]: dracut-9.6.20251015-1 (Plow) dracut-057-88.git20250311.el9_6
Apr 17 20:09:20.685581 localhost systemd[1]: Starting Create Volatile Files and Directories...
Apr 17 20:09:20.690516 localhost dracut-cmdline[360]: Using kernel command line parameters:  ip=auto   BOOT_IMAGE=(hd0,gpt3)/boot/ostree/rhcos-617b0e78715ed36bc2244f65434be3f79c4e5cc41b856cce9de411575dfca7bd/vmlinuz-5.14.0-570.55.1.el9_6.x86_64 rw ignition.firstboot ostree=/ostree/boot.1/rhcos/617b0e78715ed36bc2244f65434be3f79c4e5cc41b856cce9de411575dfca7bd/0 ignition.platform.id=azure console=tty0 console=ttyS0,115200n8
Apr 17 20:09:20.722025 localhost systemd-modules-load[328]: Inserted module 'ib_isert'
Apr 17 20:09:20.730008 localhost systemd[1]: Finished Create Static Device Nodes in /dev.
Apr 17 20:09:20.735629 localhost systemd-modules-load[328]: Inserted module 'ib_srpt'
Apr 17 20:09:20.747719 localhost systemd[1]: Finished Create Volatile Files and Directories.
Apr 17 20:09:20.753787 localhost systemd-modules-load[328]: Inserted module 'ib_uverbs'
Apr 17 20:09:20.758799 localhost systemd-modules-load[328]: Inserted module 'rdma_ucm'
Apr 17 20:09:20.777914 localhost systemd-journald[331]: Missed 12 kernel messages
Apr 17 20:09:20.777914 localhost kernel: iscsi: registered transport (tcp)
Apr 17 20:09:20.795858 localhost kernel: Warning: Deprecated Driver is detected: qla4xxx will not be maintained in a future major release and may be disabled
Apr 17 20:09:20.811877 localhost kernel: iscsi: registered transport (qla4xxx)
Apr 17 20:09:20.812005 localhost kernel: QLogic iSCSI HBA Driver
Apr 17 20:09:20.818108 localhost kernel: RPC: Registered named UNIX socket transport module.
Apr 17 20:09:20.818306 localhost kernel: RPC: Registered udp transport module.
Apr 17 20:09:20.818454 localhost kernel: RPC: Registered tcp transport module.
Apr 17 20:09:20.818526 localhost kernel: RPC: Registered tcp-with-tls transport module.
Apr 17 20:09:20.819233 localhost kernel: RPC: Registered tcp NFSv4.1 backchannel transport module.
Apr 17 20:09:20.850918 localhost kernel: libcxgbi:libcxgbi_init_module: Chelsio iSCSI driver library libcxgbi v0.9.1-ko (Apr. 2015)
Apr 17 20:09:20.857078 localhost kernel: RPC: Registered rdma transport module.
Apr 17 20:09:20.857139 localhost kernel: RPC: Registered rdma backchannel transport module.
Apr 17 20:09:20.864246 localhost systemd-modules-load[328]: Inserted module 'rpcrdma'
Apr 17 20:09:20.865066 localhost systemd[1]: Finished Load RDMA modules from /etc/rdma/modules/rdma.conf.
Apr 17 20:09:20.877017 localhost systemd[1]: Reached target Preparation for Network.
Apr 17 20:09:20.916099 localhost systemd-journald[331]: Missed 3 kernel messages
Apr 17 20:09:20.916099 localhost kernel: Chelsio T4-T6 iSCSI Driver cxgb4i v0.9.5-ko (Apr. 2015)
Apr 17 20:09:20.916130 localhost kernel: iscsi: registered transport (cxgb4i)
Apr 17 20:09:20.926868 localhost kernel: Warning: Deprecated Driver is detected: cnic will not be maintained in a future major release and may be disabled
Apr 17 20:09:20.934893 localhost kernel: cnic: QLogic cnicDriver v2.5.22 (July 20, 2015)
Apr 17 20:09:20.940878 localhost kernel: Warning: Deprecated Driver is detected: bnx2i will not be maintained in a future major release and may be disabled
Apr 17 20:09:20.949859 localhost kernel: QLogic NetXtreme II iSCSI Driver bnx2i v2.7.10.1 (Jul 16, 2014)
Apr 17 20:09:20.949892 localhost kernel: iscsi: registered transport (bnx2i)
Apr 17 20:09:20.966645 localhost kernel: iscsi: registered transport (be2iscsi)
Apr 17 20:09:20.966657 localhost kernel: In beiscsi_module_init, tt=00000000b0b92eef
Apr 17 20:09:21.044547 localhost systemd[1]: Finished dracut cmdline hook.
Apr 17 20:09:21.057017 localhost systemd[1]: Starting dracut pre-udev hook...
Apr 17 20:09:21.085289 localhost systemd-journald[331]: Missed 2 kernel messages
Apr 17 20:09:21.085289 localhost kernel: device-mapper: core: CONFIG_IMA_DISABLE_HTABLE is disabled. Duplicate IMA measurements will not be recorded in the IMA log.
Apr 17 20:09:21.085338 localhost kernel: device-mapper: uevent: version 1.0.3
Apr 17 20:09:21.085344 localhost kernel: device-mapper: ioctl: 4.48.1-ioctl (2025-04-28) initialised: dm-devel@lists.linux.dev
Apr 17 20:09:21.113399 localhost systemd[1]: Finished dracut pre-udev hook.
Apr 17 20:09:21.126996 localhost systemd[1]: Starting Rule-based Manager for Device Events and Files...
Apr 17 20:09:21.140807 localhost systemd-udevd[554]: Using default interface naming scheme 'rhel-9.0'.
Apr 17 20:09:21.149524 localhost systemd[1]: Started Rule-based Manager for Device Events and Files.
Apr 17 20:09:21.156450 localhost systemd[1]: Starting dracut pre-trigger hook...
Apr 17 20:09:21.168894 localhost dracut-pre-trigger[559]: rd.md=0: removing MD RAID activation
Apr 17 20:09:21.186401 localhost systemd[1]: Finished dracut pre-trigger hook.
Apr 17 20:09:21.204022 localhost systemd[1]: Starting Coldplug All udev Devices...
Apr 17 20:09:21.232913 localhost systemd[1]: sys-module-fuse.device: Failed to enqueue SYSTEMD_WANTS= job, ignoring: Unit sys-fs-fuse-connections.mount not found.
Apr 17 20:09:21.236682 localhost systemd[1]: Finished Coldplug All udev Devices.
Apr 17 20:09:21.255962 localhost systemd[1]: Starting Wait for udev To Complete Device Initialization...
Apr 17 20:09:21.262700 localhost udevadm[630]: systemd-udev-settle.service is deprecated. Please fix multipathd-configure.service not to pull it in.
Apr 17 20:09:21.290935 localhost systemd-journald[331]: Missed 12 kernel messages
Apr 17 20:09:21.290935 localhost kernel: hv_vmbus: Vmbus version:5.3
Apr 17 20:09:21.297620 localhost kernel: hv_utils: Registering HyperV Utility Driver
Apr 17 20:09:21.297645 localhost kernel: hv_vmbus: registering driver hv_utils
Apr 17 20:09:21.306728 localhost kernel: hv_utils: Shutdown IC version 3.2
Apr 17 20:09:21.306846 localhost kernel: hv_utils: Heartbeat IC version 3.0
Apr 17 20:09:21.309942 localhost kernel: hv_utils: TimeSync IC version 4.0
Apr 17 20:09:21.710401 localhost kernel: hv_vmbus: registering driver hyperv_keyboard
Apr 17 20:09:21.712394 localhost kernel: input: AT Translated Set 2 keyboard as /devices/LNXSYSTM:00/LNXSYBUS:00/ACPI0004:00/MSFT1000:00/d34b2567-b9b6-42b9-8778-0a4ec0b955bf/serio0/input/input0
Apr 17 20:09:21.724400 localhost kernel: hv_vmbus: registering driver hid_hyperv
Apr 17 20:09:21.729458 localhost kernel: input: Microsoft Vmbus HID-compliant Mouse as /devices/0006:045E:0621.0001/input/input1
Apr 17 20:09:21.729488 localhost kernel: hv_vmbus: registering driver hv_pci
Apr 17 20:09:21.729496 localhost kernel: hid-hyperv 0006:045E:0621.0001: input: VIRTUAL HID v0.01 Mouse [Microsoft Vmbus HID-compliant Mouse] on 
Apr 17 20:09:21.737401 localhost kernel: hv_pci 7ad35d50-c05b-47ab-b3a0-56a9a845852b: PCI VMBus probing: Using version 0x10004
Apr 17 20:09:21.762262 localhost kernel: hv_pci 7ad35d50-c05b-47ab-b3a0-56a9a845852b: PCI host bridge to bus c05b:00
Apr 17 20:09:21.762357 localhost kernel: pci_bus c05b:00: root bus resource [mem 0xfc0000000-0xfc007ffff window]
Apr 17 20:09:21.762459 localhost kernel: pci_bus c05b:00: No busn resource found for root bus, will use [bus 00-ff]
Apr 17 20:09:21.762537 localhost kernel: pci c05b:00:00.0: [1414:00a9] type 00 class 0x010802 PCIe Endpoint
Apr 17 20:09:21.762633 localhost kernel: pci c05b:00:00.0: BAR 0 [mem 0xfc0000000-0xfc007ffff 64bit]
Apr 17 20:09:21.762719 localhost kernel: pci c05b:00:00.0: 32.000 Gb/s available PCIe bandwidth, limited by 2.5 GT/s PCIe x16 link at c05b:00:00.0 (capable of 1024.000 Gb/s with 64.0 GT/s PCIe x16 link)
Apr 17 20:09:21.762804 localhost kernel: pci_bus c05b:00: busn_res: [bus 00-ff] end is updated to 00
Apr 17 20:09:21.762881 localhost kernel: pci c05b:00:00.0: BAR 0 [mem 0xfc0000000-0xfc007ffff 64bit]: assigned
Apr 17 20:09:21.808399 localhost kernel: hv_vmbus: registering driver hv_storvsc
Apr 17 20:09:21.812440 localhost kernel: hv_vmbus: registering driver hv_netvsc
Apr 17 20:09:21.812471 localhost kernel: scsi host0: storvsc_host_t
Apr 17 20:09:21.817442 localhost kernel: scsi 0:0:0:2: CD-ROM            Msft     Virtual DVD-ROM  1.0  PQ: 0 ANSI: 5
Apr 17 20:09:21.822611 localhost kernel: hv_netvsc f8615163-0000-1000-2000-7c1e5244b661 (unnamed net_device) (uninitialized): VF slot 1 added
Apr 17 20:09:21.847682 localhost kernel: scsi 0:0:0:2: Attached scsi generic sg0 type 5
Apr 17 20:09:21.856589 localhost kernel: sr 0:0:0:2: [sr0] scsi-1 drive
Apr 17 20:09:21.857695 localhost kernel: cdrom: Uniform CD-ROM driver Revision: 3.20
Apr 17 20:09:21.857764 localhost kernel: sr 0:0:0:2: Attached scsi CD-ROM sr0
Apr 17 20:09:21.867400 localhost kernel: nvme nvme0: pci function c05b:00:00.0
Apr 17 20:09:21.867548 localhost kernel: nvme c05b:00:00.0: enabling device (0000 -> 0002)
Apr 17 20:09:22.048569 localhost kernel: hv_storvsc f8b3781a-1e82-4818-a1c3-63d806ec15bb: tag#208 cmd 0x85 status: scsi 0x2 srb 0x6 hv 0xc0000001
Apr 17 20:09:22.048680 localhost kernel: hv_storvsc f8b3781a-1e82-4818-a1c3-63d806ec15bb: tag#264 cmd 0x85 status: scsi 0x2 srb 0x6 hv 0xc0000001
Apr 17 20:09:22.048756 localhost kernel: nvme nvme0: 4/0/0 default/read/poll queues
Apr 17 20:09:22.048843 localhost kernel: GPT:Primary header thinks Alt. header is not at the end of the disk.
Apr 17 20:09:22.048856 localhost kernel: GPT:6602751 != 268435455
Apr 17 20:09:22.048863 localhost kernel: GPT:Alternate GPT header not at the end of the disk.
Apr 17 20:09:22.048870 localhost kernel: GPT:6602751 != 268435455
Apr 17 20:09:22.048876 localhost kernel: GPT: Use GNU Parted to correct GPT errors.
Apr 17 20:09:22.048882 localhost kernel:  nvme0n1: p1 p2 p3 p4
Apr 17 20:09:22.152371 localhost systemd[1]: Found device MSFT NVMe Accelerator v1.0 boot.
Apr 17 20:09:22.157845 localhost systemd[1]: Finished Wait for udev To Complete Device Initialization.
Apr 17 20:09:22.169493 localhost systemd[1]: Found device MSFT NVMe Accelerator v1.0 root.
Apr 17 20:09:22.186529 localhost systemd[1]: Starting CoreOS Ignition User Config Setup...
Apr 17 20:09:22.194975 localhost systemd[1]: Starting CoreOS Ensure Unique Boot Filesystem Label...
Apr 17 20:09:22.203505 localhost systemd[1]: Device-Mapper Multipath Default Configuration was skipped because of an unmet condition check (ConditionKernelCommandLine=rd.multipath=default).
Apr 17 20:09:22.204007 localhost systemd[1]: Starting Device-Mapper Multipath Device Controller...
Apr 17 20:09:22.224810 localhost multipathd[778]: --------start up--------
Apr 17 20:09:22.224810 localhost multipathd[778]: read /etc/multipath.conf
Apr 17 20:09:22.225971 localhost multipathd[778]: /etc/multipath.conf does not exist, blacklisting all devices.
Apr 17 20:09:22.225971 localhost multipathd[778]: You can run "/sbin/mpathconf --enable" to create
Apr 17 20:09:22.225971 localhost multipathd[778]: /etc/multipath.conf. See man mpathconf(8) for more details
Apr 17 20:09:22.229270 localhost multipathd[778]: path checkers start up
Apr 17 20:09:22.230092 localhost multipathd[778]: /etc/multipath.conf does not exist, blacklisting all devices.
Apr 17 20:09:22.230092 localhost multipathd[778]: You can run "/sbin/mpathconf --enable" to create
Apr 17 20:09:22.230092 localhost multipathd[778]: /etc/multipath.conf. See man mpathconf(8) for more details
Apr 17 20:09:22.232114 localhost systemd[1]: Started Device-Mapper Multipath Device Controller.
Apr 17 20:09:22.274029 localhost systemd[1]: Reached target Preparation for Local File Systems.
Apr 17 20:09:22.287460 localhost systemd[1]: Reached target Local File Systems.
Apr 17 20:09:22.295458 localhost systemd[1]: Reached target System Initialization.
Apr 17 20:09:22.302464 localhost systemd[1]: Reached target Basic System.
Apr 17 20:09:22.308602 localhost systemd[1]: Persist Osmet Files (ISO) was skipped because of an unmet condition check (ConditionKernelCommandLine=coreos.liveiso).
Apr 17 20:09:22.326299 localhost systemd[1]: Finished CoreOS Ensure Unique Boot Filesystem Label.
Apr 17 20:09:22.383191 localhost coreos-ignition-setup-user[768]: File /mnt/boot_partition/ignition/config.ign does not exist.. Skipping copy
Apr 17 20:09:22.383831 localhost systemd-journald[331]: Missed 23 kernel messages
Apr 17 20:09:22.383831 localhost kernel: EXT4-fs (nvme0n1p3): mounted filesystem 96d15588-3596-4b3c-adca-a2ff7279ea63 ro with ordered data mode. Quota mode: none.
Apr 17 20:09:22.394393 localhost systemd-journald[331]: Missed 1 kernel messages
Apr 17 20:09:22.394393 localhost kernel: EXT4-fs (nvme0n1p3): unmounting filesystem 96d15588-3596-4b3c-adca-a2ff7279ea63.
Apr 17 20:09:22.400797 localhost systemd[1]: Finished CoreOS Ignition User Config Setup.
Apr 17 20:09:22.425541 localhost systemd[1]: Starting Ignition (fetch-offline)...
Apr 17 20:09:22.437750 localhost ignition[790]: Ignition 2.21.0
Apr 17 20:09:22.437759 localhost ignition[790]: Stage: fetch-offline
Apr 17 20:09:22.437831 localhost ignition[790]: reading system config file "/usr/lib/ignition/base.d/00-core.ign"
Apr 17 20:09:22.437846 localhost ignition[790]: parsing config with SHA512: ff6a5153be363997e4d5d3ea8cc4048373a457c48c4a5b134a08a30aacd167c1e0f099f0bdf1e24c99ad180628cd02b767b863b5fe3a8fce3fe1886847eb8e2e
Apr 17 20:09:22.439524 localhost ignition[790]: no config dir at "/usr/lib/ignition/base.platform.d/azure"
Apr 17 20:09:22.439626 localhost ignition[790]: parsed url from cmdline: ""
Apr 17 20:09:22.439629 localhost ignition[790]: no config URL provided
Apr 17 20:09:22.439635 localhost ignition[790]: reading system config file "/usr/lib/ignition/user.ign"
Apr 17 20:09:22.441106 localhost systemd[1]: Finished Ignition (fetch-offline).
Apr 17 20:09:22.439641 localhost ignition[790]: no config at "/usr/lib/ignition/user.ign"
Apr 17 20:09:22.439646 localhost ignition[790]: failed to fetch config: resource requires networking
Apr 17 20:09:22.439805 localhost ignition[790]: Ignition finished successfully
Apr 17 20:09:22.493566 localhost systemd[1]: Starting CoreOS Enable Network...
Apr 17 20:09:22.550950 localhost systemd[1]: Finished CoreOS Enable Network.
Apr 17 20:09:22.563567 localhost systemd[1]: Starting Copy CoreOS Firstboot Networking Config...
Apr 17 20:09:22.587404 localhost systemd-journald[331]: Missed 15 kernel messages
Apr 17 20:09:22.587404 localhost kernel: EXT4-fs (nvme0n1p3): mounted filesystem 96d15588-3596-4b3c-adca-a2ff7279ea63 ro with ordered data mode. Quota mode: none.
Apr 17 20:09:22.587824 localhost coreos-copy-firstboot-network[823]: info: no files to copy from /mnt/boot_partition/coreos-firstboot-network; skipping
Apr 17 20:09:22.594403 localhost systemd-journald[331]: Missed 1 kernel messages
Apr 17 20:09:22.594403 localhost kernel: EXT4-fs (nvme0n1p3): unmounting filesystem 96d15588-3596-4b3c-adca-a2ff7279ea63.
Apr 17 20:09:22.601992 localhost systemd[1]: Finished Copy CoreOS Firstboot Networking Config.
Apr 17 20:09:22.625534 localhost systemd[1]: Starting Generate New UUID For Boot Disk GPT...
Apr 17 20:09:22.632425 localhost coreos-gpt-setup[831]: Randomizing disk GUID
Apr 17 20:09:22.636513 localhost systemd[1]: Starting nm-initrd.service...
Apr 17 20:09:22.641523 localhost systemd-journald[331]: Missed 4 kernel messages
Apr 17 20:09:22.641523 localhost kernel: GPT:Primary header thinks Alt. header is not at the end of the disk.
Apr 17 20:09:22.641577 localhost kernel: GPT:6602751 != 268435455
Apr 17 20:09:22.641584 localhost kernel: GPT:Alternate GPT header not at the end of the disk.
Apr 17 20:09:22.641592 localhost kernel: GPT:6602751 != 268435455
Apr 17 20:09:22.642832 localhost kernel: GPT: Use GNU Parted to correct GPT errors.
Apr 17 20:09:22.642841 localhost kernel:  nvme0n1: p1 p2 p3 p4
Apr 17 20:09:22.695302 localhost NetworkManager[836]: <info>  [1776456562.6952] NetworkManager (version 1.52.0-7.el9_6) is starting... (boot:312b6ca8-5328-4e84-badd-e7ab1213a0d0)
Apr 17 20:09:22.695318 localhost NetworkManager[836]: <info>  [1776456562.6953] Read config: /etc/NetworkManager/NetworkManager.conf, /usr/lib/NetworkManager/conf.d/initrd-no-auto-default.conf, /run/NetworkManager/conf.d/15-carrier-timeout.conf
Apr 17 20:09:22.720510 localhost systemd[1]: Starting D-Bus System Message Bus...
Apr 17 20:09:22.729014 localhost dbus-broker-launch[868]: Looking up NSS user entry for 'dbus'...
Apr 17 20:09:22.730123 localhost dbus-broker-launch[868]: NSS returned NAME 'dbus' and UID '81'
Apr 17 20:09:22.732207 localhost systemd[1]: Started D-Bus System Message Bus.
Apr 17 20:09:22.732510 localhost dbus-broker-lau[868]: Ready
Apr 17 20:09:22.734679 localhost NetworkManager[836]: <info>  [1776456562.7346] manager[0x560ca16a5090]: monitoring kernel firmware directory '/lib/firmware'.
Apr 17 20:09:22.735383 localhost.localdomain NetworkManager[836]: <info>  [1776456562.7353] hostname: hostname: couldn't get property from hostnamed
Apr 17 20:09:22.735682 localhost.localdomain NetworkManager[836]: <info>  [1776456562.7356] dns-mgr: init: dns=default,systemd-resolved rc-manager=symlink (auto)
Apr 17 20:09:22.735713 localhost.localdomain NetworkManager[836]: <info>  [1776456562.7357] policy: set-hostname: set hostname to 'localhost.localdomain' (no hostname found)
Apr 17 20:09:22.786677 localhost.localdomain NetworkManager[836]: <info>  [1776456562.7866] manager[0x560ca16a5090]: rfkill: Wi-Fi hardware radio set enabled
Apr 17 20:09:22.786696 localhost.localdomain NetworkManager[836]: <info>  [1776456562.7866] manager[0x560ca16a5090]: rfkill: WWAN hardware radio set enabled
Apr 17 20:09:22.788471 localhost.localdomain NetworkManager[836]: <info>  [1776456562.7884] Loaded device plugin: NMTeamFactory (/usr/lib64/NetworkManager/1.52.0-7.el9_6/libnm-device-plugin-team.so)
Apr 17 20:09:22.788486 localhost.localdomain NetworkManager[836]: <info>  [1776456562.7884] manager: rfkill: Wi-Fi enabled by radio killswitch; enabled by state file
Apr 17 20:09:22.788522 localhost.localdomain NetworkManager[836]: <info>  [1776456562.7885] manager: rfkill: WWAN enabled by radio killswitch; enabled by state file
Apr 17 20:09:22.788550 localhost.localdomain NetworkManager[836]: <info>  [1776456562.7885] manager: Networking is enabled by state file
Apr 17 20:09:22.788647 localhost.localdomain NetworkManager[836]: <info>  [1776456562.7886] settings: Loaded settings plugin: keyfile (internal)
Apr 17 20:09:22.788897 localhost.localdomain NetworkManager[836]: <info>  [1776456562.7888] settings: Loaded settings plugin: ifcfg-rh ("/usr/lib64/NetworkManager/1.52.0-7.el9_6/libnm-settings-plugin-ifcfg-rh.so")
Apr 17 20:09:22.789923 localhost.localdomain NetworkManager[836]: <info>  [1776456562.7899] dhcp: init: Using DHCP client 'internal'
Apr 17 20:09:22.790099 localhost.localdomain NetworkManager[836]: <info>  [1776456562.7900] manager: (lo): new Loopback device (/org/freedesktop/NetworkManager/Devices/1)
Apr 17 20:09:22.791692 localhost.localdomain NetworkManager[836]: <info>  [1776456562.7916] device (lo): state change: unmanaged -> unavailable (reason 'connection-assumed', managed-type: 'external')
Apr 17 20:09:22.792217 localhost.localdomain NetworkManager[836]: <info>  [1776456562.7922] device (lo): state change: unavailable -> disconnected (reason 'connection-assumed', managed-type: 'external')
Apr 17 20:09:22.792911 localhost.localdomain NetworkManager[836]: <info>  [1776456562.7928] device (lo): Activation: starting connection 'lo' (4beb6b6f-0b3b-437a-9305-dc805d5741a4)
Apr 17 20:09:22.793589 localhost.localdomain NetworkManager[836]: <info>  [1776456562.7935] manager: (eth0): new Ethernet device (/org/freedesktop/NetworkManager/Devices/2)
Apr 17 20:09:22.793914 localhost.localdomain NetworkManager[836]: <info>  [1776456562.7939] device (eth0): state change: unmanaged -> unavailable (reason 'managed', managed-type: 'external')
Apr 17 20:09:22.795659 localhost.localdomain NetworkManager[836]: <info>  [1776456562.7956] bus-manager: acquired D-Bus service "org.freedesktop.NetworkManager"
Apr 17 20:09:22.796229 localhost.localdomain NetworkManager[836]: <warn>  [1776456562.7962] ifcfg-rh: dbus: couldn't acquire D-Bus service: GDBus.Error:org.freedesktop.DBus.Error.AccessDenied: Request to own name refused by policy
Apr 17 20:09:22.796402 localhost.localdomain NetworkManager[836]: <info>  [1776456562.7963] device (lo): state change: disconnected -> prepare (reason 'none', managed-type: 'external')
Apr 17 20:09:22.796725 localhost.localdomain NetworkManager[836]: <info>  [1776456562.7967] device (lo): state change: prepare -> config (reason 'none', managed-type: 'external')
Apr 17 20:09:22.796926 localhost.localdomain NetworkManager[836]: <info>  [1776456562.7969] device (lo): state change: config -> ip-config (reason 'none', managed-type: 'external')
Apr 17 20:09:22.797129 localhost.localdomain NetworkManager[836]: <info>  [1776456562.7971] device (eth0): carrier: link connected
Apr 17 20:09:22.797358 localhost.localdomain NetworkManager[836]: <info>  [1776456562.7973] device (lo): state change: ip-config -> ip-check (reason 'none', managed-type: 'external')
Apr 17 20:09:22.798031 localhost.localdomain NetworkManager[836]: <info>  [1776456562.7980] device (eth0): state change: unavailable -> disconnected (reason 'carrier-changed', managed-type: 'full')
Apr 17 20:09:22.798034 localhost.localdomain systemd[1]: Started nm-initrd.service.
Apr 17 20:09:22.798415 localhost.localdomain NetworkManager[836]: <info>  [1776456562.7984] policy: auto-activating connection 'Wired Connection' (94130e06-b383-4462-a8e8-e6c3a7fb9684)
Apr 17 20:09:22.798549 localhost.localdomain NetworkManager[836]: <info>  [1776456562.7985] device (lo): state change: ip-check -> secondaries (reason 'none', managed-type: 'external')
Apr 17 20:09:22.798851 localhost.localdomain NetworkManager[836]: <info>  [1776456562.7988] device (eth0): Activation: starting connection 'Wired Connection' (94130e06-b383-4462-a8e8-e6c3a7fb9684)
Apr 17 20:09:22.798860 localhost.localdomain NetworkManager[836]: <info>  [1776456562.7988] device (lo): state change: secondaries -> activated (reason 'none', managed-type: 'external')
Apr 17 20:09:22.799284 localhost.localdomain NetworkManager[836]: <info>  [1776456562.7992] device (lo): Activation: successful, device activated.
Apr 17 20:09:22.799973 localhost.localdomain NetworkManager[836]: <info>  [1776456562.7999] device (eth0): state change: disconnected -> prepare (reason 'none', managed-type: 'full')
Apr 17 20:09:22.800216 localhost.localdomain NetworkManager[836]: <info>  [1776456562.8002] manager: NetworkManager state is now CONNECTING
Apr 17 20:09:22.800350 localhost.localdomain NetworkManager[836]: <info>  [1776456562.8003] device (eth0): state change: prepare -> config (reason 'none', managed-type: 'full')
Apr 17 20:09:22.800719 localhost.localdomain NetworkManager[836]: <info>  [1776456562.8007] device (eth0): state change: config -> ip-config (reason 'none', managed-type: 'full')
Apr 17 20:09:22.800985 localhost.localdomain NetworkManager[836]: <info>  [1776456562.8009] dhcp4 (eth0): activation: beginning transaction (timeout in 90 seconds)
Apr 17 20:09:22.826663 localhost.localdomain NetworkManager[836]: <info>  [1776456562.8266] dhcp4 (eth0): state changed new lease, address=10.0.128.7
Apr 17 20:09:22.827265 localhost.localdomain NetworkManager[836]: <info>  [1776456562.8272] policy: set 'Wired Connection' (eth0) as default for IPv4 routing and DNS
Apr 17 20:09:22.829603 localhost.localdomain NetworkManager[836]: <info>  [1776456562.8295] device (eth0): state change: ip-config -> ip-check (reason 'none', managed-type: 'full')
Apr 17 20:09:22.830277 localhost.localdomain NetworkManager[836]: <info>  [1776456562.8302] device (eth0): state change: ip-check -> secondaries (reason 'none', managed-type: 'full')
Apr 17 20:09:22.830429 localhost.localdomain NetworkManager[836]: <info>  [1776456562.8304] device (eth0): state change: secondaries -> activated (reason 'none', managed-type: 'full')
Apr 17 20:09:22.830700 localhost.localdomain NetworkManager[836]: <info>  [1776456562.8306] manager: NetworkManager state is now CONNECTED_SITE
Apr 17 20:09:22.830966 localhost.localdomain NetworkManager[836]: <info>  [1776456562.8309] device (eth0): Activation: successful, device activated.
Apr 17 20:09:22.831376 localhost.localdomain NetworkManager[836]: <info>  [1776456562.8313] manager: NetworkManager state is now CONNECTED_GLOBAL
Apr 17 20:09:22.831703 localhost.localdomain NetworkManager[836]: <info>  [1776456562.8316] manager: startup complete
Apr 17 20:09:22.842063 localhost.localdomain systemd[1]: Reached target Network.
Apr 17 20:09:22.865380 localhost.localdomain systemd-journald[331]: Missed 55 kernel messages
Apr 17 20:09:22.865380 localhost.localdomain kernel: hv_pci 00000001-7870-47b5-b203-907d12ca697e: PCI VMBus probing: Using version 0x10004
Apr 17 20:09:22.921058 localhost.localdomain kernel: hv_pci 00000001-7870-47b5-b203-907d12ca697e: PCI host bridge to bus 7870:00
Apr 17 20:09:22.921506 localhost.localdomain kernel: pci_bus 7870:00: root bus resource [mem 0xfc2000000-0xfc4007fff window]
Apr 17 20:09:22.921942 localhost.localdomain kernel: pci_bus 7870:00: No busn resource found for root bus, will use [bus 00-ff]
Apr 17 20:09:22.922247 localhost.localdomain kernel: pci 7870:00:00.0: [1414:00ba] type 00 class 0x020000 PCIe Endpoint
Apr 17 20:09:22.922622 localhost.localdomain kernel: pci 7870:00:00.0: BAR 0 [mem 0xfc2000000-0xfc3ffffff 64bit pref]
Apr 17 20:09:22.922938 localhost.localdomain kernel: pci 7870:00:00.0: BAR 4 [mem 0xfc4000000-0xfc4007fff 64bit pref]
Apr 17 20:09:22.923127 localhost.localdomain kernel: pci 7870:00:00.0: enabling Extended Tags
Apr 17 20:09:22.923453 localhost.localdomain kernel: pci_bus 7870:00: busn_res: [bus 00-ff] end is updated to 00
Apr 17 20:09:22.923714 localhost.localdomain kernel: pci 7870:00:00.0: BAR 0 [mem 0xfc2000000-0xfc3ffffff 64bit pref]: assigned
Apr 17 20:09:22.924028 localhost.localdomain kernel: pci 7870:00:00.0: BAR 4 [mem 0xfc4000000-0xfc4007fff 64bit pref]: assigned
Apr 17 20:09:23.011302 localhost.localdomain kernel: mana 7870:00:00.0: enabling device (0000 -> 0002)
Apr 17 20:09:23.159259 localhost.localdomain kernel: mana 7870:00:00.0: Microsoft Azure Network Adapter protocol version: 0.1.1
Apr 17 20:09:23.159365 localhost.localdomain kernel: hv_netvsc f8615163-0000-1000-2000-7c1e5244b661 eth0: VF registering: eth1
Apr 17 20:09:23.159471 localhost.localdomain kernel: mana 7870:00:00.0 eth1: joined to eth0
Apr 17 20:09:23.009330 localhost.localdomain systemd[1]: Starting Ignition (fetch)...
Apr 17 20:09:23.024252 localhost.localdomain ignition[878]: Ignition 2.21.0
Apr 17 20:09:23.104351 localhost.localdomain systemd[1]: Starting nm-wait-online-initrd.service...
Apr 17 20:09:23.024259 localhost.localdomain ignition[878]: Stage: fetch
Apr 17 20:09:23.150535 localhost.localdomain NetworkManager[836]: <info>  [1776456563.1505] manager: (eth1): new Ethernet device (/org/freedesktop/NetworkManager/Devices/3)
Apr 17 20:09:23.024447 localhost.localdomain ignition[878]: reading system config file "/usr/lib/ignition/base.d/00-core.ign"
Apr 17 20:09:23.024459 localhost.localdomain ignition[878]: parsing config with SHA512: ff6a5153be363997e4d5d3ea8cc4048373a457c48c4a5b134a08a30aacd167c1e0f099f0bdf1e24c99ad180628cd02b767b863b5fe3a8fce3fe1886847eb8e2e
Apr 17 20:09:23.025485 localhost.localdomain ignition[878]: no config dir at "/usr/lib/ignition/base.platform.d/azure"
Apr 17 20:09:23.025542 localhost.localdomain ignition[878]: parsed url from cmdline: ""
Apr 17 20:09:23.025545 localhost.localdomain ignition[878]: no config URL provided
Apr 17 20:09:23.025548 localhost.localdomain ignition[878]: reading system config file "/usr/lib/ignition/user.ign"
Apr 17 20:09:23.025553 localhost.localdomain ignition[878]: no config at "/usr/lib/ignition/user.ign"
Apr 17 20:09:23.025577 localhost.localdomain ignition[878]: GET http://169.254.169.254/metadata/instance/compute/userData?api-version=2021-01-01&format=text: attempt #1
Apr 17 20:09:23.111225 localhost.localdomain ignition[878]: GET result: OK
Apr 17 20:09:23.111240 localhost.localdomain ignition[878]: failed to retrieve userdata from IMDS, falling back to custom data: not a config (empty)
Apr 17 20:09:23.177407 localhost.localdomain systemd-journald[331]: Missed 12 kernel messages
Apr 17 20:09:23.177407 localhost.localdomain kernel: mana 7870:00:00.0 enP30832s1: renamed from eth1
Apr 17 20:09:23.186052 localhost.localdomain systemd[1]: Finished nm-wait-online-initrd.service.
Apr 17 20:09:23.205130 localhost.localdomain ignition[878]: opening config device: "/dev/sr0"
Apr 17 20:09:23.205887 localhost.localdomain ignition[878]: getting drive status for "/dev/sr0"
Apr 17 20:09:23.206170 localhost.localdomain ignition[878]: drive status: OK
Apr 17 20:09:23.209953 localhost.localdomain ignition[878]: mounting config device
Apr 17 20:09:23.210098 localhost.localdomain ignition[878]: op(1): [started]  mounting "/dev/sr0" at "/tmp/ignition-azure1373951863"
Apr 17 20:09:23.225131 localhost.localdomain NetworkManager[836]: <info>  [1776456563.2251] device (eth1): interface index 3 renamed iface from 'eth1' to 'enP30832s1'
Apr 17 20:09:23.250421 localhost.localdomain systemd-journald[331]: Missed 4 kernel messages
Apr 17 20:09:23.250421 localhost.localdomain kernel: mana 7870:00:00.0 enP30832s1: Configured vPort 0 PD 18 DB 16
Apr 17 20:09:23.261445 localhost.localdomain kernel: mana 7870:00:00.0 enP30832s1: Configured steering vPort 0 entries 64
Apr 17 20:09:23.275963 localhost.localdomain NetworkManager[836]: <info>  [1776456563.2759] device (enP30832s1): carrier: link connected
Apr 17 20:09:23.276621 localhost.localdomain kernel: hv_netvsc f8615163-0000-1000-2000-7c1e5244b661 eth0: Data path switched to VF: enP30832s1
Apr 17 20:09:23.279682 localhost.localdomain systemd[1]: Starting dracut initqueue hook...
Apr 17 20:09:23.338425 localhost.localdomain systemd[1]: Reached target RDMA Hardware.
Apr 17 20:09:23.388448 localhost.localdomain systemd-journald[331]: Missed 3 kernel messages
Apr 17 20:09:23.388448 localhost.localdomain kernel: Key type psk registered
Apr 17 20:09:23.410531 localhost.localdomain ignition[878]: op(1): [finished] mounting "/dev/sr0" at "/tmp/ignition-azure1373951863"
Apr 17 20:09:23.410538 localhost.localdomain ignition[878]: checking for config drive
Apr 17 20:09:23.411427 localhost.localdomain kernel: UDF-fs: INFO Mounting volume 'UDF Volume', timestamp 2026/04/18 00:00 (1000)
Apr 17 20:09:23.411495 localhost.localdomain ignition[878]: reading config
Apr 17 20:09:23.411737 localhost.localdomain ignition[878]: op(2): [started]  unmounting "/dev/sr0" at "/tmp/ignition-azure1373951863"
Apr 17 20:09:23.411908 localhost.localdomain systemd[1]: tmp-ignition\x2dazure1373951863.mount: Deactivated successfully.
Apr 17 20:09:23.412989 localhost.localdomain ignition[878]: op(2): [finished] unmounting "/dev/sr0" at "/tmp/ignition-azure1373951863"
Apr 17 20:09:23.413003 localhost.localdomain ignition[878]: config has been read from custom data
Apr 17 20:09:23.413013 localhost.localdomain ignition[878]: parsing config with SHA512: 800a3186214008b89c2f231d2ae4c9a6d60d46df4aa51850a70a9e7615639f9b8d97dde9704a39ec7b0a12289f81b491e045922b9abe176f173deb0eb7f87831
Apr 17 20:09:23.417570 localhost.localdomain ignition[878]: Adding "root-ca" to list of CAs
Apr 17 20:09:23.417597 localhost.localdomain ignition[878]: GET https://api-int.ci-ln-rm0x8pk-1d09d.ci2.azure.devcluster.openshift.com:22623/config/worker: attempt #1
Apr 17 20:09:23.530058 localhost.localdomain systemd[1]: Finished dracut initqueue hook.
Apr 17 20:09:23.537704 localhost.localdomain systemd[1]: Reached target Preparation for Remote File Systems.
Apr 17 20:09:23.546536 localhost.localdomain systemd[1]: Reached target Remote Encrypted Volumes.
Apr 17 20:09:23.551180 localhost.localdomain systemd[1]: Reached target Remote File Systems.
Apr 17 20:09:23.558508 localhost.localdomain systemd[1]: Acquire Live PXE rootfs Image was skipped because of an unmet condition check (ConditionPathExists=/run/ostree-live).
Apr 17 20:09:23.558608 localhost.localdomain systemd[1]: Persist Osmet Files (PXE) was skipped because of an unmet condition check (ConditionPathExists=/run/ostree-live).
Apr 17 20:09:23.580664 localhost.localdomain systemd[1]: Starting dracut pre-mount hook...
Apr 17 20:09:23.590646 localhost.localdomain systemd[1]: Finished dracut pre-mount hook.
Apr 17 20:09:23.653399 localhost.localdomain systemd-journald[331]: Missed 15 kernel messages
Apr 17 20:09:23.653399 localhost.localdomain kernel:  nvme0n1: p1 p2 p3 p4
Apr 17 20:09:23.654114 localhost.localdomain coreos-gpt-setup[835]: The operation has completed successfully.
Apr 17 20:09:23.702602 localhost.localdomain systemd[1]: Finished Generate New UUID For Boot Disk GPT.
Apr 17 20:09:23.726634 localhost.localdomain systemd[1]: Starting Ignition OSTree: Regenerate Filesystem UUID (boot)...
Apr 17 20:09:23.738982 localhost.localdomain ignition-ostree-firstboot-uuid[996]: tune2fs 1.46.5 (30-Dec-2021)
Apr 17 20:09:23.749498 localhost.localdomain ignition-ostree-firstboot-uuid[994]: Regenerated UUID for /dev/disk/by-label/boot
Apr 17 20:09:23.749766 localhost.localdomain systemd[1]: Finished Ignition OSTree: Regenerate Filesystem UUID (boot).
Apr 17 20:09:26.668299 localhost.localdomain ignition[878]: GET result: OK
Apr 17 20:09:26.672739 localhost.localdomain ignition[878]: fetched referenced config at https://api-int.ci-ln-rm0x8pk-1d09d.ci2.azure.devcluster.openshift.com:22623/config/worker with SHA512: 9e988b6b73513aa23e5e7e2a96b593c80a645a8ecacedae7ca737ba039d26c4e7c3000c8830931a860354a459ffa27a27a9d05186aa42b35e47b5d57cd86c94c
Apr 17 20:09:26.690238 localhost.localdomain ignition[878]: Adding "root-ca" to list of CAs
Apr 17 20:09:26.691028 localhost.localdomain ignition[878]: Adding "root-ca" to list of CAs
Apr 17 20:09:26.701630 localhost.localdomain ignition[878]: fetched base config from "system"
Apr 17 20:09:26.701640 localhost.localdomain ignition[878]: fetched base config from "system"
Apr 17 20:09:26.701644 localhost.localdomain ignition[878]: fetched user config from "azure"
Apr 17 20:09:26.703067 localhost.localdomain ignition[878]: fetch: fetch complete
Apr 17 20:09:26.701647 localhost.localdomain ignition[878]: fetched referenced user config from "/config/worker"
Apr 17 20:09:26.703072 localhost.localdomain ignition[878]: fetch: fetch passed
Apr 17 20:09:26.704464 localhost.localdomain systemd[1]: Finished Ignition (fetch).
Apr 17 20:09:26.703122 localhost.localdomain ignition[878]: Ignition finished successfully
Apr 17 20:09:26.742735 localhost.localdomain systemd[1]: Starting Ignition (kargs)...
Apr 17 20:09:26.751145 localhost.localdomain systemd[1]: Starting Ignition OSTree: Detect Partition Transposition...
Apr 17 20:09:26.760381 localhost.localdomain systemd[1]: Starting RHCOS Check For Legacy LUKS Configuration...
Apr 17 20:09:26.771304 localhost.localdomain ignition[999]: Ignition 2.21.0
Apr 17 20:09:26.771315 localhost.localdomain ignition[999]: Stage: kargs
Apr 17 20:09:26.771586 localhost.localdomain ignition[999]: reading system config file "/usr/lib/ignition/base.d/00-core.ign"
Apr 17 20:09:26.771604 localhost.localdomain ignition[999]: parsing config with SHA512: ff6a5153be363997e4d5d3ea8cc4048373a457c48c4a5b134a08a30aacd167c1e0f099f0bdf1e24c99ad180628cd02b767b863b5fe3a8fce3fe1886847eb8e2e
Apr 17 20:09:26.778168 localhost.localdomain ignition[999]: no config dir at "/usr/lib/ignition/base.platform.d/azure"
Apr 17 20:09:26.781041 localhost.localdomain systemd[1]: Finished RHCOS Check For Legacy LUKS Configuration.
Apr 17 20:09:26.788183 localhost.localdomain ignition[999]: Adding "root-ca" to list of CAs
Apr 17 20:09:26.790241 localhost.localdomain ignition[999]: kargs: kargs passed
Apr 17 20:09:26.790291 localhost.localdomain ignition[999]: Ignition finished successfully
Apr 17 20:09:26.806375 localhost.localdomain systemd[1]: Finished Ignition (kargs).
Apr 17 20:09:26.820643 localhost.localdomain systemd[1]: Starting Check for FIPS mode...
Apr 17 20:09:26.825581 localhost.localdomain systemd[1]: Finished Ignition OSTree: Detect Partition Transposition.
Apr 17 20:09:26.831417 localhost.localdomain systemd[1]: Ignition OSTree: Save Partitions was skipped because of an unmet condition check (ConditionPathIsDirectory=/run/ignition-ostree-transposefs).
Apr 17 20:09:26.875806 localhost.localdomain rhcos-fips[1019]: Found /etc/ignition-machine-config-encapsulated.json in Ignition config
Apr 17 20:09:26.878552 localhost.localdomain rhcos-fips[1019]: FIPS mode not requested
Apr 17 20:09:26.882728 localhost.localdomain systemd[1]: Finished Check for FIPS mode.
Apr 17 20:09:26.893580 localhost.localdomain systemd[1]: CoreOS Kernel Arguments Reboot was skipped because of an unmet condition check (ConditionPathExists=/run/coreos-kargs-reboot).
Apr 17 20:09:26.904712 localhost.localdomain systemd[1]: Starting Ignition (disks)...
Apr 17 20:09:26.917908 localhost.localdomain ignition[1041]: Ignition 2.21.0
Apr 17 20:09:26.917917 localhost.localdomain ignition[1041]: Stage: disks
Apr 17 20:09:26.918055 localhost.localdomain ignition[1041]: reading system config file "/usr/lib/ignition/base.d/00-core.ign"
Apr 17 20:09:26.918067 localhost.localdomain ignition[1041]: parsing config with SHA512: ff6a5153be363997e4d5d3ea8cc4048373a457c48c4a5b134a08a30aacd167c1e0f099f0bdf1e24c99ad180628cd02b767b863b5fe3a8fce3fe1886847eb8e2e
Apr 17 20:09:26.919812 localhost.localdomain ignition[1041]: no config dir at "/usr/lib/ignition/base.platform.d/azure"
Apr 17 20:09:26.935905 localhost.localdomain ignition[1041]: Adding "root-ca" to list of CAs
Apr 17 20:09:26.939478 localhost.localdomain ignition[1041]: disks: disks passed
Apr 17 20:09:26.939535 localhost.localdomain ignition[1041]: Ignition finished successfully
Apr 17 20:09:26.940838 localhost.localdomain systemd[1]: Finished Ignition (disks).
Apr 17 20:09:26.953659 localhost.localdomain systemd[1]: Reached target Initrd Root Device.
Apr 17 20:09:26.968603 localhost.localdomain systemd[1]: Starting CoreOS Ignition Ensure Unique Boot Filesystem...
Apr 17 20:09:26.978403 localhost.localdomain systemd-journald[331]: Missed 48 kernel messages
Apr 17 20:09:26.978403 localhost.localdomain kernel:  nvme0n1: p1 p2 p3 p4
Apr 17 20:09:27.231410 localhost.localdomain systemd[1]: Finished CoreOS Ignition Ensure Unique Boot Filesystem.
Apr 17 20:09:27.248719 localhost.localdomain systemd[1]: Starting Ignition OSTree: Regenerate Filesystem UUID (root)...
Apr 17 20:09:27.259070 localhost.localdomain systemd[1]: Starting Afterburn (Check In - from the initramfs)...
Apr 17 20:09:27.271913 localhost.localdomain afterburn[1094]: Apr 17 20:09:27.271 INFO Fetching http://168.63.129.16/?comp=versions: Attempt #1
Apr 17 20:09:27.273860 localhost.localdomain afterburn[1094]: Apr 17 20:09:27.273 INFO Fetch successful
Apr 17 20:09:27.273860 localhost.localdomain afterburn[1094]: Apr 17 20:09:27.273 INFO Fetching http://168.63.129.16/machine/?comp=goalstate: Attempt #1
Apr 17 20:09:27.309904 localhost.localdomain afterburn[1094]: Apr 17 20:09:27.309 INFO Fetch successful
Apr 17 20:09:27.317014 localhost.localdomain afterburn[1094]: Apr 17 20:09:27.316 INFO Posting http://168.63.129.16/machine/?comp=health: Attempt #1
Apr 17 20:09:27.371716 localhost.localdomain systemd[1]: Finished Afterburn (Check In - from the initramfs).
Apr 17 20:09:27.809488 localhost.localdomain ignition-ostree-firstboot-uuid[1103]: Clearing log and setting UUID
Apr 17 20:09:27.809488 localhost.localdomain ignition-ostree-firstboot-uuid[1103]: writing all SBs
Apr 17 20:09:27.809488 localhost.localdomain ignition-ostree-firstboot-uuid[1103]: new UUID = 19183475-235d-4790-839a-eba0c8fb505a
Apr 17 20:09:27.825152 localhost.localdomain ignition-ostree-firstboot-uuid[1092]: Regenerated UUID for /dev/disk/by-label/root
Apr 17 20:09:27.825289 localhost.localdomain systemd[1]: Finished Ignition OSTree: Regenerate Filesystem UUID (root).
Apr 17 20:09:27.843695 localhost.localdomain systemd[1]: Starting Ignition OSTree: Grow Root Filesystem...
Apr 17 20:09:28.314404 localhost.localdomain systemd-journald[331]: Missed 15 kernel messages
Apr 17 20:09:28.314404 localhost.localdomain kernel: SGI XFS with ACLs, security attributes, scrub, quota, no debug enabled
Apr 17 20:09:28.320435 localhost.localdomain kernel: XFS (nvme0n1p4): Mounting V5 Filesystem 19183475-235d-4790-839a-eba0c8fb505a
Apr 17 20:09:28.380409 localhost.localdomain kernel: XFS (nvme0n1p4): Ending clean mount
Apr 17 20:09:28.697893 localhost.localdomain ignition-ostree-growfs[1133]: CHANGED: partition=4 start=1050624 old: size=5550080 end=6600703 new: size=267384799 end=268435422
Apr 17 20:09:29.034981 localhost.localdomain ignition-ostree-growfs[1233]: Disk /dev/nvme0n1: 128 GiB, 137438953472 bytes, 268435456 sectors
Apr 17 20:09:29.034981 localhost.localdomain ignition-ostree-growfs[1233]: Disk model: MSFT NVMe Accelerator v1.0
Apr 17 20:09:29.034981 localhost.localdomain ignition-ostree-growfs[1233]: Units: sectors of 1 * 512 = 512 bytes
Apr 17 20:09:29.034981 localhost.localdomain ignition-ostree-growfs[1233]: Sector size (logical/physical): 512 bytes / 4096 bytes
Apr 17 20:09:29.034981 localhost.localdomain ignition-ostree-growfs[1233]: I/O size (minimum/optimal): 4096 bytes / 33554432 bytes
Apr 17 20:09:29.034981 localhost.localdomain ignition-ostree-growfs[1233]: Disklabel type: gpt
Apr 17 20:09:29.034981 localhost.localdomain ignition-ostree-growfs[1233]: Disk identifier: 17A58DCA-B1B4-4230-862F-EAB732DB97AA
Apr 17 20:09:29.034981 localhost.localdomain ignition-ostree-growfs[1233]: Old situation:
Apr 17 20:09:29.034981 localhost.localdomain ignition-ostree-growfs[1233]: Device           Start       End   Sectors   Size Type
Apr 17 20:09:29.034981 localhost.localdomain ignition-ostree-growfs[1233]: /dev/nvme0n1p1    2048      4095      2048     1M BIOS boot
Apr 17 20:09:29.034981 localhost.localdomain ignition-ostree-growfs[1233]: /dev/nvme0n1p2    4096    264191    260096   127M EFI System
Apr 17 20:09:29.034981 localhost.localdomain ignition-ostree-growfs[1233]: /dev/nvme0n1p3  264192   1050623    786432   384M Linux filesystem
Apr 17 20:09:29.034981 localhost.localdomain ignition-ostree-growfs[1233]: /dev/nvme0n1p4 1050624 268435422 267384799 127.5G Linux filesystem
Apr 17 20:09:29.034981 localhost.localdomain ignition-ostree-growfs[1233]: /dev/nvme0n1p4:
Apr 17 20:09:29.034981 localhost.localdomain ignition-ostree-growfs[1233]: New situation:
Apr 17 20:09:29.034981 localhost.localdomain ignition-ostree-growfs[1233]: Disklabel type: gpt
Apr 17 20:09:29.034981 localhost.localdomain ignition-ostree-growfs[1233]: Disk identifier: 17A58DCA-B1B4-4230-862F-EAB732DB97AA
Apr 17 20:09:29.034981 localhost.localdomain ignition-ostree-growfs[1233]: Device           Start       End   Sectors   Size Type
Apr 17 20:09:29.034981 localhost.localdomain ignition-ostree-growfs[1233]: /dev/nvme0n1p1    2048      4095      2048     1M BIOS boot
Apr 17 20:09:29.034981 localhost.localdomain ignition-ostree-growfs[1233]: /dev/nvme0n1p2    4096    264191    260096   127M EFI System
Apr 17 20:09:29.034981 localhost.localdomain ignition-ostree-growfs[1233]: /dev/nvme0n1p3  264192   1050623    786432   384M Linux filesystem
Apr 17 20:09:29.034981 localhost.localdomain ignition-ostree-growfs[1233]: /dev/nvme0n1p4 1050624 268435415 267384792 127.5G Linux filesystem
Apr 17 20:09:29.034981 localhost.localdomain ignition-ostree-growfs[1233]: The partition table has been altered.
Apr 17 20:09:29.034981 localhost.localdomain ignition-ostree-growfs[1233]: Calling ioctl() to re-read partition table.
Apr 17 20:09:29.034981 localhost.localdomain ignition-ostree-growfs[1233]: Re-reading the partition table failed.: Device or resource busy
Apr 17 20:09:29.061321 localhost.localdomain ignition-ostree-growfs[1233]: The kernel still uses the old table. The new table will be used at the next reboot or after you run partprobe(8) or partx(8).
Apr 17 20:09:29.061321 localhost.localdomain ignition-ostree-growfs[1233]: Syncing disks.
Apr 17 20:09:29.240989 localhost.localdomain ignition-ostree-growfs[1240]: meta-data=/dev/nvme0n1p4         isize=512    agcount=4, agsize=173440 blks
Apr 17 20:09:29.240989 localhost.localdomain ignition-ostree-growfs[1240]:          =                       sectsz=512   attr=2, projid32bit=1
Apr 17 20:09:29.240989 localhost.localdomain ignition-ostree-growfs[1240]:          =                       crc=1        finobt=1, sparse=1, rmapbt=0
Apr 17 20:09:29.240989 localhost.localdomain ignition-ostree-growfs[1240]:          =                       reflink=1    bigtime=1 inobtcount=1 nrext64=0
Apr 17 20:09:29.240989 localhost.localdomain ignition-ostree-growfs[1240]: data     =                       bsize=4096   blocks=693760, imaxpct=25
Apr 17 20:09:29.240989 localhost.localdomain ignition-ostree-growfs[1240]:          =                       sunit=0      swidth=0 blks
Apr 17 20:09:29.240989 localhost.localdomain ignition-ostree-growfs[1240]: naming   =version 2              bsize=4096   ascii-ci=0, ftype=1
Apr 17 20:09:29.240989 localhost.localdomain ignition-ostree-growfs[1240]: log      =internal log           bsize=4096   blocks=16384, version=2
Apr 17 20:09:29.240989 localhost.localdomain ignition-ostree-growfs[1240]:          =                       sectsz=512   sunit=0 blks, lazy-count=1
Apr 17 20:09:29.240989 localhost.localdomain ignition-ostree-growfs[1240]: realtime =none                   extsz=4096   blocks=0, rtextents=0
Apr 17 20:09:29.240989 localhost.localdomain ignition-ostree-growfs[1240]: data blocks changed from 693760 to 33423099
Apr 17 20:09:29.249412 localhost.localdomain systemd-journald[331]: Missed 39 kernel messages
Apr 17 20:09:29.249412 localhost.localdomain kernel: XFS (nvme0n1p4): Unmounting Filesystem 19183475-235d-4790-839a-eba0c8fb505a
Apr 17 20:09:29.298723 localhost.localdomain systemd[1]: Finished Ignition OSTree: Grow Root Filesystem.
Apr 17 20:09:29.335746 localhost.localdomain systemd[1]: Starting Ignition OSTree: Autosave XFS Rootfs Partition...
Apr 17 20:09:29.369683 localhost.localdomain ignition-ostree-transposefs[1276]: autosave-xfs: /dev/disk/by-label/root agcount=193 is lower than threshold=400
Apr 17 20:09:29.370188 localhost.localdomain systemd[1]: Finished Ignition OSTree: Autosave XFS Rootfs Partition.
Apr 17 20:09:29.387847 localhost.localdomain systemd[1]: Ignition OSTree: Restore Partitions was skipped because of an unmet condition check (ConditionPathIsDirectory=/run/ignition-ostree-transposefs).
Apr 17 20:09:29.403663 localhost.localdomain systemd[1]: Starting Determine root FS mount option flags...
Apr 17 20:09:29.416022 localhost.localdomain systemd[1]: Finished Determine root FS mount option flags.
Apr 17 20:09:29.426097 localhost.localdomain systemd[1]: Mounting /sysroot...
Apr 17 20:09:29.433446 localhost.localdomain systemd-journald[331]: Missed 8 kernel messages
Apr 17 20:09:29.433446 localhost.localdomain kernel: XFS (nvme0n1p4): Mounting V5 Filesystem 19183475-235d-4790-839a-eba0c8fb505a
Apr 17 20:09:29.479434 localhost.localdomain kernel: XFS (nvme0n1p4): Ending clean mount
Apr 17 20:09:29.481529 localhost.localdomain kernel: XFS (nvme0n1p4): Quotacheck needed: Please wait.
Apr 17 20:09:29.523462 localhost.localdomain kernel: XFS (nvme0n1p4): Quotacheck: Done.
Apr 17 20:09:29.545425 localhost.localdomain systemd[1]: Mounted /sysroot.
Apr 17 20:09:29.551595 localhost.localdomain systemd[1]: Remount /sysroot read-write for Ignition was skipped because of an unmet condition check (ConditionPathIsReadWrite=!/sysroot).
Apr 17 20:09:29.564660 localhost.localdomain systemd[1]: Starting OSTree Prepare OS/...
Apr 17 20:09:29.569560 localhost.localdomain ostree-prepare-root[1389]: Resolved OSTree target to: /sysroot/ostree/deploy/rhcos/deploy/74119738e06ca1bd5981a843bff697b4dcecfe64adc64d2e6a06e1c05e1baeb3.0
Apr 17 20:09:29.570692 localhost.localdomain ostree-prepare-root[1389]: sysroot.readonly configuration value: 1 (fs writable: 1)
Apr 17 20:09:29.590401 localhost.localdomain systemd-journald[331]: Missed 5 kernel messages
Apr 17 20:09:29.590401 localhost.localdomain kernel: loop: module loaded
Apr 17 20:09:29.595397 localhost.localdomain kernel: loop0: detected capacity change from 0 to 11696
Apr 17 20:09:29.597460 localhost.localdomain kernel: erofs: (device loop0): mounted with root inode @ nid 36.
Apr 17 20:09:29.613507 localhost.localdomain kernel: overlayfs: using the lowest 1 of 2 lowerdirs as data layers
Apr 17 20:09:29.613116 localhost.localdomain systemd[1]: run-ostree-.private-cfsroot\x2dlower.mount: Deactivated successfully.
Apr 17 20:09:29.614711 localhost.localdomain ostree-prepare-root[1389]: composefs: mounted successfully (verity=false)
Apr 17 20:09:29.618286 localhost.localdomain systemd[1]: sysroot-ostree-deploy-rhcos-var.mount: Deactivated successfully.
Apr 17 20:09:29.618414 localhost.localdomain systemd[1]: sysroot.tmp-etc.mount: Deactivated successfully.
Apr 17 20:09:29.618458 localhost.localdomain systemd[1]: sysroot.tmp.mount: Deactivated successfully.
Apr 17 20:09:29.619209 localhost.localdomain systemd[1]: Finished OSTree Prepare OS/.
Apr 17 20:09:29.643879 localhost.localdomain systemd[1]: Reached target Initrd Root File System.
Apr 17 20:09:29.657669 localhost.localdomain systemd[1]: Starting Afterburn Hostname...
Apr 17 20:09:29.662680 localhost.localdomain systemd[1]: Starting Ignition OSTree: Check Root Filesystem Size...
Apr 17 20:09:29.669345 localhost.localdomain systemd[1]: Starting Mount OSTree /var...
Apr 17 20:09:29.673851 localhost.localdomain ignition-ostree-mount-var[1433]: Mounting /sysroot/sysroot/ostree/deploy/rhcos/var
Apr 17 20:09:29.680552 localhost.localdomain systemd[1]: Finished Ignition OSTree: Check Root Filesystem Size.
Apr 17 20:09:29.686575 localhost.localdomain systemd[1]: Finished Mount OSTree /var.
Apr 17 20:09:29.691502 localhost.localdomain afterburn[1422]: Apr 17 20:09:29.691 INFO Fetching http://168.63.129.16/?comp=versions: Attempt #1
Apr 17 20:09:29.693323 localhost.localdomain afterburn[1422]: Apr 17 20:09:29.693 INFO Fetch successful
Apr 17 20:09:29.693323 localhost.localdomain afterburn[1422]: Apr 17 20:09:29.693 INFO Fetching http://169.254.169.254/metadata/instance/compute/name?api-version=2017-08-01&format=text: Attempt #1
Apr 17 20:09:29.704482 localhost.localdomain afterburn[1422]: Apr 17 20:09:29.704 INFO Fetch successful
Apr 17 20:09:29.705520 localhost.localdomain afterburn[1422]: Apr 17 20:09:29.705 INFO wrote hostname ci-ln-rm0x8pk-1d09d-vkpbd-worker-eastus21-v6-8hct8 to /sysroot/etc/hostname
Apr 17 20:09:29.727661 localhost.localdomain systemd[1]: Starting Ignition (mount)...
Apr 17 20:09:29.738801 localhost.localdomain systemd[1]: Finished Afterburn Hostname.
Apr 17 20:09:29.740269 localhost.localdomain ignition[1442]: Ignition 2.21.0
Apr 17 20:09:29.740273 localhost.localdomain ignition[1442]: Stage: mount
Apr 17 20:09:29.740457 localhost.localdomain ignition[1442]: reading system config file "/usr/lib/ignition/base.d/00-core.ign"
Apr 17 20:09:29.740470 localhost.localdomain ignition[1442]: parsing config with SHA512: ff6a5153be363997e4d5d3ea8cc4048373a457c48c4a5b134a08a30aacd167c1e0f099f0bdf1e24c99ad180628cd02b767b863b5fe3a8fce3fe1886847eb8e2e
Apr 17 20:09:29.743684 localhost.localdomain ignition[1442]: no config dir at "/usr/lib/ignition/base.platform.d/azure"
Apr 17 20:09:29.751631 localhost.localdomain ignition[1442]: Adding "root-ca" to list of CAs
Apr 17 20:09:29.752520 localhost.localdomain ignition[1442]: mount: mount passed
Apr 17 20:09:29.753396 localhost.localdomain systemd[1]: Finished Ignition (mount).
Apr 17 20:09:29.752568 localhost.localdomain ignition[1442]: Ignition finished successfully
Apr 17 20:09:29.782689 localhost.localdomain systemd[1]: Clear SSSD NSS Cache in Persistent /var was skipped because of an unmet condition check (ConditionPathExists=/sysroot/var/lib/sss/mc).
Apr 17 20:09:29.795687 localhost.localdomain systemd[1]: Starting Populate OSTree /var...
Apr 17 20:09:29.804545 localhost.localdomain ignition-ostree-populate-var[1455]: Relabeled /sysroot//var/log from <no context> to system_u:object_r:var_log_t:s0
Apr 17 20:09:29.836111 localhost.localdomain ignition-ostree-populate-var[1458]: Relabeled /sysroot//var/home from <no context> to system_u:object_r:home_root_t:s0
Apr 17 20:09:29.856306 localhost.localdomain ignition-ostree-populate-var[1461]: Relabeled /sysroot//var/roothome from <no context> to system_u:object_r:admin_home_t:s0
Apr 17 20:09:29.856306 localhost.localdomain ignition-ostree-populate-var[1461]: Relabeled /sysroot//var/roothome/.ssh from <no context> to system_u:object_r:ssh_home_t:s0
Apr 17 20:09:29.856306 localhost.localdomain ignition-ostree-populate-var[1461]: Relabeled /sysroot//var/roothome/.bashrc from <no context> to system_u:object_r:admin_home_t:s0
Apr 17 20:09:29.856306 localhost.localdomain ignition-ostree-populate-var[1461]: Relabeled /sysroot//var/roothome/.bash_profile from <no context> to system_u:object_r:admin_home_t:s0
Apr 17 20:09:29.856306 localhost.localdomain ignition-ostree-populate-var[1461]: Relabeled /sysroot//var/roothome/.bash_logout from <no context> to system_u:object_r:admin_home_t:s0
Apr 17 20:09:29.886475 localhost.localdomain ignition-ostree-populate-var[1464]: Relabeled /sysroot//var/opt from <no context> to system_u:object_r:var_t:s0
Apr 17 20:09:29.900474 localhost.localdomain ignition-ostree-populate-var[1467]: Relabeled /sysroot//var/srv from <no context> to system_u:object_r:var_t:s0
Apr 17 20:09:29.913597 localhost.localdomain ignition-ostree-populate-var[1470]: Relabeled /sysroot//var/usrlocal from <no context> to system_u:object_r:usr_t:s0
Apr 17 20:09:29.926127 localhost.localdomain ignition-ostree-populate-var[1473]: Relabeled /sysroot//var/mnt from <no context> to system_u:object_r:mnt_t:s0
Apr 17 20:09:29.937569 localhost.localdomain systemd[1]: Finished Populate OSTree /var.
Apr 17 20:09:29.957653 localhost.localdomain systemd[1]: Starting Ignition OSTree Mount State Overlays...
Apr 17 20:09:29.963298 localhost.localdomain systemd[1]: Finished Ignition OSTree Mount State Overlays.
Apr 17 20:09:29.972186 localhost.localdomain systemd[1]: Starting Ignition (files)...
Apr 17 20:09:29.984189 localhost.localdomain ignition[1479]: Ignition 2.21.0
Apr 17 20:09:29.984198 localhost.localdomain ignition[1479]: Stage: files
Apr 17 20:09:29.984365 localhost.localdomain ignition[1479]: reading system config file "/usr/lib/ignition/base.d/00-core.ign"
Apr 17 20:09:29.984380 localhost.localdomain ignition[1479]: parsing config with SHA512: ff6a5153be363997e4d5d3ea8cc4048373a457c48c4a5b134a08a30aacd167c1e0f099f0bdf1e24c99ad180628cd02b767b863b5fe3a8fce3fe1886847eb8e2e
Apr 17 20:09:29.985859 localhost.localdomain ignition[1479]: no config dir at "/usr/lib/ignition/base.platform.d/azure"
Apr 17 20:09:29.997088 localhost.localdomain ignition[1479]: Adding "root-ca" to list of CAs
Apr 17 20:09:30.019544 localhost.localdomain ignition[1479]: files: ensureUsers: op(1): [started]  creating or modifying user "core"
Apr 17 20:09:30.019556 localhost.localdomain ignition[1479]: files: ensureUsers: op(1): executing: "useradd" "--root" "/sysroot" "--create-home" "--password" "*" "--comment" "CoreOS Admin" "--groups" "adm,sudo,systemd-journal,wheel" "core"
Apr 17 20:09:30.071027 localhost.localdomain ignition[1479]: files: ensureUsers: op(1): [finished] creating or modifying user "core"
Apr 17 20:09:30.071182 localhost.localdomain ignition[1479]: files: ensureUsers: op(2): [started]  adding ssh keys to user "core"
Apr 17 20:09:30.072988 localhost.localdomain ignition[1479]: wrote ssh authorized keys file for user: core
Apr 17 20:09:30.073073 localhost.localdomain ignition[1479]: files: ensureUsers: op(2): [finished] adding ssh keys to user "core"
Apr 17 20:09:30.076335 localhost.localdomain ignition[1479]: files: createFilesystemsFiles: createFiles: op(3): [started]  writing file "/sysroot/etc/node-sizing-enabled.env"
Apr 17 20:09:30.076734 localhost.localdomain ignition[1479]: files: createFilesystemsFiles: createFiles: op(3): [finished] writing file "/sysroot/etc/node-sizing-enabled.env"
Apr 17 20:09:30.076797 localhost.localdomain ignition[1479]: files: createFilesystemsFiles: createFiles: op(4): [started]  writing file "/sysroot/etc/ignition-machine-config-encapsulated.json"
Apr 17 20:09:30.077170 localhost.localdomain ignition[1479]: files: createFilesystemsFiles: createFiles: op(4): [finished] writing file "/sysroot/etc/ignition-machine-config-encapsulated.json"
Apr 17 20:09:30.077670 localhost.localdomain ignition[1479]: files: createFilesystemsFiles: createFiles: op(5): [started]  writing file "/sysroot/etc/mcs-machine-config-content.json"
Apr 17 20:09:30.086090 localhost.localdomain ignition[1479]: files: createFilesystemsFiles: createFiles: op(5): [finished] writing file "/sysroot/etc/mcs-machine-config-content.json"
Apr 17 20:09:30.086187 localhost.localdomain ignition[1479]: files: createFilesystemsFiles: createFiles: op(6): [started]  writing file "/sysroot/etc/mco/proxy.env"
Apr 17 20:09:30.088010 localhost.localdomain ignition[1479]: files: createFilesystemsFiles: createFiles: op(6): [finished] writing file "/sysroot/etc/mco/proxy.env"
